these are the arguments: 
 - Path to the DEM indexes folder Data/NYS_DEM_Indexes 
 - Path to a file vector study area Data/NY_HUCS/NY_Cluster_Zones_250_CROP_NAomit_6347.gpkg 
 - Cluster number (integer 1-75): 53 
 - Path to DEM folder: Data/DEMs/ 
 - Path to Save folder: Data/TerrainProcessed/HUC_DEMs/ 
terra 1.9.27
WARNING: different compile-time and run-time versions of GEOS
Compiled with:3.11.0-CAPI-1.17.0
 Running with:3.13.1-CAPI-1.19.2

You should reinstall package 'terra'

Linking to GEOS 3.13.1, GDAL 3.5.1, PROJ 8.2.0; sf_use_s2() is TRUE
WARNING: different compile-time and runtime versions for GEOS found:
Linked against: 3.13.1-CAPI-1.19.2 compiled against: 3.11.0-CAPI-1.17.0
It is probably a good idea to reinstall sf (and maybe lwgeom too)

Attaching package: ‘dplyr’

The following objects are masked from ‘package:terra’:

    intersect, union

The following objects are masked from ‘package:stats’:

    filter, lag

The following objects are masked from ‘package:base’:

    intersect, setdiff, setequal, union


Attaching package: ‘tidyr’

The following object is masked from ‘package:terra’:

    extract

[1] "The number of DEM indices: 85680"
[1] "this is the total list of DEM raster files: 85048"
Linking to GEOS 3.13.1, GDAL 3.5.1, PROJ 8.2.0; sf_use_s2() is TRUE
WARNING: different compile-time and runtime versions for GEOS found:
Linked against: 3.13.1-CAPI-1.19.2 compiled against: 3.11.0-CAPI-1.17.0
It is probably a good idea to reinstall sf (and maybe lwgeom too)
DEM already exists at Data/TerrainProcessed/HUC_DEMs//cluster_53_huc_020501020303.tif
DEM already exists at Data/TerrainProcessed/HUC_DEMs//cluster_53_huc_020501020508.tif
DEM already exists at Data/TerrainProcessed/HUC_DEMs//cluster_53_huc_020501020507.tif
Linking to GEOS 3.13.1, GDAL 3.5.1, PROJ 8.2.0; sf_use_s2() is TRUE
WARNING: different compile-time and runtime versions for GEOS found:
Linked against: 3.13.1-CAPI-1.19.2 compiled against: 3.11.0-CAPI-1.17.0
It is probably a good idea to reinstall sf (and maybe lwgeom too)
DEM already exists at Data/TerrainProcessed/HUC_DEMs//cluster_53_huc_020501020509.tif
DEM already exists at Data/TerrainProcessed/HUC_DEMs//cluster_53_huc_020501020301.tif
DEM already exists at Data/TerrainProcessed/HUC_DEMs//cluster_53_huc_020501020604.tif
[[1]]
           used  (Mb) gc trigger  (Mb) max used  (Mb)
Ncells  3525271 188.3    6234070 333.0  6234070 333.0
Vcells 10096204  77.1   17520790 133.7 13573900 103.6

[[2]]
           used  (Mb) gc trigger  (Mb) max used  (Mb)
Ncells  3525933 188.4    6234070 333.0  6234070 333.0
Vcells 10098031  77.1   17520790 133.7 13573900 103.6

[[3]]
           used  (Mb) gc trigger  (Mb) max used  (Mb)
Ncells  3525938 188.4    6234070 333.0  6234070 333.0
Vcells 10097958  77.1   17520790 133.7 13573900 103.6

[[4]]
           used  (Mb) gc trigger  (Mb) max used  (Mb)
Ncells  3525219 188.3    6234072 333.0  6234072 333.0
Vcells 10095772  77.1   17520794 133.7 13574362 103.6

[[5]]
           used  (Mb) gc trigger  (Mb) max used  (Mb)
Ncells  3525982 188.4    6234072 333.0  6234072 333.0
Vcells 10098421  77.1   17520794 133.7 13574362 103.6

[[6]]
           used  (Mb) gc trigger  (Mb) max used  (Mb)
Ncells  3525951 188.4    6234072 333.0  6234072 333.0
Vcells 10098077  77.1   17520794 133.7 13574362 103.6

