these are the arguments: 
 - Path to the DEM indexes folder Data/NYS_DEM_Indexes 
 - Path to a file vector study area Data/NY_HUCS/NY_Cluster_Zones_250_CROP_NAomit_6347.gpkg 
 - Cluster number (integer 1-75): 105 
 - Path to DEM folder: Data/DEMs/ 
 - Path to Save folder: Data/TerrainProcessed/HUC_DEMs/ 
terra 1.9.27
WARNING: different compile-time and run-time versions of GEOS
Compiled with:3.11.0-CAPI-1.17.0
 Running with:3.13.1-CAPI-1.19.2

You should reinstall package 'terra'

Linking to GEOS 3.13.1, GDAL 3.5.1, PROJ 8.2.0; sf_use_s2() is TRUE
WARNING: different compile-time and runtime versions for GEOS found:
Linked against: 3.13.1-CAPI-1.19.2 compiled against: 3.11.0-CAPI-1.17.0
It is probably a good idea to reinstall sf (and maybe lwgeom too)

Attaching package: ‘dplyr’

The following objects are masked from ‘package:terra’:

    intersect, union

The following objects are masked from ‘package:stats’:

    filter, lag

The following objects are masked from ‘package:base’:

    intersect, setdiff, setequal, union


Attaching package: ‘tidyr’

The following object is masked from ‘package:terra’:

    extract

[1] "The number of DEM indices: 85680"
[1] "this is the total list of DEM raster files: 85048"
Linking to GEOS 3.13.1, GDAL 3.5.1, PROJ 8.2.0; sf_use_s2() is TRUE
WARNING: different compile-time and runtime versions for GEOS found:
Linked against: 3.13.1-CAPI-1.19.2 compiled against: 3.11.0-CAPI-1.17.0
It is probably a good idea to reinstall sf (and maybe lwgeom too)
DEM already exists at Data/TerrainProcessed/HUC_DEMs//cluster_105_huc_020501020506.tif
DEM already exists at Data/TerrainProcessed/HUC_DEMs//cluster_105_huc_020501020503.tif
DEM already exists at Data/TerrainProcessed/HUC_DEMs//cluster_105_huc_020501020505.tif
DEM already exists at Data/TerrainProcessed/HUC_DEMs//cluster_105_huc_020501020502.tif
Linking to GEOS 3.13.1, GDAL 3.5.1, PROJ 8.2.0; sf_use_s2() is TRUE
WARNING: different compile-time and runtime versions for GEOS found:
Linked against: 3.13.1-CAPI-1.19.2 compiled against: 3.11.0-CAPI-1.17.0
It is probably a good idea to reinstall sf (and maybe lwgeom too)
DEM already exists at Data/TerrainProcessed/HUC_DEMs//cluster_105_huc_020501020601.tif
DEM already exists at Data/TerrainProcessed/HUC_DEMs//cluster_105_huc_020501020602.tif
DEM already exists at Data/TerrainProcessed/HUC_DEMs//cluster_105_huc_020501020501.tif
[[1]]
           used  (Mb) gc trigger  (Mb) max used  (Mb)
Ncells  3525278 188.3    6234070 333.0  6234070 333.0
Vcells 10098028  77.1   17524072 133.7 13576138 103.6

[[2]]
           used  (Mb) gc trigger  (Mb) max used  (Mb)
Ncells  3525940 188.4    6234070 333.0  6234070 333.0
Vcells 10099867  77.1   17524072 133.7 13576138 103.6

[[3]]
           used  (Mb) gc trigger  (Mb) max used  (Mb)
Ncells  3525979 188.4    6234070 333.0  6234070 333.0
Vcells 10100116  77.1   17524072 133.7 13576138 103.6

[[4]]
           used  (Mb) gc trigger  (Mb) max used  (Mb)
Ncells  3525983 188.4    6234070 333.0  6234070 333.0
Vcells 10100033  77.1   17524072 133.7 13576138 103.6

[[5]]
           used  (Mb) gc trigger  (Mb) max used  (Mb)
Ncells  3525222 188.3    6234072 333.0  6234072 333.0
Vcells 10097631  77.1   17524088 133.7 13575172 103.6

[[6]]
           used  (Mb) gc trigger  (Mb) max used  (Mb)
Ncells  3525959 188.4    6234072 333.0  6234072 333.0
Vcells 10100053  77.1   17524088 133.7 13575172 103.6

[[7]]
           used  (Mb) gc trigger  (Mb) max used  (Mb)
Ncells  3525978 188.4    6234072 333.0  6234072 333.0
Vcells 10100143  77.1   17524088 133.7 13575172 103.6

