these are the arguments: 
 - Path to the DEM indexes folder Data/NYS_DEM_Indexes 
 - Path to a file vector study area Data/NY_HUCS/NY_Cluster_Zones_250_CROP_NAomit_6347.gpkg 
 - Cluster number (integer 1-75): 12 
 - Path to DEM folder: Data/DEMs/ 
 - Path to Save folder: Data/TerrainProcessed/HUC_DEMs/ 
terra 1.9.27
WARNING: different compile-time and run-time versions of GEOS
Compiled with:3.11.0-CAPI-1.17.0
 Running with:3.13.1-CAPI-1.19.2

You should reinstall package 'terra'

Linking to GEOS 3.13.1, GDAL 3.5.1, PROJ 8.2.0; sf_use_s2() is TRUE
WARNING: different compile-time and runtime versions for GEOS found:
Linked against: 3.13.1-CAPI-1.19.2 compiled against: 3.11.0-CAPI-1.17.0
It is probably a good idea to reinstall sf (and maybe lwgeom too)

Attaching package: ‘dplyr’

The following objects are masked from ‘package:terra’:

    intersect, union

The following objects are masked from ‘package:stats’:

    filter, lag

The following objects are masked from ‘package:base’:

    intersect, setdiff, setequal, union


Attaching package: ‘tidyr’

The following object is masked from ‘package:terra’:

    extract

[1] "The number of DEM indices: 85680"
[1] "this is the total list of DEM raster files: 85048"
Linking to GEOS 3.13.1, GDAL 3.5.1, PROJ 8.2.0; sf_use_s2() is TRUE
WARNING: different compile-time and runtime versions for GEOS found:
Linked against: 3.13.1-CAPI-1.19.2 compiled against: 3.11.0-CAPI-1.17.0
It is probably a good idea to reinstall sf (and maybe lwgeom too)
DEM already exists at Data/TerrainProcessed/HUC_DEMs//cluster_12_huc_043001040302.tif
DEM already exists at Data/TerrainProcessed/HUC_DEMs//cluster_12_huc_043001081302.tif
DEM already exists at Data/TerrainProcessed/HUC_DEMs//cluster_12_huc_043001081602.tif
DEM already exists at Data/TerrainProcessed/HUC_DEMs//cluster_12_huc_043001060504.tif
DEM already exists at Data/TerrainProcessed/HUC_DEMs//cluster_12_huc_043001081401.tif
DEM already exists at Data/TerrainProcessed/HUC_DEMs//cluster_12_huc_043001081402.tif
Linking to GEOS 3.13.1, GDAL 3.5.1, PROJ 8.2.0; sf_use_s2() is TRUE
WARNING: different compile-time and runtime versions for GEOS found:
Linked against: 3.13.1-CAPI-1.19.2 compiled against: 3.11.0-CAPI-1.17.0
It is probably a good idea to reinstall sf (and maybe lwgeom too)
DEM already exists at Data/TerrainProcessed/HUC_DEMs//cluster_12_huc_043001060503.tif
DEM already exists at Data/TerrainProcessed/HUC_DEMs//cluster_12_huc_043001081602.tif
DEM already exists at Data/TerrainProcessed/HUC_DEMs//cluster_12_huc_043001081402.tif
DEM already exists at Data/TerrainProcessed/HUC_DEMs//cluster_12_huc_043001081402.tif
DEM already exists at Data/TerrainProcessed/HUC_DEMs//cluster_12_huc_043001081402.tif
[[1]]
           used  (Mb) gc trigger  (Mb) max used  (Mb)
Ncells  3525403 188.3    6230238 332.8  6230238 332.8
Vcells 10113978  77.2   17543656 133.9 13594571 103.8

[[2]]
           used  (Mb) gc trigger  (Mb) max used  (Mb)
Ncells  3526093 188.4    6230238 332.8  6230238 332.8
Vcells 10116084  77.2   17543656 133.9 13594571 103.8

[[3]]
           used  (Mb) gc trigger  (Mb) max used  (Mb)
Ncells  3526160 188.4    6230238 332.8  6230238 332.8
Vcells 10116448  77.2   17543656 133.9 13594571 103.8

[[4]]
           used  (Mb) gc trigger  (Mb) max used  (Mb)
Ncells  3526125 188.4    6230238 332.8  6230238 332.8
Vcells 10116142  77.2   17543656 133.9 13594571 103.8

[[5]]
           used  (Mb) gc trigger  (Mb) max used  (Mb)
Ncells  3526162 188.4    6230238 332.8  6230238 332.8
Vcells 10116315  77.2   17543656 133.9 13594571 103.8

[[6]]
           used  (Mb) gc trigger  (Mb) max used  (Mb)
Ncells  3526168 188.4    6230238 332.8  6230238 332.8
Vcells 10116293  77.2   17543656 133.9 13594571 103.8

[[7]]
           used  (Mb) gc trigger  (Mb) max used  (Mb)
Ncells  3525334 188.3    6230238 332.8  6230238 332.8
Vcells 10113585  77.2   17543672 133.9 13592851 103.8

[[8]]
           used  (Mb) gc trigger  (Mb) max used  (Mb)
Ncells  3526134 188.4    6230238 332.8  6230238 332.8
Vcells 10116378  77.2   17543672 133.9 13592851 103.8

[[9]]
           used  (Mb) gc trigger  (Mb) max used  (Mb)
Ncells  3526102 188.4    6230238 332.8  6230238 332.8
Vcells 10116105  77.2   17543672 133.9 13592851 103.8

[[10]]
           used  (Mb) gc trigger  (Mb) max used  (Mb)
Ncells  3526121 188.4    6230238 332.8  6230238 332.8
Vcells 10116144  77.2   17543672 133.9 13592851 103.8

[[11]]
           used  (Mb) gc trigger  (Mb) max used  (Mb)
Ncells  3526140 188.4    6230238 332.8  6230238 332.8
Vcells 10116191  77.2   17543672 133.9 13592851 103.8

