these are the arguments: 
 - Path to the DEM indexes folder Data/NYS_DEM_Indexes 
 - Path to a file vector study area Data/NY_HUCS/NY_Cluster_Zones_250_CROP_NAomit_6347.gpkg 
 - Cluster number (integer 1-75): 102 
 - Path to DEM folder: Data/DEMs/ 
 - Path to Save folder: Data/TerrainProcessed/HUC_DEMs/ 
terra 1.9.27
Linking to GEOS 3.11.0, GDAL 3.5.2, PROJ 8.2.0; sf_use_s2() is TRUE

Attaching package: ‘dplyr’

The following objects are masked from ‘package:terra’:

    intersect, union

The following objects are masked from ‘package:stats’:

    filter, lag

The following objects are masked from ‘package:base’:

    intersect, setdiff, setequal, union


Attaching package: ‘tidyr’

The following object is masked from ‘package:terra’:

    extract

[1] "The number of DEM indices: 85680"
[1] "this is the total list of DEM raster files: 85048"
Linking to GEOS 3.11.0, GDAL 3.5.2, PROJ 8.2.0; sf_use_s2() is TRUE
DEM already exists at Data/TerrainProcessed/HUC_DEMs//cluster_102_huc_020200040306.tif
DEM already exists at Data/TerrainProcessed/HUC_DEMs//cluster_102_huc_020200040305.tif
DEM already exists at Data/TerrainProcessed/HUC_DEMs//cluster_102_huc_020200040105.tif
DEM already exists at Data/TerrainProcessed/HUC_DEMs//cluster_102_huc_020200040303.tif
Linking to GEOS 3.11.0, GDAL 3.5.2, PROJ 8.2.0; sf_use_s2() is TRUE
DEM already exists at Data/TerrainProcessed/HUC_DEMs//cluster_102_huc_020200040103.tif
DEM already exists at Data/TerrainProcessed/HUC_DEMs//cluster_102_huc_020200040506.tif
DEM already exists at Data/TerrainProcessed/HUC_DEMs//cluster_102_huc_020200040104.tif
Create raster for Data/TerrainProcessed/HUC_DEMs//cluster_102_huc_020200040301.tif
|---------|---------|---------|---------|=========================================                                          [[1]]
           used  (Mb) gc trigger  (Mb) max used  (Mb)
Ncells  3528219 188.5    6216245 332.0  6216245 332.0
Vcells 10133623  77.4   17543663 133.9 13665455 104.3

[[2]]
           used  (Mb) gc trigger  (Mb) max used  (Mb)
Ncells  3528705 188.5    6216245 332.0  6216245 332.0
Vcells 10135298  77.4   17543663 133.9 13665455 104.3

[[3]]
           used  (Mb) gc trigger  (Mb) max used  (Mb)
Ncells  3528756 188.5    6216245 332.0  6216245 332.0
Vcells 10135579  77.4   17543663 133.9 13665455 104.3

[[4]]
           used  (Mb) gc trigger  (Mb) max used  (Mb)
Ncells  3528749 188.5    6216245 332.0  6216245 332.0
Vcells 10135438  77.4   17543663 133.9 13665455 104.3

[[5]]
           used  (Mb) gc trigger  (Mb) max used  (Mb)
Ncells  3528234 188.5    6216248 332.0  6216248 332.0
Vcells 10133696  77.4   17543664 133.9 13667142 104.3

[[6]]
           used  (Mb) gc trigger  (Mb) max used  (Mb)
Ncells  3528773 188.5    6216248 332.0  6216248 332.0
Vcells 10135749  77.4   17543664 133.9 13667142 104.3

[[7]]
           used  (Mb) gc trigger  (Mb) max used  (Mb)
Ncells  3528738 188.5    6216248 332.0  6216248 332.0
Vcells 10135438  77.4   17543664 133.9 13667142 104.3

[[8]]
           used  (Mb) gc trigger  (Mb) max used  (Mb)
Ncells  3548258 189.5    6216248 332.0  6216248 332.0
Vcells 10158335  77.6   17543664 133.9 13667142 104.3

Warning message:
[mosaic] 3 raster(s) that did not share the base geometry of the first raster were resampled 
