these are the arguments: 
 - Path to the DEM indexes folder Data/NYS_DEM_Indexes 
 - Path to a file vector study area Data/NY_HUCS/NY_Cluster_Zones_250_CROP_NAomit_6347.gpkg 
 - Cluster number (integer 1-75): 90 
 - Path to DEM folder: Data/DEMs/ 
 - Path to Save folder: Data/TerrainProcessed/HUC_DEMs/ 
terra 1.9.27
WARNING: different compile-time and run-time versions of GEOS
Compiled with:3.11.0-CAPI-1.17.0
 Running with:3.13.1-CAPI-1.19.2

You should reinstall package 'terra'

Linking to GEOS 3.13.1, GDAL 3.5.1, PROJ 8.2.0; sf_use_s2() is TRUE
WARNING: different compile-time and runtime versions for GEOS found:
Linked against: 3.13.1-CAPI-1.19.2 compiled against: 3.11.0-CAPI-1.17.0
It is probably a good idea to reinstall sf (and maybe lwgeom too)

Attaching package: ‘dplyr’

The following objects are masked from ‘package:terra’:

    intersect, union

The following objects are masked from ‘package:stats’:

    filter, lag

The following objects are masked from ‘package:base’:

    intersect, setdiff, setequal, union


Attaching package: ‘tidyr’

The following object is masked from ‘package:terra’:

    extract

[1] "The number of DEM indices: 85680"
[1] "this is the total list of DEM raster files: 85048"
Linking to GEOS 3.13.1, GDAL 3.5.1, PROJ 8.2.0; sf_use_s2() is TRUE
WARNING: different compile-time and runtime versions for GEOS found:
Linked against: 3.13.1-CAPI-1.19.2 compiled against: 3.11.0-CAPI-1.17.0
It is probably a good idea to reinstall sf (and maybe lwgeom too)
DEM already exists at Data/TerrainProcessed/HUC_DEMs//cluster_90_huc_041402011007.tif
DEM already exists at Data/TerrainProcessed/HUC_DEMs//cluster_90_huc_041402011105.tif
DEM already exists at Data/TerrainProcessed/HUC_DEMs//cluster_90_huc_041402010801.tif
DEM already exists at Data/TerrainProcessed/HUC_DEMs//cluster_90_huc_041402010804.tif
Linking to GEOS 3.13.1, GDAL 3.5.1, PROJ 8.2.0; sf_use_s2() is TRUE
WARNING: different compile-time and runtime versions for GEOS found:
Linked against: 3.13.1-CAPI-1.19.2 compiled against: 3.11.0-CAPI-1.17.0
It is probably a good idea to reinstall sf (and maybe lwgeom too)
DEM already exists at Data/TerrainProcessed/HUC_DEMs//cluster_90_huc_041402010803.tif
DEM already exists at Data/TerrainProcessed/HUC_DEMs//cluster_90_huc_041402011104.tif
DEM already exists at Data/TerrainProcessed/HUC_DEMs//cluster_90_huc_041402011106.tif
DEM already exists at Data/TerrainProcessed/HUC_DEMs//cluster_90_huc_041402011107.tif
[[1]]
           used  (Mb) gc trigger  (Mb) max used  (Mb)
Ncells  3525263 188.3    6234048 333.0  6234048 333.0
Vcells 10106678  77.2   17539505 133.9 13584356 103.7

[[2]]
           used  (Mb) gc trigger  (Mb) max used  (Mb)
Ncells  3525986 188.4    6234048 333.0  6234048 333.0
Vcells 10108999  77.2   17539505 133.9 13584356 103.7

[[3]]
           used  (Mb) gc trigger  (Mb) max used  (Mb)
Ncells  3526003 188.4    6234048 333.0  6234048 333.0
Vcells 10109034  77.2   17539505 133.9 13584356 103.7

[[4]]
           used  (Mb) gc trigger  (Mb) max used  (Mb)
Ncells  3526017 188.4    6234048 333.0  6234048 333.0
Vcells 10109050  77.2   17539505 133.9 13584356 103.7

[[5]]
           used  (Mb) gc trigger  (Mb) max used  (Mb)
Ncells  3525295 188.3    6234051 333.0  6234051 333.0
Vcells 10106855  77.2   17539508 133.9 13585061 103.7

[[6]]
           used  (Mb) gc trigger  (Mb) max used  (Mb)
Ncells  3526003 188.4    6234051 333.0  6234051 333.0
Vcells 10109078  77.2   17539508 133.9 13585061 103.7

[[7]]
           used  (Mb) gc trigger  (Mb) max used  (Mb)
Ncells  3526021 188.4    6234051 333.0  6234051 333.0
Vcells 10109120  77.2   17539508 133.9 13585061 103.7

[[8]]
           used  (Mb) gc trigger  (Mb) max used  (Mb)
Ncells  3526062 188.4    6234051 333.0  6234051 333.0
Vcells 10109375  77.2   17539508 133.9 13585061 103.7

