these are the arguments: 
 - Path to the DEM indexes folder Data/NYS_DEM_Indexes 
 - Path to a file vector study area Data/NY_HUCS/NY_Cluster_Zones_250_CROP_NAomit_6347.gpkg 
 - Cluster number (integer 1-75): 56 
 - Path to DEM folder: Data/DEMs/ 
 - Path to Save folder: Data/TerrainProcessed/HUC_DEMs/ 
terra 1.9.27
WARNING: different compile-time and run-time versions of GEOS
Compiled with:3.11.0-CAPI-1.17.0
 Running with:3.13.1-CAPI-1.19.2

You should reinstall package 'terra'

Linking to GEOS 3.13.1, GDAL 3.5.1, PROJ 8.2.0; sf_use_s2() is TRUE
WARNING: different compile-time and runtime versions for GEOS found:
Linked against: 3.13.1-CAPI-1.19.2 compiled against: 3.11.0-CAPI-1.17.0
It is probably a good idea to reinstall sf (and maybe lwgeom too)

Attaching package: ‘dplyr’

The following objects are masked from ‘package:terra’:

    intersect, union

The following objects are masked from ‘package:stats’:

    filter, lag

The following objects are masked from ‘package:base’:

    intersect, setdiff, setequal, union


Attaching package: ‘tidyr’

The following object is masked from ‘package:terra’:

    extract

[1] "The number of DEM indices: 85680"
[1] "this is the total list of DEM raster files: 85048"
Linking to GEOS 3.13.1, GDAL 3.5.1, PROJ 8.2.0; sf_use_s2() is TRUE
WARNING: different compile-time and runtime versions for GEOS found:
Linked against: 3.13.1-CAPI-1.19.2 compiled against: 3.11.0-CAPI-1.17.0
It is probably a good idea to reinstall sf (and maybe lwgeom too)
DEM already exists at Data/TerrainProcessed/HUC_DEMs//cluster_56_huc_020301010401.tif
DEM already exists at Data/TerrainProcessed/HUC_DEMs//cluster_56_huc_020301010402.tif
Linking to GEOS 3.13.1, GDAL 3.5.1, PROJ 8.2.0; sf_use_s2() is TRUE
WARNING: different compile-time and runtime versions for GEOS found:
Linked against: 3.13.1-CAPI-1.19.2 compiled against: 3.11.0-CAPI-1.17.0
It is probably a good idea to reinstall sf (and maybe lwgeom too)
DEM already exists at Data/TerrainProcessed/HUC_DEMs//cluster_56_huc_020301010403.tif
DEM already exists at Data/TerrainProcessed/HUC_DEMs//cluster_56_huc_020301020101.tif
DEM already exists at Data/TerrainProcessed/HUC_DEMs//cluster_56_huc_020301010306.tif
[[1]]
           used  (Mb) gc trigger  (Mb) max used  (Mb)
Ncells  3525184 188.3    6234190 333.0  6234190 333.0
Vcells 10094213  77.1   17518680 133.7 13572813 103.6

[[2]]
           used  (Mb) gc trigger  (Mb) max used  (Mb)
Ncells  3525880 188.4    6234190 333.0  6234190 333.0
Vcells 10096322  77.1   17518680 133.7 13572813 103.6

[[3]]
           used  (Mb) gc trigger  (Mb) max used  (Mb)
Ncells  3525202 188.3    6234192 333.0  6234192 333.0
Vcells 10094253  77.1   17518677 133.7 13574416 103.6

[[4]]
           used  (Mb) gc trigger  (Mb) max used  (Mb)
Ncells  3525884 188.4    6234192 333.0  6234192 333.0
Vcells 10096339  77.1   17518677 133.7 13574416 103.6

[[5]]
           used  (Mb) gc trigger  (Mb) max used  (Mb)
Ncells  3525910 188.4    6234192 333.0  6234192 333.0
Vcells 10096432  77.1   17518677 133.7 13574416 103.6

