these are the arguments: 
 - Path to the DEM indexes folder Data/NYS_DEM_Indexes 
 - Path to a file vector study area Data/NY_HUCS/NY_Cluster_Zones_250_CROP_NAomit_6347.gpkg 
 - Cluster number (integer 1-75): 136 
 - Path to DEM folder: Data/DEMs/ 
 - Path to Save folder: Data/TerrainProcessed/HUC_DEMs/ 
terra 1.9.27
WARNING: different compile-time and run-time versions of GEOS
Compiled with:3.11.0-CAPI-1.17.0
 Running with:3.13.1-CAPI-1.19.2

You should reinstall package 'terra'

Linking to GEOS 3.13.1, GDAL 3.5.1, PROJ 8.2.0; sf_use_s2() is TRUE
WARNING: different compile-time and runtime versions for GEOS found:
Linked against: 3.13.1-CAPI-1.19.2 compiled against: 3.11.0-CAPI-1.17.0
It is probably a good idea to reinstall sf (and maybe lwgeom too)

Attaching package: ‘dplyr’

The following objects are masked from ‘package:terra’:

    intersect, union

The following objects are masked from ‘package:stats’:

    filter, lag

The following objects are masked from ‘package:base’:

    intersect, setdiff, setequal, union


Attaching package: ‘tidyr’

The following object is masked from ‘package:terra’:

    extract

[1] "The number of DEM indices: 85680"
[1] "this is the total list of DEM raster files: 85048"
Linking to GEOS 3.13.1, GDAL 3.5.1, PROJ 8.2.0; sf_use_s2() is TRUE
WARNING: different compile-time and runtime versions for GEOS found:
Linked against: 3.13.1-CAPI-1.19.2 compiled against: 3.11.0-CAPI-1.17.0
It is probably a good idea to reinstall sf (and maybe lwgeom too)
DEM already exists at Data/TerrainProcessed/HUC_DEMs//cluster_136_huc_020200060402.tif
DEM already exists at Data/TerrainProcessed/HUC_DEMs//cluster_136_huc_020200041110.tif
DEM already exists at Data/TerrainProcessed/HUC_DEMs//cluster_136_huc_020200041109.tif
DEM already exists at Data/TerrainProcessed/HUC_DEMs//cluster_136_huc_020200060206.tif
Linking to GEOS 3.13.1, GDAL 3.5.1, PROJ 8.2.0; sf_use_s2() is TRUE
WARNING: different compile-time and runtime versions for GEOS found:
Linked against: 3.13.1-CAPI-1.19.2 compiled against: 3.11.0-CAPI-1.17.0
It is probably a good idea to reinstall sf (and maybe lwgeom too)
DEM already exists at Data/TerrainProcessed/HUC_DEMs//cluster_136_huc_020200060205.tif
DEM already exists at Data/TerrainProcessed/HUC_DEMs//cluster_136_huc_020200060401.tif
DEM already exists at Data/TerrainProcessed/HUC_DEMs//cluster_136_huc_020200060302.tif
[[1]]
           used  (Mb) gc trigger  (Mb) max used  (Mb)
Ncells  3525293 188.3    6221770 332.3  6221770 332.3
Vcells 10123463  77.3   17543655 133.9 13587952 103.7

[[2]]
           used  (Mb) gc trigger  (Mb) max used  (Mb)
Ncells  3526010 188.4    6221770 332.3  6221770 332.3
Vcells 10125734  77.3   17543655 133.9 13587952 103.7

[[3]]
           used  (Mb) gc trigger  (Mb) max used  (Mb)
Ncells  3526022 188.4    6221770 332.3  6221770 332.3
Vcells 10125737  77.3   17543655 133.9 13587952 103.7

[[4]]
           used  (Mb) gc trigger  (Mb) max used  (Mb)
Ncells  3526031 188.4    6221770 332.3  6221770 332.3
Vcells 10125725  77.3   17543655 133.9 13587952 103.7

[[5]]
           used  (Mb) gc trigger  (Mb) max used  (Mb)
Ncells  3525226 188.3    6221764 332.3  6221764 332.3
Vcells 10123073  77.3   17543667 133.9 13587577 103.7

[[6]]
           used  (Mb) gc trigger  (Mb) max used  (Mb)
Ncells  3525963 188.4    6221764 332.3  6221764 332.3
Vcells 10125490  77.3   17543667 133.9 13587577 103.7

[[7]]
           used  (Mb) gc trigger  (Mb) max used  (Mb)
Ncells  3526049 188.4    6221764 332.3  6221764 332.3
Vcells 10125991  77.3   17543667 133.9 13587577 103.7

