srun: Job 785040 step creation temporarily disabled, retrying (Requested nodes are busy)
srun: Step created for job 785040
these are the arguments: 
 - Path to the DEM indexes folder Data/NYS_DEM_Indexes 
 - Path to a file vector study area Data/NY_HUCS/NY_Cluster_Zones_250_CROP_NAomit_6347.gpkg 
 - Cluster number (integer 1-75): 12 
 - Path to DEM folder: Data/DEMs/ 
 - Path to Save folder: Data/TerrainProcessed/HUC_DEMs/ 
terra 1.9.27
WARNING: different compile-time and run-time versions of GEOS
Compiled with:3.11.0-CAPI-1.17.0
 Running with:3.13.1-CAPI-1.19.2

You should reinstall package 'terra'

Linking to GEOS 3.13.1, GDAL 3.5.1, PROJ 8.2.0; sf_use_s2() is TRUE
WARNING: different compile-time and runtime versions for GEOS found:
Linked against: 3.13.1-CAPI-1.19.2 compiled against: 3.11.0-CAPI-1.17.0
It is probably a good idea to reinstall sf (and maybe lwgeom too)

Attaching package: ‘dplyr’

The following objects are masked from ‘package:terra’:

    intersect, union

The following objects are masked from ‘package:stats’:

    filter, lag

The following objects are masked from ‘package:base’:

    intersect, setdiff, setequal, union


Attaching package: ‘tidyr’

The following object is masked from ‘package:terra’:

    extract

[1] "The number of DEM indices: 85680"
[1] "this is the total list of DEM raster files: 85048"
Linking to GEOS 3.13.1, GDAL 3.5.1, PROJ 8.2.0; sf_use_s2() is TRUE
WARNING: different compile-time and runtime versions for GEOS found:
Linked against: 3.13.1-CAPI-1.19.2 compiled against: 3.11.0-CAPI-1.17.0
It is probably a good idea to reinstall sf (and maybe lwgeom too)
DEM already exists at Data/TerrainProcessed/HUC_DEMs//cluster_12_huc_043001040302.tif
DEM already exists at Data/TerrainProcessed/HUC_DEMs//cluster_12_huc_043001081302.tif
DEM already exists at Data/TerrainProcessed/HUC_DEMs//cluster_12_huc_043001081602.tif
DEM already exists at Data/TerrainProcessed/HUC_DEMs//cluster_12_huc_043001060504.tif
DEM already exists at Data/TerrainProcessed/HUC_DEMs//cluster_12_huc_043001081401.tif
DEM already exists at Data/TerrainProcessed/HUC_DEMs//cluster_12_huc_043001081402.tif
Linking to GEOS 3.13.1, GDAL 3.5.1, PROJ 8.2.0; sf_use_s2() is TRUE
WARNING: different compile-time and runtime versions for GEOS found:
Linked against: 3.13.1-CAPI-1.19.2 compiled against: 3.11.0-CAPI-1.17.0
It is probably a good idea to reinstall sf (and maybe lwgeom too)
DEM already exists at Data/TerrainProcessed/HUC_DEMs//cluster_12_huc_043001060503.tif
DEM already exists at Data/TerrainProcessed/HUC_DEMs//cluster_12_huc_043001081602.tif
DEM already exists at Data/TerrainProcessed/HUC_DEMs//cluster_12_huc_043001081402.tif
DEM already exists at Data/TerrainProcessed/HUC_DEMs//cluster_12_huc_043001081402.tif
DEM already exists at Data/TerrainProcessed/HUC_DEMs//cluster_12_huc_043001081402.tif
[[1]]
           used  (Mb) gc trigger  (Mb) max used  (Mb)
Ncells  3525405 188.3    6230238 332.8  6230238 332.8
Vcells 10114000  77.2   17543656 133.9 13594704 103.8

[[2]]
           used  (Mb) gc trigger  (Mb) max used  (Mb)
Ncells  3526095 188.4    6230238 332.8  6230238 332.8
Vcells 10116106  77.2   17543656 133.9 13594704 103.8

[[3]]
           used  (Mb) gc trigger  (Mb) max used  (Mb)
Ncells  3526162 188.4    6230238 332.8  6230238 332.8
Vcells 10116470  77.2   17543656 133.9 13594704 103.8

[[4]]
           used  (Mb) gc trigger  (Mb) max used  (Mb)
Ncells  3526127 188.4    6230238 332.8  6230238 332.8
Vcells 10116164  77.2   17543656 133.9 13594704 103.8

[[5]]
           used  (Mb) gc trigger  (Mb) max used  (Mb)
Ncells  3526164 188.4    6230238 332.8  6230238 332.8
Vcells 10116337  77.2   17543656 133.9 13594704 103.8

[[6]]
           used  (Mb) gc trigger  (Mb) max used  (Mb)
Ncells  3526170 188.4    6230238 332.8  6230238 332.8
Vcells 10116315  77.2   17543656 133.9 13594704 103.8

[[7]]
           used  (Mb) gc trigger  (Mb) max used  (Mb)
Ncells  3525336 188.3    6230238 332.8  6230238 332.8
Vcells 10113607  77.2   17543672 133.9 13592903 103.8

[[8]]
           used  (Mb) gc trigger  (Mb) max used  (Mb)
Ncells  3526136 188.4    6230238 332.8  6230238 332.8
Vcells 10116400  77.2   17543672 133.9 13592903 103.8

[[9]]
           used  (Mb) gc trigger  (Mb) max used  (Mb)
Ncells  3526104 188.4    6230238 332.8  6230238 332.8
Vcells 10116127  77.2   17543672 133.9 13592903 103.8

[[10]]
           used  (Mb) gc trigger  (Mb) max used  (Mb)
Ncells  3526123 188.4    6230238 332.8  6230238 332.8
Vcells 10116166  77.2   17543672 133.9 13592903 103.8

[[11]]
           used  (Mb) gc trigger  (Mb) max used  (Mb)
Ncells  3526142 188.4    6230238 332.8  6230238 332.8
Vcells 10116213  77.2   17543672 133.9 13592903 103.8

