srun: Job 785040 step creation temporarily disabled, retrying (Requested nodes are busy)
srun: Step created for job 785040
these are the arguments: 
 - Path to the DEM indexes folder Data/NYS_DEM_Indexes 
 - Path to a file vector study area Data/NY_HUCS/NY_Cluster_Zones_250_CROP_NAomit_6347.gpkg 
 - Cluster number (integer 1-75): 84 
 - Path to DEM folder: Data/DEMs/ 
 - Path to Save folder: Data/TerrainProcessed/HUC_DEMs/ 
terra 1.9.27
WARNING: different compile-time and run-time versions of GEOS
Compiled with:3.11.0-CAPI-1.17.0
 Running with:3.13.1-CAPI-1.19.2

You should reinstall package 'terra'

Linking to GEOS 3.13.1, GDAL 3.5.1, PROJ 8.2.0; sf_use_s2() is TRUE
WARNING: different compile-time and runtime versions for GEOS found:
Linked against: 3.13.1-CAPI-1.19.2 compiled against: 3.11.0-CAPI-1.17.0
It is probably a good idea to reinstall sf (and maybe lwgeom too)

Attaching package: ‘dplyr’

The following objects are masked from ‘package:terra’:

    intersect, union

The following objects are masked from ‘package:stats’:

    filter, lag

The following objects are masked from ‘package:base’:

    intersect, setdiff, setequal, union


Attaching package: ‘tidyr’

The following object is masked from ‘package:terra’:

    extract

[1] "The number of DEM indices: 85680"
[1] "this is the total list of DEM raster files: 85048"
Linking to GEOS 3.13.1, GDAL 3.5.1, PROJ 8.2.0; sf_use_s2() is TRUE
WARNING: different compile-time and runtime versions for GEOS found:
Linked against: 3.13.1-CAPI-1.19.2 compiled against: 3.11.0-CAPI-1.17.0
It is probably a good idea to reinstall sf (and maybe lwgeom too)
DEM already exists at Data/TerrainProcessed/HUC_DEMs//cluster_84_huc_041402010602.tif
DEM already exists at Data/TerrainProcessed/HUC_DEMs//cluster_84_huc_041402010603.tif
DEM already exists at Data/TerrainProcessed/HUC_DEMs//cluster_84_huc_041402010601.tif
DEM already exists at Data/TerrainProcessed/HUC_DEMs//cluster_84_huc_020501050305.tif
DEM already exists at Data/TerrainProcessed/HUC_DEMs//cluster_84_huc_020501050403.tif
Linking to GEOS 3.13.1, GDAL 3.5.1, PROJ 8.2.0; sf_use_s2() is TRUE
WARNING: different compile-time and runtime versions for GEOS found:
Linked against: 3.13.1-CAPI-1.19.2 compiled against: 3.11.0-CAPI-1.17.0
It is probably a good idea to reinstall sf (and maybe lwgeom too)
DEM already exists at Data/TerrainProcessed/HUC_DEMs//cluster_84_huc_020501050402.tif
DEM already exists at Data/TerrainProcessed/HUC_DEMs//cluster_84_huc_020501050306.tif
DEM already exists at Data/TerrainProcessed/HUC_DEMs//cluster_84_huc_020501050401.tif
DEM already exists at Data/TerrainProcessed/HUC_DEMs//cluster_84_huc_020501050308.tif
DEM already exists at Data/TerrainProcessed/HUC_DEMs//cluster_84_huc_020501050404.tif
[[1]]
           used  (Mb) gc trigger  (Mb) max used  (Mb)
Ncells  3525361 188.3    6232425 332.9  6232425 332.9
Vcells 10111274  77.2   17543660 133.9 13588042 103.7

[[2]]
           used  (Mb) gc trigger  (Mb) max used  (Mb)
Ncells  3526088 188.4    6232425 332.9  6232425 332.9
Vcells 10113621  77.2   17543660 133.9 13588042 103.7

[[3]]
           used  (Mb) gc trigger  (Mb) max used  (Mb)
Ncells  3526088 188.4    6232425 332.9  6232425 332.9
Vcells 10113546  77.2   17543660 133.9 13588042 103.7

[[4]]
           used  (Mb) gc trigger  (Mb) max used  (Mb)
Ncells  3526061 188.4    6232425 332.9  6232425 332.9
Vcells 10113327  77.2   17543660 133.9 13588042 103.7

[[5]]
           used  (Mb) gc trigger  (Mb) max used  (Mb)
Ncells  3526115 188.4    6232425 332.9  6232425 332.9
Vcells 10113579  77.2   17543660 133.9 13588042 103.7

[[6]]
           used  (Mb) gc trigger  (Mb) max used  (Mb)
Ncells  3525307 188.3    6232428 332.9  6232428 332.9
Vcells 10110961  77.2   17543661 133.9 13587314 103.7

[[7]]
           used  (Mb) gc trigger  (Mb) max used  (Mb)
Ncells  3526087 188.4    6232428 332.9  6232428 332.9
Vcells 10113614  77.2   17543661 133.9 13587314 103.7

[[8]]
           used  (Mb) gc trigger  (Mb) max used  (Mb)
Ncells  3526076 188.4    6232428 332.9  6232428 332.9
Vcells 10113468  77.2   17543661 133.9 13587314 103.7

[[9]]
           used  (Mb) gc trigger  (Mb) max used  (Mb)
Ncells  3526050 188.4    6232428 332.9  6232428 332.9
Vcells 10113265  77.2   17543661 133.9 13587314 103.7

[[10]]
           used  (Mb) gc trigger  (Mb) max used  (Mb)
Ncells  3526146 188.4    6232428 332.9  6232428 332.9
Vcells 10113785  77.2   17543661 133.9 13587314 103.7

