these are the arguments: 
 - Path to the DEM indexes folder Data/NYS_DEM_Indexes 
 - Path to a file vector study area Data/NY_HUCS/NY_Cluster_Zones_250_CROP_NAomit_6347.gpkg 
 - Cluster number (integer 1-75): 51 
 - Path to DEM folder: Data/DEMs/ 
 - Path to Save folder: Data/TerrainProcessed/HUC_DEMs/ 
terra 1.9.27
WARNING: different compile-time and run-time versions of GEOS
Compiled with:3.11.0-CAPI-1.17.0
 Running with:3.13.1-CAPI-1.19.2

You should reinstall package 'terra'

Linking to GEOS 3.13.1, GDAL 3.5.1, PROJ 8.2.0; sf_use_s2() is TRUE
WARNING: different compile-time and runtime versions for GEOS found:
Linked against: 3.13.1-CAPI-1.19.2 compiled against: 3.11.0-CAPI-1.17.0
It is probably a good idea to reinstall sf (and maybe lwgeom too)

Attaching package: ‘dplyr’

The following objects are masked from ‘package:terra’:

    intersect, union

The following objects are masked from ‘package:stats’:

    filter, lag

The following objects are masked from ‘package:base’:

    intersect, setdiff, setequal, union


Attaching package: ‘tidyr’

The following object is masked from ‘package:terra’:

    extract

[1] "The number of DEM indices: 85680"
[1] "this is the total list of DEM raster files: 85048"
Linking to GEOS 3.13.1, GDAL 3.5.1, PROJ 8.2.0; sf_use_s2() is TRUE
WARNING: different compile-time and runtime versions for GEOS found:
Linked against: 3.13.1-CAPI-1.19.2 compiled against: 3.11.0-CAPI-1.17.0
It is probably a good idea to reinstall sf (and maybe lwgeom too)
DEM already exists at Data/TerrainProcessed/HUC_DEMs//cluster_51_huc_042900060102.tif
DEM already exists at Data/TerrainProcessed/HUC_DEMs//cluster_51_huc_042900070103.tif
DEM already exists at Data/TerrainProcessed/HUC_DEMs//cluster_51_huc_042900070102.tif
DEM already exists at Data/TerrainProcessed/HUC_DEMs//cluster_51_huc_042900070101.tif
Linking to GEOS 3.13.1, GDAL 3.5.1, PROJ 8.2.0; sf_use_s2() is TRUE
WARNING: different compile-time and runtime versions for GEOS found:
Linked against: 3.13.1-CAPI-1.19.2 compiled against: 3.11.0-CAPI-1.17.0
It is probably a good idea to reinstall sf (and maybe lwgeom too)
DEM already exists at Data/TerrainProcessed/HUC_DEMs//cluster_51_huc_043001060302.tif
DEM already exists at Data/TerrainProcessed/HUC_DEMs//cluster_51_huc_043001060303.tif
DEM already exists at Data/TerrainProcessed/HUC_DEMs//cluster_51_huc_042900060101.tif
DEM already exists at Data/TerrainProcessed/HUC_DEMs//cluster_51_huc_042900060301.tif
DEM already exists at Data/TerrainProcessed/HUC_DEMs//cluster_51_huc_043001060301.tif
[[1]]
           used  (Mb) gc trigger  (Mb) max used  (Mb)
Ncells  3525312 188.3    6212591 331.8  6212591 331.8
Vcells 10134254  77.4   17543657 133.9 13592697 103.8

[[2]]
           used  (Mb) gc trigger  (Mb) max used  (Mb)
Ncells  3526003 188.4    6212591 331.8  6212591 331.8
Vcells 10136154  77.4   17543657 133.9 13592697 103.8

[[3]]
           used  (Mb) gc trigger  (Mb) max used  (Mb)
Ncells  3526097 188.4    6212591 331.8  6212591 331.8
Vcells 10137047  77.4   17543657 133.9 13592697 103.8

[[4]]
           used  (Mb) gc trigger  (Mb) max used  (Mb)
Ncells  3526083 188.4    6212591 331.8  6212591 331.8
Vcells 10136821  77.4   17543657 133.9 13592697 103.8

[[5]]
           used  (Mb) gc trigger  (Mb) max used  (Mb)
Ncells  3525287 188.3    6212574 331.8  6212574 331.8
Vcells 10133760  77.4   17543656 133.9 13591722 103.7

[[6]]
           used  (Mb) gc trigger  (Mb) max used  (Mb)
Ncells  3526080 188.4    6212574 331.8  6212574 331.8
Vcells 10136672  77.4   17543656 133.9 13591722 103.7

[[7]]
           used  (Mb) gc trigger  (Mb) max used  (Mb)
Ncells  3526029 188.4    6212574 331.8  6212574 331.8
Vcells 10136396  77.4   17543656 133.9 13591722 103.7

[[8]]
           used  (Mb) gc trigger  (Mb) max used  (Mb)
Ncells  3526071 188.4    6212574 331.8  6212574 331.8
Vcells 10136535  77.4   17543656 133.9 13591722 103.7

[[9]]
           used  (Mb) gc trigger  (Mb) max used  (Mb)
Ncells  3526118 188.4    6212574 331.8  6212574 331.8
Vcells 10136678  77.4   17543656 133.9 13591722 103.7

