these are the arguments: 
 - Path to the DEM indexes folder Data/NYS_DEM_Indexes 
 - Path to a file vector study area Data/NY_HUCS/NY_Cluster_Zones_250_CROP_NAomit_6347.gpkg 
 - Cluster number (integer 1-75): 120 
 - Path to DEM folder: Data/DEMs/ 
 - Path to Save folder: Data/TerrainProcessed/HUC_DEMs/ 
terra 1.9.27
WARNING: different compile-time and run-time versions of GEOS
Compiled with:3.11.0-CAPI-1.17.0
 Running with:3.13.1-CAPI-1.19.2

You should reinstall package 'terra'

Linking to GEOS 3.13.1, GDAL 3.5.1, PROJ 8.2.0; sf_use_s2() is TRUE
WARNING: different compile-time and runtime versions for GEOS found:
Linked against: 3.13.1-CAPI-1.19.2 compiled against: 3.11.0-CAPI-1.17.0
It is probably a good idea to reinstall sf (and maybe lwgeom too)

Attaching package: ‘dplyr’

The following objects are masked from ‘package:terra’:

    intersect, union

The following objects are masked from ‘package:stats’:

    filter, lag

The following objects are masked from ‘package:base’:

    intersect, setdiff, setequal, union


Attaching package: ‘tidyr’

The following object is masked from ‘package:terra’:

    extract

[1] "The number of DEM indices: 85680"
[1] "this is the total list of DEM raster files: 85048"
Linking to GEOS 3.13.1, GDAL 3.5.1, PROJ 8.2.0; sf_use_s2() is TRUE
WARNING: different compile-time and runtime versions for GEOS found:
Linked against: 3.13.1-CAPI-1.19.2 compiled against: 3.11.0-CAPI-1.17.0
It is probably a good idea to reinstall sf (and maybe lwgeom too)
DEM already exists at Data/TerrainProcessed/HUC_DEMs//cluster_120_huc_020200060407.tif
DEM already exists at Data/TerrainProcessed/HUC_DEMs//cluster_120_huc_020200060609.tif
Linking to GEOS 3.13.1, GDAL 3.5.1, PROJ 8.2.0; sf_use_s2() is TRUE
WARNING: different compile-time and runtime versions for GEOS found:
Linked against: 3.13.1-CAPI-1.19.2 compiled against: 3.11.0-CAPI-1.17.0
It is probably a good idea to reinstall sf (and maybe lwgeom too)
DEM already exists at Data/TerrainProcessed/HUC_DEMs//cluster_120_huc_020200060506.tif
DEM already exists at Data/TerrainProcessed/HUC_DEMs//cluster_120_huc_020200061101.tif
DEM already exists at Data/TerrainProcessed/HUC_DEMs//cluster_120_huc_020200060502.tif
[[1]]
           used  (Mb) gc trigger  (Mb) max used  (Mb)
Ncells  3525240 188.3    6234190 333.0  6234190 333.0
Vcells 10081338  77.0   17495751 133.5 13558439 103.5

[[2]]
           used  (Mb) gc trigger  (Mb) max used  (Mb)
Ncells  3525965 188.4    6234190 333.0  6234190 333.0
Vcells 10083691  77.0   17495751 133.5 13558439 103.5

[[3]]
           used  (Mb) gc trigger  (Mb) max used  (Mb)
Ncells  3525267 188.3    6234192 333.0  6234192 333.0
Vcells 10081543  77.0   17495746 133.5 13559082 103.5

[[4]]
           used  (Mb) gc trigger  (Mb) max used  (Mb)
Ncells  3526000 188.4    6234192 333.0  6234192 333.0
Vcells 10083903  77.0   17495746 133.5 13559082 103.5

[[5]]
           used  (Mb) gc trigger  (Mb) max used  (Mb)
Ncells  3525963 188.4    6234192 333.0  6234192 333.0
Vcells 10083567  77.0   17495746 133.5 13559082 103.5

