these are the arguments: 
 - Path to the DEM indexes folder Data/NYS_DEM_Indexes 
 - Path to a file vector study area Data/NY_HUCS/NY_Cluster_Zones_250_CROP_NAomit_6347.gpkg 
 - Cluster number (integer 1-75): 92 
 - Path to DEM folder: Data/DEMs/ 
 - Path to Save folder: Data/TerrainProcessed/HUC_DEMs/ 
terra 1.9.27
Linking to GEOS 3.11.0, GDAL 3.5.2, PROJ 8.2.0; sf_use_s2() is TRUE

Attaching package: ‘dplyr’

The following objects are masked from ‘package:terra’:

    intersect, union

The following objects are masked from ‘package:stats’:

    filter, lag

The following objects are masked from ‘package:base’:

    intersect, setdiff, setequal, union


Attaching package: ‘tidyr’

The following object is masked from ‘package:terra’:

    extract

[1] "The number of DEM indices: 85680"
[1] "this is the total list of DEM raster files: 85048"
Linking to GEOS 3.11.0, GDAL 3.5.2, PROJ 8.2.0; sf_use_s2() is TRUE
DEM already exists at Data/TerrainProcessed/HUC_DEMs//cluster_92_huc_020200080305.tif
DEM already exists at Data/TerrainProcessed/HUC_DEMs//cluster_92_huc_020200080501.tif
DEM already exists at Data/TerrainProcessed/HUC_DEMs//cluster_92_huc_020200080306.tif
Linking to GEOS 3.11.0, GDAL 3.5.2, PROJ 8.2.0; sf_use_s2() is TRUE
DEM already exists at Data/TerrainProcessed/HUC_DEMs//cluster_92_huc_020200080502.tif
DEM already exists at Data/TerrainProcessed/HUC_DEMs//cluster_92_huc_020200080406.tif
DEM already exists at Data/TerrainProcessed/HUC_DEMs//cluster_92_huc_020200080503.tif
[[1]]
           used  (Mb) gc trigger  (Mb) max used  (Mb)
Ncells  3528182 188.5    6234070 333.0  6234070 333.0
Vcells 10105972  77.2   17531363 133.8 13687567 104.5

[[2]]
           used  (Mb) gc trigger  (Mb) max used  (Mb)
Ncells  3528693 188.5    6234070 333.0  6234070 333.0
Vcells 10107886  77.2   17531363 133.8 13687567 104.5

[[3]]
           used  (Mb) gc trigger  (Mb) max used  (Mb)
Ncells  3528773 188.5    6234070 333.0  6234070 333.0
Vcells 10108405  77.2   17531363 133.8 13687567 104.5

[[4]]
           used  (Mb) gc trigger  (Mb) max used  (Mb)
Ncells  3528286 188.5    6234072 333.0  6234072 333.0
Vcells 10106920  77.2   17531364 133.8 13688953 104.5

[[5]]
           used  (Mb) gc trigger  (Mb) max used  (Mb)
Ncells  3528781 188.5    6234072 333.0  6234072 333.0
Vcells 10108634  77.2   17531364 133.8 13688953 104.5

[[6]]
           used  (Mb) gc trigger  (Mb) max used  (Mb)
Ncells  3528811 188.5    6234072 333.0  6234072 333.0
Vcells 10108736  77.2   17531364 133.8 13688953 104.5

