these are the arguments: 
 - Path to the DEM indexes folder Data/NYS_DEM_Indexes 
 - Path to a file vector study area Data/NY_HUCS/NY_Cluster_Zones_250_CROP_NAomit_6347.gpkg 
 - Cluster number (integer 1-75): 136 
 - Path to DEM folder: Data/DEMs/ 
 - Path to Save folder: Data/TerrainProcessed/HUC_DEMs/ 
terra 1.9.27
Linking to GEOS 3.11.0, GDAL 3.5.2, PROJ 8.2.0; sf_use_s2() is TRUE

Attaching package: ‘dplyr’

The following objects are masked from ‘package:terra’:

    intersect, union

The following objects are masked from ‘package:stats’:

    filter, lag

The following objects are masked from ‘package:base’:

    intersect, setdiff, setequal, union


Attaching package: ‘tidyr’

The following object is masked from ‘package:terra’:

    extract

[1] "The number of DEM indices: 85680"
[1] "this is the total list of DEM raster files: 85048"
Linking to GEOS 3.11.0, GDAL 3.5.2, PROJ 8.2.0; sf_use_s2() is TRUE
DEM already exists at Data/TerrainProcessed/HUC_DEMs//cluster_136_huc_020200060402.tif
DEM already exists at Data/TerrainProcessed/HUC_DEMs//cluster_136_huc_020200041110.tif
DEM already exists at Data/TerrainProcessed/HUC_DEMs//cluster_136_huc_020200041109.tif
DEM already exists at Data/TerrainProcessed/HUC_DEMs//cluster_136_huc_020200060206.tif
Linking to GEOS 3.11.0, GDAL 3.5.2, PROJ 8.2.0; sf_use_s2() is TRUE
DEM already exists at Data/TerrainProcessed/HUC_DEMs//cluster_136_huc_020200060205.tif
DEM already exists at Data/TerrainProcessed/HUC_DEMs//cluster_136_huc_020200060401.tif
DEM already exists at Data/TerrainProcessed/HUC_DEMs//cluster_136_huc_020200060302.tif
[[1]]
           used  (Mb) gc trigger  (Mb) max used  (Mb)
Ncells  3528249 188.5    6221767 332.3  6221767 332.3
Vcells 10127521  77.3   17543657 133.9 13675187 104.4

[[2]]
           used  (Mb) gc trigger  (Mb) max used  (Mb)
Ncells  3528749 188.5    6221767 332.3  6221767 332.3
Vcells 10129277  77.3   17543657 133.9 13675187 104.4

[[3]]
           used  (Mb) gc trigger  (Mb) max used  (Mb)
Ncells  3528761 188.5    6221767 332.3  6221767 332.3
Vcells 10129280  77.3   17543657 133.9 13675187 104.4

[[4]]
           used  (Mb) gc trigger  (Mb) max used  (Mb)
Ncells  3528770 188.5    6221767 332.3  6221767 332.3
Vcells 10129272  77.3   17543657 133.9 13675187 104.4

[[5]]
           used  (Mb) gc trigger  (Mb) max used  (Mb)
Ncells  3528182 188.5    6221767 332.3  6221767 332.3
Vcells 10127131  77.3   17543674 133.9 13674834 104.4

[[6]]
           used  (Mb) gc trigger  (Mb) max used  (Mb)
Ncells  3528702 188.5    6221767 332.3  6221767 332.3
Vcells 10129033  77.3   17543674 133.9 13674834 104.4

[[7]]
           used  (Mb) gc trigger  (Mb) max used  (Mb)
Ncells  3528788 188.5    6221767 332.3  6221767 332.3
Vcells 10129534  77.3   17543674 133.9 13674834 104.4

