these are the arguments: 
 - Path to the DEM indexes folder Data/NYS_DEM_Indexes 
 - Path to a file vector study area Data/NY_HUCS/NY_Cluster_Zones_250_CROP_NAomit_6347.gpkg 
 - Cluster number (integer 1-75): 120 
 - Path to DEM folder: Data/DEMs/ 
 - Path to Save folder: Data/TerrainProcessed/HUC_DEMs/ 
terra 1.9.27
Linking to GEOS 3.11.0, GDAL 3.5.2, PROJ 8.2.0; sf_use_s2() is TRUE

Attaching package: ‘dplyr’

The following objects are masked from ‘package:terra’:

    intersect, union

The following objects are masked from ‘package:stats’:

    filter, lag

The following objects are masked from ‘package:base’:

    intersect, setdiff, setequal, union


Attaching package: ‘tidyr’

The following object is masked from ‘package:terra’:

    extract

[1] "The number of DEM indices: 85680"
[1] "this is the total list of DEM raster files: 85048"
Linking to GEOS 3.11.0, GDAL 3.5.2, PROJ 8.2.0; sf_use_s2() is TRUE
DEM already exists at Data/TerrainProcessed/HUC_DEMs//cluster_120_huc_020200060407.tif
DEM already exists at Data/TerrainProcessed/HUC_DEMs//cluster_120_huc_020200060609.tif
Linking to GEOS 3.11.0, GDAL 3.5.2, PROJ 8.2.0; sf_use_s2() is TRUE
DEM already exists at Data/TerrainProcessed/HUC_DEMs//cluster_120_huc_020200060506.tif
DEM already exists at Data/TerrainProcessed/HUC_DEMs//cluster_120_huc_020200061101.tif
DEM already exists at Data/TerrainProcessed/HUC_DEMs//cluster_120_huc_020200060502.tif
[[1]]
           used  (Mb) gc trigger  (Mb) max used  (Mb)
Ncells  3528195 188.5    6234190 333.0  6234190 333.0
Vcells 10085399  77.0   17495751 133.5 13666570 104.3

[[2]]
           used  (Mb) gc trigger  (Mb) max used  (Mb)
Ncells  3528703 188.5    6234190 333.0  6234190 333.0
Vcells 10087237  77.0   17495751 133.5 13666570 104.3

[[3]]
           used  (Mb) gc trigger  (Mb) max used  (Mb)
Ncells  3528222 188.5    6234192 333.0  6234192 333.0
Vcells 10085604  77.0   17495746 133.5 13667174 104.3

[[4]]
           used  (Mb) gc trigger  (Mb) max used  (Mb)
Ncells  3528738 188.5    6234192 333.0  6234192 333.0
Vcells 10087449  77.0   17495746 133.5 13667174 104.3

[[5]]
           used  (Mb) gc trigger  (Mb) max used  (Mb)
Ncells  3528701 188.5    6234192 333.0  6234192 333.0
Vcells 10087113  77.0   17495746 133.5 13667174 104.3

