srun: Job 784987 step creation temporarily disabled, retrying (Requested nodes are busy)
srun: Step created for job 784987
these are the arguments: 
 - Path to the DEM indexes folder Data/NYS_DEM_Indexes 
 - Path to a file vector study area Data/NY_HUCS/NY_Cluster_Zones_250_CROP_NAomit_6347.gpkg 
 - Cluster number (integer 1-75): 86 
 - Path to DEM folder: Data/DEMs/ 
 - Path to Save folder: Data/TerrainProcessed/HUC_DEMs/ 
terra 1.9.27
Linking to GEOS 3.11.0, GDAL 3.5.2, PROJ 8.2.0; sf_use_s2() is TRUE

Attaching package: ‘dplyr’

The following objects are masked from ‘package:terra’:

    intersect, union

The following objects are masked from ‘package:stats’:

    filter, lag

The following objects are masked from ‘package:base’:

    intersect, setdiff, setequal, union


Attaching package: ‘tidyr’

The following object is masked from ‘package:terra’:

    extract

[1] "The number of DEM indices: 85680"
[1] "this is the total list of DEM raster files: 85048"
Linking to GEOS 3.11.0, GDAL 3.5.2, PROJ 8.2.0; sf_use_s2() is TRUE
DEM already exists at Data/TerrainProcessed/HUC_DEMs//cluster_86_huc_020301010102.tif
DEM already exists at Data/TerrainProcessed/HUC_DEMs//cluster_86_huc_020301010305.tif
DEM already exists at Data/TerrainProcessed/HUC_DEMs//cluster_86_huc_020301010307.tif
Linking to GEOS 3.11.0, GDAL 3.5.2, PROJ 8.2.0; sf_use_s2() is TRUE
DEM already exists at Data/TerrainProcessed/HUC_DEMs//cluster_86_huc_020301010101.tif
DEM already exists at Data/TerrainProcessed/HUC_DEMs//cluster_86_huc_020301010105.tif
DEM already exists at Data/TerrainProcessed/HUC_DEMs//cluster_86_huc_020200080505.tif
[[1]]
           used  (Mb) gc trigger  (Mb) max used  (Mb)
Ncells  3528155 188.5    6234070 333.0  6234070 333.0
Vcells 10108895  77.2   17536770 133.8 13691025 104.5

[[2]]
           used  (Mb) gc trigger  (Mb) max used  (Mb)
Ncells  3528677 188.5    6234070 333.0  6234070 333.0
Vcells 10110804  77.2   17536770 133.8 13691025 104.5

[[3]]
           used  (Mb) gc trigger  (Mb) max used  (Mb)
Ncells  3528736 188.5    6234070 333.0  6234070 333.0
Vcells 10111081  77.2   17536770 133.8 13691025 104.5

[[4]]
           used  (Mb) gc trigger  (Mb) max used  (Mb)
Ncells  3528199 188.5    6234072 333.0  6234072 333.0
Vcells 10109149  77.2   17536772 133.8 13691308 104.5

[[5]]
           used  (Mb) gc trigger  (Mb) max used  (Mb)
Ncells  3528751 188.5    6234072 333.0  6234072 333.0
Vcells 10111368  77.2   17536772 133.8 13691308 104.5

[[6]]
           used  (Mb) gc trigger  (Mb) max used  (Mb)
Ncells  3528764 188.5    6234072 333.0  6234072 333.0
Vcells 10111407  77.2   17536772 133.8 13691308 104.5

