srun: Job 784987 step creation temporarily disabled, retrying (Requested nodes are busy)
srun: Step created for job 784987
these are the arguments: 
 - Path to the DEM indexes folder Data/NYS_DEM_Indexes 
 - Path to a file vector study area Data/NY_HUCS/NY_Cluster_Zones_250_CROP_NAomit_6347.gpkg 
 - Cluster number (integer 1-75): 116 
 - Path to DEM folder: Data/DEMs/ 
 - Path to Save folder: Data/TerrainProcessed/HUC_DEMs/ 
terra 1.9.27
Linking to GEOS 3.11.0, GDAL 3.5.2, PROJ 8.2.0; sf_use_s2() is TRUE

Attaching package: ‘dplyr’

The following objects are masked from ‘package:terra’:

    intersect, union

The following objects are masked from ‘package:stats’:

    filter, lag

The following objects are masked from ‘package:base’:

    intersect, setdiff, setequal, union


Attaching package: ‘tidyr’

The following object is masked from ‘package:terra’:

    extract

[1] "The number of DEM indices: 85680"
[1] "this is the total list of DEM raster files: 85048"
Linking to GEOS 3.11.0, GDAL 3.5.2, PROJ 8.2.0; sf_use_s2() is TRUE
DEM already exists at Data/TerrainProcessed/HUC_DEMs//cluster_116_huc_020200080106.tif
DEM already exists at Data/TerrainProcessed/HUC_DEMs//cluster_116_huc_020200080205.tif
DEM already exists at Data/TerrainProcessed/HUC_DEMs//cluster_116_huc_020200070406.tif
DEM already exists at Data/TerrainProcessed/HUC_DEMs//cluster_116_huc_020200070407.tif
Linking to GEOS 3.11.0, GDAL 3.5.2, PROJ 8.2.0; sf_use_s2() is TRUE
DEM already exists at Data/TerrainProcessed/HUC_DEMs//cluster_116_huc_020200080102.tif
DEM already exists at Data/TerrainProcessed/HUC_DEMs//cluster_116_huc_020200080104.tif
DEM already exists at Data/TerrainProcessed/HUC_DEMs//cluster_116_huc_020200080105.tif
[[1]]
           used  (Mb) gc trigger  (Mb) max used  (Mb)
Ncells  3528300 188.5    6210975 331.8  6210975 331.8
Vcells 10140560  77.4   17543672 133.9 13656545 104.2

[[2]]
           used  (Mb) gc trigger  (Mb) max used  (Mb)
Ncells  3528805 188.5    6210975 331.8  6210975 331.8
Vcells 10142359  77.4   17543672 133.9 13656545 104.2

[[3]]
           used  (Mb) gc trigger  (Mb) max used  (Mb)
Ncells  3528811 188.5    6210975 331.8  6210975 331.8
Vcells 10142295  77.4   17543672 133.9 13656545 104.2

[[4]]
           used  (Mb) gc trigger  (Mb) max used  (Mb)
Ncells  3528809 188.5    6210975 331.8  6210975 331.8
Vcells 10142167  77.4   17543672 133.9 13656545 104.2

[[5]]
           used  (Mb) gc trigger  (Mb) max used  (Mb)
Ncells  3528280 188.5    6210967 331.8  6210967 331.8
Vcells 10140426  77.4   17543656 133.9 13658418 104.3

[[6]]
           used  (Mb) gc trigger  (Mb) max used  (Mb)
Ncells  3528809 188.5    6210967 331.8  6210967 331.8
Vcells 10142429  77.4   17543656 133.9 13658418 104.3

[[7]]
           used  (Mb) gc trigger  (Mb) max used  (Mb)
Ncells  3528753 188.5    6210967 331.8  6210967 331.8
Vcells 10141838  77.4   17543656 133.9 13658418 104.3

