these are the arguments: 
 - Path to the DEM indexes folder Data/NYS_DEM_Indexes 
 - Path to a file vector study area Data/NY_HUCS/NY_Cluster_Zones_250_CROP_NAomit_6347.gpkg 
 - Cluster number (integer 1-75): 12 
 - Path to DEM folder: Data/DEMs/ 
 - Path to Save folder: Data/TerrainProcessed/HUC_DEMs/ 
terra 1.9.27
WARNING: different compile-time and run-time versions of GEOS
Compiled with:3.11.0-CAPI-1.17.0
 Running with:3.13.1-CAPI-1.19.2

You should reinstall package 'terra'

Linking to GEOS 3.13.1, GDAL 3.5.1, PROJ 8.2.0; sf_use_s2() is TRUE
WARNING: different compile-time and runtime versions for GEOS found:
Linked against: 3.13.1-CAPI-1.19.2 compiled against: 3.11.0-CAPI-1.17.0
It is probably a good idea to reinstall sf (and maybe lwgeom too)

Attaching package: ‘dplyr’

The following objects are masked from ‘package:terra’:

    intersect, union

The following objects are masked from ‘package:stats’:

    filter, lag

The following objects are masked from ‘package:base’:

    intersect, setdiff, setequal, union


Attaching package: ‘tidyr’

The following object is masked from ‘package:terra’:

    extract

[1] "The number of DEM indices: 85680"
[1] "this is the total list of DEM raster files: 85048"
Linking to GEOS 3.13.1, GDAL 3.5.1, PROJ 8.2.0; sf_use_s2() is TRUE
WARNING: different compile-time and runtime versions for GEOS found:
Linked against: 3.13.1-CAPI-1.19.2 compiled against: 3.11.0-CAPI-1.17.0
It is probably a good idea to reinstall sf (and maybe lwgeom too)
DEM already exists at Data/TerrainProcessed/HUC_DEMs//cluster_12_huc_043001040302.tif
DEM already exists at Data/TerrainProcessed/HUC_DEMs//cluster_12_huc_043001081302.tif
DEM already exists at Data/TerrainProcessed/HUC_DEMs//cluster_12_huc_043001081602.tif
DEM already exists at Data/TerrainProcessed/HUC_DEMs//cluster_12_huc_043001060504.tif
DEM already exists at Data/TerrainProcessed/HUC_DEMs//cluster_12_huc_043001081401.tif
DEM already exists at Data/TerrainProcessed/HUC_DEMs//cluster_12_huc_043001081402.tif
Linking to GEOS 3.13.1, GDAL 3.5.1, PROJ 8.2.0; sf_use_s2() is TRUE
WARNING: different compile-time and runtime versions for GEOS found:
Linked against: 3.13.1-CAPI-1.19.2 compiled against: 3.11.0-CAPI-1.17.0
It is probably a good idea to reinstall sf (and maybe lwgeom too)
DEM already exists at Data/TerrainProcessed/HUC_DEMs//cluster_12_huc_043001060503.tif
DEM already exists at Data/TerrainProcessed/HUC_DEMs//cluster_12_huc_043001081602.tif
DEM already exists at Data/TerrainProcessed/HUC_DEMs//cluster_12_huc_043001081402.tif
DEM already exists at Data/TerrainProcessed/HUC_DEMs//cluster_12_huc_043001081402.tif
DEM already exists at Data/TerrainProcessed/HUC_DEMs//cluster_12_huc_043001081402.tif
[[1]]
           used  (Mb) gc trigger  (Mb) max used  (Mb)
Ncells  3525406 188.3    6230230 332.8  6230230 332.8
Vcells 10114004  77.2   17543655 133.9 13594676 103.8

[[2]]
           used  (Mb) gc trigger  (Mb) max used  (Mb)
Ncells  3526096 188.4    6230230 332.8  6230230 332.8
Vcells 10116110  77.2   17543655 133.9 13594676 103.8

[[3]]
           used  (Mb) gc trigger  (Mb) max used  (Mb)
Ncells  3526163 188.4    6230230 332.8  6230230 332.8
Vcells 10116474  77.2   17543655 133.9 13594676 103.8

[[4]]
           used  (Mb) gc trigger  (Mb) max used  (Mb)
Ncells  3526128 188.4    6230230 332.8  6230230 332.8
Vcells 10116168  77.2   17543655 133.9 13594676 103.8

[[5]]
           used  (Mb) gc trigger  (Mb) max used  (Mb)
Ncells  3526165 188.4    6230230 332.8  6230230 332.8
Vcells 10116341  77.2   17543655 133.9 13594676 103.8

[[6]]
           used  (Mb) gc trigger  (Mb) max used  (Mb)
Ncells  3526171 188.4    6230230 332.8  6230230 332.8
Vcells 10116319  77.2   17543655 133.9 13594676 103.8

[[7]]
           used  (Mb) gc trigger  (Mb) max used  (Mb)
Ncells  3525337 188.3    6230241 332.8  6230241 332.8
Vcells 10113611  77.2   17543678 133.9 13592939 103.8

[[8]]
           used  (Mb) gc trigger  (Mb) max used  (Mb)
Ncells  3526137 188.4    6230241 332.8  6230241 332.8
Vcells 10116404  77.2   17543678 133.9 13592939 103.8

[[9]]
           used  (Mb) gc trigger  (Mb) max used  (Mb)
Ncells  3526105 188.4    6230241 332.8  6230241 332.8
Vcells 10116131  77.2   17543678 133.9 13592939 103.8

[[10]]
           used  (Mb) gc trigger  (Mb) max used  (Mb)
Ncells  3526124 188.4    6230241 332.8  6230241 332.8
Vcells 10116170  77.2   17543678 133.9 13592939 103.8

[[11]]
           used  (Mb) gc trigger  (Mb) max used  (Mb)
Ncells  3526143 188.4    6230241 332.8  6230241 332.8
Vcells 10116217  77.2   17543678 133.9 13592939 103.8

