srun: Job 785064 step creation temporarily disabled, retrying (Requested nodes are busy)
srun: Job 785064 step creation still disabled, retrying (Requested nodes are busy)
srun: Job 785064 step creation still disabled, retrying (Requested nodes are busy)
srun: Step created for job 785064
these are the arguments: 
 - Path to a file vector study area Data/NY_HUCS/NY_Cluster_Zones_250_CROP_NAomit_6347.gpkg 
 - Cluster number (integer 1-200ish): 56 
 - Path to the DEMs in TerrainProcessed folder Data/TerrainProcessed/HUC_DEMs/ 
 - Path to save folder: Data/TerrainProcessed/HUC_Hydro/ 
terra 1.9.27
WARNING: different compile-time and run-time versions of GEOS
Compiled with:3.11.0-CAPI-1.17.0
 Running with:3.13.1-CAPI-1.19.2

You should reinstall package 'terra'

Linking to GEOS 3.13.1, GDAL 3.5.1, PROJ 8.2.0; sf_use_s2() is TRUE
WARNING: different compile-time and runtime versions for GEOS found:
Linked against: 3.13.1-CAPI-1.19.2 compiled against: 3.11.0-CAPI-1.17.0
It is probably a good idea to reinstall sf (and maybe lwgeom too)

Attaching package: ‘dplyr’

The following objects are masked from ‘package:terra’:

    intersect, union

The following objects are masked from ‘package:stats’:

    filter, lag

The following objects are masked from ‘package:base’:

    intersect, setdiff, setequal, union


Attaching package: ‘tidyr’

The following object is masked from ‘package:terra’:

    extract

[1] "/ibstorage/anthony/NYS_Wetlands_GHG/tmp//Rtmp6DNQnh"
[1] "Data/TerrainProcessed/HUC_DEMs//cluster_56_huc_020301010306.tif"
[2] "Data/TerrainProcessed/HUC_DEMs//cluster_56_huc_020301010401.tif"
[3] "Data/TerrainProcessed/HUC_DEMs//cluster_56_huc_020301010402.tif"
[4] "Data/TerrainProcessed/HUC_DEMs//cluster_56_huc_020301010403.tif"
[5] "Data/TerrainProcessed/HUC_DEMs//cluster_56_huc_020301020101.tif"
[1] "Data/TerrainProcessed/HUC_DEM_Hydro//cluster_56_huc_020301010306_wbt.tif"
[2] "Data/TerrainProcessed/HUC_DEM_Hydro//cluster_56_huc_020301010401_wbt.tif"
[3] "Data/TerrainProcessed/HUC_DEM_Hydro//cluster_56_huc_020301010402_wbt.tif"
[4] "Data/TerrainProcessed/HUC_DEM_Hydro//cluster_56_huc_020301010403_wbt.tif"
[5] "Data/TerrainProcessed/HUC_DEM_Hydro//cluster_56_huc_020301020101_wbt.tif"
character(0)
TWI and Flow Accum. already made: Data/TerrainProcessed/HUC_Hydro/cluster_56_huc_020301010306_wbt_TWI_Facc.tif
TWI and Flow Accum. already made: Data/TerrainProcessed/HUC_Hydro/cluster_56_huc_020301010401_wbt_TWI_Facc.tif
TWI and Flow Accum. already made: Data/TerrainProcessed/HUC_Hydro/cluster_56_huc_020301010402_wbt_TWI_Facc.tif
TWI and Flow Accum. already made: Data/TerrainProcessed/HUC_Hydro/cluster_56_huc_020301010403_wbt_TWI_Facc.tif
TWI and Flow Accum. already made: Data/TerrainProcessed/HUC_Hydro/cluster_56_huc_020301020101_wbt_TWI_Facc.tif
[[1]]
NULL

[[2]]
NULL

[[3]]
NULL

[[4]]
NULL

[[5]]
NULL

          used (Mb) gc trigger  (Mb) max used  (Mb)
Ncells 1499792 80.1    2790637 149.1  2154982 115.1
Vcells 1988708 15.2    8388608  64.0  2851077  21.8
srun: Job 785073 step creation temporarily disabled, retrying (Requested nodes are busy)
srun: Job 785073 step creation still disabled, retrying (Requested nodes are busy)
srun: Job 785073 step creation still disabled, retrying (Requested nodes are busy)
srun: Job 785073 step creation still disabled, retrying (Requested nodes are busy)
srun: Step created for job 785073
these are the arguments: 
 - Path to a file vector study area Data/NY_HUCS/NY_Cluster_Zones_250_CROP_NAomit_6347.gpkg 
 - Cluster number (integer 1-200ish): 56 
 - Path to the DEMs in TerrainProcessed folder Data/TerrainProcessed/HUC_DEMs/ 
 - Path to save folder: Data/TerrainProcessed/HUC_Hydro/ 
terra 1.9.27
WARNING: different compile-time and run-time versions of GEOS
Compiled with:3.11.0-CAPI-1.17.0
 Running with:3.13.1-CAPI-1.19.2

You should reinstall package 'terra'

Linking to GEOS 3.13.1, GDAL 3.5.1, PROJ 8.2.0; sf_use_s2() is TRUE
WARNING: different compile-time and runtime versions for GEOS found:
Linked against: 3.13.1-CAPI-1.19.2 compiled against: 3.11.0-CAPI-1.17.0
It is probably a good idea to reinstall sf (and maybe lwgeom too)

Attaching package: ‘dplyr’

The following objects are masked from ‘package:terra’:

    intersect, union

The following objects are masked from ‘package:stats’:

    filter, lag

The following objects are masked from ‘package:base’:

    intersect, setdiff, setequal, union


Attaching package: ‘tidyr’

The following object is masked from ‘package:terra’:

    extract

[1] "/ibstorage/anthony/NYS_Wetlands_GHG/tmp//RtmpKJRVcR"
[1] "Data/TerrainProcessed/HUC_DEMs//cluster_56_huc_020301010306.tif"
[2] "Data/TerrainProcessed/HUC_DEMs//cluster_56_huc_020301010401.tif"
[3] "Data/TerrainProcessed/HUC_DEMs//cluster_56_huc_020301010402.tif"
[4] "Data/TerrainProcessed/HUC_DEMs//cluster_56_huc_020301010403.tif"
[5] "Data/TerrainProcessed/HUC_DEMs//cluster_56_huc_020301020101.tif"
[1] "Data/TerrainProcessed/HUC_DEM_Hydro//cluster_56_huc_020301010306_wbt.tif"
[2] "Data/TerrainProcessed/HUC_DEM_Hydro//cluster_56_huc_020301010401_wbt.tif"
[3] "Data/TerrainProcessed/HUC_DEM_Hydro//cluster_56_huc_020301010402_wbt.tif"
[4] "Data/TerrainProcessed/HUC_DEM_Hydro//cluster_56_huc_020301010403_wbt.tif"
[5] "Data/TerrainProcessed/HUC_DEM_Hydro//cluster_56_huc_020301020101_wbt.tif"
character(0)
TWI and Flow Accum. already made: Data/TerrainProcessed/HUC_Hydro/cluster_56_huc_020301010306_wbt_TWI_Facc.tif
TWI and Flow Accum. already made: Data/TerrainProcessed/HUC_Hydro/cluster_56_huc_020301010401_wbt_TWI_Facc.tif
TWI and Flow Accum. already made: Data/TerrainProcessed/HUC_Hydro/cluster_56_huc_020301010402_wbt_TWI_Facc.tif
TWI and Flow Accum. already made: Data/TerrainProcessed/HUC_Hydro/cluster_56_huc_020301010403_wbt_TWI_Facc.tif
TWI and Flow Accum. already made: Data/TerrainProcessed/HUC_Hydro/cluster_56_huc_020301020101_wbt_TWI_Facc.tif
[[1]]
NULL

[[2]]
NULL

[[3]]
NULL

[[4]]
NULL

[[5]]
NULL

          used (Mb) gc trigger  (Mb) max used  (Mb)
Ncells 1499813 80.1    2790697 149.1  2154982 115.1
Vcells 1988714 15.2    8388608  64.0  2851126  21.8
srun: Job 785076 step creation temporarily disabled, retrying (Requested nodes are busy)
srun: Job 785076 step creation still disabled, retrying (Requested nodes are busy)
srun: Job 785076 step creation still disabled, retrying (Requested nodes are busy)
srun: Job 785076 step creation still disabled, retrying (Requested nodes are busy)
srun: Job 785076 step creation still disabled, retrying (Requested nodes are busy)
srun: Job 785076 step creation still disabled, retrying (Requested nodes are busy)
srun: Step created for job 785076
these are the arguments: 
 - Path to a file vector study area Data/NY_HUCS/NY_Cluster_Zones_250_CROP_NAomit_6347.gpkg 
 - Cluster number (integer 1-200ish): 56 
 - Path to the DEMs in TerrainProcessed folder Data/TerrainProcessed/HUC_DEMs/ 
 - Path to save folder: Data/TerrainProcessed/HUC_Hydro/ 
terra 1.9.27
WARNING: different compile-time and run-time versions of GEOS
Compiled with:3.11.0-CAPI-1.17.0
 Running with:3.13.1-CAPI-1.19.2

You should reinstall package 'terra'

Linking to GEOS 3.13.1, GDAL 3.5.1, PROJ 8.2.0; sf_use_s2() is TRUE
WARNING: different compile-time and runtime versions for GEOS found:
Linked against: 3.13.1-CAPI-1.19.2 compiled against: 3.11.0-CAPI-1.17.0
It is probably a good idea to reinstall sf (and maybe lwgeom too)

Attaching package: ‘dplyr’

The following objects are masked from ‘package:terra’:

    intersect, union

The following objects are masked from ‘package:stats’:

    filter, lag

The following objects are masked from ‘package:base’:

    intersect, setdiff, setequal, union


Attaching package: ‘tidyr’

The following object is masked from ‘package:terra’:

    extract

[1] "/ibstorage/anthony/NYS_Wetlands_GHG/tmp//RtmpKLvyY1"
[1] "Data/TerrainProcessed/HUC_DEMs//cluster_56_huc_020301010306.tif"
[2] "Data/TerrainProcessed/HUC_DEMs//cluster_56_huc_020301010401.tif"
[3] "Data/TerrainProcessed/HUC_DEMs//cluster_56_huc_020301010402.tif"
[4] "Data/TerrainProcessed/HUC_DEMs//cluster_56_huc_020301010403.tif"
[5] "Data/TerrainProcessed/HUC_DEMs//cluster_56_huc_020301020101.tif"
[1] "Data/TerrainProcessed/HUC_DEM_Hydro//cluster_56_huc_020301010306_wbt.tif"
[2] "Data/TerrainProcessed/HUC_DEM_Hydro//cluster_56_huc_020301010401_wbt.tif"
[3] "Data/TerrainProcessed/HUC_DEM_Hydro//cluster_56_huc_020301010402_wbt.tif"
[4] "Data/TerrainProcessed/HUC_DEM_Hydro//cluster_56_huc_020301010403_wbt.tif"
[5] "Data/TerrainProcessed/HUC_DEM_Hydro//cluster_56_huc_020301020101_wbt.tif"
character(0)
TWI and Flow Accum. already made: Data/TerrainProcessed/HUC_Hydro/cluster_56_huc_020301010306_wbt_TWI_Facc.tif
TWI and Flow Accum. already made: Data/TerrainProcessed/HUC_Hydro/cluster_56_huc_020301010401_wbt_TWI_Facc.tif
TWI and Flow Accum. already made: Data/TerrainProcessed/HUC_Hydro/cluster_56_huc_020301010402_wbt_TWI_Facc.tif
TWI and Flow Accum. already made: Data/TerrainProcessed/HUC_Hydro/cluster_56_huc_020301010403_wbt_TWI_Facc.tif
TWI and Flow Accum. already made: Data/TerrainProcessed/HUC_Hydro/cluster_56_huc_020301020101_wbt_TWI_Facc.tif
[[1]]
NULL

[[2]]
NULL

[[3]]
NULL

[[4]]
NULL

[[5]]
NULL

          used (Mb) gc trigger  (Mb) max used  (Mb)
Ncells 1499813 80.1    2790697 149.1  2154982 115.1
Vcells 1988714 15.2    8388608  64.0  2851126  21.8
