these are the arguments: 
 - Path to a file vector study area Data/NY_HUCS/NY_Cluster_Zones_250_CROP_NAomit_6347.gpkg 
 - Cluster number (integer 1-200ish): 90 
 - Path to the DEMs in TerrainProcessed folder Data/TerrainProcessed/HUC_DEMs/ 
 - Path to save folder: Data/TerrainProcessed/HUC_Hydro/ 
terra 1.9.27
WARNING: different compile-time and run-time versions of GEOS
Compiled with:3.11.0-CAPI-1.17.0
 Running with:3.13.1-CAPI-1.19.2

You should reinstall package 'terra'

Linking to GEOS 3.13.1, GDAL 3.5.1, PROJ 8.2.0; sf_use_s2() is TRUE
WARNING: different compile-time and runtime versions for GEOS found:
Linked against: 3.13.1-CAPI-1.19.2 compiled against: 3.11.0-CAPI-1.17.0
It is probably a good idea to reinstall sf (and maybe lwgeom too)

Attaching package: ‘dplyr’

The following objects are masked from ‘package:terra’:

    intersect, union

The following objects are masked from ‘package:stats’:

    filter, lag

The following objects are masked from ‘package:base’:

    intersect, setdiff, setequal, union


Attaching package: ‘tidyr’

The following object is masked from ‘package:terra’:

    extract

[1] "/ibstorage/anthony/NYS_Wetlands_GHG/tmp//RtmpdImLiM"
[1] "Data/TerrainProcessed/HUC_DEMs//cluster_90_huc_041402010801.tif"
[2] "Data/TerrainProcessed/HUC_DEMs//cluster_90_huc_041402010803.tif"
[3] "Data/TerrainProcessed/HUC_DEMs//cluster_90_huc_041402010804.tif"
[4] "Data/TerrainProcessed/HUC_DEMs//cluster_90_huc_041402011007.tif"
[5] "Data/TerrainProcessed/HUC_DEMs//cluster_90_huc_041402011104.tif"
[6] "Data/TerrainProcessed/HUC_DEMs//cluster_90_huc_041402011105.tif"
[7] "Data/TerrainProcessed/HUC_DEMs//cluster_90_huc_041402011106.tif"
[8] "Data/TerrainProcessed/HUC_DEMs//cluster_90_huc_041402011107.tif"
[1] "Data/TerrainProcessed/HUC_DEM_Hydro//cluster_90_huc_041402010801_wbt.tif"
[2] "Data/TerrainProcessed/HUC_DEM_Hydro//cluster_90_huc_041402010803_wbt.tif"
[3] "Data/TerrainProcessed/HUC_DEM_Hydro//cluster_90_huc_041402010804_wbt.tif"
[4] "Data/TerrainProcessed/HUC_DEM_Hydro//cluster_90_huc_041402011007_wbt.tif"
[5] "Data/TerrainProcessed/HUC_DEM_Hydro//cluster_90_huc_041402011104_wbt.tif"
[6] "Data/TerrainProcessed/HUC_DEM_Hydro//cluster_90_huc_041402011105_wbt.tif"
[7] "Data/TerrainProcessed/HUC_DEM_Hydro//cluster_90_huc_041402011106_wbt.tif"
[8] "Data/TerrainProcessed/HUC_DEM_Hydro//cluster_90_huc_041402011107_wbt.tif"
character(0)
TWI and Flow Accum. already made: Data/TerrainProcessed/HUC_Hydro/cluster_90_huc_041402010801_wbt_TWI_Facc.tif
TWI and Flow Accum. already made: Data/TerrainProcessed/HUC_Hydro/cluster_90_huc_041402010803_wbt_TWI_Facc.tif
TWI and Flow Accum. already made: Data/TerrainProcessed/HUC_Hydro/cluster_90_huc_041402010804_wbt_TWI_Facc.tif
TWI and Flow Accum. already made: Data/TerrainProcessed/HUC_Hydro/cluster_90_huc_041402011007_wbt_TWI_Facc.tif
TWI and Flow Accum. already made: Data/TerrainProcessed/HUC_Hydro/cluster_90_huc_041402011104_wbt_TWI_Facc.tif
TWI and Flow Accum. already made: Data/TerrainProcessed/HUC_Hydro/cluster_90_huc_041402011105_wbt_TWI_Facc.tif
TWI and Flow Accum. already made: Data/TerrainProcessed/HUC_Hydro/cluster_90_huc_041402011106_wbt_TWI_Facc.tif
TWI and Flow Accum. already made: Data/TerrainProcessed/HUC_Hydro/cluster_90_huc_041402011107_wbt_TWI_Facc.tif
[[1]]
NULL

[[2]]
NULL

[[3]]
NULL

[[4]]
NULL

[[5]]
NULL

[[6]]
NULL

[[7]]
NULL

[[8]]
NULL

          used (Mb) gc trigger  (Mb) max used  (Mb)
Ncells 1499801 80.1    2790662 149.1  2154982 115.1
Vcells 1988786 15.2    8388608  64.0  2851094  21.8
these are the arguments: 
 - Path to a file vector study area Data/NY_HUCS/NY_Cluster_Zones_250_CROP_NAomit_6347.gpkg 
 - Cluster number (integer 1-200ish): 90 
 - Path to the DEMs in TerrainProcessed folder Data/TerrainProcessed/HUC_DEMs/ 
 - Path to save folder: Data/TerrainProcessed/HUC_Hydro/ 
terra 1.9.27
WARNING: different compile-time and run-time versions of GEOS
Compiled with:3.11.0-CAPI-1.17.0
 Running with:3.13.1-CAPI-1.19.2

You should reinstall package 'terra'

Linking to GEOS 3.13.1, GDAL 3.5.1, PROJ 8.2.0; sf_use_s2() is TRUE
WARNING: different compile-time and runtime versions for GEOS found:
Linked against: 3.13.1-CAPI-1.19.2 compiled against: 3.11.0-CAPI-1.17.0
It is probably a good idea to reinstall sf (and maybe lwgeom too)

Attaching package: ‘dplyr’

The following objects are masked from ‘package:terra’:

    intersect, union

The following objects are masked from ‘package:stats’:

    filter, lag

The following objects are masked from ‘package:base’:

    intersect, setdiff, setequal, union


Attaching package: ‘tidyr’

The following object is masked from ‘package:terra’:

    extract

[1] "/ibstorage/anthony/NYS_Wetlands_GHG/tmp//RtmpRZ1Aoa"
[1] "Data/TerrainProcessed/HUC_DEMs//cluster_90_huc_041402010801.tif"
[2] "Data/TerrainProcessed/HUC_DEMs//cluster_90_huc_041402010803.tif"
[3] "Data/TerrainProcessed/HUC_DEMs//cluster_90_huc_041402010804.tif"
[4] "Data/TerrainProcessed/HUC_DEMs//cluster_90_huc_041402011007.tif"
[5] "Data/TerrainProcessed/HUC_DEMs//cluster_90_huc_041402011104.tif"
[6] "Data/TerrainProcessed/HUC_DEMs//cluster_90_huc_041402011105.tif"
[7] "Data/TerrainProcessed/HUC_DEMs//cluster_90_huc_041402011106.tif"
[8] "Data/TerrainProcessed/HUC_DEMs//cluster_90_huc_041402011107.tif"
[1] "Data/TerrainProcessed/HUC_DEM_Hydro//cluster_90_huc_041402010801_wbt.tif"
[2] "Data/TerrainProcessed/HUC_DEM_Hydro//cluster_90_huc_041402010803_wbt.tif"
[3] "Data/TerrainProcessed/HUC_DEM_Hydro//cluster_90_huc_041402010804_wbt.tif"
[4] "Data/TerrainProcessed/HUC_DEM_Hydro//cluster_90_huc_041402011007_wbt.tif"
[5] "Data/TerrainProcessed/HUC_DEM_Hydro//cluster_90_huc_041402011104_wbt.tif"
[6] "Data/TerrainProcessed/HUC_DEM_Hydro//cluster_90_huc_041402011105_wbt.tif"
[7] "Data/TerrainProcessed/HUC_DEM_Hydro//cluster_90_huc_041402011106_wbt.tif"
[8] "Data/TerrainProcessed/HUC_DEM_Hydro//cluster_90_huc_041402011107_wbt.tif"
character(0)
TWI and Flow Accum. already made: Data/TerrainProcessed/HUC_Hydro/cluster_90_huc_041402010801_wbt_TWI_Facc.tif
TWI and Flow Accum. already made: Data/TerrainProcessed/HUC_Hydro/cluster_90_huc_041402010803_wbt_TWI_Facc.tif
TWI and Flow Accum. already made: Data/TerrainProcessed/HUC_Hydro/cluster_90_huc_041402010804_wbt_TWI_Facc.tif
TWI and Flow Accum. already made: Data/TerrainProcessed/HUC_Hydro/cluster_90_huc_041402011007_wbt_TWI_Facc.tif
TWI and Flow Accum. already made: Data/TerrainProcessed/HUC_Hydro/cluster_90_huc_041402011104_wbt_TWI_Facc.tif
TWI and Flow Accum. already made: Data/TerrainProcessed/HUC_Hydro/cluster_90_huc_041402011105_wbt_TWI_Facc.tif
TWI and Flow Accum. already made: Data/TerrainProcessed/HUC_Hydro/cluster_90_huc_041402011106_wbt_TWI_Facc.tif
TWI and Flow Accum. already made: Data/TerrainProcessed/HUC_Hydro/cluster_90_huc_041402011107_wbt_TWI_Facc.tif
[[1]]
NULL

[[2]]
NULL

[[3]]
NULL

[[4]]
NULL

[[5]]
NULL

[[6]]
NULL

[[7]]
NULL

[[8]]
NULL

          used (Mb) gc trigger  (Mb) max used  (Mb)
Ncells 1499822 80.1    2790722 149.1  2154982 115.1
Vcells 1988792 15.2    8388608  64.0  2851126  21.8
these are the arguments: 
 - Path to a file vector study area Data/NY_HUCS/NY_Cluster_Zones_250_CROP_NAomit_6347.gpkg 
 - Cluster number (integer 1-200ish): 90 
 - Path to the DEMs in TerrainProcessed folder Data/TerrainProcessed/HUC_DEMs/ 
 - Path to save folder: Data/TerrainProcessed/HUC_Hydro/ 
terra 1.9.27
WARNING: different compile-time and run-time versions of GEOS
Compiled with:3.11.0-CAPI-1.17.0
 Running with:3.13.1-CAPI-1.19.2

You should reinstall package 'terra'

Linking to GEOS 3.13.1, GDAL 3.5.1, PROJ 8.2.0; sf_use_s2() is TRUE
WARNING: different compile-time and runtime versions for GEOS found:
Linked against: 3.13.1-CAPI-1.19.2 compiled against: 3.11.0-CAPI-1.17.0
It is probably a good idea to reinstall sf (and maybe lwgeom too)

Attaching package: ‘dplyr’

The following objects are masked from ‘package:terra’:

    intersect, union

The following objects are masked from ‘package:stats’:

    filter, lag

The following objects are masked from ‘package:base’:

    intersect, setdiff, setequal, union


Attaching package: ‘tidyr’

The following object is masked from ‘package:terra’:

    extract

[1] "/ibstorage/anthony/NYS_Wetlands_GHG/tmp//RtmpC4CsoA"
[1] "Data/TerrainProcessed/HUC_DEMs//cluster_90_huc_041402010801.tif"
[2] "Data/TerrainProcessed/HUC_DEMs//cluster_90_huc_041402010803.tif"
[3] "Data/TerrainProcessed/HUC_DEMs//cluster_90_huc_041402010804.tif"
[4] "Data/TerrainProcessed/HUC_DEMs//cluster_90_huc_041402011007.tif"
[5] "Data/TerrainProcessed/HUC_DEMs//cluster_90_huc_041402011104.tif"
[6] "Data/TerrainProcessed/HUC_DEMs//cluster_90_huc_041402011105.tif"
[7] "Data/TerrainProcessed/HUC_DEMs//cluster_90_huc_041402011106.tif"
[8] "Data/TerrainProcessed/HUC_DEMs//cluster_90_huc_041402011107.tif"
[1] "Data/TerrainProcessed/HUC_DEM_Hydro//cluster_90_huc_041402010801_wbt.tif"
[2] "Data/TerrainProcessed/HUC_DEM_Hydro//cluster_90_huc_041402010803_wbt.tif"
[3] "Data/TerrainProcessed/HUC_DEM_Hydro//cluster_90_huc_041402010804_wbt.tif"
[4] "Data/TerrainProcessed/HUC_DEM_Hydro//cluster_90_huc_041402011007_wbt.tif"
[5] "Data/TerrainProcessed/HUC_DEM_Hydro//cluster_90_huc_041402011104_wbt.tif"
[6] "Data/TerrainProcessed/HUC_DEM_Hydro//cluster_90_huc_041402011105_wbt.tif"
[7] "Data/TerrainProcessed/HUC_DEM_Hydro//cluster_90_huc_041402011106_wbt.tif"
[8] "Data/TerrainProcessed/HUC_DEM_Hydro//cluster_90_huc_041402011107_wbt.tif"
character(0)
TWI and Flow Accum. already made: Data/TerrainProcessed/HUC_Hydro/cluster_90_huc_041402010801_wbt_TWI_Facc.tif
TWI and Flow Accum. already made: Data/TerrainProcessed/HUC_Hydro/cluster_90_huc_041402010803_wbt_TWI_Facc.tif
TWI and Flow Accum. already made: Data/TerrainProcessed/HUC_Hydro/cluster_90_huc_041402010804_wbt_TWI_Facc.tif
TWI and Flow Accum. already made: Data/TerrainProcessed/HUC_Hydro/cluster_90_huc_041402011007_wbt_TWI_Facc.tif
TWI and Flow Accum. already made: Data/TerrainProcessed/HUC_Hydro/cluster_90_huc_041402011104_wbt_TWI_Facc.tif
TWI and Flow Accum. already made: Data/TerrainProcessed/HUC_Hydro/cluster_90_huc_041402011105_wbt_TWI_Facc.tif
TWI and Flow Accum. already made: Data/TerrainProcessed/HUC_Hydro/cluster_90_huc_041402011106_wbt_TWI_Facc.tif
TWI and Flow Accum. already made: Data/TerrainProcessed/HUC_Hydro/cluster_90_huc_041402011107_wbt_TWI_Facc.tif
[[1]]
NULL

[[2]]
NULL

[[3]]
NULL

[[4]]
NULL

[[5]]
NULL

[[6]]
NULL

[[7]]
NULL

[[8]]
NULL

          used (Mb) gc trigger  (Mb) max used  (Mb)
Ncells 1499822 80.1    2790722 149.1  2154982 115.1
Vcells 1988792 15.2    8388608  64.0  2851094  21.8
these are the arguments: 
 - Path to a file vector study area Data/NY_HUCS/NY_Cluster_Zones_250_CROP_NAomit_6347.gpkg 
 - Cluster number (integer 1-200ish): 90 
 - Path to the DEMs in TerrainProcessed folder Data/TerrainProcessed/HUC_DEMs/ 
 - Path to save folder: Data/TerrainProcessed/HUC_Hydro/ 
terra 1.9.27
WARNING: different compile-time and run-time versions of GEOS
Compiled with:3.11.0-CAPI-1.17.0
 Running with:3.13.1-CAPI-1.19.2

You should reinstall package 'terra'

Linking to GEOS 3.13.1, GDAL 3.5.1, PROJ 8.2.0; sf_use_s2() is TRUE
WARNING: different compile-time and runtime versions for GEOS found:
Linked against: 3.13.1-CAPI-1.19.2 compiled against: 3.11.0-CAPI-1.17.0
It is probably a good idea to reinstall sf (and maybe lwgeom too)

Attaching package: ‘dplyr’

The following objects are masked from ‘package:terra’:

    intersect, union

The following objects are masked from ‘package:stats’:

    filter, lag

The following objects are masked from ‘package:base’:

    intersect, setdiff, setequal, union


Attaching package: ‘tidyr’

The following object is masked from ‘package:terra’:

    extract

[1] "/ibstorage/anthony/NYS_Wetlands_GHG/tmp//RtmpjHiRwL"
[1] "Data/TerrainProcessed/HUC_DEMs//cluster_90_huc_041402010801.tif"
[2] "Data/TerrainProcessed/HUC_DEMs//cluster_90_huc_041402010803.tif"
[3] "Data/TerrainProcessed/HUC_DEMs//cluster_90_huc_041402010804.tif"
[4] "Data/TerrainProcessed/HUC_DEMs//cluster_90_huc_041402011007.tif"
[5] "Data/TerrainProcessed/HUC_DEMs//cluster_90_huc_041402011104.tif"
[6] "Data/TerrainProcessed/HUC_DEMs//cluster_90_huc_041402011105.tif"
[7] "Data/TerrainProcessed/HUC_DEMs//cluster_90_huc_041402011106.tif"
[8] "Data/TerrainProcessed/HUC_DEMs//cluster_90_huc_041402011107.tif"
[1] "Data/TerrainProcessed/HUC_DEM_Hydro//cluster_90_huc_041402010801_wbt.tif"
[2] "Data/TerrainProcessed/HUC_DEM_Hydro//cluster_90_huc_041402010803_wbt.tif"
[3] "Data/TerrainProcessed/HUC_DEM_Hydro//cluster_90_huc_041402010804_wbt.tif"
[4] "Data/TerrainProcessed/HUC_DEM_Hydro//cluster_90_huc_041402011007_wbt.tif"
[5] "Data/TerrainProcessed/HUC_DEM_Hydro//cluster_90_huc_041402011104_wbt.tif"
[6] "Data/TerrainProcessed/HUC_DEM_Hydro//cluster_90_huc_041402011105_wbt.tif"
[7] "Data/TerrainProcessed/HUC_DEM_Hydro//cluster_90_huc_041402011106_wbt.tif"
[8] "Data/TerrainProcessed/HUC_DEM_Hydro//cluster_90_huc_041402011107_wbt.tif"
character(0)
TWI and Flow Accum. already made: Data/TerrainProcessed/HUC_Hydro/cluster_90_huc_041402010801_wbt_TWI_Facc.tif
TWI and Flow Accum. already made: Data/TerrainProcessed/HUC_Hydro/cluster_90_huc_041402010803_wbt_TWI_Facc.tif
TWI and Flow Accum. already made: Data/TerrainProcessed/HUC_Hydro/cluster_90_huc_041402010804_wbt_TWI_Facc.tif
TWI and Flow Accum. already made: Data/TerrainProcessed/HUC_Hydro/cluster_90_huc_041402011007_wbt_TWI_Facc.tif
TWI and Flow Accum. already made: Data/TerrainProcessed/HUC_Hydro/cluster_90_huc_041402011104_wbt_TWI_Facc.tif
TWI and Flow Accum. already made: Data/TerrainProcessed/HUC_Hydro/cluster_90_huc_041402011105_wbt_TWI_Facc.tif
TWI and Flow Accum. already made: Data/TerrainProcessed/HUC_Hydro/cluster_90_huc_041402011106_wbt_TWI_Facc.tif
TWI and Flow Accum. already made: Data/TerrainProcessed/HUC_Hydro/cluster_90_huc_041402011107_wbt_TWI_Facc.tif
[[1]]
NULL

[[2]]
NULL

[[3]]
NULL

[[4]]
NULL

[[5]]
NULL

[[6]]
NULL

[[7]]
NULL

[[8]]
NULL

          used (Mb) gc trigger  (Mb) max used  (Mb)
Ncells 1499925 80.2    2791017 149.1  2154982 115.1
Vcells 1989029 15.2    8388608  64.0  2851094  21.8
these are the arguments: 
 - Path to a file vector study area Data/NY_HUCS/NY_Cluster_Zones_250_CROP_NAomit_6347.gpkg 
 - Cluster number (integer 1-200ish): 90 
 - Path to the DEMs in TerrainProcessed folder Data/TerrainProcessed/HUC_DEMs/ 
 - Path to save folder: Data/TerrainProcessed/HUC_Hydro/ 
terra 1.9.27
Linking to GEOS 3.11.0, GDAL 3.5.2, PROJ 8.2.0; sf_use_s2() is TRUE

Attaching package: ‘dplyr’

The following objects are masked from ‘package:terra’:

    intersect, union

The following objects are masked from ‘package:stats’:

    filter, lag

The following objects are masked from ‘package:base’:

    intersect, setdiff, setequal, union


Attaching package: ‘tidyr’

The following object is masked from ‘package:terra’:

    extract

[1] "/ibstorage/anthony/NYS_Wetlands_GHG/tmp//RtmpzupMSY"
[1] "Data/TerrainProcessed/HUC_DEMs//cluster_90_huc_041402010801.tif"
[2] "Data/TerrainProcessed/HUC_DEMs//cluster_90_huc_041402010803.tif"
[3] "Data/TerrainProcessed/HUC_DEMs//cluster_90_huc_041402010804.tif"
[4] "Data/TerrainProcessed/HUC_DEMs//cluster_90_huc_041402011007.tif"
[5] "Data/TerrainProcessed/HUC_DEMs//cluster_90_huc_041402011104.tif"
[6] "Data/TerrainProcessed/HUC_DEMs//cluster_90_huc_041402011105.tif"
[7] "Data/TerrainProcessed/HUC_DEMs//cluster_90_huc_041402011106.tif"
[8] "Data/TerrainProcessed/HUC_DEMs//cluster_90_huc_041402011107.tif"
[1] "Data/TerrainProcessed/HUC_DEM_Hydro//cluster_90_huc_041402010801_wbt.tif"
[2] "Data/TerrainProcessed/HUC_DEM_Hydro//cluster_90_huc_041402010803_wbt.tif"
[3] "Data/TerrainProcessed/HUC_DEM_Hydro//cluster_90_huc_041402010804_wbt.tif"
[4] "Data/TerrainProcessed/HUC_DEM_Hydro//cluster_90_huc_041402011007_wbt.tif"
[5] "Data/TerrainProcessed/HUC_DEM_Hydro//cluster_90_huc_041402011104_wbt.tif"
[6] "Data/TerrainProcessed/HUC_DEM_Hydro//cluster_90_huc_041402011105_wbt.tif"
[7] "Data/TerrainProcessed/HUC_DEM_Hydro//cluster_90_huc_041402011106_wbt.tif"
[8] "Data/TerrainProcessed/HUC_DEM_Hydro//cluster_90_huc_041402011107_wbt.tif"
character(0)
TWI and Flow Accum. already made: Data/TerrainProcessed/HUC_Hydro/cluster_90_huc_041402010801_wbt_TWI_Facc.tif
TWI and Flow Accum. already made: Data/TerrainProcessed/HUC_Hydro/cluster_90_huc_041402010803_wbt_TWI_Facc.tif
TWI and Flow Accum. already made: Data/TerrainProcessed/HUC_Hydro/cluster_90_huc_041402010804_wbt_TWI_Facc.tif
TWI and Flow Accum. already made: Data/TerrainProcessed/HUC_Hydro/cluster_90_huc_041402011007_wbt_TWI_Facc.tif
TWI and Flow Accum. already made: Data/TerrainProcessed/HUC_Hydro/cluster_90_huc_041402011104_wbt_TWI_Facc.tif
TWI and Flow Accum. already made: Data/TerrainProcessed/HUC_Hydro/cluster_90_huc_041402011105_wbt_TWI_Facc.tif
TWI and Flow Accum. already made: Data/TerrainProcessed/HUC_Hydro/cluster_90_huc_041402011106_wbt_TWI_Facc.tif
TWI and Flow Accum. already made: Data/TerrainProcessed/HUC_Hydro/cluster_90_huc_041402011107_wbt_TWI_Facc.tif
[[1]]
NULL

[[2]]
NULL

[[3]]
NULL

[[4]]
NULL

[[5]]
NULL

[[6]]
NULL

[[7]]
NULL

[[8]]
NULL

          used (Mb) gc trigger  (Mb) max used  (Mb)
Ncells 1502707 80.3    2798991 149.5  2155011 115.1
Vcells 1992374 15.3    8388608  64.0  2829875  21.6
