srun: Job 784989 step creation temporarily disabled, retrying (Requested nodes are busy)
srun: Job 784989 step creation still disabled, retrying (Requested nodes are busy)
srun: Job 784989 step creation still disabled, retrying (Requested nodes are busy)
srun: Job 784989 step creation still disabled, retrying (Requested nodes are busy)
srun: Job 784989 step creation still disabled, retrying (Requested nodes are busy)
srun: Job 784989 step creation still disabled, retrying (Requested nodes are busy)
srun: Step created for job 784989
these are the arguments: 
 - Path to a file vector study area Data/NY_HUCS/NY_Cluster_Zones_250_CROP_NAomit_6347.gpkg 
 - Cluster number (integer 1-200ish): 84 
 - Path to the DEMs in TerrainProcessed folder Data/TerrainProcessed/HUC_DEMs/ 
 - Path to save folder: Data/TerrainProcessed/HUC_Hydro/ 
terra 1.9.27
Linking to GEOS 3.11.0, GDAL 3.5.2, PROJ 8.2.0; sf_use_s2() is TRUE

Attaching package: ‘dplyr’

The following objects are masked from ‘package:terra’:

    intersect, union

The following objects are masked from ‘package:stats’:

    filter, lag

The following objects are masked from ‘package:base’:

    intersect, setdiff, setequal, union


Attaching package: ‘tidyr’

The following object is masked from ‘package:terra’:

    extract

[1] "/ibstorage/anthony/NYS_Wetlands_GHG/tmp//Rtmpb67jY5"
 [1] "Data/TerrainProcessed/HUC_DEMs//cluster_84_huc_020501050305.tif"
 [2] "Data/TerrainProcessed/HUC_DEMs//cluster_84_huc_020501050306.tif"
 [3] "Data/TerrainProcessed/HUC_DEMs//cluster_84_huc_020501050308.tif"
 [4] "Data/TerrainProcessed/HUC_DEMs//cluster_84_huc_020501050401.tif"
 [5] "Data/TerrainProcessed/HUC_DEMs//cluster_84_huc_020501050402.tif"
 [6] "Data/TerrainProcessed/HUC_DEMs//cluster_84_huc_020501050403.tif"
 [7] "Data/TerrainProcessed/HUC_DEMs//cluster_84_huc_020501050404.tif"
 [8] "Data/TerrainProcessed/HUC_DEMs//cluster_84_huc_041402010601.tif"
 [9] "Data/TerrainProcessed/HUC_DEMs//cluster_84_huc_041402010602.tif"
[10] "Data/TerrainProcessed/HUC_DEMs//cluster_84_huc_041402010603.tif"
[1] "Data/TerrainProcessed/HUC_DEM_Hydro//cluster_84_huc_020501050305_wbt.tif"
[2] "Data/TerrainProcessed/HUC_DEM_Hydro//cluster_84_huc_020501050306_wbt.tif"
[3] "Data/TerrainProcessed/HUC_DEM_Hydro//cluster_84_huc_020501050401_wbt.tif"
[4] "Data/TerrainProcessed/HUC_DEM_Hydro//cluster_84_huc_020501050402_wbt.tif"
[5] "Data/TerrainProcessed/HUC_DEM_Hydro//cluster_84_huc_020501050403_wbt.tif"
[6] "Data/TerrainProcessed/HUC_DEM_Hydro//cluster_84_huc_020501050404_wbt.tif"
[7] "Data/TerrainProcessed/HUC_DEM_Hydro//cluster_84_huc_041402010601_wbt.tif"
[8] "Data/TerrainProcessed/HUC_DEM_Hydro//cluster_84_huc_041402010602_wbt.tif"
[9] "Data/TerrainProcessed/HUC_DEM_Hydro//cluster_84_huc_041402010603_wbt.tif"
[1] "Data/TerrainProcessed/HUC_DEMs//cluster_84_huc_020501050308.tif"
TWI and Flow Accum. already made: Data/TerrainProcessed/HUC_Hydro/cluster_84_huc_020501050305_wbt_TWI_Facc.tif
TWI and Flow Accum. already made: Data/TerrainProcessed/HUC_Hydro/cluster_84_huc_020501050306_wbt_TWI_Facc.tif
Hydro-Conditioning for /ibstorage/anthony/NYS_Wetlands_Data/Data/TerrainProcessed/HUC_DEM_Hydro/cluster_84_huc_020501050308_wbt.tif
thread 'main' panicked at whitebox-tools-app/src/tools/hydro_analysis/fill_depressions.rs:368:23:
Error unwrapping 'output'
note: run with `RUST_BACKTRACE=1` environment variable to display a backtrace

Error running WhiteboxTools (FillDepressions)
  whitebox.exe_path: '/home/ajs544/.local/share/R/whitebox/WBT/whitebox_tools'; File exists? TRUE
  Arguments: --run=FillDepressions  --dem='/ibstorage/anthony/NYS_Wetlands_Data/Data/TerrainProcessed/HUC_DEMs//cluster_84_huc_020501050308.tif' --output='/ibstorage/anthony/NYS_Wetlands_Data/Data/TerrainProcessed/HUC_DEM_Hydro/cluster_84_huc_020501050308_wbt.tif' --fix_flats -v

System command had status 101
******************************
* Welcome to FillDepressions *
* Powered by WhiteboxTools   *
* www.whiteboxgeo.com        *
******************************
Reading data...
Finding pit cells: 100%
TWI and Flow Accum. already made: Data/TerrainProcessed/HUC_Hydro/cluster_84_huc_020501050308_wbt_TWI_Facc.tif
TWI and Flow Accum. already made: Data/TerrainProcessed/HUC_Hydro/cluster_84_huc_020501050401_wbt_TWI_Facc.tif
TWI and Flow Accum. already made: Data/TerrainProcessed/HUC_Hydro/cluster_84_huc_020501050402_wbt_TWI_Facc.tif
TWI and Flow Accum. already made: Data/TerrainProcessed/HUC_Hydro/cluster_84_huc_020501050403_wbt_TWI_Facc.tif
TWI and Flow Accum. already made: Data/TerrainProcessed/HUC_Hydro/cluster_84_huc_020501050404_wbt_TWI_Facc.tif
TWI and Flow Accum. already made: Data/TerrainProcessed/HUC_Hydro/cluster_84_huc_041402010601_wbt_TWI_Facc.tif
TWI and Flow Accum. already made: Data/TerrainProcessed/HUC_Hydro/cluster_84_huc_041402010602_wbt_TWI_Facc.tif
TWI and Flow Accum. already made: Data/TerrainProcessed/HUC_Hydro/cluster_84_huc_041402010603_wbt_TWI_Facc.tif
[[1]]
NULL

[[2]]
NULL

[[3]]
NULL

[[4]]
NULL

[[5]]
NULL

[[6]]
NULL

[[7]]
NULL

[[8]]
NULL

[[9]]
NULL

[[10]]
NULL

          used (Mb) gc trigger  (Mb) max used  (Mb)
Ncells 1507416 80.6    2812445 150.3  2155011 115.1
Vcells 2029321 15.5    8388608  64.0  2829899  21.6
