these are the arguments: 
 - Path to a file vector study area Data/NY_HUCS/NY_Cluster_Zones_250_CROP_NAomit_6347.gpkg 
 - Cluster number (integer 1-200ish): 116 
 - Path to the DEMs in TerrainProcessed folder Data/TerrainProcessed/HUC_DEMs/ 
 - Path to save folder: Data/TerrainProcessed/HUC_Hydro/ 
terra 1.9.27
Linking to GEOS 3.11.0, GDAL 3.5.2, PROJ 8.2.0; sf_use_s2() is TRUE

Attaching package: ‘dplyr’

The following objects are masked from ‘package:terra’:

    intersect, union

The following objects are masked from ‘package:stats’:

    filter, lag

The following objects are masked from ‘package:base’:

    intersect, setdiff, setequal, union


Attaching package: ‘tidyr’

The following object is masked from ‘package:terra’:

    extract

[1] "/ibstorage/anthony/NYS_Wetlands_GHG/tmp//RtmpemMmfF"
[1] "Data/TerrainProcessed/HUC_DEMs//cluster_116_huc_020200070406.tif"
[2] "Data/TerrainProcessed/HUC_DEMs//cluster_116_huc_020200070407.tif"
[3] "Data/TerrainProcessed/HUC_DEMs//cluster_116_huc_020200080102.tif"
[4] "Data/TerrainProcessed/HUC_DEMs//cluster_116_huc_020200080104.tif"
[5] "Data/TerrainProcessed/HUC_DEMs//cluster_116_huc_020200080105.tif"
[6] "Data/TerrainProcessed/HUC_DEMs//cluster_116_huc_020200080106.tif"
[7] "Data/TerrainProcessed/HUC_DEMs//cluster_116_huc_020200080205.tif"
[1] "Data/TerrainProcessed/HUC_DEM_Hydro//cluster_116_huc_020200070406_wbt.tif"
[2] "Data/TerrainProcessed/HUC_DEM_Hydro//cluster_116_huc_020200070407_wbt.tif"
[3] "Data/TerrainProcessed/HUC_DEM_Hydro//cluster_116_huc_020200080102_wbt.tif"
[4] "Data/TerrainProcessed/HUC_DEM_Hydro//cluster_116_huc_020200080104_wbt.tif"
[5] "Data/TerrainProcessed/HUC_DEM_Hydro//cluster_116_huc_020200080105_wbt.tif"
[6] "Data/TerrainProcessed/HUC_DEM_Hydro//cluster_116_huc_020200080106_wbt.tif"
[7] "Data/TerrainProcessed/HUC_DEM_Hydro//cluster_116_huc_020200080205_wbt.tif"
character(0)
TWI and Flow Accum. already made: Data/TerrainProcessed/HUC_Hydro/cluster_116_huc_020200070406_wbt_TWI_Facc.tif
TWI and Flow Accum. already made: Data/TerrainProcessed/HUC_Hydro/cluster_116_huc_020200070407_wbt_TWI_Facc.tif
TWI and Flow Accum. already made: Data/TerrainProcessed/HUC_Hydro/cluster_116_huc_020200080102_wbt_TWI_Facc.tif
TWI and Flow Accum. already made: Data/TerrainProcessed/HUC_Hydro/cluster_116_huc_020200080104_wbt_TWI_Facc.tif
TWI and Flow Accum. already made: Data/TerrainProcessed/HUC_Hydro/cluster_116_huc_020200080105_wbt_TWI_Facc.tif
TWI and Flow Accum. already made: Data/TerrainProcessed/HUC_Hydro/cluster_116_huc_020200080106_wbt_TWI_Facc.tif
TWI and Flow Accum. already made: Data/TerrainProcessed/HUC_Hydro/cluster_116_huc_020200080205_wbt_TWI_Facc.tif
[[1]]
NULL

[[2]]
NULL

[[3]]
NULL

[[4]]
NULL

[[5]]
NULL

[[6]]
NULL

[[7]]
NULL

          used (Mb) gc trigger  (Mb) max used  (Mb)
Ncells 1501946 80.3    2796817 149.4  2155011 115.1
Vcells 1990628 15.2    8388608  64.0  2829935  21.6
