srun: Job 784989 step creation temporarily disabled, retrying (Requested nodes are busy)
srun: Job 784989 step creation still disabled, retrying (Requested nodes are busy)
srun: Step created for job 784989
these are the arguments: 
 - Path to a file vector study area Data/NY_HUCS/NY_Cluster_Zones_250_CROP_NAomit_6347.gpkg 
 - Cluster number (integer 1-200ish): 56 
 - Path to the DEMs in TerrainProcessed folder Data/TerrainProcessed/HUC_DEMs/ 
 - Path to save folder: Data/TerrainProcessed/HUC_Hydro/ 
terra 1.9.27
Linking to GEOS 3.11.0, GDAL 3.5.2, PROJ 8.2.0; sf_use_s2() is TRUE

Attaching package: ‘dplyr’

The following objects are masked from ‘package:terra’:

    intersect, union

The following objects are masked from ‘package:stats’:

    filter, lag

The following objects are masked from ‘package:base’:

    intersect, setdiff, setequal, union


Attaching package: ‘tidyr’

The following object is masked from ‘package:terra’:

    extract

[1] "/ibstorage/anthony/NYS_Wetlands_GHG/tmp//RtmpXdeKxN"
[1] "Data/TerrainProcessed/HUC_DEMs//cluster_56_huc_020301010306.tif"
[2] "Data/TerrainProcessed/HUC_DEMs//cluster_56_huc_020301010401.tif"
[3] "Data/TerrainProcessed/HUC_DEMs//cluster_56_huc_020301010402.tif"
[4] "Data/TerrainProcessed/HUC_DEMs//cluster_56_huc_020301010403.tif"
[5] "Data/TerrainProcessed/HUC_DEMs//cluster_56_huc_020301020101.tif"
[1] "Data/TerrainProcessed/HUC_DEM_Hydro//cluster_56_huc_020301010306_wbt.tif"
[2] "Data/TerrainProcessed/HUC_DEM_Hydro//cluster_56_huc_020301010401_wbt.tif"
[3] "Data/TerrainProcessed/HUC_DEM_Hydro//cluster_56_huc_020301010402_wbt.tif"
[4] "Data/TerrainProcessed/HUC_DEM_Hydro//cluster_56_huc_020301010403_wbt.tif"
[5] "Data/TerrainProcessed/HUC_DEM_Hydro//cluster_56_huc_020301020101_wbt.tif"
character(0)
TWI and Flow Accum. already made: Data/TerrainProcessed/HUC_Hydro/cluster_56_huc_020301010306_wbt_TWI_Facc.tif
TWI and Flow Accum. already made: Data/TerrainProcessed/HUC_Hydro/cluster_56_huc_020301010401_wbt_TWI_Facc.tif
New TWI and Flow Acc for Data/TerrainProcessed/HUC_Hydro/cluster_56_huc_020301010402_wbt_TWI_Facc.tif
TWI and Flow Accum. already made: Data/TerrainProcessed/HUC_Hydro/cluster_56_huc_020301010403_wbt_TWI_Facc.tif
New TWI and Flow Acc for Data/TerrainProcessed/HUC_Hydro/cluster_56_huc_020301020101_wbt_TWI_Facc.tif
[[1]]
NULL

[[2]]
NULL

[[3]]
class       : SpatRaster
size        : 11349, 6990, 2  (nrow, ncol, nlyr)
resolution  : 1, 1  (x, y)
extent      : 594874, 601864, 4548809, 4560158  (xmin, xmax, ymin, ymax)
coord. ref. : NAD83(2011) / UTM zone 18N (EPSG:6347)
source      : cluster_56_huc_020301010402_wbt_TWI_Facc.tif
names       :  flowacc,       twi
min values  :        1, -1.218243
max values  : 35428520, 38.816242

[[4]]
NULL

[[5]]
class       : SpatRaster
size        : 10721, 6860, 2  (nrow, ncol, nlyr)
resolution  : 1, 1  (x, y)
extent      : 601981, 608841, 4546153, 4556874  (xmin, xmax, ymin, ymax)
coord. ref. : NAD83(2011) / UTM zone 18N (EPSG:6347)
source      : cluster_56_huc_020301020101_wbt_TWI_Facc.tif
names       :  flowacc,       twi
min values  :        1, -1.185421
max values  : 28167270, 30.592495

          used (Mb) gc trigger  (Mb) max used  (Mb)
Ncells 1514993 81.0    2834094 151.4  2155011 115.1
Vcells 2020815 15.5    8388608  64.0  2829899  21.6
