srun: Job 785042 step creation temporarily disabled, retrying (Requested nodes are busy)
srun: Job 785042 step creation still disabled, retrying (Requested nodes are busy)
srun: Job 785042 step creation still disabled, retrying (Requested nodes are busy)
srun: Job 785042 step creation still disabled, retrying (Requested nodes are busy)
srun: Job 785042 step creation still disabled, retrying (Requested nodes are busy)
srun: Job 785042 step creation still disabled, retrying (Requested nodes are busy)
srun: Job 785042 step creation still disabled, retrying (Requested nodes are busy)
srun: Job 785042 step creation still disabled, retrying (Requested nodes are busy)
srun: Step created for job 785042
these are the arguments: 
 - Path to a file vector study area Data/NY_HUCS/NY_Cluster_Zones_250_CROP_NAomit_6347.gpkg 
 - Cluster number (integer 1-200ish): 120 
 - Path to the DEMs in TerrainProcessed folder Data/TerrainProcessed/HUC_DEMs/ 
 - Path to save folder: Data/TerrainProcessed/HUC_Hydro/ 
terra 1.9.27
WARNING: different compile-time and run-time versions of GEOS
Compiled with:3.11.0-CAPI-1.17.0
 Running with:3.13.1-CAPI-1.19.2

You should reinstall package 'terra'

Linking to GEOS 3.13.1, GDAL 3.5.1, PROJ 8.2.0; sf_use_s2() is TRUE
WARNING: different compile-time and runtime versions for GEOS found:
Linked against: 3.13.1-CAPI-1.19.2 compiled against: 3.11.0-CAPI-1.17.0
It is probably a good idea to reinstall sf (and maybe lwgeom too)

Attaching package: ‘dplyr’

The following objects are masked from ‘package:terra’:

    intersect, union

The following objects are masked from ‘package:stats’:

    filter, lag

The following objects are masked from ‘package:base’:

    intersect, setdiff, setequal, union


Attaching package: ‘tidyr’

The following object is masked from ‘package:terra’:

    extract

[1] "/ibstorage/anthony/NYS_Wetlands_GHG/tmp//Rtmp8Th5jZ"
[1] "Data/TerrainProcessed/HUC_DEMs//cluster_120_huc_020200060407.tif"
[2] "Data/TerrainProcessed/HUC_DEMs//cluster_120_huc_020200060502.tif"
[3] "Data/TerrainProcessed/HUC_DEMs//cluster_120_huc_020200060506.tif"
[4] "Data/TerrainProcessed/HUC_DEMs//cluster_120_huc_020200060609.tif"
[5] "Data/TerrainProcessed/HUC_DEMs//cluster_120_huc_020200061101.tif"
[1] "Data/TerrainProcessed/HUC_DEM_Hydro//cluster_120_huc_020200060407_wbt.tif"
[2] "Data/TerrainProcessed/HUC_DEM_Hydro//cluster_120_huc_020200060502_wbt.tif"
[3] "Data/TerrainProcessed/HUC_DEM_Hydro//cluster_120_huc_020200060506_wbt.tif"
[4] "Data/TerrainProcessed/HUC_DEM_Hydro//cluster_120_huc_020200060609_wbt.tif"
[5] "Data/TerrainProcessed/HUC_DEM_Hydro//cluster_120_huc_020200061101_wbt.tif"
character(0)
TWI and Flow Accum. already made: Data/TerrainProcessed/HUC_Hydro/cluster_120_huc_020200060407_wbt_TWI_Facc.tif
TWI and Flow Accum. already made: Data/TerrainProcessed/HUC_Hydro/cluster_120_huc_020200060502_wbt_TWI_Facc.tif
TWI and Flow Accum. already made: Data/TerrainProcessed/HUC_Hydro/cluster_120_huc_020200060506_wbt_TWI_Facc.tif
TWI and Flow Accum. already made: Data/TerrainProcessed/HUC_Hydro/cluster_120_huc_020200060609_wbt_TWI_Facc.tif
TWI and Flow Accum. already made: Data/TerrainProcessed/HUC_Hydro/cluster_120_huc_020200061101_wbt_TWI_Facc.tif
[[1]]
NULL

[[2]]
NULL

[[3]]
NULL

[[4]]
NULL

[[5]]
NULL

          used (Mb) gc trigger (Mb) max used  (Mb)
Ncells 1499158 80.1    2788825  149  2154982 115.1
Vcells 1987215 15.2    8388608   64  2851071  21.8
