these are the arguments: 
 - Path to a file vector study area Data/NY_HUCS/NY_Cluster_Zones_250_CROP_NAomit_6347.gpkg 
 - Cluster number (integer 1-200ish): 105 
 - Path to the DEMs in TerrainProcessed folder Data/TerrainProcessed/HUC_DEMs/ 
 - Path to save folder: Data/TerrainProcessed/HUC_Hydro/ 
terra 1.9.27
Linking to GEOS 3.11.0, GDAL 3.5.2, PROJ 8.2.0; sf_use_s2() is TRUE

Attaching package: ‘dplyr’

The following objects are masked from ‘package:terra’:

    intersect, union

The following objects are masked from ‘package:stats’:

    filter, lag

The following objects are masked from ‘package:base’:

    intersect, setdiff, setequal, union


Attaching package: ‘tidyr’

The following object is masked from ‘package:terra’:

    extract

[1] "/ibstorage/anthony/NYS_Wetlands_GHG/tmp//Rtmp9RgjxO"
[1] "Data/TerrainProcessed/HUC_DEMs//cluster_105_huc_020501020501.tif"
[2] "Data/TerrainProcessed/HUC_DEMs//cluster_105_huc_020501020502.tif"
[3] "Data/TerrainProcessed/HUC_DEMs//cluster_105_huc_020501020503.tif"
[4] "Data/TerrainProcessed/HUC_DEMs//cluster_105_huc_020501020505.tif"
[5] "Data/TerrainProcessed/HUC_DEMs//cluster_105_huc_020501020506.tif"
[6] "Data/TerrainProcessed/HUC_DEMs//cluster_105_huc_020501020601.tif"
[7] "Data/TerrainProcessed/HUC_DEMs//cluster_105_huc_020501020602.tif"
[1] "Data/TerrainProcessed/HUC_DEM_Hydro//cluster_105_huc_020501020501_wbt.tif"
[2] "Data/TerrainProcessed/HUC_DEM_Hydro//cluster_105_huc_020501020502_wbt.tif"
[3] "Data/TerrainProcessed/HUC_DEM_Hydro//cluster_105_huc_020501020505_wbt.tif"
[4] "Data/TerrainProcessed/HUC_DEM_Hydro//cluster_105_huc_020501020506_wbt.tif"
[5] "Data/TerrainProcessed/HUC_DEM_Hydro//cluster_105_huc_020501020602_wbt.tif"
[1] "Data/TerrainProcessed/HUC_DEMs//cluster_105_huc_020501020503.tif"
[2] "Data/TerrainProcessed/HUC_DEMs//cluster_105_huc_020501020601.tif"
TWI and Flow Accum. already made: Data/TerrainProcessed/HUC_Hydro/cluster_105_huc_020501020501_wbt_TWI_Facc.tif
TWI and Flow Accum. already made: Data/TerrainProcessed/HUC_Hydro/cluster_105_huc_020501020502_wbt_TWI_Facc.tif
Hydro-Conditioning for /ibstorage/anthony/NYS_Wetlands_Data/Data/TerrainProcessed/HUC_DEM_Hydro/cluster_105_huc_020501020503_wbt.tif
thread 'main' panicked at whitebox-tools-app/src/tools/hydro_analysis/fill_depressions.rs:368:23:
Error unwrapping 'output'
note: run with `RUST_BACKTRACE=1` environment variable to display a backtrace

Error running WhiteboxTools (FillDepressions)
  whitebox.exe_path: '/home/ajs544/.local/share/R/whitebox/WBT/whitebox_tools'; File exists? TRUE
  Arguments: --run=FillDepressions  --dem='/ibstorage/anthony/NYS_Wetlands_Data/Data/TerrainProcessed/HUC_DEMs//cluster_105_huc_020501020503.tif' --output='/ibstorage/anthony/NYS_Wetlands_Data/Data/TerrainProcessed/HUC_DEM_Hydro/cluster_105_huc_020501020503_wbt.tif' --fix_flats -v

System command had status 101
******************************
* Welcome to FillDepressions *
* Powered by WhiteboxTools   *
* www.whiteboxgeo.com        *
******************************
Reading data...
Finding pit cells: 100%
TWI and Flow Accum. already made: Data/TerrainProcessed/HUC_Hydro/cluster_105_huc_020501020503_wbt_TWI_Facc.tif
TWI and Flow Accum. already made: Data/TerrainProcessed/HUC_Hydro/cluster_105_huc_020501020505_wbt_TWI_Facc.tif
TWI and Flow Accum. already made: Data/TerrainProcessed/HUC_Hydro/cluster_105_huc_020501020506_wbt_TWI_Facc.tif
Hydro-Conditioning for /ibstorage/anthony/NYS_Wetlands_Data/Data/TerrainProcessed/HUC_DEM_Hydro/cluster_105_huc_020501020601_wbt.tif
thread 'main' panicked at whitebox-tools-app/src/tools/hydro_analysis/fill_depressions.rs:368:23:
Error unwrapping 'output'
note: run with `RUST_BACKTRACE=1` environment variable to display a backtrace

Error running WhiteboxTools (FillDepressions)
  whitebox.exe_path: '/home/ajs544/.local/share/R/whitebox/WBT/whitebox_tools'; File exists? TRUE
  Arguments: --run=FillDepressions  --dem='/ibstorage/anthony/NYS_Wetlands_Data/Data/TerrainProcessed/HUC_DEMs//cluster_105_huc_020501020601.tif' --output='/ibstorage/anthony/NYS_Wetlands_Data/Data/TerrainProcessed/HUC_DEM_Hydro/cluster_105_huc_020501020601_wbt.tif' --fix_flats -v

System command had status 101
******************************
* Welcome to FillDepressions *
* Powered by WhiteboxTools   *
* www.whiteboxgeo.com        *
******************************
Reading data...
Finding pit cells: 100%
TWI and Flow Accum. already made: Data/TerrainProcessed/HUC_Hydro/cluster_105_huc_020501020601_wbt_TWI_Facc.tif
TWI and Flow Accum. already made: Data/TerrainProcessed/HUC_Hydro/cluster_105_huc_020501020602_wbt_TWI_Facc.tif
[[1]]
NULL

[[2]]
NULL

[[3]]
NULL

[[4]]
NULL

[[5]]
NULL

[[6]]
NULL

[[7]]
NULL

          used (Mb) gc trigger  (Mb) max used  (Mb)
Ncells 1507406 80.6    2812417 150.2  2155011 115.1
Vcells 2029244 15.5    8388608  64.0  2829935  21.6
