srun: Job 785045 step creation temporarily disabled, retrying (Requested nodes are busy)
srun: Step created for job 785045
Using libcurl 7.76.1 with OpenSSL/3.2.2
Linking to GEOS 3.13.1, GDAL 3.5.1, PROJ 8.2.0; sf_use_s2() is TRUE
WARNING: different compile-time and runtime versions for GEOS found:
Linked against: 3.13.1-CAPI-1.19.2 compiled against: 3.11.0-CAPI-1.17.0
It is probably a good idea to reinstall sf (and maybe lwgeom too)

Attaching package: ‘dplyr’

The following objects are masked from ‘package:stats’:

    filter, lag

The following objects are masked from ‘package:base’:

    intersect, setdiff, setequal, union


Attaching package: ‘lidR’

The following object is masked from ‘package:sf’:

    st_concave_hull

terra 1.9.27
WARNING: different compile-time and run-time versions of GEOS
Compiled with:3.11.0-CAPI-1.17.0
 Running with:3.13.1-CAPI-1.19.2

You should reinstall package 'terra'


Attaching package: ‘terra’

The following object is masked from ‘package:lidR’:

    watershed

=== Lidar Metrics Pipeline ===
  GPKG:        Data/NY_HUCS/NY_Cluster_Zones_250_CROP_NAomit_6347.gpkg
  Cluster:     56
  Tile Index:  Data/Lidar/NYS_Lidar_All_Indexes.gpkg
  Output:      Data/Lidar/Metrics
  Workers:     2
  HUC12s in cluster: 5

Finding overlapping tiles...
Unique full-size tiles to process: 696
Using 2 parallel workers
Using libcurl 7.76.1 with OpenSSL/3.2.2
terra 1.9.27
WARNING: different compile-time and run-time versions of GEOS
Compiled with:3.11.0-CAPI-1.17.0
 Running with:3.13.1-CAPI-1.19.2

You should reinstall package 'terra'

[2080267] Skipping (exists): 18TWL925315.las
[2080267] Skipping (exists): 18TXL075630.las
[2080267] Skipping (exists): 18TXL075495.las
[2080267] Skipping (exists): 18TWL985450.las
[2080267] Skipping (exists): 18TWL970525.las
[2080267] Skipping (exists): 18TWL955360.las
[2080267] Skipping (exists): 18TWL925525.las
[2080267] Skipping (exists): 18TXL015495.las
[2080267] Skipping (exists): 18TWL925300.las
[2080267] Skipping (exists): 18TWL910555.las
[2080267] Skipping (exists): 18TWL970570.las
[2080267] Skipping (exists): 18TXL015600.las
[2080267] Skipping (exists): 18TWL940345.las
[2080267] Skipping (exists): 18TXL000600.las
[2080267] Skipping (exists): 18TXL060615.las
[2080267] Skipping (exists): 18TXL030630.las
[2080267] Skipping (exists): 18TWL940480.las
[2080267] Skipping (exists): 18TWL985435.las
[2080267] Skipping (exists): 18TXL030525.las
[2080267] Skipping (exists): 18TXL015570.las
[2080267] Skipping (exists): 18TWL970555.las
[2080267] Skipping (exists): 18TXL045525.las
[2080267] Skipping (exists): 18TXL045570.las
[2080267] Skipping (exists): 18TWL940555.las
[2080267] Skipping (exists): 18TWL985585.las
[2080267] Skipping (exists): 18TWL970585.las
[2080267] Skipping (exists): 18TXL060645.las
[2080267] Skipping (exists): 18TWL970465.las
[2080267] Skipping (exists): 18TWL925600.las
[2080267] Skipping (exists): 18TWL955540.las
[2080267] Skipping (exists): 18TXL075585.las
[2080267] Skipping (exists): 18TXL030600.las
[2080267] Skipping (exists): 18TWL955480.las
[2080267] Skipping (exists): 18TWL925510.las
[2080267] Skipping (exists): 18TWL955390.las
[2080267] Skipping (exists): 18TWL985600.las
[2080267] Skipping (exists): 18TWL940585.las
[2080267] Skipping (exists): 18TXL045600.las
[2080267] Skipping (exists): 18TXL045645.las
[2080267] Skipping (exists): 18TXL075570.las
[2080267] Skipping (exists): 18TXL075465.las
[2080267] Skipping (exists): 18TXL045555.las
[2080267] Skipping (exists): 18TWL940540.las
[2080267] Skipping (exists): 18TWL970480.las
[2080267] Skipping (exists): 18TXL030570.las
[2080267] Skipping (exists): 18TWL985615.las
[2080267] Skipping (exists): 18TWL970405.las
[2080267] Skipping (exists): 18TXL060585.las
[2080267] Skipping (exists): 18TXL030540.las
[2080267] Skipping (exists): 18TWL925360.las
[2080267] Skipping (exists): 18TXL045630.las
[2080267] Skipping (exists): 18TXL000465.las
[2080267] Skipping (exists): 18TWL985480.las
[2080267] Skipping (exists): 18TXL000585.las
[2080267] Skipping (exists): 18TWL940570.las
[2080267] Skipping (exists): 18TWL955555.las
[2080267] Skipping (exists): 18TWL940330.las
[2080267] Skipping (exists): 18TWL970450.las
[2080267] Skipping (exists): 18TXL030615.las
[2080267] Skipping (exists): 18TWL940390.las
[2080267] Skipping (exists): 18TWL970435.las
[2080267] Skipping (exists): 18TXL060510.las
[2080267] Skipping (exists): 18TXL045660.las
[2080267] Skipping (exists): 18TXL060525.las
[2080267] Skipping (exists): 18TWL940315.las
[2080267] Skipping (exists): 18TXL060555.las
[2080267] Skipping (exists): 18TXL075525.las
[2080267] Skipping (exists): 18TWL985510.las
[2080267] Skipping (exists): 18TWL985405.las
[2080267] Skipping (exists): 18TWL940495.las
[2080267] Skipping (exists): 18TWL955345.las
[2080267] Skipping (exists): 18TXL090585.las
[2080267] Skipping (exists): 18TXL045495.las
[2080267] Skipping (exists): 18TWL970540.las
[2080267] Skipping (exists): 18TXL060480.las
[2080267] Skipping (exists): 18TWL955495.las
[2080267] Skipping (exists): 18TWL955525.las
[2080267] Skipping (exists): 18TWL955465.las
[2080267] Skipping (exists): 18TXL015510.las
[2080267] Skipping (exists): 18TWL985555.las
[2080267] Skipping (exists): 18TWL970510.las
[2080267] Skipping (exists): 18TXL030465.las
[2080267] Skipping (exists): 18TXL015525.las
[2080267] Skipping (exists): 18TXL060540.las
[2080267] Skipping (exists): 18TXL060570.las
[2080267] Skipping (exists): 18TWL925330.las
[2080267] Skipping (exists): 18TWL955510.las
[2080267] Skipping (exists): 18TXL045465.las
[2080267] Skipping (exists): 18TXL075450.las
[2080267] Skipping (exists): 18TWL925570.las
[2080267] Skipping (exists): 18TXL060465.las
[2080267] Skipping (exists): 18TWL910315.las
[2080267] Skipping (exists): 18TXL060630.las
[2080267] Skipping (exists): 18TXL000570.las
[2080267] Skipping (exists): 18TXL075555.las
[2080267] Skipping (exists): 18TXL000450.las
[2080267] Skipping (exists): 18TXL045615.las
[2080267] Skipping (exists): 18TXL000405.las
[2080267] Skipping (exists): 18TXL075600.las
[2080267] Skipping (exists): 18TXL000495.las
[2080267] Skipping (exists): 18TWL925555.las
[2080267] Skipping (exists): 18TXL030495.las
[2080267] Skipping (exists): 18TWL985570.las
[2080267] Skipping (exists): 18TWL970420.las
[2080267] Skipping (exists): 18TXL030480.las
[2080267] Skipping (exists): 18TXL015555.las
[2080267] Skipping (exists): 18TWL985465.las
[2080267] Skipping (exists): 18TWL970390.las
[2080267] Skipping (exists): 18TWL955405.las
[2080267] Skipping (exists): 18TWL985525.las
[2080267] Skipping (exists): 18TWL940360.las
[2080267] Skipping (exists): 18TWL955570.las
[2080267] Skipping (exists): 18TXL030585.las
[2080267] Skipping (exists): 18TXL000540.las
[2080267] Skipping (exists): 18TWL940375.las
[2080267] Skipping (exists): 18TWL970615.las
[2080267] Skipping (exists): 18TXL000525.las
[2080267] Skipping (exists): 18TWL910570.las
[2080267] Skipping (exists): 18TWL970495.las
[2080267] Skipping (exists): 18TXL075615.las
[2080267] Skipping (exists): 18TXL000555.las
[2080267] Skipping (exists): 18TWL985495.las
[2080267] Skipping (exists): 18TXL090615.las
[2080267] Skipping (exists): 18TXL045510.las
[2080267] Skipping (exists): 18TWL910585.las
[2080267] Skipping (exists): 18TXL045480.las
[2080267] Skipping (exists): 18TXL075510.las
[2080267] Skipping (exists): 18TWL970600.las
[2080267] Skipping (exists): 18TXL090600.las
[2080267] Skipping (exists): 18TWL955600.las
[2080267] Skipping (exists): 18TWL895570.las
[2080267] Skipping (exists): 18TXL060660.las
[2080267] Skipping (exists): 18TXL015540.las
[2080267] Skipping (exists): 18TXL030645.las
[2080267] Skipping (exists): 18TXL015585.las
[2080267] Skipping (exists): 18TWL925495.las
[2080267] Skipping (exists): 18TWL985540.las
[2080267] Skipping (exists): 18TWL955375.las
[2080267] Skipping (exists): 18TXL030510.las
[2080267] Skipping (exists): 18TWL925585.las
[2080267] Skipping (exists): 18TXL060600.las
[2080267] Skipping (exists): 18TWL925345.las
[2080267] Skipping (exists): 18TWL925540.las
[2080267] Skipping (exists): 18TWL940525.las
[2080267] Skipping (exists): 18TXL045540.las
[2080267] Skipping (exists): 18TXL090570.las
[2080267] Skipping (exists): 18TXL000420.las
[2080267] Skipping (exists): 18TWL955585.las
[2080267] Skipping (exists): 18TXL060495.las
[2080267] Skipping (exists): 18TXL030555.las
[2080267] Skipping (exists): 18TXL000480.las
[2080267] Skipping (exists): 18TXL075480.las
[2080267] Skipping (exists): 18TXL075645.las
[2080267] Skipping (exists): 18TXL000510.las
[2080267] Skipping (exists): 18TXL045585.las
[2080267] Skipping (exists): 18TWL955420.las
[2080267] Skipping (exists): 18TWL940510.las
[2080267] Skipping (exists): 18TWL985420.las
[2080267] Skipping (exists): 18TXL015480.las
[2080267] Skipping (exists): u_6045056600_2009.las
[2080267] Skipping (exists): u_6052556600_2009.las
[2080267] Skipping (exists): u_6060056600_2009.las
[2080267] Skipping (exists): u_6037556525_2009.las
[2080267] Skipping (exists): u_6045056525_2009.las
[2080267] Skipping (exists): u_6052556525_2009.las
[2080267] Skipping (exists): u_6060056525_2009.las
[2080267] Skipping (exists): u_6067556525_2009.las
[2080267] Skipping (exists): u_6075056525_2009.las
[2080267] Skipping (exists): u_6037556450_2009.las
[2080267] Skipping (exists): u_6045056450_2009.las
[2080267] Skipping (exists): u_6052556450_2009.las
[2080267] Skipping (exists): u_6060056450_2009.las
[2080267] Skipping (exists): u_6067556450_2009.las
[2080267] Skipping (exists): u_6075056450_2009.las
[2080267] Skipping (exists): u_6082556450_2009.las
[2080267] Skipping (exists): u_6037556375_2009.las
[2080267] Skipping (exists): u_6045056375_2009.las
[2080267] Skipping (exists): u_6052556375_2009.las
[2080267] Skipping (exists): u_6060056375_2009.las
[2080267] Skipping (exists): u_6067556375_2009.las
[2080267] Skipping (exists): u_6075056375_2009.las
[2080267] Skipping (exists): u_6082556375_2009.las
[2080267] Skipping (exists): u_6030056300_2009.las
[2080267] Skipping (exists): u_6037556300_2009.las
[2080267] Skipping (exists): u_6045056300_2009.las
[2080267] Skipping (exists): u_6052556300_2009.las
[2080267] Skipping (exists): u_6060056300_2009.las
[2080267] Skipping (exists): u_6067556300_2009.las
[2080267] Skipping (exists): u_6075056300_2009.las
[2080267] Skipping (exists): u_6082556300_2009.las
[2080267] Skipping (exists): u_6030056225_2009.las
[2080267] Skipping (exists): u_6037556225_2009.las
[2080267] Skipping (exists): u_6045056225_2009.las
[2080267] Skipping (exists): u_6052556225_2009.las
[2080267] Skipping (exists): u_6060056225_2009.las
[2080267] Skipping (exists): u_6067556225_2009.las
[2080267] Skipping (exists): u_6075056225_2009.las
[2080267] Skipping (exists): u_6082556225_2009.las
[2080267] Skipping (exists): u_6090056225_2009.las
[2080267] Skipping (exists): u_5977556150_2009.las
[2080267] Skipping (exists): u_5985056150_2009.las
[2080267] Skipping (exists): u_6037556150_2009.las
[2080267] Skipping (exists): u_6045056150_2009.las
[2080267] Skipping (exists): u_6052556150_2009.las
[2080267] Skipping (exists): u_6060056150_2009.las
[2080267] Skipping (exists): u_6067556150_2009.las
[2080267] Skipping (exists): u_6075056150_2009.las
[2080267] Skipping (exists): u_6082556150_2009.las
[2080267] Skipping (exists): u_6090056150_2009.las
[2080267] Skipping (exists): u_5962556075_2009.las
[2080267] Skipping (exists): u_5970056075_2009.las
[2080267] Skipping (exists): u_5977556075_2009.las
[2080267] Skipping (exists): u_5985056075_2009.las
[2080267] Skipping (exists): u_5992556075_2009.las
[2080267] Skipping (exists): u_6030056075_2009.las
[2080267] Skipping (exists): u_6037556075_2009.las
[2080267] Skipping (exists): u_6045056075_2009.las
[2080267] Skipping (exists): u_6052556075_2009.las
[2080267] Skipping (exists): u_6060056075_2009.las
[2080267] Skipping (exists): u_6067556075_2009.las
[2080267] Skipping (exists): u_6075056075_2009.las
[2080267] Skipping (exists): u_6082556075_2009.las
[2080267] Skipping (exists): u_6090056075_2009.las
[2080267] Skipping (exists): u_5955056000_2009.las
[2080267] Skipping (exists): u_5962556000_2009.las
[2080267] Skipping (exists): u_5970056000_2009.las
[2080267] Skipping (exists): u_5977556000_2009.las
[2080267] Skipping (exists): u_5985056000_2009.las
[2080267] Skipping (exists): u_5992556000_2009.las
[2080267] Skipping (exists): u_6007556000_2009.las
[2080267] Skipping (exists): u_6022556000_2009.las
[2080267] Skipping (exists): u_6030056000_2009.las
[2080267] Skipping (exists): u_6037556000_2009.las
[2080267] Skipping (exists): u_6045056000_2009.las
[2080267] Skipping (exists): u_6052556000_2009.las
[2080267] Skipping (exists): u_6060056000_2009.las
[2080267] Skipping (exists): u_6067556000_2009.las
[2080267] Skipping (exists): u_6075056000_2009.las
[2080267] Skipping (exists): u_6082556000_2009.las
[2080267] Skipping (exists): u_6090056000_2009.las
[2080267] Skipping (exists): u_6097556000_2009.las
[2080267] Skipping (exists): u_5955055925_2009.las
[2080267] Skipping (exists): u_5962555925_2009.las
[2080267] Skipping (exists): u_5970055925_2009.las
[2080267] Skipping (exists): u_5977555925_2009.las
[2080267] Skipping (exists): u_5985055925_2009.las
[2080267] Skipping (exists): u_5992555925_2009.las
[2080267] Skipping (exists): u_6000055925_2009.las
[2080267] Skipping (exists): u_6007555925_2009.las
[2080267] Skipping (exists): u_6015055925_2009.las
[2080267] Skipping (exists): u_6022555925_2009.las
[2080267] Skipping (exists): u_6030055925_2009.las
[2080267] Skipping (exists): u_6037555925_2009.las
[2080267] Skipping (exists): u_6045055925_2009.las
[2080267] Skipping (exists): u_6052555925_2009.las
[2080267] Skipping (exists): u_6060055925_2009.las
[2080267] Skipping (exists): u_6067555925_2009.las
[2080267] Skipping (exists): u_6075055925_2009.las
[2080267] Skipping (exists): u_6082555925_2009.las
[2080267] Skipping (exists): u_6090055925_2009.las
[2080267] Skipping (exists): u_5970055850_2009.las
[2080267] Skipping (exists): u_5977555850_2009.las
[2080267] Skipping (exists): u_5992555850_2009.las
[2080267] Skipping (exists): u_6000055850_2009.las
[2080267] Skipping (exists): u_6007555850_2009.las
[2080267] Skipping (exists): u_6015055850_2009.las
[2080267] Skipping (exists): u_6022555850_2009.las
[2080267] Skipping (exists): u_6030055850_2009.las
[2080267] Skipping (exists): u_6037555850_2009.las
[2080267] Skipping (exists): u_6045055850_2009.las
[2080267] Skipping (exists): u_6052555850_2009.las
[2080267] Skipping (exists): u_6060055850_2009.las
[2080267] Skipping (exists): u_6067555850_2009.las
[2080267] Skipping (exists): u_6075055850_2009.las
[2080267] Skipping (exists): u_6082555850_2009.las
[2080267] Skipping (exists): u_6090055850_2009.las
[2080267] Skipping (exists): u_6000055775_2009.las
[2080267] Skipping (exists): u_6007555775_2009.las
[2080267] Skipping (exists): u_6015055775_2009.las
[2080267] Skipping (exists): u_6022555775_2009.las
[2080267] Skipping (exists): u_6030055775_2009.las
[2080267] Skipping (exists): u_6037555775_2009.las
[2080267] Skipping (exists): u_6045055775_2009.las
[2080267] Skipping (exists): u_6052555775_2009.las
[2080267] Skipping (exists): u_6060055775_2009.las
[2080267] Skipping (exists): u_6067555775_2009.las
[2080267] Skipping (exists): u_6075055775_2009.las
[2080267] Skipping (exists): u_6082555775_2009.las
[2080267] Skipping (exists): u_6090055775_2009.las
[2080267] Skipping (exists): u_6007555700_2009.las
[2080267] Skipping (exists): u_6015055700_2009.las
[2080267] Skipping (exists): u_6022555700_2009.las
[2080267] Skipping (exists): u_6030055700_2009.las
[2080267] Skipping (exists): u_6037555700_2009.las
[2080267] Skipping (exists): u_6045055700_2009.las
[2080267] Skipping (exists): u_6052555700_2009.las
[2080267] Skipping (exists): u_6060055700_2009.las
[2080267] Skipping (exists): u_6067555700_2009.las
[2080267] Skipping (exists): u_6075055700_2009.las
[2080267] Skipping (exists): u_6082555700_2009.las
[2080267] Skipping (exists): u_6015055625_2009.las
[2080267] Skipping (exists): u_6022555625_2009.las
[2080267] Skipping (exists): u_6030055625_2009.las
[2080267] Skipping (exists): u_6037555625_2009.las
[2080267] Skipping (exists): u_6045055625_2009.las
[2080267] Skipping (exists): u_6052555625_2009.las
[2080267] Skipping (exists): u_6060055625_2009.las
[2080267] Skipping (exists): u_6067555625_2009.las
[2080267] Skipping (exists): u_6075055625_2009.las
[2080267] Skipping (exists): u_6082555625_2009.las
[2080267] Skipping (exists): u_6022555550_2009.las
[2080267] Skipping (exists): u_6030055550_2009.las
[2080267] Skipping (exists): u_6037555550_2009.las
[2080267] Skipping (exists): u_6045055550_2009.las
[2080267] Skipping (exists): u_6052555550_2009.las
[2080267] Skipping (exists): u_6060055550_2009.las
[2080267] Skipping (exists): u_6067555550_2009.las
[2080267] Skipping (exists): u_6022555475_2009.las
[2080267] Skipping (exists): u_6030055475_2009.las
[2080267] Skipping (exists): u_6037555475_2009.las
[2080267] Skipping (exists): u_6045055475_2009.las
[2080267] Skipping (exists): u_6052555475_2009.las
[2080267] Skipping (exists): u_6060055475_2009.las
[2080267] Skipping (exists): u_6022555400_2009.las
[2080267] Skipping (exists): u_6030055400_2009.las
[2080267] Skipping (exists): u_6037555400_2009.las
[2080267] Skipping (exists): u_6045055400_2009.las
[2080267] Skipping (exists): u_6052555400_2009.las
[2080267] Skipping (exists): u_6060055400_2009.las
[2080267] Skipping (exists): u_6067555400_2009.las
[2080267] Skipping (exists): u_6022555325_2009.las
[2080267] Skipping (exists): u_6030055325_2009.las
[2080267] Skipping (exists): u_6037555325_2009.las
[2080267] Skipping (exists): u_6045055325_2009.las
[2080267] Skipping (exists): u_6052555325_2009.las
[2080267] Skipping (exists): u_6060055325_2009.las
[2080267] Skipping (exists): u_6067555325_2009.las
[2080267] Skipping (exists): u_6075055325_2009.las
[2080267] Skipping (exists): u_6015055250_2009.las
[2080267] Skipping (exists): u_6022555250_2009.las
[2080267] Skipping (exists): u_6030055250_2009.las
[2080267] Skipping (exists): u_6037555250_2009.las
[2080267] Skipping (exists): u_6045055250_2009.las
[2080267] Skipping (exists): u_6052555250_2009.las
[2080267] Skipping (exists): u_6060055250_2009.las
[2080267] Skipping (exists): u_6067555250_2009.las
[2080267] Skipping (exists): u_6075055250_2009.las
[2080267] Skipping (exists): u_6015055175_2009.las
[2080267] Skipping (exists): u_6022555175_2009.las
[2080267] Skipping (exists): u_6030055175_2009.las
[2080267] Skipping (exists): u_6037555175_2009.las
[2080267] Skipping (exists): u_6045055175_2009.las
[2080267] Skipping (exists): u_6052555175_2009.las
[2080267] Skipping (exists): u_6060055175_2009.las
[2080267] Skipping (exists): u_6067555175_2009.las
[2080267] Skipping (exists): u_6075055175_2009.las
[2080267] Skipping (exists): u_6007555100_2009.las
[2080267] Skipping (exists): u_6015055100_2009.las
[2080267] Skipping (exists): u_6022555100_2009.las
[2080267] Skipping (exists): u_6030055100_2009.las
[2080267] Skipping (exists): u_6037555100_2009.las
[2080267] Skipping (exists): u_6045055100_2009.las
[2080267] Skipping (exists): u_6052555100_2009.las
[2080267] Skipping (exists): u_6060055100_2009.las
[2080267] Skipping (exists): u_6067555100_2009.las
[2080267] Skipping (exists): u_6075055100_2009.las
[2080267] Skipping (exists): u_6007555025_2009.las
[2080267] Skipping (exists): u_6015055025_2009.las
[2080267] Skipping (exists): u_6022555025_2009.las
[2080267] Skipping (exists): u_6030055025_2009.las
[2080267] Skipping (exists): u_6037555025_2009.las
[2080267] Skipping (exists): u_6045055025_2009.las
[2080267] Skipping (exists): u_6052555025_2009.las
[2080267] Skipping (exists): u_6060055025_2009.las
[2080267] Skipping (exists): u_6067555025_2009.las
[2080267] Skipping (exists): u_6007554950_2009.las
[2080267] Skipping (exists): u_6015054950_2009.las
[2080267] Skipping (exists): u_6022554950_2009.las
[2080267] Skipping (exists): u_6030054950_2009.las
[2080267] Skipping (exists): u_6037554950_2009.las
[2080267] Skipping (exists): u_6045054950_2009.las
[2080267] Skipping (exists): u_6052554950_2009.las
[2080267] Skipping (exists): u_6060054950_2009.las
[2080267] Skipping (exists): u_6067554950_2009.las
[2080267] Skipping (exists): u_6075054950_2009.las
[2080267] Skipping (exists): u_6007554875_2009.las
[2080267] Skipping (exists): u_6015054875_2009.las
[2080267] Skipping (exists): u_6022554875_2009.las
[2080267] Skipping (exists): u_6030054875_2009.las
[2080267] Skipping (exists): u_6037554875_2009.las
[2080267] Skipping (exists): u_6045054875_2009.las
[2080267] Skipping (exists): u_6052554875_2009.las
[2080267] Skipping (exists): u_6060054875_2009.las
[2080267] Skipping (exists): u_6067554875_2009.las
[2080267] Skipping (exists): u_6075054875_2009.las
[2080267] Skipping (exists): u_6007554800_2009.las
[2080267] Skipping (exists): u_6022554800_2009.las
[2080267] Skipping (exists): u_6030054800_2009.las
[2080267] Skipping (exists): u_6037554800_2009.las
[2080267] Skipping (exists): u_6045054800_2009.las
[2080267] Skipping (exists): u_6052554800_2009.las
[2080267] Skipping (exists): u_6060054800_2009.las
[2080267] Skipping (exists): u_6067554800_2009.las
[2080267] Skipping (exists): u_6075054800_2009.las
[2080267] Skipping (exists): u_6082554800_2009.las
[2080267] Skipping (exists): u_6030054725_2009.las
[2080267] Skipping (exists): u_6037554725_2009.las
[2080267] Skipping (exists): u_6045054725_2009.las
[2080267] Skipping (exists): u_6052554725_2009.las
[2080267] Skipping (exists): u_6060054725_2009.las
[2080267] Skipping (exists): u_6067554725_2009.las
[2080267] Skipping (exists): u_6075054725_2009.las
[2080267] Skipping (exists): u_6082554725_2009.las
[2080267] Skipping (exists): u_6037554650_2009.las
[2080267] Skipping (exists): u_6045054650_2009.las
[2080267] Skipping (exists): u_6060054650_2009.las
[2080267] Skipping (exists): u_6067554650_2009.las
[2080267] Skipping (exists): u_6075054650_2009.las
[2080267] Skipping (exists): u_6075054575_2009.las
[2080267] Skipping (exists): u_5932556075_2009.las
[2080267] Skipping (exists): u_5925056000_2009.las
[2080267] Skipping (exists): u_5932556000_2009.las
[2080267] Skipping (exists): u_5917555925_2009.las
[2080267] Skipping (exists): u_5925055925_2009.las
[2080267] Skipping (exists): u_5932555925_2009.las
[2080267] Skipping (exists): u_5940055925_2009.las
[2080267] Skipping (exists): u_5947555925_2009.las
[2080267] Skipping (exists): u_5917555850_2009.las
[2080267] Skipping (exists): u_5925055850_2009.las
[2080267] Skipping (exists): u_5932555850_2009.las
[2080267] Skipping (exists): u_5940055850_2009.las
[2080267] Skipping (exists): u_5947555850_2009.las
[2080267] Skipping (exists): u_5955055850_2009.las
[2080267] Skipping (exists): u_5962555850_2009.las
[2080267] Skipping (exists): u_5985055850_2009.las
[2080267] Skipping (exists): u_5917555775_2009.las
[2080267] Skipping (exists): u_5925055775_2009.las
[2080267] Skipping (exists): u_5932555775_2009.las
[2080267] Skipping (exists): u_5940055775_2009.las
[2080267] Skipping (exists): u_5947555775_2009.las
[2080267] Skipping (exists): u_5955055775_2009.las
[2080267] Skipping (exists): u_5962555775_2009.las
[2080267] Skipping (exists): u_5970055775_2009.las
[2080267] Skipping (exists): u_5977555775_2009.las
[2080267] Skipping (exists): u_5985055775_2009.las
[2080267] Skipping (exists): u_5992555775_2009.las
[2080267] Skipping (exists): u_5940055700_2009.las
[2080267] Skipping (exists): u_5947555700_2009.las
[2080267] Skipping (exists): u_5955055700_2009.las
[2080267] Skipping (exists): u_5962555700_2009.las
[2080267] Skipping (exists): u_5970055700_2009.las
[2080267] Skipping (exists): u_5977555700_2009.las
[2080267] Skipping (exists): u_5985055700_2009.las
[2080267] Skipping (exists): u_5992555700_2009.las
[2080267] Skipping (exists): u_6000055700_2009.las
[2080267] Skipping (exists): u_5940055625_2009.las
[2080267] Skipping (exists): u_5947555625_2009.las
[2080267] Skipping (exists): u_5955055625_2009.las
[2080267] Skipping (exists): u_5962555625_2009.las
[2080267] Skipping (exists): u_5970055625_2009.las
[2080267] Skipping (exists): u_5977555625_2009.las
[2080267] Skipping (exists): u_5985055625_2009.las
[2080267] Skipping (exists): u_5992555625_2009.las
[2080267] Skipping (exists): u_6000055625_2009.las
[2080267] Skipping (exists): u_6007555625_2009.las
[2080267] Skipping (exists): u_5940055550_2009.las
[2080267] Skipping (exists): u_5947555550_2009.las
[2080267] Skipping (exists): u_5955055550_2009.las
[2080267] Skipping (exists): u_5962555550_2009.las
[2080267] Skipping (exists): u_5970055550_2009.las
[2080267] Skipping (exists): u_5977555550_2009.las
[2080267] Skipping (exists): u_5985055550_2009.las
[2080267] Skipping (exists): u_5992555550_2009.las
[2080267] Skipping (exists): u_6000055550_2009.las
[2080267] Skipping (exists): u_6007555550_2009.las
[2080267] Skipping (exists): u_6015055550_2009.las
[2080267] Skipping (exists): u_5947555475_2009.las
[2080267] Skipping (exists): u_5955055475_2009.las
[2080267] Skipping (exists): u_5962555475_2009.las
[2080267] Skipping (exists): u_5970055475_2009.las
[2080267] Skipping (exists): u_5977555475_2009.las
[2080267] Skipping (exists): u_5985055475_2009.las
[2080267] Skipping (exists): u_5992555475_2009.las
[2080267] Skipping (exists): u_6000055475_2009.las
[2080267] Skipping (exists): u_6007555475_2009.las
[2080267] Skipping (exists): u_6015055475_2009.las
[2080267] Skipping (exists): u_5947555400_2009.las
[2080267] Skipping (exists): u_5955055400_2009.las
[2080267] Skipping (exists): u_5962555400_2009.las
[2080267] Skipping (exists): u_5970055400_2009.las
[2080267] Skipping (exists): u_5977555400_2009.las
[2080267] Skipping (exists): u_5985055400_2009.las
[2080267] Skipping (exists): u_5992555400_2009.las
[2080267] Skipping (exists): u_6000055400_2009.las
[2080267] Skipping (exists): u_6007555400_2009.las
[2080267] Skipping (exists): u_6015055400_2009.las
[2080267] Skipping (exists): u_5947555325_2009.las
[2080267] Skipping (exists): u_5955055325_2009.las
[2080267] Skipping (exists): u_5962555325_2009.las
[2080267] Skipping (exists): u_5970055325_2009.las
[2080267] Skipping (exists): u_5977555325_2009.las
[2080267] Skipping (exists): u_5985055325_2009.las
[2080267] Skipping (exists): u_5992555325_2009.las
[2080267] Skipping (exists): u_6000055325_2009.las
[2080267] Skipping (exists): u_6007555325_2009.las
[2080267] Skipping (exists): u_6015055325_2009.las
[2080267] Skipping (exists): u_5947555250_2009.las
[2080267] Skipping (exists): u_5955055250_2009.las
[2080267] Skipping (exists): u_5962555250_2009.las
[2080267] Skipping (exists): u_5970055250_2009.las
[2080267] Skipping (exists): u_5977555250_2009.las
[2080267] Skipping (exists): u_5985055250_2009.las
[2080267] Skipping (exists): u_5992555250_2009.las
[2080267] Skipping (exists): u_6000055250_2009.las
[2080267] Skipping (exists): u_6007555250_2009.las
[2080267] Skipping (exists): u_5947555175_2009.las
[2080267] Skipping (exists): u_5955055175_2009.las
[2080267] Skipping (exists): u_5962555175_2009.las
[2080267] Skipping (exists): u_5970055175_2009.las
[2080267] Skipping (exists): u_5977555175_2009.las
[2080267] Skipping (exists): u_5985055175_2009.las
[2080267] Skipping (exists): u_5992555175_2009.las
[2080267] Skipping (exists): u_6000055175_2009.las
[2080267] Skipping (exists): u_6007555175_2009.las
[2080267] Skipping (exists): u_5947555100_2009.las
[2080267] Skipping (exists): u_5955055100_2009.las
[2080267] Skipping (exists): u_5962555100_2009.las
[2080267] Skipping (exists): u_5970055100_2009.las
[2080267] Skipping (exists): u_5977555100_2009.las
[2080267] Skipping (exists): u_5985055100_2009.las
[2080267] Skipping (exists): u_5992555100_2009.las
[2080267] Skipping (exists): u_6000055100_2009.las
[2080267] Skipping (exists): u_5947555025_2009.las
[2080267] Skipping (exists): u_5955055025_2009.las
[2080267] Skipping (exists): u_5962555025_2009.las
[2080267] Skipping (exists): u_5970055025_2009.las
[2080267] Skipping (exists): u_5977555025_2009.las
[2080267] Skipping (exists): u_5985055025_2009.las
[2080267] Skipping (exists): u_5992555025_2009.las
[2080267] Skipping (exists): u_6000055025_2009.las
[2080267] Skipping (exists): u_5947554950_2009.las
[2080267] Skipping (exists): u_5955054950_2009.las
[2080267] Skipping (exists): u_5962554950_2009.las
[2080267] Skipping (exists): u_5970054950_2009.las
[2080267] Skipping (exists): u_5977554950_2009.las
[2080267] Skipping (exists): u_5985054950_2009.las
[2080267] Skipping (exists): u_5992554950_2009.las
[2080267] Skipping (exists): u_6000054950_2009.las
[2080267] Skipping (exists): u_5947554875_2009.las
[2080267] Skipping (exists): u_5955054875_2009.las
[2080267] Skipping (exists): u_5962554875_2009.las
[2080267] Skipping (exists): u_5970054875_2009.las
[2080267] Skipping (exists): u_5977554875_2009.las
[2080267] Skipping (exists): u_5985054875_2009.las
[2080267] Skipping (exists): u_5992554875_2009.las
[2080267] Skipping (exists): u_6000054875_2009.las
[2080267] Skipping (exists): u_5962554800_2009.las
[2080267] Skipping (exists): u_5970054800_2009.las
[2080267] Skipping (exists): u_5977554800_2009.las
[2080267] Skipping (exists): u_5985054800_2009.las
[2080267] Skipping (exists): u_5992554800_2009.las
[2080267] Skipping (exists): u_6000054800_2009.las
[2080267] Skipping (exists): u_5962554725_2009.las
[2080267] Skipping (exists): u_5970054725_2009.las
[2080267] Skipping (exists): u_5977554725_2009.las
[2080267] Skipping (exists): u_5985054725_2009.las
[2080267] Skipping (exists): u_5992554725_2009.las
[2080267] Skipping (exists): u_6000054725_2009.las
[2080267] Skipping (exists): u_6007554725_2009.las
[2080267] Skipping (exists): u_5970054650_2009.las
[2080267] Skipping (exists): u_5977554650_2009.las
[2080267] Skipping (exists): u_5985054650_2009.las
[2080267] Skipping (exists): u_5992554650_2009.las
[2080267] Skipping (exists): u_6000054650_2009.las
[2080267] Skipping (exists): u_6007554650_2009.las
[2080267] Skipping (exists): u_5985054575_2009.las
[2080267] Skipping (exists): u_5992554575_2009.las
[2080267] Skipping (exists): u_6000054575_2009.las
[2080267] Skipping (exists): u_6007554575_2009.las
[2080267] Skipping (exists): u_5977554500_2009.las
[2080267] Skipping (exists): u_5985054500_2009.las
[2080267] Skipping (exists): u_5992554500_2009.las
[2080267] Skipping (exists): u_6000054500_2009.las
[2080267] Skipping (exists): u_5970054425_2009.las
[2080267] Skipping (exists): u_5977554425_2009.las
[2080267] Skipping (exists): u_5985054425_2009.las
[2080267] Skipping (exists): u_5992554425_2009.las
[2080267] Skipping (exists): u_5970054350_2009.las
[2080267] Skipping (exists): u_5977554350_2009.las
[2080267] Skipping (exists): u_5985054350_2009.las
[2080267] Skipping (exists): u_5992554350_2009.las
[2080267] Skipping (exists): u_5962554275_2009.las
[2080267] Skipping (exists): u_5970054275_2009.las
[2080267] Skipping (exists): u_5977554275_2009.las
[2080267] Skipping (exists): u_5985054275_2009.las
[2080267] Skipping (exists): u_5992554275_2009.las
[2080267] Skipping (exists): u_6000054275_2009.las
[2080267] Skipping (exists): u_5962554200_2009.las
[2080267] Skipping (exists): u_5970054200_2009.las
[2080267] Skipping (exists): u_5977554200_2009.las
[2080267] Skipping (exists): u_5985054200_2009.las
[2080267] Skipping (exists): u_5992554200_2009.las
[2080267] Skipping (exists): u_6000054200_2009.las
[2080267] Skipping (exists): u_5955054125_2009.las
[2080267] Skipping (exists): u_5962554125_2009.las
[2080267] Skipping (exists): u_5970054125_2009.las
[2080267] Skipping (exists): u_5977554125_2009.las
[2080267] Skipping (exists): u_5992554125_2009.las
[2080267] Skipping (exists): u_6000054125_2009.las
[2080267] Skipping (exists): u_5955054050_2009.las
[2080267] Skipping (exists): u_5962554050_2009.las
[2080267] Skipping (exists): u_5970054050_2009.las
[2080267] Skipping (exists): u_5977554050_2009.las
[2080267] Skipping (exists): u_5955053975_2009.las
[2080267] Skipping (exists): u_5962553975_2009.las
[2080267] Skipping (exists): u_5970053975_2009.las
[2080267] Skipping (exists): u_5947553900_2009.las
[2080267] Skipping (exists): u_5955053900_2009.las
[2080267] Skipping (exists): u_5962553900_2009.las
[2080267] Skipping (exists): u_5970053900_2009.las
[2080267] Skipping (exists): u_5940053825_2009.las
[2080267] Skipping (exists): u_5947553825_2009.las
[2080267] Skipping (exists): u_5955053825_2009.las
[2080267] Skipping (exists): u_5962553825_2009.las
[2080267] Skipping (exists): u_5940053750_2009.las
[2080267] Skipping (exists): u_5947553750_2009.las
[2080267] Skipping (exists): u_5955053750_2009.las
[2080267] Skipping (exists): u_5940053675_2009.las
[2080267] Skipping (exists): u_5947553675_2009.las
[2080267] Skipping (exists): u_5955053675_2009.las
[2080267] Skipping (exists): u_5932553600_2009.las
[2080267] Skipping (exists): u_5940053600_2009.las
[2080267] Skipping (exists): u_5947553600_2009.las
[2080267] Skipping (exists): u_5955053600_2009.las
[2080267] Skipping (exists): u_5932553525_2009.las
[2080267] Skipping (exists): u_5940053525_2009.las
[2080267] Skipping (exists): u_5947553525_2009.las
[2080267] Skipping (exists): u_5955053525_2009.las
[2080267] Skipping (exists): u_5932553450_2009.las
[2080267] Skipping (exists): u_5940053450_2009.las
[2080267] Skipping (exists): u_5947553450_2009.las
[2080267] Skipping (exists): u_5955053450_2009.las
[2080267] Skipping (exists): u_5932553375_2009.las
[2080267] Skipping (exists): u_5940053375_2009.las
[2080267] Skipping (exists): u_5947553375_2009.las
[2080267] Skipping (exists): u_5932553300_2009.las
[2080267] Skipping (exists): u_5940053300_2009.las
[2080267] Skipping (exists): u_5947553300_2009.las
[2080267] Skipping (exists): u_5917553225_2009.las
[2080267] Skipping (exists): u_5925053225_2009.las
[2080267] Skipping (exists): u_5932553225_2009.las
[2080267] Skipping (exists): u_5940053225_2009.las
[2080267] Skipping (exists): u_5947553225_2009.las
[2080267] Skipping (exists): u_5917553150_2009.las
[2080267] Skipping (exists): u_5925053150_2009.las
[2080267] Skipping (exists): u_5932553150_2009.las
[2080267] Skipping (exists): u_5940053150_2009.las
[2080267] Skipping (exists): u_5925053075_2009.las
[2080267] Skipping (exists): u_5932553075_2009.las
[2080267] Skipping (exists): u_5910055850_2022.las
[2080267] Skipping (exists): u_5895055700_2022.las
[2080267] Skipping (exists): u_5910055700_2022.las
[2080267] Skipping (exists): u_5895055550_2022.las
[2080267] Skipping (exists): u_5910055550_2022.las
[2080267] Downloading: u_5925055550_2022.las
[2080267] Computing metrics: u_5925055550_2022.las
[2080267] Skipping (exists): u_5910055400_2022.las
[2080267] Downloading: u_5925055400_2022.las
[2080267] Computing metrics: u_5925055400_2022.las
[2080267] Skipping (exists): u_5895055250_2022.las
[2080267] Skipping (exists): u_5910055250_2022.las
[2080267] Downloading: u_5925055250_2022.las
[2080267] Computing metrics: u_5925055250_2022.las
[2080267] Skipping (exists): u_5880055100_2022.las
[2080267] Skipping (exists): u_5895055100_2022.las
[2080267] Skipping (exists): u_5910055100_2022.las
[2080267] Downloading: u_5925055100_2022.las
[2080267] Computing metrics: u_5925055100_2022.las
[2080267] Skipping (exists): u_5895054950_2022.las
[2080267] Skipping (exists): u_5910054950_2022.las
[2080267] Downloading: u_5925054950_2022.las
[2080267] Computing metrics: u_5925054950_2022.las
[2080267] Skipping (exists): 18_05884551.las
[2080267] Skipping (exists): 18_05904557.las
[2080267] Skipping (exists): 18_05904556.las
[2080267] Skipping (exists): 18_05904552.las
[2080267] Skipping (exists): 18_05904551.las
[2080267] Skipping (exists): 18_05904550.las
[2080267] Skipping (exists): 18_05914557.las
[2080267] Skipping (exists): 18_05914556.las
[2080267] Skipping (exists): 18_05914554.las
[2080267] Skipping (exists): 18_05914552.las
[2080267] Skipping (exists): 18_05914551.las
[2080267] Skipping (exists): 18_05914550.las
[2080267] Skipping (exists): 18_06064551.las
[2080267] Skipping (exists): 18_06064550.las
[2080267] Skipping (exists): 18_06064548.las
[2080267] Skipping (exists): 18_06084551.las
[2080267] Skipping (exists): 18_06084550.las
[2080267] Skipping (exists): 18_06084548.las
[2080267] Skipping (exists): 18_06084546.las
Warning messages:
1: In value[[3L]](cond) :
  Failed to process u_5925055550_2022.las: No ground points found. Impossible to compute a DTM.
2: In value[[3L]](cond) :
  Failed to process u_5925055400_2022.las: No ground points found. Impossible to compute a DTM.
3: In value[[3L]](cond) :
  Failed to process u_5925055250_2022.las: No ground points found. Impossible to compute a DTM.
4: In value[[3L]](cond) :
  Failed to process u_5925055100_2022.las: No ground points found. Impossible to compute a DTM.
5: In value[[3L]](cond) :
  Failed to process u_5925054950_2022.las: No ground points found. Impossible to compute a DTM.

=== Done. 691/696 tiles processed. Metrics written to: Data/Lidar/Metrics ===
                                                                                                                                                                                                                                                                                                                                                                                                                          used (Mb) gc trigger  (Mb) max used  (Mb)
Ncells 1837584 98.2    6020350 321.6  6020350 321.6
Vcells 2877920 22.0   14521049 110.8 15539140 118.6
