srun: Job 785067 step creation temporarily disabled, retrying (Requested nodes are busy)
srun: Step created for job 785067
Using libcurl 7.76.1 with OpenSSL/3.2.2
Linking to GEOS 3.13.1, GDAL 3.5.1, PROJ 8.2.0; sf_use_s2() is TRUE
WARNING: different compile-time and runtime versions for GEOS found:
Linked against: 3.13.1-CAPI-1.19.2 compiled against: 3.11.0-CAPI-1.17.0
It is probably a good idea to reinstall sf (and maybe lwgeom too)

Attaching package: ‘dplyr’

The following objects are masked from ‘package:stats’:

    filter, lag

The following objects are masked from ‘package:base’:

    intersect, setdiff, setequal, union


Attaching package: ‘lidR’

The following object is masked from ‘package:sf’:

    st_concave_hull

terra 1.9.27
WARNING: different compile-time and run-time versions of GEOS
Compiled with:3.11.0-CAPI-1.17.0
 Running with:3.13.1-CAPI-1.19.2

You should reinstall package 'terra'


Attaching package: ‘terra’

The following object is masked from ‘package:lidR’:

    watershed

=== Lidar Metrics Pipeline ===
  GPKG:        Data/NY_HUCS/NY_Cluster_Zones_250_CROP_NAomit_6347.gpkg
  Cluster:     102
  Tile Index:  Data/Lidar/NYS_Lidar_All_Indexes.gpkg
  Output:      Data/Lidar/Metrics
  Workers:     2
  HUC12s in cluster: 8

Finding overlapping tiles...
Unique full-size tiles to process: 715
Using 2 parallel workers
Using libcurl 7.76.1 with OpenSSL/3.2.2
terra 1.9.27
WARNING: different compile-time and run-time versions of GEOS
Compiled with:3.11.0-CAPI-1.17.0
 Running with:3.13.1-CAPI-1.19.2

You should reinstall package 'terra'

[1733982] Skipping (exists): 18TVN650895.las
[1733982] Skipping (exists): 18TVP650000.las
[1733982] Skipping (exists): 18TVN680940.las
[1733982] Skipping (exists): 18TVN830835.las
[1733982] Skipping (exists): 18TVP755000.las
[1733982] Skipping (exists): 18TVN860910.las
[1733982] Skipping (exists): 18TVN665895.las
[1733982] Skipping (exists): 18TVN650970.las
[1733982] Skipping (exists): 18TVN800850.las
[1733982] Skipping (exists): 18TVN680985.las
[1733982] Skipping (exists): 18TVN845880.las
[1733982] Skipping (exists): 18TVP755045.las
[1733982] Skipping (exists): 18TVN755835.las
[1733982] Skipping (exists): 18TVP620000.las
[1733982] Skipping (exists): 18TVN860880.las
[1733982] Skipping (exists): 18TVN785895.las
[1733982] Skipping (exists): 18TVN815895.las
[1733982] Skipping (exists): 18TVP770045.las
[1733982] Skipping (exists): 18TVN800985.las
[1733982] Skipping (exists): 18TVN680865.las
[1733982] Skipping (exists): 18TVN665835.las
[1733982] Skipping (exists): 18TVN650835.las
[1733982] Skipping (exists): 18TVP710000.las
[1733982] Skipping (exists): 18TVN740910.las
[1733982] Skipping (exists): 18TVN620955.las
[1733982] Skipping (exists): 18TVN830820.las
[1733982] Skipping (exists): 18TVN620835.las
[1733982] Skipping (exists): 18TVN770955.las
[1733982] Skipping (exists): 18TVN800835.las
[1733982] Skipping (exists): 18TVN620925.las
[1733982] Skipping (exists): 18TVN890955.las
[1733982] Skipping (exists): 18TVN650910.las
[1733982] Skipping (exists): 18TVN650955.las
[1733982] Skipping (exists): 18TVN605955.las
[1733982] Skipping (exists): 18TVP635075.las
[1733982] Skipping (exists): 18TVP635030.las
[1733982] Skipping (exists): 18TVN650850.las
[1733982] Skipping (exists): 18TVN680970.las
[1733982] Skipping (exists): 18TVN830910.las
[1733982] Skipping (exists): 18TVN755985.las
[1733982] Skipping (exists): 18TVN725895.las
[1733982] Skipping (exists): 18TVP830015.las
[1733982] Skipping (exists): 18TVN860940.las
[1733982] Skipping (exists): 18TVN800820.las
[1733982] Skipping (exists): 18TVN755850.las
[1733982] Skipping (exists): 18TVN740880.las
[1733982] Skipping (exists): 18TVN620820.las
[1733982] Skipping (exists): 18TVN875955.las
[1733982] Skipping (exists): 18TVN770850.las
[1733982] Skipping (exists): 18TVN620895.las
[1733982] Skipping (exists): 18TVN635835.las
[1733982] Skipping (exists): 18TVP635015.las
[1733982] Skipping (exists): 18TVN830955.las
[1733982] Skipping (exists): 18TVN680820.las
[1733982] Skipping (exists): 18TVP740000.las
[1733982] Skipping (exists): 18TVN845910.las
[1733982] Skipping (exists): 18TVN665955.las
[1733982] Skipping (exists): 18TVN785925.las
[1733982] Skipping (exists): 18TVP815030.las
[1733982] Skipping (exists): 18TVN740790.las
[1733982] Skipping (exists): 18TVN755910.las
[1733982] Skipping (exists): 18TVN710940.las
[1733982] Skipping (exists): 18TVN875865.las
[1733982] Skipping (exists): 18TVP740015.las
[1733982] Skipping (exists): 18TVP785015.las
[1733982] Skipping (exists): 18TVN740820.las
[1733982] Skipping (exists): 18TVN800925.las
[1733982] Skipping (exists): 18TVP830030.las
[1733982] Skipping (exists): 18TVN740865.las
[1733982] Skipping (exists): 18TVN860895.las
[1733982] Skipping (exists): 18TVN860985.las
[1733982] Skipping (exists): 18TVP815045.las
[1733982] Skipping (exists): 18TVN815850.las
[1733982] Skipping (exists): 18TVN695865.las
[1733982] Skipping (exists): 18TVP605015.las
[1733982] Skipping (exists): 18TVN830895.las
[1733982] Skipping (exists): 18TVN770910.las
[1733982] Skipping (exists): 18TVP665030.las
[1733982] Skipping (exists): 18TVN830850.las
[1733982] Skipping (exists): 18TVN710835.las
[1733982] Skipping (exists): 18TVP710030.las
[1733982] Skipping (exists): 18TVP695000.las
[1733982] Skipping (exists): 18TVP665045.las
[1733982] Skipping (exists): 18TVN800955.las
[1733982] Skipping (exists): 18TVP770015.las
[1733982] Skipping (exists): 18TVN785865.las
[1733982] Skipping (exists): 18TVN725880.las
[1733982] Skipping (exists): 18TVN680850.las
[1733982] Skipping (exists): 18TVP740045.las
[1733982] Skipping (exists): 18TVP800045.las
[1733982] Skipping (exists): 18TVN665970.las
[1733982] Skipping (exists): 18TVN845985.las
[1733982] Skipping (exists): 18TVN710970.las
[1733982] Skipping (exists): 18TVN890970.las
[1733982] Skipping (exists): 18TVP830000.las
[1733982] Skipping (exists): 18TVN815820.las
[1733982] Skipping (exists): 18TVN755970.las
[1733982] Skipping (exists): 18TVN785985.las
[1733982] Skipping (exists): 18TVP785045.las
[1733982] Skipping (exists): 18TVN680835.las
[1733982] Skipping (exists): 18TVN620910.las
[1733982] Skipping (exists): 18TVN875925.las
[1733982] Skipping (exists): 18TVN755940.las
[1733982] Skipping (exists): 18TVP665015.las
[1733982] Skipping (exists): 18TVN695985.las
[1733982] Skipping (exists): 18TVP695030.las
[1733982] Skipping (exists): 18TVP725000.las
[1733982] Skipping (exists): 18TVP650015.las
[1733982] Skipping (exists): 18TVP740030.las
[1733982] Skipping (exists): 18TVN665910.las
[1733982] Skipping (exists): 18TVN710850.las
[1733982] Skipping (exists): 18TVN845955.las
[1733982] Skipping (exists): 18TVN755865.las
[1733982] Skipping (exists): 18TVP710015.las
[1733982] Skipping (exists): 18TVN785850.las
[1733982] Skipping (exists): 18TVN815805.las
[1733982] Skipping (exists): 18TVN800805.las
[1733982] Skipping (exists): 18TVN755820.las
[1733982] Skipping (exists): 18TVN695820.las
[1733982] Skipping (exists): 18TVN725970.las
[1733982] Skipping (exists): 18TVN740835.las
[1733982] Skipping (exists): 18TVN845925.las
[1733982] Skipping (exists): 18TVP785030.las
[1733982] Skipping (exists): 18TVP770000.las
[1733982] Skipping (exists): 18TVN665985.las
[1733982] Skipping (exists): 18TVN650985.las
[1733982] Skipping (exists): 18TVN770985.las
[1733982] Skipping (exists): 18TVN755805.las
[1733982] Skipping (exists): 18TVN800865.las
[1733982] Skipping (exists): 18TVN620985.las
[1733982] Skipping (exists): 18TVN635895.las
[1733982] Skipping (exists): 18TVN770925.las
[1733982] Skipping (exists): 18TVP755015.las
[1733982] Skipping (exists): 18TVN635970.las
[1733982] Skipping (exists): 18TVN740985.las
[1733982] Skipping (exists): 18TVP800000.las
[1733982] Skipping (exists): 18TVN635940.las
[1733982] Skipping (exists): 18TVN605985.las
[1733982] Skipping (exists): 18TVN875940.las
[1733982] Skipping (exists): 18TVP740060.las
[1733982] Skipping (exists): 18TVN845970.las
[1733982] Skipping (exists): 18TVN770895.las
[1733982] Skipping (exists): 18TVN800940.las
[1733982] Skipping (exists): 18TVN590970.las
[1733982] Skipping (exists): 18TVN875850.las
[1733982] Skipping (exists): 18TVP785000.las
[1733982] Skipping (exists): 18TVN710955.las
[1733982] Skipping (exists): 18TVP650060.las
[1733982] Skipping (exists): 18TVN770970.las
[1733982] Skipping (exists): 18TVN755925.las
[1733982] Skipping (exists): 18TVN635880.las
[1733982] Skipping (exists): 18TVN620880.las
[1733982] Skipping (exists): 18TVN680955.las
[1733982] Skipping (exists): 18TVN605970.las
[1733982] Skipping (exists): 18TVN590925.las
[1733982] Skipping (exists): 18TVN845940.las
[1733982] Skipping (exists): 18TVN635985.las
[1733982] Skipping (exists): 18TVN680895.las
[1733982] Skipping (exists): 18TVN845895.las
[1733982] Skipping (exists): 18TVN830940.las
[1733982] Skipping (exists): 18TVN755880.las
[1733982] Skipping (exists): 18TVN815985.las
[1733982] Skipping (exists): 18TVN785940.las
[1733982] Skipping (exists): 18TVN875910.las
[1733982] Skipping (exists): 18TVN695970.las
[1733982] Skipping (exists): 18TVN785955.las
[1733982] Skipping (exists): 18TVN650925.las
[1733982] Skipping (exists): 18TVN800910.las
[1733982] Skipping (exists): 18TVN710820.las
[1733982] Skipping (exists): 18TVN815925.las
[1733982] Skipping (exists): 18TVN860955.las
[1733982] Skipping (exists): 18TVN845850.las
[1733982] Skipping (exists): 18TVN725820.las
[1733982] Skipping (exists): 18TVN830925.las
[1733982] Skipping (exists): 18TVN860865.las
[1733982] Skipping (exists): 18TVP650030.las
[1733982] Skipping (exists): 18TVP635000.las
[1733982] Skipping (exists): 18TVN695895.las
[1733982] Skipping (exists): 18TVN635910.las
[1733982] Skipping (exists): 18TVN740850.las
[1733982] Skipping (exists): 18TVN695850.las
[1733982] Skipping (exists): 18TVP605030.las
[1733982] Skipping (exists): 18TVN770940.las
[1733982] Skipping (exists): 18TVN635925.las
[1733982] Skipping (exists): 18TVP860015.las
[1733982] Skipping (exists): 18TVN695910.las
[1733982] Skipping (exists): 18TVN755790.las
[1733982] Skipping (exists): 18TVP695015.las
[1733982] Skipping (exists): 18TVN710910.las
[1733982] Skipping (exists): 18TVN785880.las
[1733982] Skipping (exists): 18TVN725925.las
[1733982] Skipping (exists): 18TVP620045.las
[1733982] Skipping (exists): 18TVN665850.las
[1733982] Skipping (exists): 18TVN650820.las
[1733982] Skipping (exists): 18TVN665880.las
[1733982] Skipping (exists): 18TVN815835.las
[1733982] Skipping (exists): 18TVN860925.las
[1733982] Skipping (exists): 18TVN815880.las
[1733982] Skipping (exists): 18TVN590940.las
[1733982] Skipping (exists): 18TVN770880.las
[1733982] Skipping (exists): 18TVN605925.las
[1733982] Skipping (exists): 18TVN725940.las
[1733982] Skipping (exists): 18TVN710895.las
[1733982] Skipping (exists): 18TVN800880.las
[1733982] Skipping (exists): 18TVN725805.las
[1733982] Skipping (exists): 18TVN725865.las
[1733982] Skipping (exists): 18TVP800015.las
[1733982] Skipping (exists): 18TVN635865.las
[1733982] Skipping (exists): 18TVN770835.las
[1733982] Skipping (exists): 18TVN590955.las
[1733982] Skipping (exists): 18TVN635955.las
[1733982] Skipping (exists): 18TVN755895.las
[1733982] Skipping (exists): 18TVN740805.las
[1733982] Skipping (exists): 18TVN710805.las
[1733982] Skipping (exists): 18TVP725015.las
[1733982] Skipping (exists): 18TVN695940.las
[1733982] Skipping (exists): 18TVN875985.las
[1733982] Skipping (exists): 18TVN650940.las
[1733982] Skipping (exists): 18TVN650865.las
[1733982] Skipping (exists): 18TVN620940.las
[1733982] Skipping (exists): 18TVN875880.las
[1733982] Skipping (exists): 18TVP650075.las
[1733982] Skipping (exists): 18TVN830970.las
[1733982] Skipping (exists): 18TVP620015.las
[1733982] Skipping (exists): 18TVN725955.las
[1733982] Skipping (exists): 18TVN740925.las
[1733982] Skipping (exists): 18TVN815955.las
[1733982] Skipping (exists): 18TVN830985.las
[1733982] Skipping (exists): 18TVN695880.las
[1733982] Skipping (exists): 18TVN620970.las
[1733982] Skipping (exists): 18TVN800970.las
[1733982] Skipping (exists): 18TVN710925.las
[1733982] Skipping (exists): 18TVN800895.las
[1733982] Skipping (exists): 18TVP845000.las
[1733982] Skipping (exists): 18TVN725985.las
[1733982] Skipping (exists): 18TVN830865.las
[1733982] Skipping (exists): 18TVN785820.las
[1733982] Skipping (exists): 18TVN830880.las
[1733982] Skipping (exists): 18TVN740970.las
[1733982] Skipping (exists): 18TVN710880.las
[1733982] Skipping (exists): 18TVN770865.las
[1733982] Skipping (exists): 18TVP755030.las
[1733982] Skipping (exists): 18TVN740895.las
[1733982] Skipping (exists): 18TVP650045.las
[1733982] Skipping (exists): 18TVN725790.las
[1733982] Skipping (exists): 18TVN710865.las
[1733982] Skipping (exists): 18TVP770060.las
[1733982] Skipping (exists): 18TVN890940.las
[1733982] Skipping (exists): 18TVN605940.las
[1733982] Skipping (exists): 18TVN740940.las
[1733982] Skipping (exists): 18TVN740955.las
[1733982] Skipping (exists): 18TVP635045.las
[1733982] Skipping (exists): 18TVP665000.las
[1733982] Skipping (exists): 18TVN770805.las
[1733982] Skipping (exists): 18TVN860970.las
[1733982] Skipping (exists): 18TVN650880.las
[1733982] Skipping (exists): 18TVN665925.las
[1733982] Skipping (exists): 18TVN725850.las
[1733982] Skipping (exists): 18TVN695925.las
[1733982] Skipping (exists): 18TVP680000.las
[1733982] Skipping (exists): 18TVN725910.las
[1733982] Skipping (exists): 18TVN710985.las
[1733982] Skipping (exists): 18TVP800030.las
[1733982] Skipping (exists): 18TVP635060.las
[1733982] Skipping (exists): 18TVP620030.las
[1733982] Skipping (exists): 18TVN635820.las
[1733982] Skipping (exists): 18TVN680880.las
[1733982] Skipping (exists): 18TVN665820.las
[1733982] Skipping (exists): 18TVP725045.las
[1733982] Skipping (exists): 18TVP620075.las
[1733982] Skipping (exists): 18TVN695835.las
[1733982] Skipping (exists): 18TVN845835.las
[1733982] Skipping (exists): 18TVN815940.las
[1733982] Skipping (exists): 18TVN665940.las
[1733982] Skipping (exists): 18TVN875970.las
[1733982] Skipping (exists): 18TVN845865.las
[1733982] Skipping (exists): 18TVN725835.las
[1733982] Skipping (exists): 18TVP755060.las
[1733982] Skipping (exists): 18TVN815970.las
[1733982] Skipping (exists): 18TVP620060.las
[1733982] Skipping (exists): 18TVN695955.las
[1733982] Skipping (exists): 18TVP815000.las
[1733982] Skipping (exists): 18TVN860850.las
[1733982] Skipping (exists): 18TVN755955.las
[1733982] Skipping (exists): 18TVP770030.las
[1733982] Skipping (exists): 18TVN635850.las
[1733982] Skipping (exists): 18TVP815015.las
[1733982] Skipping (exists): 18TVP845015.las
[1733982] Skipping (exists): 18TVN770820.las
[1733982] Skipping (exists): 18TVN785970.las
[1733982] Skipping (exists): 18TVP860000.las
[1733982] Skipping (exists): 18TVN785805.las
[1733982] Skipping (exists): 18TVN815910.las
[1733982] Skipping (exists): 18TVN785835.las
[1733982] Skipping (exists): 18TVN815865.las
[1733982] Skipping (exists): 18TVP725030.las
[1733982] Skipping (exists): 18TVN785910.las
[1733982] Skipping (exists): 18TVN680910.las
[1733982] Skipping (exists): 18TVN665865.las
[1733982] Skipping (exists): 18TVN680925.las
[1733982] Skipping (exists): 3101_096496.las
[1733982] Skipping (exists): 3101_098496.las
[1733982] Skipping (exists): 3101_099496.las
[1733982] Skipping (exists): 3101_096495.las
[1733982] Skipping (exists): 3101_096494.las
[1733982] Skipping (exists): 3101_096492.las
[1733982] Skipping (exists): 3101_096490.las
[1733982] Skipping (exists): 3101_096489.las
[1733982] Skipping (exists): 3101_098489.las
[1733982] Downloading: 475500_4779000.las
[1733982] Computing metrics: 475500_4779000.las
  Reprojecting from NA to EPSG:6347
[1733982] Skipping (exists): u_4875079475.las
[1733982] Skipping (exists): u_4882579475.las
[1733982] Skipping (exists): u_4890079475.las
[1733982] Skipping (exists): u_4845079400.las
[1733982] Skipping (exists): u_4852579400.las
[1733982] Skipping (exists): u_4860079400.las
[1733982] Skipping (exists): u_4867579400.las
[1733982] Skipping (exists): u_4875079400.las
[1733982] Skipping (exists): u_4807579325.las
[1733982] Skipping (exists): u_4815079325.las
[1733982] Skipping (exists): u_4822579325.las
[1733982] Skipping (exists): u_4830079325.las
[1733982] Skipping (exists): u_4837579325.las
[1733982] Skipping (exists): u_4845079325.las
[1733982] Skipping (exists): u_4852579325.las
[1733982] Skipping (exists): u_4860079325.las
[1733982] Skipping (exists): u_4867579325.las
[1733982] Skipping (exists): u_4875079325.las
[1733982] Skipping (exists): u_4807579250.las
[1733982] Skipping (exists): u_4815079250.las
[1733982] Skipping (exists): u_4822579250.las
[1733982] Skipping (exists): u_4830079250.las
[1733982] Skipping (exists): u_4837579250.las
[1733982] Skipping (exists): u_4845079250.las
[1733982] Skipping (exists): u_4852579250.las
[1733982] Skipping (exists): u_4860079250.las
[1733982] Skipping (exists): u_4867579250.las
[1733982] Skipping (exists): u_4875079250.las
[1733982] Skipping (exists): u_4807579175.las
[1733982] Skipping (exists): u_4815079175.las
[1733982] Skipping (exists): u_4822579175.las
[1733982] Skipping (exists): u_4830079175.las
[1733982] Skipping (exists): u_4837579175.las
[1733982] Skipping (exists): u_4845079175.las
[1733982] Skipping (exists): u_4852579175.las
[1733982] Skipping (exists): u_4860079175.las
[1733982] Skipping (exists): u_4867579175.las
[1733982] Skipping (exists): u_4875079175.las
[1733982] Skipping (exists): u_4627579100.las
[1733982] Skipping (exists): u_4635079100.las
[1733982] Skipping (exists): u_4642579100.las
[1733982] Skipping (exists): u_4650079100.las
[1733982] Skipping (exists): u_4657579100.las
[1733982] Skipping (exists): u_4665079100.las
[1733982] Skipping (exists): u_4672579100.las
[1733982] Skipping (exists): u_4680079100.las
[1733982] Skipping (exists): u_4807579100.las
[1733982] Skipping (exists): u_4815079100.las
[1733982] Skipping (exists): u_4822579100.las
[1733982] Skipping (exists): u_4830079100.las
[1733982] Skipping (exists): u_4837579100.las
[1733982] Skipping (exists): u_4845079100.las
[1733982] Skipping (exists): u_4852579100.las
[1733982] Skipping (exists): u_4860079100.las
[1733982] Skipping (exists): u_4867579100.las
[1733982] Skipping (exists): u_4627579025.las
[1733982] Skipping (exists): u_4635079025.las
[1733982] Skipping (exists): u_4642579025.las
[1733982] Skipping (exists): u_4650079025.las
[1733982] Skipping (exists): u_4657579025.las
[1733982] Skipping (exists): u_4665079025.las
[1733982] Skipping (exists): u_4672579025.las
[1733982] Skipping (exists): u_4680079025.las
[1733982] Skipping (exists): u_4807579025.las
[1733982] Skipping (exists): u_4815079025.las
[1733982] Skipping (exists): u_4822579025.las
[1733982] Skipping (exists): u_4830079025.las
[1733982] Skipping (exists): u_4837579025.las
[1733982] Skipping (exists): u_4845079025.las
[1733982] Skipping (exists): u_4852579025.las
[1733982] Skipping (exists): u_4860079025.las
[1733982] Skipping (exists): u_4867579025.las
[1733982] Skipping (exists): u_4635078950.las
[1733982] Skipping (exists): u_4642578950.las
[1733982] Skipping (exists): u_4650078950.las
[1733982] Skipping (exists): u_4657578950.las
[1733982] Skipping (exists): u_4665078950.las
[1733982] Skipping (exists): u_4672578950.las
[1733982] Skipping (exists): u_4680078950.las
[1733982] Skipping (exists): u_4792578950.las
[1733982] Skipping (exists): u_4800078950.las
[1733982] Skipping (exists): u_4807578950.las
[1733982] Skipping (exists): u_4815078950.las
[1733982] Skipping (exists): u_4822578950.las
[1733982] Skipping (exists): u_4830078950.las
[1733982] Skipping (exists): u_4837578950.las
[1733982] Skipping (exists): u_4845078950.las
[1733982] Skipping (exists): u_4852578950.las
[1733982] Skipping (exists): u_4860078950.las
[1733982] Skipping (exists): u_4867578950.las
[1733982] Skipping (exists): u_4627578875.las
[1733982] Skipping (exists): u_4635078875.las
[1733982] Skipping (exists): u_4642578875.las
[1733982] Skipping (exists): u_4650078875.las
[1733982] Skipping (exists): u_4657578875.las
[1733982] Skipping (exists): u_4665078875.las
[1733982] Skipping (exists): u_4672578875.las
[1733982] Skipping (exists): u_4680078875.las
[1733982] Skipping (exists): u_4785078875.las
[1733982] Skipping (exists): u_4792578875.las
[1733982] Skipping (exists): u_4800078875.las
[1733982] Skipping (exists): u_4807578875.las
[1733982] Skipping (exists): u_4815078875.las
[1733982] Skipping (exists): u_4822578875.las
[1733982] Skipping (exists): u_4830078875.las
[1733982] Skipping (exists): u_4837578875.las
[1733982] Skipping (exists): u_4845078875.las
[1733982] Skipping (exists): u_4852578875.las
[1733982] Skipping (exists): u_4860078875.las
[1733982] Skipping (exists): u_4635078800.las
[1733982] Skipping (exists): u_4642578800.las
[1733982] Skipping (exists): u_4650078800.las
[1733982] Skipping (exists): u_4657578800.las
[1733982] Skipping (exists): u_4665078800.las
[1733982] Skipping (exists): u_4672578800.las
[1733982] Skipping (exists): u_4680078800.las
[1733982] Skipping (exists): u_4777578800.las
[1733982] Skipping (exists): u_4785078800.las
[1733982] Skipping (exists): u_4792578800.las
[1733982] Skipping (exists): u_4800078800.las
[1733982] Skipping (exists): u_4807578800.las
[1733982] Skipping (exists): u_4815078800.las
[1733982] Skipping (exists): u_4822578800.las
[1733982] Skipping (exists): u_4830078800.las
[1733982] Skipping (exists): u_4837578800.las
[1733982] Skipping (exists): u_4845078800.las
[1733982] Skipping (exists): u_4852578800.las
[1733982] Skipping (exists): u_4860078800.las
[1733982] Skipping (exists): u_4867578800.las
[1733982] Skipping (exists): u_4875078800.las
[1733982] Skipping (exists): u_4635078725.las
[1733982] Skipping (exists): u_4642578725.las
[1733982] Skipping (exists): u_4650078725.las
[1733982] Skipping (exists): u_4657578725.las
[1733982] Skipping (exists): u_4665078725.las
[1733982] Skipping (exists): u_4672578725.las
[1733982] Skipping (exists): u_4680078725.las
[1733982] Skipping (exists): u_4762578725.las
[1733982] Skipping (exists): u_4770078725.las
[1733982] Skipping (exists): u_4777578725.las
[1733982] Skipping (exists): u_4785078725.las
[1733982] Skipping (exists): u_4792578725.las
[1733982] Skipping (exists): u_4800078725.las
[1733982] Skipping (exists): u_4807578725.las
[1733982] Skipping (exists): u_4815078725.las
[1733982] Skipping (exists): u_4822578725.las
[1733982] Skipping (exists): u_4830078725.las
[1733982] Skipping (exists): u_4837578725.las
[1733982] Skipping (exists): u_4845078725.las
[1733982] Skipping (exists): u_4852578725.las
[1733982] Skipping (exists): u_4860078725.las
[1733982] Skipping (exists): u_4867578725.las
[1733982] Skipping (exists): u_4875078725.las
[1733982] Skipping (exists): u_4642578650.las
[1733982] Skipping (exists): u_4650078650.las
[1733982] Skipping (exists): u_4657578650.las
[1733982] Skipping (exists): u_4665078650.las
[1733982] Skipping (exists): u_4672578650.las
[1733982] Skipping (exists): u_4680078650.las
[1733982] Skipping (exists): u_4687578650.las
[1733982] Skipping (exists): u_4695078650.las
[1733982] Skipping (exists): u_4702578650.las
[1733982] Skipping (exists): u_4710078650.las
[1733982] Skipping (exists): u_4717578650.las
[1733982] Skipping (exists): u_4725078650.las
[1733982] Skipping (exists): u_4732578650.las
[1733982] Skipping (exists): u_4740078650.las
[1733982] Skipping (exists): u_4747578650.las
[1733982] Skipping (exists): u_4755078650.las
[1733982] Skipping (exists): u_4762578650.las
[1733982] Skipping (exists): u_4770078650.las
[1733982] Skipping (exists): u_4777578650.las
[1733982] Skipping (exists): u_4785078650.las
[1733982] Skipping (exists): u_4792578650.las
[1733982] Skipping (exists): u_4800078650.las
[1733982] Skipping (exists): u_4807578650.las
[1733982] Skipping (exists): u_4815078650.las
[1733982] Skipping (exists): u_4822578650.las
[1733982] Skipping (exists): u_4830078650.las
[1733982] Skipping (exists): u_4837578650.las
[1733982] Skipping (exists): u_4845078650.las
[1733982] Skipping (exists): u_4852578650.las
[1733982] Skipping (exists): u_4860078650.las
[1733982] Skipping (exists): u_4867578650.las
[1733982] Skipping (exists): u_4875078650.las
[1733982] Skipping (exists): u_4882578650.las
[1733982] Skipping (exists): u_4635078575.las
[1733982] Skipping (exists): u_4642578575.las
[1733982] Skipping (exists): u_4650078575.las
[1733982] Skipping (exists): u_4657578575.las
[1733982] Skipping (exists): u_4665078575.las
[1733982] Skipping (exists): u_4672578575.las
[1733982] Skipping (exists): u_4680078575.las
[1733982] Skipping (exists): u_4687578575.las
[1733982] Skipping (exists): u_4695078575.las
[1733982] Skipping (exists): u_4702578575.las
[1733982] Skipping (exists): u_4710078575.las
[1733982] Skipping (exists): u_4717578575.las
[1733982] Skipping (exists): u_4725078575.las
[1733982] Skipping (exists): u_4732578575.las
[1733982] Skipping (exists): u_4740078575.las
[1733982] Skipping (exists): u_4747578575.las
[1733982] Skipping (exists): u_4755078575.las
[1733982] Skipping (exists): u_4762578575.las
[1733982] Skipping (exists): u_4770078575.las
[1733982] Skipping (exists): u_4777578575.las
[1733982] Skipping (exists): u_4785078575.las
[1733982] Skipping (exists): u_4792578575.las
[1733982] Skipping (exists): u_4800078575.las
[1733982] Skipping (exists): u_4807578575.las
[1733982] Skipping (exists): u_4815078575.las
[1733982] Skipping (exists): u_4822578575.las
[1733982] Skipping (exists): u_4830078575.las
[1733982] Skipping (exists): u_4837578575.las
[1733982] Skipping (exists): u_4845078575.las
[1733982] Skipping (exists): u_4852578575.las
[1733982] Skipping (exists): u_4860078575.las
[1733982] Skipping (exists): u_4867578575.las
[1733982] Skipping (exists): u_4875078575.las
[1733982] Skipping (exists): u_4882578575.las
[1733982] Skipping (exists): u_4635078500.las
[1733982] Skipping (exists): u_4642578500.las
[1733982] Skipping (exists): u_4650078500.las
[1733982] Skipping (exists): u_4657578500.las
[1733982] Skipping (exists): u_4665078500.las
[1733982] Skipping (exists): u_4672578500.las
[1733982] Skipping (exists): u_4680078500.las
[1733982] Skipping (exists): u_4687578500.las
[1733982] Skipping (exists): u_4695078500.las
[1733982] Skipping (exists): u_4702578500.las
[1733982] Skipping (exists): u_4710078500.las
[1733982] Skipping (exists): u_4717578500.las
[1733982] Skipping (exists): u_4725078500.las
[1733982] Skipping (exists): u_4732578500.las
[1733982] Skipping (exists): u_4740078500.las
[1733982] Skipping (exists): u_4747578500.las
[1733982] Skipping (exists): u_4755078500.las
[1733982] Skipping (exists): u_4762578500.las
[1733982] Skipping (exists): u_4770078500.las
[1733982] Skipping (exists): u_4777578500.las
[1733982] Skipping (exists): u_4785078500.las
[1733982] Skipping (exists): u_4792578500.las
[1733982] Skipping (exists): u_4800078500.las
[1733982] Skipping (exists): u_4807578500.las
[1733982] Skipping (exists): u_4815078500.las
[1733982] Skipping (exists): u_4822578500.las
[1733982] Skipping (exists): u_4830078500.las
[1733982] Skipping (exists): u_4837578500.las
[1733982] Skipping (exists): u_4845078500.las
[1733982] Skipping (exists): u_4852578500.las
[1733982] Skipping (exists): u_4860078500.las
[1733982] Skipping (exists): u_4867578500.las
[1733982] Skipping (exists): u_4627578425.las
[1733982] Skipping (exists): u_4635078425.las
[1733982] Skipping (exists): u_4642578425.las
[1733982] Skipping (exists): u_4650078425.las
[1733982] Skipping (exists): u_4657578425.las
[1733982] Skipping (exists): u_4665078425.las
[1733982] Skipping (exists): u_4672578425.las
[1733982] Skipping (exists): u_4680078425.las
[1733982] Skipping (exists): u_4687578425.las
[1733982] Skipping (exists): u_4695078425.las
[1733982] Skipping (exists): u_4702578425.las
[1733982] Skipping (exists): u_4710078425.las
[1733982] Skipping (exists): u_4717578425.las
[1733982] Skipping (exists): u_4725078425.las
[1733982] Skipping (exists): u_4732578425.las
[1733982] Skipping (exists): u_4740078425.las
[1733982] Skipping (exists): u_4747578425.las
[1733982] Skipping (exists): u_4755078425.las
[1733982] Skipping (exists): u_4762578425.las
[1733982] Skipping (exists): u_4770078425.las
[1733982] Skipping (exists): u_4777578425.las
[1733982] Skipping (exists): u_4785078425.las
[1733982] Skipping (exists): u_4792578425.las
[1733982] Skipping (exists): u_4800078425.las
[1733982] Skipping (exists): u_4807578425.las
[1733982] Skipping (exists): u_4815078425.las
[1733982] Skipping (exists): u_4822578425.las
[1733982] Skipping (exists): u_4830078425.las
[1733982] Skipping (exists): u_4837578425.las
[1733982] Skipping (exists): u_4845078425.las
[1733982] Skipping (exists): u_4627578350.las
[1733982] Skipping (exists): u_4635078350.las
[1733982] Skipping (exists): u_4642578350.las
[1733982] Skipping (exists): u_4650078350.las
[1733982] Skipping (exists): u_4657578350.las
[1733982] Skipping (exists): u_4665078350.las
[1733982] Skipping (exists): u_4672578350.las
[1733982] Skipping (exists): u_4680078350.las
[1733982] Skipping (exists): u_4687578350.las
[1733982] Skipping (exists): u_4695078350.las
[1733982] Skipping (exists): u_4702578350.las
[1733982] Skipping (exists): u_4710078350.las
[1733982] Skipping (exists): u_4717578350.las
[1733982] Skipping (exists): u_4725078350.las
[1733982] Skipping (exists): u_4732578350.las
[1733982] Skipping (exists): u_4740078350.las
[1733982] Skipping (exists): u_4747578350.las
[1733982] Skipping (exists): u_4755078350.las
[1733982] Skipping (exists): u_4762578350.las
[1733982] Skipping (exists): u_4770078350.las
[1733982] Skipping (exists): u_4777578350.las
[1733982] Skipping (exists): u_4785078350.las
[1733982] Skipping (exists): u_4792578350.las
[1733982] Skipping (exists): u_4800078350.las
[1733982] Skipping (exists): u_4807578350.las
[1733982] Skipping (exists): u_4815078350.las
[1733982] Skipping (exists): u_4822578350.las
[1733982] Skipping (exists): u_4830078350.las
[1733982] Skipping (exists): u_4837578350.las
[1733982] Skipping (exists): u_4845078350.las
[1733982] Skipping (exists): u_4627578275.las
[1733982] Skipping (exists): u_4635078275.las
[1733982] Skipping (exists): u_4642578275.las
[1733982] Skipping (exists): u_4650078275.las
[1733982] Skipping (exists): u_4657578275.las
[1733982] Skipping (exists): u_4665078275.las
[1733982] Skipping (exists): u_4672578275.las
[1733982] Skipping (exists): u_4680078275.las
[1733982] Skipping (exists): u_4687578275.las
[1733982] Skipping (exists): u_4695078275.las
[1733982] Skipping (exists): u_4702578275.las
[1733982] Skipping (exists): u_4710078275.las
[1733982] Skipping (exists): u_4717578275.las
[1733982] Skipping (exists): u_4725078275.las
[1733982] Skipping (exists): u_4732578275.las
[1733982] Skipping (exists): u_4740078275.las
[1733982] Skipping (exists): u_4747578275.las
[1733982] Skipping (exists): u_4755078275.las
[1733982] Skipping (exists): u_4762578275.las
[1733982] Skipping (exists): u_4770078275.las
[1733982] Skipping (exists): u_4777578275.las
[1733982] Skipping (exists): u_4785078275.las
[1733982] Skipping (exists): u_4792578275.las
[1733982] Skipping (exists): u_4800078275.las
[1733982] Skipping (exists): u_4807578275.las
[1733982] Skipping (exists): u_4815078275.las
[1733982] Skipping (exists): u_4822578275.las
[1733982] Skipping (exists): u_4830078275.las
[1733982] Skipping (exists): u_4665078200.las
[1733982] Skipping (exists): u_4672578200.las
[1733982] Skipping (exists): u_4695078200.las
[1733982] Skipping (exists): u_4702578200.las
[1733982] Skipping (exists): u_4710078200.las
[1733982] Skipping (exists): u_4717578200.las
[1733982] Skipping (exists): u_4725078200.las
[1733982] Skipping (exists): u_4732578200.las
[1733982] Skipping (exists): u_4740078200.las
[1733982] Skipping (exists): u_4747578200.las
[1733982] Skipping (exists): u_4755078200.las
[1733982] Skipping (exists): u_4762578200.las
[1733982] Skipping (exists): u_4770078200.las
[1733982] Skipping (exists): u_4777578200.las
[1733982] Skipping (exists): u_4785078200.las
[1733982] Skipping (exists): u_4792578200.las
[1733982] Skipping (exists): u_4800078200.las
[1733982] Skipping (exists): u_4807578200.las
[1733982] Skipping (exists): u_4815078200.las
[1733982] Skipping (exists): u_4822578200.las
[1733982] Skipping (exists): u_4710078125.las
[1733982] Skipping (exists): u_4717578125.las
[1733982] Skipping (exists): u_4725078125.las
[1733982] Skipping (exists): u_4732578125.las
[1733982] Skipping (exists): u_4740078125.las
[1733982] Skipping (exists): u_4747578125.las
[1733982] Skipping (exists): u_4755078125.las
[1733982] Skipping (exists): u_4762578125.las
[1733982] Skipping (exists): u_4770078125.las
[1733982] Skipping (exists): u_4777578125.las
[1733982] Skipping (exists): u_4785078125.las
[1733982] Skipping (exists): u_4792578125.las
[1733982] Skipping (exists): u_4800078125.las
[1733982] Skipping (exists): u_4807578125.las
[1733982] Skipping (exists): u_4815078125.las
[1733982] Skipping (exists): u_4717578050.las
[1733982] Skipping (exists): u_4725078050.las
[1733982] Skipping (exists): u_4732578050.las
[1733982] Skipping (exists): u_4740078050.las
[1733982] Skipping (exists): u_4747578050.las
[1733982] Skipping (exists): u_4755078050.las
[1733982] Skipping (exists): u_4762578050.las
[1733982] Skipping (exists): u_4732577975.las
[1733982] Skipping (exists): u_4740077975.las
[1733982] Skipping (exists): u_4747577975.las
[1733982] Skipping (exists): u_4755077975.las
[1733982] Skipping (exists): u_4762577975.las
[1733982] Skipping (exists): u_4755077900.las
[1733982] Skipping (exists): u_4762577900.las
[1733982] Skipping (exists): 3102_340372.las
[1733982] Skipping (exists): 3102_342372.las
[1733982] Skipping (exists): 3102_339370.las
[1733982] Skipping (exists): 3102_340370.las
[1733982] Skipping (exists): 3102_342370.las
[1733982] Skipping (exists): 3102_338369.las
[1733982] Skipping (exists): 3102_339369.las
[1733982] Skipping (exists): 3102_338368.las
[1733982] Skipping (exists): 3102_339368.las
[1733982] Skipping (exists): 3102_338366.las
[1733982] Skipping (exists): 3102_339366.las
[1733982] Skipping (exists): 3102_340366.las
[1733982] Skipping (exists): 3102_340364.las
[1733982] Skipping (exists): 3102_342364.las
[1733982] Skipping (exists): 3102_340363.las
[1733982] Skipping (exists): 3102_342363.las
Warning message:
In value[[3L]](cond) :
  Failed to process 475500_4779000.las: error in evaluating the argument 'x' in selecting a method for function 'ext': [project] input crs is not valid

=== Done. 714/715 tiles processed. Metrics written to: Data/Lidar/Metrics ===
                                                                                          used (Mb) gc trigger  (Mb) max used  (Mb)
Ncells 1837865 98.2    6021005 321.6  6021005 321.6
Vcells 2890770 22.1   14535272 110.9 15952789 121.8
