srun: Job 785045 step creation temporarily disabled, retrying (Requested nodes are busy)
srun: Step created for job 785045
Using libcurl 7.76.1 with OpenSSL/3.2.2
Linking to GEOS 3.13.1, GDAL 3.5.1, PROJ 8.2.0; sf_use_s2() is TRUE
WARNING: different compile-time and runtime versions for GEOS found:
Linked against: 3.13.1-CAPI-1.19.2 compiled against: 3.11.0-CAPI-1.17.0
It is probably a good idea to reinstall sf (and maybe lwgeom too)

Attaching package: ‘dplyr’

The following objects are masked from ‘package:stats’:

    filter, lag

The following objects are masked from ‘package:base’:

    intersect, setdiff, setequal, union


Attaching package: ‘lidR’

The following object is masked from ‘package:sf’:

    st_concave_hull

terra 1.9.27
WARNING: different compile-time and run-time versions of GEOS
Compiled with:3.11.0-CAPI-1.17.0
 Running with:3.13.1-CAPI-1.19.2

You should reinstall package 'terra'


Attaching package: ‘terra’

The following object is masked from ‘package:lidR’:

    watershed

=== Lidar Metrics Pipeline ===
  GPKG:        Data/NY_HUCS/NY_Cluster_Zones_250_CROP_NAomit_6347.gpkg
  Cluster:     136
  Tile Index:  Data/Lidar/NYS_Lidar_All_Indexes.gpkg
  Output:      Data/Lidar/Metrics
  Workers:     2
  HUC12s in cluster: 7

Finding overlapping tiles...
Unique full-size tiles to process: 1841
Using 2 parallel workers
                                                                                                                                                                                                                                                                                                                                                                                                                                                                                                                                                                                Wrote: Data/Lidar/Metrics/u_5970070400_metrics.tif 
Using libcurl 7.76.1 with OpenSSL/3.2.2
terra 1.9.27
WARNING: different compile-time and run-time versions of GEOS
Compiled with:3.11.0-CAPI-1.17.0
 Running with:3.13.1-CAPI-1.19.2

You should reinstall package 'terra'

[2085846] Skipping (exists): 18TWN925235.las
[2085846] Skipping (exists): 18TWN925220.las
[2085846] Skipping (exists): 18TWN850130.las
[2085846] Skipping (exists): 18TXN015220.las
[2085846] Skipping (exists): 18TWN970265.las
[2085846] Skipping (exists): 18TWN895325.las
[2085846] Skipping (exists): 18TXN045235.las
[2085846] Skipping (exists): 18TWN790175.las
[2085846] Skipping (exists): 18TXN000100.las
[2085846] Skipping (exists): 18TWN970325.las
[2085846] Skipping (exists): 18TXN015355.las
[2085846] Skipping (exists): 18TXN030415.las
[2085846] Skipping (exists): 18TWN895130.las
[2085846] Skipping (exists): 18TWN955325.las
[2085846] Skipping (exists): 18TWN925415.las
[2085846] Skipping (exists): 18TWN970085.las
[2085846] Skipping (exists): 18TWN955070.las
[2085846] Skipping (exists): 18TWN985385.las
[2085846] Skipping (exists): 18TXN045400.las
[2085846] Skipping (exists): 18TWN910310.las
[2085846] Skipping (exists): 18TWN850190.las
[2085846] Skipping (exists): 18TWN835145.las
[2085846] Skipping (exists): 18TWN985100.las
[2085846] Skipping (exists): 18TXN030235.las
[2085846] Skipping (exists): 18TXN045385.las
[2085846] Skipping (exists): 18TWN970190.las
[2085846] Skipping (exists): 18TWN790145.las
[2085846] Skipping (exists): 18TXN000340.las
[2085846] Skipping (exists): 18TXN060280.las
[2085846] Skipping (exists): 18TWN910295.las
[2085846] Skipping (exists): 18TWN820130.las
[2085846] Skipping (exists): 18TWN895190.las
[2085846] Skipping (exists): 18TWN910130.las
[2085846] Skipping (exists): 18TWN805190.las
[2085846] Skipping (exists): 18TWN880205.las
[2085846] Skipping (exists): 18TWN985220.las
[2085846] Skipping (exists): 18TWN880115.las
[2085846] Skipping (exists): 18TWN910385.las
[2085846] Skipping (exists): 18TWN835205.las
[2085846] Skipping (exists): 18TWN955190.las
[2085846] Skipping (exists): 18TWN955385.las
[2085846] Skipping (exists): 18TWN925400.las
[2085846] Skipping (exists): 18TWN970385.las
[2085846] Skipping (exists): 18TWN955340.las
[2085846] Skipping (exists): 18TWN925265.las
[2085846] Skipping (exists): 18TWN955280.las
[2085846] Skipping (exists): 18TWN865340.las
[2085846] Skipping (exists): 18TWN910100.las
[2085846] Skipping (exists): 18TWN925190.las
[2085846] Skipping (exists): 18TXN030340.las
[2085846] Skipping (exists): 18TXN060265.las
[2085846] Skipping (exists): 18TXN030385.las
[2085846] Skipping (exists): 18TWN910400.las
[2085846] Skipping (exists): 18TWN955370.las
[2085846] Skipping (exists): 18TWN820280.las
[2085846] Skipping (exists): 18TWN895340.las
[2085846] Skipping (exists): 18TWN925370.las
[2085846] Skipping (exists): 18TWN940340.las
[2085846] Skipping (exists): 18TWN835175.las
[2085846] Skipping (exists): 18TWN820145.las
[2085846] Skipping (exists): 18TWN925445.las
[2085846] Skipping (exists): 18TWN895460.las
[2085846] Skipping (exists): 18TWN985025.las
[2085846] Skipping (exists): 18TWN865295.las
[2085846] Skipping (exists): 18TWN955265.las
[2085846] Skipping (exists): 18TWN820310.las
[2085846] Skipping (exists): 18TWN970250.las
[2085846] Skipping (exists): 18TWN790190.las
[2085846] Skipping (exists): 18TXN000355.las
[2085846] Skipping (exists): 18TWN895175.las
[2085846] Skipping (exists): 18TWN940295.las
[2085846] Skipping (exists): 18TWN985235.las
[2085846] Skipping (exists): 18TWN940085.las
[2085846] Skipping (exists): 18TWN865130.las
[2085846] Skipping (exists): 18TWN850310.las
[2085846] Skipping (exists): 18TWN955115.las
[2085846] Skipping (exists): 18TWN865265.las
[2085846] Skipping (exists): 18TWN820160.las
[2085846] Skipping (exists): 18TXN015370.las
[2085846] Skipping (exists): 18TWN850265.las
[2085846] Skipping (exists): 18TWN955025.las
[2085846] Skipping (exists): 18TWN910415.las
[2085846] Skipping (exists): 18TWN955130.las
[2085846] Skipping (exists): 18TWN985355.las
[2085846] Skipping (exists): 18TWN850145.las
[2085846] Skipping (exists): 18TWN940250.las
[2085846] Skipping (exists): 18TWN805175.las
[2085846] Skipping (exists): 18TWN865235.las
[2085846] Skipping (exists): 18TXN060340.las
[2085846] Skipping (exists): 18TWN880220.las
[2085846] Skipping (exists): 18TWN865205.las
[2085846] Skipping (exists): 18TWN910145.las
[2085846] Skipping (exists): 18TWN850280.las
[2085846] Skipping (exists): 18TWN985175.las
[2085846] Skipping (exists): 18TWN835280.las
[2085846] Skipping (exists): 18TWN880175.las
[2085846] Skipping (exists): 18TWN835220.las
[2085846] Skipping (exists): 18TWN895355.las
[2085846] Skipping (exists): 18TWN850115.las
[2085846] Skipping (exists): 18TWN820325.las
[2085846] Skipping (exists): 18TWN955100.las
[2085846] Skipping (exists): 18TWN985325.las
[2085846] Skipping (exists): 18TWN895145.las
[2085846] Skipping (exists): 18TWN880130.las
[2085846] Skipping (exists): 18TWN985070.las
[2085846] Skipping (exists): 18TWN970220.las
[2085846] Skipping (exists): 18TWN805205.las
[2085846] Skipping (exists): 18TWN835130.las
[2085846] Skipping (exists): 18TXN060310.las
[2085846] Skipping (exists): 18TWN955010.las
[2085846] Skipping (exists): 18TWN895370.las
[2085846] Skipping (exists): 18TWN985130.las
[2085846] Skipping (exists): 18TWN970340.las
[2085846] Skipping (exists): 18TWN850220.las
[2085846] Skipping (exists): 18TWN895115.las
[2085846] Skipping (exists): 18TXN000145.las
[2085846] Skipping (exists): 18TXN045250.las
[2085846] Skipping (exists): 18TXN000190.las
[2085846] Skipping (exists): 18TWN895400.las
[2085846] Skipping (exists): 18TWN910430.las
[2085846] Skipping (exists): 18TXN030220.las
[2085846] Skipping (exists): 18TWN850295.las
[2085846] Skipping (exists): 18TXN030355.las
[2085846] Skipping (exists): 18TWN985115.las
[2085846] Skipping (exists): 18TXN045355.las
[2085846] Skipping (exists): 18TWN805310.las
[2085846] Skipping (exists): 18TWN790160.las
[2085846] Skipping (exists): 18TWN895310.las
[2085846] Skipping (exists): 18TXN015100.las
[2085846] Skipping (exists): 18TXN075370.las
[2085846] Skipping (exists): 18TWN925295.las
[2085846] Skipping (exists): 18TWN970130.las
[2085846] Skipping (exists): 18TXN045325.las
[2085846] Skipping (exists): 18TXN015325.las
[2085846] Skipping (exists): 18TXN000295.las
[2085846] Skipping (exists): 18TWN940160.las
[2085846] Skipping (exists): 18TWN925100.las
[2085846] Skipping (exists): 18TWN880070.las
[2085846] Skipping (exists): 18TWN880280.las
[2085846] Skipping (exists): 18TWN880310.las
[2085846] Skipping (exists): 18TWN925070.las
[2085846] Skipping (exists): 18TWN970055.las
[2085846] Skipping (exists): 18TWN880085.las
[2085846] Skipping (exists): 18TXN015385.las
[2085846] Skipping (exists): 18TWN805220.las
[2085846] Skipping (exists): 18TWN865220.las
[2085846] Skipping (exists): 18TXN015310.las
[2085846] Skipping (exists): 18TWN940220.las
[2085846] Skipping (exists): 18TXN045340.las
[2085846] Skipping (exists): 18TWN925340.las
[2085846] Skipping (exists): 18TWN865250.las
[2085846] Skipping (exists): 18TWN955175.las
[2085846] Skipping (exists): 18TXN015265.las
[2085846] Skipping (exists): 18TWN865100.las
[2085846] Skipping (exists): 18TXN030325.las
[2085846] Skipping (exists): 18TWN985040.las
[2085846] Skipping (exists): 18TWN865160.las
[2085846] Skipping (exists): 18TXN015280.las
[2085846] Skipping (exists): 18TWN910190.las
[2085846] Skipping (exists): 18TWN910280.las
[2085846] Skipping (exists): 18TWN880430.las
[2085846] Skipping (exists): 18TWN940325.las
[2085846] Skipping (exists): 18TWN970295.las
[2085846] Skipping (exists): 18TWN925115.las
[2085846] Skipping (exists): 18TWN955235.las
[2085846] Skipping (exists): 18TWN925250.las
[2085846] Skipping (exists): 18TWN835115.las
[2085846] Skipping (exists): 18TWN940385.las
[2085846] Skipping (exists): 18TWN880190.las
[2085846] Skipping (exists): 18TXN045265.las
[2085846] Skipping (exists): 18TXN075280.las
[2085846] Skipping (exists): 18TWN925205.las
[2085846] Skipping (exists): 18TXN015250.las
[2085846] Skipping (exists): 18TWN895430.las
[2085846] Skipping (exists): 18TWN985205.las
[2085846] Skipping (exists): 18TWN985250.las
[2085846] Skipping (exists): 18TWN835160.las
[2085846] Skipping (exists): 18TWN910370.las
[2085846] Skipping (exists): 18TWN805160.las
[2085846] Skipping (exists): 18TWN895055.las
[2085846] Skipping (exists): 18TXN000250.las
[2085846] Skipping (exists): 18TWN925430.las
[2085846] Skipping (exists): 18TWN880415.las
[2085846] Skipping (exists): 18TWN970355.las
[2085846] Skipping (exists): 18TWN820190.las
[2085846] Skipping (exists): 18TWN910355.las
[2085846] Skipping (exists): 18TXN045415.las
[2085846] Skipping (exists): 18TWN850355.las
[2085846] Skipping (exists): 18TWN895205.las
[2085846] Skipping (exists): 18TXN015235.las
[2085846] Skipping (exists): 18TWN895070.las
[2085846] Skipping (exists): 18TWN970025.las
[2085846] Skipping (exists): 18TWN955250.las
[2085846] Skipping (exists): 18TXN045370.las
[2085846] Skipping (exists): 18TXN030370.las
[2085846] Skipping (exists): 18TXN075295.las
[2085846] Skipping (exists): 18TXN030400.las
[2085846] Skipping (exists): 18TWN880160.las
[2085846] Skipping (exists): 18TWN940205.las
[2085846] Skipping (exists): 18TWN955355.las
[2085846] Skipping (exists): 18TWN850100.las
[2085846] Skipping (exists): 18TWN865070.las
[2085846] Skipping (exists): 18TWN925055.las
[2085846] Skipping (exists): 18TWN895220.las
[2085846] Skipping (exists): 18TWN985265.las
[2085846] Skipping (exists): 18TXN000400.las
[2085846] Skipping (exists): 18TWN865175.las
[2085846] Skipping (exists): 18TWN895280.las
[2085846] Skipping (exists): 18TXN000175.las
[2085846] Skipping (exists): 18TXN045295.las
[2085846] Skipping (exists): 18TWN910250.las
[2085846] Skipping (exists): 18TWN955295.las
[2085846] Skipping (exists): 18TWN970280.las
[2085846] Skipping (exists): 18TWN925355.las
[2085846] Skipping (exists): 18TXN015190.las
[2085846] Skipping (exists): 18TWN850175.las
[2085846] Skipping (exists): 18TWN955205.las
[2085846] Skipping (exists): 18TWN985160.las
[2085846] Skipping (exists): 18TWN895415.las
[2085846] Skipping (exists): 18TWN940370.las
[2085846] Skipping (exists): 18TWN940055.las
[2085846] Skipping (exists): 18TWN865310.las
[2085846] Skipping (exists): 18TXN030310.las
[2085846] Skipping (exists): 18TXN015295.las
[2085846] Skipping (exists): 18TXN030205.las
[2085846] Skipping (exists): 18TWN955085.las
[2085846] Skipping (exists): 18TWN940400.las
[2085846] Skipping (exists): 18TWN880145.las
[2085846] Skipping (exists): 18TWN985145.las
[2085846] Skipping (exists): 18TWN940280.las
[2085846] Skipping (exists): 18TXN015415.las
[2085846] Skipping (exists): 18TWN970070.las
[2085846] Skipping (exists): 18TWN820205.las
[2085846] Skipping (exists): 18TXN000130.las
[2085846] Skipping (exists): 18TWN835295.las
[2085846] Skipping (exists): 18TWN910160.las
[2085846] Skipping (exists): 18TXN030295.las
[2085846] Skipping (exists): 18TWN910070.las
[2085846] Skipping (exists): 18TWN970205.las
[2085846] Skipping (exists): 18TXN000265.las
[2085846] Skipping (exists): 18TWN895265.las
[2085846] Skipping (exists): 18TWN910445.las
[2085846] Skipping (exists): 18TWN955400.las
[2085846] Skipping (exists): 18TWN925160.las
[2085846] Skipping (exists): 18TWN925310.las
[2085846] Skipping (exists): 18TWN910265.las
[2085846] Skipping (exists): 18TWN910115.las
[2085846] Skipping (exists): 18TXN000205.las
[2085846] Skipping (exists): 18TXN060325.las
[2085846] Skipping (exists): 18TWN850160.las
[2085846] Skipping (exists): 18TWN850205.las
[2085846] Skipping (exists): 18TWN895085.las
[2085846] Skipping (exists): 18TWN925175.las
[2085846] Skipping (exists): 18TWN865355.las
[2085846] Skipping (exists): 18TWN940040.las
[2085846] Skipping (exists): 18TWN910235.las
[2085846] Skipping (exists): 18TWN880340.las
[2085846] Skipping (exists): 18TWN880055.las
[2085846] Skipping (exists): 18TWN955220.las
[2085846] Skipping (exists): 18TWN940175.las
[2085846] Skipping (exists): 18TWN940145.las
[2085846] Skipping (exists): 18TWN940190.las
[2085846] Skipping (exists): 18TWN925130.las
[2085846] Skipping (exists): 18TWN895160.las
[2085846] Skipping (exists): 18TWN880235.las
[2085846] Skipping (exists): 18TWN865325.las
[2085846] Skipping (exists): 18TWN925145.las
[2085846] Skipping (exists): 18TXN060370.las
[2085846] Skipping (exists): 18TWN910325.las
[2085846] Skipping (exists): 18TWN820220.las
[2085846] Skipping (exists): 18TWN865085.las
[2085846] Skipping (exists): 18TWN940415.las
[2085846] Skipping (exists): 18TWN820175.las
[2085846] Skipping (exists): 18TWN940100.las
[2085846] Skipping (exists): 18TWN895235.las
[2085846] Skipping (exists): 18TWN985055.las
[2085846] Skipping (exists): 18TWN970310.las
[2085846] Skipping (exists): 18TWN865145.las
[2085846] Skipping (exists): 18TWN850325.las
[2085846] Skipping (exists): 18TWN940355.las
[2085846] Skipping (exists): 18TWN910205.las
[2085846] Skipping (exists): 18TWN880295.las
[2085846] Skipping (exists): 18TXN060295.las
[2085846] Skipping (exists): 18TWN925280.las
[2085846] Skipping (exists): 18TWN835310.las
[2085846] Skipping (exists): 18TWN910220.las
[2085846] Skipping (exists): 18TWN910340.las
[2085846] Skipping (exists): 18TWN940070.las
[2085846] Skipping (exists): 18TWN895100.las
[2085846] Skipping (exists): 18TWN895250.las
[2085846] Skipping (exists): 18TWN895445.las
[2085846] Skipping (exists): 18TXN000280.las
[2085846] Skipping (exists): 18TXN000220.las
[2085846] Skipping (exists): 18TXN030250.las
[2085846] Skipping (exists): 18TWN880325.las
[2085846] Skipping (exists): 18TXN075310.las
[2085846] Skipping (exists): 18TXN060355.las
[2085846] Skipping (exists): 18TXN000115.las
[2085846] Skipping (exists): 18TXN000325.las
[2085846] Skipping (exists): 18TWN835190.las
[2085846] Skipping (exists): 18TWN835100.las
[2085846] Skipping (exists): 18TWN925325.las
[2085846] Skipping (exists): 18TWN820295.las
[2085846] Skipping (exists): 18TXN075385.las
[2085846] Skipping (exists): 18TWN970160.las
[2085846] Skipping (exists): 18TWN955040.las
[2085846] Skipping (exists): 18TWN985280.las
[2085846] Skipping (exists): 18TWN880265.las
[2085846] Skipping (exists): 18TWN880370.las
[2085846] Skipping (exists): 18TXN045310.las
[2085846] Skipping (exists): 18TWN955160.las
[2085846] Skipping (exists): 18TWN970370.las
[2085846] Skipping (exists): 18TWN955310.las
[2085846] Skipping (exists): 18TWN940265.las
[2085846] Skipping (exists): 18TWN895295.las
[2085846] Skipping (exists): 18TXN000235.las
[2085846] Skipping (exists): 18TWN850085.las
[2085846] Skipping (exists): 18TWN850250.las
[2085846] Skipping (exists): 18TWN940115.las
[2085846] Skipping (exists): 18TWN955055.las
[2085846] Skipping (exists): 18TWN865280.las
[2085846] Skipping (exists): 18TWN925085.las
[2085846] Skipping (exists): 18TXN000385.las
[2085846] Skipping (exists): 18TWN805145.las
[2085846] Skipping (exists): 18TWN970100.las
[2085846] Skipping (exists): 18TXN015205.las
[2085846] Skipping (exists): 18TWN865190.las
[2085846] Skipping (exists): 18TWN820115.las
[2085846] Skipping (exists): 18TWN985340.las
[2085846] Skipping (exists): 18TWN880355.las
[2085846] Skipping (exists): 18TXN030280.las
[2085846] Skipping (exists): 18TWN910085.las
[2085846] Skipping (exists): 18TWN895385.las
[2085846] Skipping (exists): 18TWN985085.las
[2085846] Skipping (exists): 18TXN015340.las
[2085846] Skipping (exists): 18TWN955145.las
[2085846] Skipping (exists): 18TWN985295.las
[2085846] Skipping (exists): 18TWN880250.las
[2085846] Skipping (exists): 18TWN850340.las
[2085846] Skipping (exists): 18TWN970145.las
[2085846] Skipping (exists): 18TWN835325.las
[2085846] Skipping (exists): 18TWN970235.las
[2085846] Skipping (exists): 18TXN045280.las
[2085846] Skipping (exists): 18TXN015115.las
[2085846] Skipping (exists): 18TXN000370.las
[2085846] Skipping (exists): 18TWN925385.las
[2085846] Skipping (exists): 18TWN940235.las
[2085846] Skipping (exists): 18TWN865115.las
[2085846] Skipping (exists): 18TXN000160.las
[2085846] Skipping (exists): 18TXN015400.las
[2085846] Skipping (exists): 18TXN075355.las
[2085846] Skipping (exists): 18TXN030265.las
[2085846] Skipping (exists): 18TWN985190.las
[2085846] Skipping (exists): 18TXN060385.las
[2085846] Skipping (exists): 18TWN940310.las
[2085846] Skipping (exists): 18TXN000310.las
[2085846] Skipping (exists): 18TWN910175.las
[2085846] Skipping (exists): 18TWN940130.las
[2085846] Skipping (exists): 18TWN985310.las
[2085846] Skipping (exists): 18TWN970115.las
[2085846] Skipping (exists): 18TWN880100.las
[2085846] Skipping (exists): 18TWN970040.las
[2085846] Skipping (exists): 18TWN985370.las
[2085846] Skipping (exists): 18TWN970175.las
[2085846] Skipping (exists): 18TWN895450.LAS
[2085846] Skipping (exists): 18TWN895465.LAS
[2085846] Skipping (exists): 18TWN910435.LAS
[2085846] Skipping (exists): 18TWN910450.LAS
[2085846] Skipping (exists): 18TWN910465.LAS
[2085846] Skipping (exists): 18TWN925405.LAS
[2085846] Skipping (exists): 18TWN925420.LAS
[2085846] Skipping (exists): 18TWN925435.LAS
[2085846] Skipping (exists): 18TWN925450.LAS
[2085846] Skipping (exists): 18TWN925465.LAS
[2085846] Skipping (exists): 18TWN940390.LAS
[2085846] Skipping (exists): 18TWN940405.LAS
[2085846] Skipping (exists): 18TWN940420.LAS
[2085846] Skipping (exists): 18TWN940435.LAS
[2085846] Skipping (exists): 18TWN940450.LAS
[2085846] Skipping (exists): 18TWN955375.LAS
[2085846] Skipping (exists): 18TWN955390.LAS
[2085846] Skipping (exists): 18TWN955405.LAS
[2085846] Skipping (exists): 18TWN955420.LAS
[2085846] Skipping (exists): 18TWN955435.LAS
[2085846] Skipping (exists): 18TWN955450.LAS
[2085846] Skipping (exists): 18TWN955465.LAS
[2085846] Skipping (exists): 18TWN970360.LAS
[2085846] Skipping (exists): 18TWN970375.LAS
[2085846] Skipping (exists): 18TWN970390.LAS
[2085846] Skipping (exists): 18TWN970405.LAS
[2085846] Skipping (exists): 18TWN970420.LAS
[2085846] Skipping (exists): 18TWN970435.LAS
[2085846] Skipping (exists): 18TWN970450.LAS
[2085846] Skipping (exists): 18TWN970465.LAS
[2085846] Skipping (exists): 18TWN985375.LAS
[2085846] Skipping (exists): 18TWN985390.LAS
[2085846] Skipping (exists): 18TWN985405.LAS
[2085846] Skipping (exists): 18TWN985420.LAS
[2085846] Skipping (exists): 18TWN985435.LAS
[2085846] Skipping (exists): 18TWN985450.LAS
[2085846] Skipping (exists): 18TWN985465.LAS
[2085846] Skipping (exists): 18TXN000375.LAS
[2085846] Skipping (exists): 18TXN000390.LAS
[2085846] Skipping (exists): 18TXN000405.LAS
[2085846] Skipping (exists): 18TXN000420.LAS
[2085846] Skipping (exists): 18TXN000435.LAS
[2085846] Skipping (exists): 18TXN000450.LAS
[2085846] Skipping (exists): 18TXN000465.LAS
[2085846] Skipping (exists): 18TXN015390.LAS
[2085846] Skipping (exists): 18TXN015405.LAS
[2085846] Skipping (exists): 18TXN015420.LAS
[2085846] Skipping (exists): 18TXN015435.LAS
[2085846] Skipping (exists): 18TXN015450.LAS
[2085846] Skipping (exists): 18TXN030420.LAS
[2085846] Skipping (exists): 18TXN030435.LAS
[2085846] Skipping (exists): 18TXN045375.LAS
[2085846] Skipping (exists): 18TXN045390.LAS
[2085846] Skipping (exists): 18TXN045405.LAS
[2085846] Skipping (exists): 18TXN045420.LAS
[2085846] Skipping (exists): 18TXN060270.LAS
[2085846] Skipping (exists): 18TXN060285.LAS
[2085846] Skipping (exists): 18TXN060300.LAS
[2085846] Skipping (exists): 18TXN060315.LAS
[2085846] Skipping (exists): 18TXN060360.LAS
[2085846] Skipping (exists): 18TXN060375.LAS
[2085846] Skipping (exists): 18TXN060390.LAS
[2085846] Skipping (exists): 18TXN060405.LAS
[2085846] Skipping (exists): 18TXN060420.LAS
[2085846] Skipping (exists): 18TXN075270.LAS
[2085846] Skipping (exists): 18TXN075285.LAS
[2085846] Skipping (exists): 18TXN075300.LAS
[2085846] Skipping (exists): 18TXN075315.LAS
[2085846] Skipping (exists): 18TXN075405.LAS
[2085846] Skipping (exists): u_6075072800_2016.las
[2085846] Skipping (exists): u_6045072650_2016.las
[2085846] Skipping (exists): u_6060072650_2016.las
[2085846] Skipping (exists): u_6075072650_2016.las
[2085846] Skipping (exists): u_6090072650_2016.las
[2085846] Skipping (exists): u_6030072500_2016.las
[2085846] Skipping (exists): u_6045072500_2016.las
[2085846] Skipping (exists): u_6060072500_2016.las
[2085846] Skipping (exists): u_6075072500_2016.las
[2085846] Skipping (exists): u_6090072500_2016.las
[2085846] Skipping (exists): u_6030072350_2016.las
[2085846] Skipping (exists): u_6045072350_2016.las
[2085846] Skipping (exists): u_6060072350_2016.las
[2085846] Skipping (exists): u_6075072350_2016.las
[2085846] Skipping (exists): u_6090072350_2016.las
[2085846] Skipping (exists): u_6015072200_2016.las
[2085846] Skipping (exists): u_6030072200_2016.las
[2085846] Skipping (exists): u_6045072200_2016.las
[2085846] Skipping (exists): u_6060072200_2016.las
[2085846] Skipping (exists): u_6075072200_2016.las
[2085846] Skipping (exists): u_6015072050_2016.las
[2085846] Skipping (exists): u_6030072050_2016.las
[2085846] Skipping (exists): u_6045072050_2016.las
[2085846] Skipping (exists): u_6060072050_2016.las
[2085846] Skipping (exists): u_6075072050_2016.las
[2085846] Skipping (exists): u_6015071900_2016.las
[2085846] Skipping (exists): u_6015071150_2016.las
[2085846] Skipping (exists): u_6015071000_2016.las
[2085846] Skipping (exists): u_6045072800_2016.las
[2085846] Skipping (exists): u_6060072800_2016.las
[2085846] Skipping (exists): u_5985070850_2016.las
[2085846] Skipping (exists): u_5985070700_2016.las
[2085846] Skipping (exists): u_5985070550_2016.las
[2085846] Skipping (exists): u_5985070400_2016.las
[2085846] Skipping (exists): u_5985070250_2016.las
[2085846] Downloading: u_6060073850_2010.las
[2085846] Computing metrics: u_6060073850_2010.las
  Reprojecting from NA to EPSG:6347
[2085846] Downloading: u_6060073925_2010.las
[2085846] Computing metrics: u_6060073925_2010.las
  Reprojecting from NA to EPSG:6347
[2085846] Downloading: u_6067573850_2010.las
[2085846] Computing metrics: u_6067573850_2010.las
  Reprojecting from NA to EPSG:6347
[2085846] Downloading: u_6067573925_2010.las
[2085846] Computing metrics: u_6067573925_2010.las
  Reprojecting from NA to EPSG:6347
[2085846] Downloading: u_6075073850_2010.las
[2085846] Computing metrics: u_6075073850_2010.las
  Reprojecting from NA to EPSG:6347
[2085846] Downloading: u_6075073925_2010.las
[2085846] Computing metrics: u_6075073925_2010.las
  Reprojecting from NA to EPSG:6347
[2085846] Skipping (exists): u_6082573850_2010.las
[2085846] Skipping (exists): u_6082573925_2010.las
[2085846] Skipping (exists): u_6082574000_2010.las
[2085846] Skipping (exists): u_5895074525.las
[2085846] Skipping (exists): u_5895074450.las
[2085846] Skipping (exists): u_5902574450.las
[2085846] Skipping (exists): u_5910074450.las
[2085846] Skipping (exists): u_5895074375.las
[2085846] Skipping (exists): u_5902574375.las
[2085846] Skipping (exists): u_5910074375.las
[2085846] Skipping (exists): u_5917574375.las
[2085846] Skipping (exists): u_5887574300.las
[2085846] Skipping (exists): u_5895074300.las
[2085846] Skipping (exists): u_5902574300.las
[2085846] Skipping (exists): u_5910074300.las
[2085846] Skipping (exists): u_5917574300.las
[2085846] Skipping (exists): u_5887574225.las
[2085846] Skipping (exists): u_5895074225.las
[2085846] Skipping (exists): u_5902574225.las
[2085846] Skipping (exists): u_5910074225.las
[2085846] Skipping (exists): u_5917574225.las
[2085846] Skipping (exists): u_5925074225.las
[2085846] Skipping (exists): u_5895074150.las
[2085846] Skipping (exists): u_5902574150.las
[2085846] Skipping (exists): u_5910074150.las
[2085846] Skipping (exists): u_5917574150.las
[2085846] Skipping (exists): u_5925074150.las
[2085846] Skipping (exists): u_5932574150.las
[2085846] Skipping (exists): u_6022574150.las
[2085846] Skipping (exists): u_6030074150.las
[2085846] Skipping (exists): u_6037574150.las
[2085846] Skipping (exists): u_6045074150.las
[2085846] Skipping (exists): u_5902574075.las
[2085846] Skipping (exists): u_5910074075.las
[2085846] Skipping (exists): u_5917574075.las
[2085846] Skipping (exists): u_5925074075.las
[2085846] Skipping (exists): u_5932574075.las
[2085846] Skipping (exists): u_6022574075.las
[2085846] Skipping (exists): u_6030074075.las
[2085846] Skipping (exists): u_6037574075.las
[2085846] Skipping (exists): u_6045074075.las
[2085846] Skipping (exists): u_5902574000.las
[2085846] Skipping (exists): u_5910074000.las
[2085846] Skipping (exists): u_5917574000.las
[2085846] Skipping (exists): u_5925074000.las
[2085846] Skipping (exists): u_5932574000.las
[2085846] Skipping (exists): u_5940074000.las
[2085846] Skipping (exists): u_6015074000.las
[2085846] Skipping (exists): u_6022574000.las
[2085846] Skipping (exists): u_6030074000.las
[2085846] Skipping (exists): u_6037574000.las
[2085846] Skipping (exists): u_6045074000.las
[2085846] Skipping (exists): u_5902573925.las
[2085846] Skipping (exists): u_5910073925.las
[2085846] Skipping (exists): u_5917573925.las
[2085846] Skipping (exists): u_5925073925.las
[2085846] Skipping (exists): u_5932573925.las
[2085846] Skipping (exists): u_5940073925.las
[2085846] Skipping (exists): u_5947573925.las
[2085846] Skipping (exists): u_6007573925.las
[2085846] Skipping (exists): u_6015073925.las
[2085846] Skipping (exists): u_6022573925.las
[2085846] Skipping (exists): u_6030073925.las
[2085846] Skipping (exists): u_6037573925.las
[2085846] Skipping (exists): u_6045073925.las
[2085846] Skipping (exists): u_6052573925.las
[2085846] Skipping (exists): u_5902573850.las
[2085846] Skipping (exists): u_5910073850.las
[2085846] Skipping (exists): u_5917573850.las
[2085846] Skipping (exists): u_5925073850.las
[2085846] Skipping (exists): u_5932573850.las
[2085846] Skipping (exists): u_5940073850.las
[2085846] Skipping (exists): u_5947573850.las
[2085846] Skipping (exists): u_5955073850.las
[2085846] Skipping (exists): u_5992573850.las
[2085846] Skipping (exists): u_6000073850.las
[2085846] Skipping (exists): u_6007573850.las
[2085846] Skipping (exists): u_6015073850.las
[2085846] Skipping (exists): u_6022573850.las
[2085846] Skipping (exists): u_6030073850.las
[2085846] Skipping (exists): u_6037573850.las
[2085846] Skipping (exists): u_6045073850.las
[2085846] Skipping (exists): u_6052573850.las
[2085846] Skipping (exists): u_5887573775.las
[2085846] Skipping (exists): u_5895073775.las
[2085846] Skipping (exists): u_5902573775.las
[2085846] Skipping (exists): u_5910073775.las
[2085846] Skipping (exists): u_5917573775.las
[2085846] Skipping (exists): u_5925073775.las
[2085846] Skipping (exists): u_5932573775.las
[2085846] Skipping (exists): u_5940073775.las
[2085846] Skipping (exists): u_5947573775.las
[2085846] Skipping (exists): u_5955073775.las
[2085846] Skipping (exists): u_5962573775.las
[2085846] Skipping (exists): u_5970073775.las
[2085846] Skipping (exists): u_5977573775.las
[2085846] Skipping (exists): u_5985073775.las
[2085846] Skipping (exists): u_5992573775.las
[2085846] Skipping (exists): u_6000073775.las
[2085846] Skipping (exists): u_6007573775.las
[2085846] Skipping (exists): u_6015073775.las
[2085846] Skipping (exists): u_6022573775.las
[2085846] Skipping (exists): u_6030073775.las
[2085846] Skipping (exists): u_6037573775.las
[2085846] Skipping (exists): u_6045073775.las
[2085846] Skipping (exists): u_6052573775.las
[2085846] Skipping (exists): u_6060073775.las
[2085846] Skipping (exists): u_6067573775.las
[2085846] Skipping (exists): u_6075073775.las
[2085846] Skipping (exists): u_5880073700.las
[2085846] Skipping (exists): u_5887573700.las
[2085846] Skipping (exists): u_5895073700.las
[2085846] Skipping (exists): u_5902573700.las
[2085846] Skipping (exists): u_5910073700.las
[2085846] Skipping (exists): u_5917573700.las
[2085846] Skipping (exists): u_5925073700.las
[2085846] Skipping (exists): u_5932573700.las
[2085846] Skipping (exists): u_5940073700.las
[2085846] Skipping (exists): u_5947573700.las
[2085846] Skipping (exists): u_5955073700.las
[2085846] Skipping (exists): u_5962573700.las
[2085846] Skipping (exists): u_5970073700.las
[2085846] Skipping (exists): u_5977573700.las
[2085846] Skipping (exists): u_5985073700.las
[2085846] Skipping (exists): u_5992573700.las
[2085846] Skipping (exists): u_6000073700.las
[2085846] Skipping (exists): u_6007573700.las
[2085846] Skipping (exists): u_6015073700.las
[2085846] Skipping (exists): u_6022573700.las
[2085846] Skipping (exists): u_6030073700.las
[2085846] Skipping (exists): u_6037573700.las
[2085846] Skipping (exists): u_6045073700.las
[2085846] Skipping (exists): u_6052573700.las
[2085846] Skipping (exists): u_6060073700.las
[2085846] Skipping (exists): u_6067573700.las
[2085846] Skipping (exists): u_6075073700.las
[2085846] Skipping (exists): u_5880073625.las
[2085846] Skipping (exists): u_5887573625.las
[2085846] Skipping (exists): u_5895073625.las
[2085846] Skipping (exists): u_5902573625.las
[2085846] Skipping (exists): u_5910073625.las
[2085846] Skipping (exists): u_5917573625.las
[2085846] Skipping (exists): u_5925073625.las
[2085846] Skipping (exists): u_5932573625.las
[2085846] Skipping (exists): u_5940073625.las
[2085846] Skipping (exists): u_5947573625.las
[2085846] Skipping (exists): u_5955073625.las
[2085846] Skipping (exists): u_5962573625.las
[2085846] Skipping (exists): u_5970073625.las
[2085846] Skipping (exists): u_5977573625.las
[2085846] Skipping (exists): u_5985073625.las
[2085846] Skipping (exists): u_5992573625.las
[2085846] Skipping (exists): u_6000073625.las
[2085846] Skipping (exists): u_6007573625.las
[2085846] Skipping (exists): u_6015073625.las
[2085846] Skipping (exists): u_6022573625.las
[2085846] Skipping (exists): u_6030073625.las
[2085846] Skipping (exists): u_6037573625.las
[2085846] Skipping (exists): u_6045073625.las
[2085846] Skipping (exists): u_6052573625.las
[2085846] Skipping (exists): u_6060073625.las
[2085846] Skipping (exists): u_6067573625.las
[2085846] Skipping (exists): u_6075073625.las
[2085846] Skipping (exists): u_5857573550.las
[2085846] Skipping (exists): u_5865073550.las
[2085846] Skipping (exists): u_5872573550.las
[2085846] Skipping (exists): u_5880073550.las
[2085846] Skipping (exists): u_5887573550.las
[2085846] Skipping (exists): u_5895073550.las
[2085846] Skipping (exists): u_5902573550.las
[2085846] Skipping (exists): u_5910073550.las
[2085846] Skipping (exists): u_5917573550.las
[2085846] Skipping (exists): u_5925073550.las
[2085846] Skipping (exists): u_5932573550.las
[2085846] Skipping (exists): u_5940073550.las
[2085846] Skipping (exists): u_5947573550.las
[2085846] Skipping (exists): u_5955073550.las
[2085846] Skipping (exists): u_5962573550.las
[2085846] Skipping (exists): u_5970073550.las
[2085846] Skipping (exists): u_5977573550.las
[2085846] Skipping (exists): u_5985073550.las
[2085846] Skipping (exists): u_5992573550.las
[2085846] Skipping (exists): u_6000073550.las
[2085846] Skipping (exists): u_6007573550.las
[2085846] Skipping (exists): u_6015073550.las
[2085846] Skipping (exists): u_6022573550.las
[2085846] Skipping (exists): u_6030073550.las
[2085846] Skipping (exists): u_6037573550.las
[2085846] Skipping (exists): u_6045073550.las
[2085846] Skipping (exists): u_6052573550.las
[2085846] Skipping (exists): u_6060073550.las
[2085846] Skipping (exists): u_6067573550.las
[2085846] Skipping (exists): u_5850073475.las
[2085846] Skipping (exists): u_5857573475.las
[2085846] Skipping (exists): u_5865073475.las
[2085846] Skipping (exists): u_5872573475.las
[2085846] Skipping (exists): u_5880073475.las
[2085846] Skipping (exists): u_5887573475.las
[2085846] Skipping (exists): u_5895073475.las
[2085846] Skipping (exists): u_5902573475.las
[2085846] Skipping (exists): u_5910073475.las
[2085846] Skipping (exists): u_5917573475.las
[2085846] Skipping (exists): u_5925073475.las
[2085846] Skipping (exists): u_5932573475.las
[2085846] Skipping (exists): u_5940073475.las
[2085846] Skipping (exists): u_5947573475.las
[2085846] Skipping (exists): u_5955073475.las
[2085846] Skipping (exists): u_5962573475.las
[2085846] Skipping (exists): u_5970073475.las
[2085846] Skipping (exists): u_5977573475.las
[2085846] Skipping (exists): u_5985073475.las
[2085846] Skipping (exists): u_5992573475.las
[2085846] Skipping (exists): u_6000073475.las
[2085846] Skipping (exists): u_6007573475.las
[2085846] Skipping (exists): u_6015073475.las
[2085846] Skipping (exists): u_6022573475.las
[2085846] Skipping (exists): u_6030073475.las
[2085846] Skipping (exists): u_6037573475.las
[2085846] Skipping (exists): u_6045073475.las
[2085846] Skipping (exists): u_6052573475.las
[2085846] Skipping (exists): u_6060073475.las
[2085846] Skipping (exists): u_6067573475.las
[2085846] Skipping (exists): u_5850073400.las
[2085846] Skipping (exists): u_5857573400.las
[2085846] Skipping (exists): u_5865073400.las
[2085846] Skipping (exists): u_5872573400.las
[2085846] Skipping (exists): u_5880073400.las
[2085846] Skipping (exists): u_5887573400.las
[2085846] Skipping (exists): u_5895073400.las
[2085846] Skipping (exists): u_5902573400.las
[2085846] Skipping (exists): u_5910073400.las
[2085846] Skipping (exists): u_5917573400.las
[2085846] Skipping (exists): u_5925073400.las
[2085846] Skipping (exists): u_5932573400.las
[2085846] Skipping (exists): u_5940073400.las
[2085846] Skipping (exists): u_5947573400.las
[2085846] Skipping (exists): u_5955073400.las
[2085846] Skipping (exists): u_5962573400.las
[2085846] Skipping (exists): u_5970073400.las
[2085846] Skipping (exists): u_5977573400.las
[2085846] Skipping (exists): u_5985073400.las
[2085846] Skipping (exists): u_5992573400.las
[2085846] Skipping (exists): u_6000073400.las
[2085846] Skipping (exists): u_6007573400.las
[2085846] Skipping (exists): u_6015073400.las
[2085846] Skipping (exists): u_6022573400.las
[2085846] Skipping (exists): u_6030073400.las
[2085846] Skipping (exists): u_6037573400.las
[2085846] Skipping (exists): u_6045073400.las
[2085846] Skipping (exists): u_6052573400.las
[2085846] Skipping (exists): u_6060073400.las
[2085846] Skipping (exists): u_6067573400.las
[2085846] Skipping (exists): u_5842573325.las
[2085846] Skipping (exists): u_5850073325.las
[2085846] Skipping (exists): u_5857573325.las
[2085846] Skipping (exists): u_5865073325.las
[2085846] Skipping (exists): u_5872573325.las
[2085846] Skipping (exists): u_5880073325.las
[2085846] Skipping (exists): u_5887573325.las
[2085846] Skipping (exists): u_5895073325.las
[2085846] Skipping (exists): u_5902573325.las
[2085846] Skipping (exists): u_5910073325.las
[2085846] Skipping (exists): u_5917573325.las
[2085846] Skipping (exists): u_5925073325.las
[2085846] Skipping (exists): u_5932573325.las
[2085846] Skipping (exists): u_5940073325.las
[2085846] Skipping (exists): u_5947573325.las
[2085846] Skipping (exists): u_5955073325.las
[2085846] Skipping (exists): u_5962573325.las
[2085846] Skipping (exists): u_5970073325.las
[2085846] Skipping (exists): u_5977573325.las
[2085846] Skipping (exists): u_5985073325.las
[2085846] Skipping (exists): u_5992573325.las
[2085846] Skipping (exists): u_6000073325.las
[2085846] Skipping (exists): u_6007573325.las
[2085846] Skipping (exists): u_6015073325.las
[2085846] Skipping (exists): u_6022573325.las
[2085846] Skipping (exists): u_6030073325.las
[2085846] Skipping (exists): u_6037573325.las
[2085846] Skipping (exists): u_6045073325.las
[2085846] Skipping (exists): u_6052573325.las
[2085846] Skipping (exists): u_6060073325.las
[2085846] Skipping (exists): u_6067573325.las
[2085846] Skipping (exists): u_5827573250.las
[2085846] Skipping (exists): u_5835073250.las
[2085846] Skipping (exists): u_5842573250.las
[2085846] Skipping (exists): u_5850073250.las
[2085846] Skipping (exists): u_5857573250.las
[2085846] Skipping (exists): u_5865073250.las
[2085846] Skipping (exists): u_5872573250.las
[2085846] Skipping (exists): u_5880073250.las
[2085846] Skipping (exists): u_5887573250.las
[2085846] Skipping (exists): u_5895073250.las
[2085846] Skipping (exists): u_5902573250.las
[2085846] Skipping (exists): u_5910073250.las
[2085846] Skipping (exists): u_5917573250.las
[2085846] Skipping (exists): u_5925073250.las
[2085846] Skipping (exists): u_5932573250.las
[2085846] Skipping (exists): u_5940073250.las
[2085846] Skipping (exists): u_5947573250.las
[2085846] Skipping (exists): u_5955073250.las
[2085846] Skipping (exists): u_5962573250.las
[2085846] Skipping (exists): u_5970073250.las
[2085846] Skipping (exists): u_5977573250.las
[2085846] Skipping (exists): u_5985073250.las
[2085846] Skipping (exists): u_5992573250.las
[2085846] Skipping (exists): u_6000073250.las
[2085846] Skipping (exists): u_6007573250.las
[2085846] Skipping (exists): u_6015073250.las
[2085846] Skipping (exists): u_6022573250.las
[2085846] Skipping (exists): u_6030073250.las
[2085846] Skipping (exists): u_6037573250.las
[2085846] Skipping (exists): u_6045073250.las
[2085846] Skipping (exists): u_6052573250.las
[2085846] Skipping (exists): u_6060073250.las
[2085846] Skipping (exists): u_6067573250.las
[2085846] Skipping (exists): u_5820073175.las
[2085846] Skipping (exists): u_5827573175.las
[2085846] Skipping (exists): u_5835073175.las
[2085846] Skipping (exists): u_5842573175.las
[2085846] Skipping (exists): u_5850073175.las
[2085846] Skipping (exists): u_5857573175.las
[2085846] Skipping (exists): u_5865073175.las
[2085846] Skipping (exists): u_5872573175.las
[2085846] Skipping (exists): u_5880073175.las
[2085846] Skipping (exists): u_5887573175.las
[2085846] Skipping (exists): u_5895073175.las
[2085846] Skipping (exists): u_5902573175.las
[2085846] Skipping (exists): u_5910073175.las
[2085846] Skipping (exists): u_5917573175.las
[2085846] Skipping (exists): u_5925073175.las
[2085846] Skipping (exists): u_5932573175.las
[2085846] Skipping (exists): u_5940073175.las
[2085846] Skipping (exists): u_5947573175.las
[2085846] Skipping (exists): u_5955073175.las
[2085846] Skipping (exists): u_5962573175.las
[2085846] Skipping (exists): u_5970073175.las
[2085846] Skipping (exists): u_5977573175.las
[2085846] Skipping (exists): u_5985073175.las
[2085846] Skipping (exists): u_5992573175.las
[2085846] Skipping (exists): u_6000073175.las
[2085846] Skipping (exists): u_6007573175.las
[2085846] Skipping (exists): u_6015073175.las
[2085846] Skipping (exists): u_6022573175.las
[2085846] Skipping (exists): u_6030073175.las
[2085846] Skipping (exists): u_6037573175.las
[2085846] Skipping (exists): u_6045073175.las
[2085846] Skipping (exists): u_6052573175.las
[2085846] Skipping (exists): u_6060073175.las
[2085846] Skipping (exists): u_6067573175.las
[2085846] Skipping (exists): u_5812573100.las
[2085846] Skipping (exists): u_5820073100.las
[2085846] Skipping (exists): u_5827573100.las
[2085846] Skipping (exists): u_5835073100.las
[2085846] Skipping (exists): u_5842573100.las
[2085846] Skipping (exists): u_5850073100.las
[2085846] Skipping (exists): u_5857573100.las
[2085846] Skipping (exists): u_5865073100.las
[2085846] Skipping (exists): u_5872573100.las
[2085846] Skipping (exists): u_5880073100.las
[2085846] Skipping (exists): u_5887573100.las
[2085846] Skipping (exists): u_5895073100.las
[2085846] Skipping (exists): u_5902573100.las
[2085846] Skipping (exists): u_5910073100.las
[2085846] Skipping (exists): u_5917573100.las
[2085846] Skipping (exists): u_5925073100.las
[2085846] Skipping (exists): u_5932573100.las
[2085846] Skipping (exists): u_5940073100.las
[2085846] Skipping (exists): u_5947573100.las
[2085846] Skipping (exists): u_5955073100.las
[2085846] Skipping (exists): u_5962573100.las
[2085846] Skipping (exists): u_5970073100.las
[2085846] Skipping (exists): u_5977573100.las
[2085846] Skipping (exists): u_5985073100.las
[2085846] Skipping (exists): u_5992573100.las
[2085846] Skipping (exists): u_6000073100.las
[2085846] Skipping (exists): u_6007573100.las
[2085846] Skipping (exists): u_6015073100.las
[2085846] Skipping (exists): u_6022573100.las
[2085846] Skipping (exists): u_6030073100.las
[2085846] Skipping (exists): u_6037573100.las
[2085846] Skipping (exists): u_6045073100.las
[2085846] Skipping (exists): u_6052573100.las
[2085846] Skipping (exists): u_6060073100.las
[2085846] Skipping (exists): u_6067573100.las
[2085846] Skipping (exists): u_6075073100.las
[2085846] Skipping (exists): u_5820073025.las
[2085846] Skipping (exists): u_5827573025.las
[2085846] Skipping (exists): u_5835073025.las
[2085846] Skipping (exists): u_5842573025.las
[2085846] Skipping (exists): u_5850073025.las
[2085846] Skipping (exists): u_5857573025.las
[2085846] Skipping (exists): u_5865073025.las
[2085846] Skipping (exists): u_5872573025.las
[2085846] Skipping (exists): u_5880073025.las
[2085846] Skipping (exists): u_5887573025.las
[2085846] Skipping (exists): u_5895073025.las
[2085846] Skipping (exists): u_5902573025.las
[2085846] Skipping (exists): u_5910073025.las
[2085846] Skipping (exists): u_5917573025.las
[2085846] Skipping (exists): u_5925073025.las
[2085846] Skipping (exists): u_5932573025.las
[2085846] Skipping (exists): u_5940073025.las
[2085846] Skipping (exists): u_5947573025.las
[2085846] Skipping (exists): u_5955073025.las
[2085846] Skipping (exists): u_5962573025.las
[2085846] Skipping (exists): u_5970073025.las
[2085846] Skipping (exists): u_5977573025.las
[2085846] Skipping (exists): u_5985073025.las
[2085846] Skipping (exists): u_5992573025.las
[2085846] Skipping (exists): u_6000073025.las
[2085846] Skipping (exists): u_6007573025.las
[2085846] Skipping (exists): u_6015073025.las
[2085846] Skipping (exists): u_6022573025.las
[2085846] Skipping (exists): u_6030073025.las
[2085846] Skipping (exists): u_6037573025.las
[2085846] Skipping (exists): u_6045073025.las
[2085846] Skipping (exists): u_6052573025.las
[2085846] Skipping (exists): u_6060073025.las
[2085846] Skipping (exists): u_6067573025.las
[2085846] Skipping (exists): u_6075073025.las
[2085846] Skipping (exists): u_5827572950.las
[2085846] Skipping (exists): u_5835072950.las
[2085846] Skipping (exists): u_5842572950.las
[2085846] Skipping (exists): u_5850072950.las
[2085846] Skipping (exists): u_5857572950.las
[2085846] Skipping (exists): u_5865072950.las
[2085846] Skipping (exists): u_5872572950.las
[2085846] Skipping (exists): u_5880072950.las
[2085846] Skipping (exists): u_5887572950.las
[2085846] Skipping (exists): u_5895072950.las
[2085846] Skipping (exists): u_5902572950.las
[2085846] Skipping (exists): u_5910072950.las
[2085846] Skipping (exists): u_5917572950.las
[2085846] Skipping (exists): u_5925072950.las
[2085846] Skipping (exists): u_5932572950.las
[2085846] Skipping (exists): u_5940072950.las
[2085846] Skipping (exists): u_5947572950.las
[2085846] Skipping (exists): u_5955072950.las
[2085846] Skipping (exists): u_5962572950.las
[2085846] Skipping (exists): u_5970072950.las
[2085846] Skipping (exists): u_5977572950.las
[2085846] Skipping (exists): u_5985072950.las
[2085846] Skipping (exists): u_5992572950.las
[2085846] Skipping (exists): u_6000072950.las
[2085846] Skipping (exists): u_6007572950.las
[2085846] Skipping (exists): u_6015072950.las
[2085846] Skipping (exists): u_6022572950.las
[2085846] Skipping (exists): u_6030072950.las
[2085846] Skipping (exists): u_6037572950.las
[2085846] Skipping (exists): u_6045072950.las
[2085846] Skipping (exists): u_6052572950.las
[2085846] Skipping (exists): u_6060072950.las
[2085846] Skipping (exists): u_6067572950.las
[2085846] Skipping (exists): u_5827572875.las
[2085846] Skipping (exists): u_5835072875.las
[2085846] Skipping (exists): u_5842572875.las
[2085846] Skipping (exists): u_5850072875.las
[2085846] Skipping (exists): u_5857572875.las
[2085846] Skipping (exists): u_5865072875.las
[2085846] Skipping (exists): u_5872572875.las
[2085846] Skipping (exists): u_5880072875.las
[2085846] Skipping (exists): u_5887572875.las
[2085846] Skipping (exists): u_5895072875.las
[2085846] Skipping (exists): u_5902572875.las
[2085846] Skipping (exists): u_5910072875.las
[2085846] Skipping (exists): u_5917572875.las
[2085846] Skipping (exists): u_5925072875.las
[2085846] Skipping (exists): u_5932572875.las
[2085846] Skipping (exists): u_5940072875.las
[2085846] Skipping (exists): u_5947572875.las
[2085846] Skipping (exists): u_5955072875.las
[2085846] Skipping (exists): u_5962572875.las
[2085846] Skipping (exists): u_5970072875.las
[2085846] Skipping (exists): u_5977572875.las
[2085846] Skipping (exists): u_5985072875.las
[2085846] Skipping (exists): u_5992572875.las
[2085846] Skipping (exists): u_6000072875.las
[2085846] Skipping (exists): u_6007572875.las
[2085846] Skipping (exists): u_6015072875.las
[2085846] Skipping (exists): u_6022572875.las
[2085846] Skipping (exists): u_6030072875.las
[2085846] Skipping (exists): u_6037572875.las
[2085846] Skipping (exists): u_6045072875.las
[2085846] Skipping (exists): u_6052572875.las
[2085846] Skipping (exists): u_6060072875.las
[2085846] Skipping (exists): u_6067572875.las
[2085846] Skipping (exists): u_5842572800.las
[2085846] Skipping (exists): u_5850072800.las
[2085846] Skipping (exists): u_5857572800.las
[2085846] Skipping (exists): u_5865072800.las
[2085846] Skipping (exists): u_5872572800.las
[2085846] Skipping (exists): u_5880072800.las
[2085846] Skipping (exists): u_5887572800.las
[2085846] Skipping (exists): u_5895072800.las
[2085846] Skipping (exists): u_5902572800.las
[2085846] Skipping (exists): u_5910072800.las
[2085846] Skipping (exists): u_5917572800.las
[2085846] Skipping (exists): u_5925072800.las
[2085846] Skipping (exists): u_5932572800.las
[2085846] Skipping (exists): u_5940072800.las
[2085846] Skipping (exists): u_5947572800.las
[2085846] Skipping (exists): u_5955072800.las
[2085846] Skipping (exists): u_5962572800.las
[2085846] Skipping (exists): u_5970072800.las
[2085846] Skipping (exists): u_5977572800.las
[2085846] Skipping (exists): u_5985072800.las
[2085846] Skipping (exists): u_5992572800.las
[2085846] Skipping (exists): u_6000072800.las
[2085846] Skipping (exists): u_6007572800.las
[2085846] Skipping (exists): u_6015072800.las
[2085846] Skipping (exists): u_6022572800.las
[2085846] Skipping (exists): u_6030072800.las
[2085846] Skipping (exists): u_6037572800.las
[2085846] Skipping (exists): u_6045072800.las
[2085846] Skipping (exists): u_6052572800.las
[2085846] Skipping (exists): u_6060072800.las
[2085846] Skipping (exists): u_5850072725.las
[2085846] Skipping (exists): u_5857572725.las
[2085846] Skipping (exists): u_5865072725.las
[2085846] Skipping (exists): u_5872572725.las
[2085846] Skipping (exists): u_5880072725.las
[2085846] Skipping (exists): u_5887572725.las
[2085846] Skipping (exists): u_5895072725.las
[2085846] Skipping (exists): u_5902572725.las
[2085846] Skipping (exists): u_5910072725.las
[2085846] Skipping (exists): u_5917572725.las
[2085846] Skipping (exists): u_5925072725.las
[2085846] Skipping (exists): u_5932572725.las
[2085846] Skipping (exists): u_5940072725.las
[2085846] Skipping (exists): u_5947572725.las
[2085846] Skipping (exists): u_5955072725.las
[2085846] Skipping (exists): u_5962572725.las
[2085846] Skipping (exists): u_5970072725.las
[2085846] Skipping (exists): u_5977572725.las
[2085846] Skipping (exists): u_5985072725.las
[2085846] Skipping (exists): u_5992572725.las
[2085846] Skipping (exists): u_6000072725.las
[2085846] Skipping (exists): u_6007572725.las
[2085846] Skipping (exists): u_6015072725.las
[2085846] Skipping (exists): u_6022572725.las
[2085846] Skipping (exists): u_6030072725.las
[2085846] Skipping (exists): u_6037572725.las
[2085846] Skipping (exists): u_6045072725.las
[2085846] Skipping (exists): u_6052572725.las
[2085846] Skipping (exists): u_6060072725.las
[2085846] Skipping (exists): u_5857572650.las
[2085846] Skipping (exists): u_5865072650.las
[2085846] Skipping (exists): u_5872572650.las
[2085846] Skipping (exists): u_5880072650.las
[2085846] Skipping (exists): u_5887572650.las
[2085846] Skipping (exists): u_5895072650.las
[2085846] Skipping (exists): u_5902572650.las
[2085846] Skipping (exists): u_5910072650.las
[2085846] Skipping (exists): u_5917572650.las
[2085846] Skipping (exists): u_5925072650.las
[2085846] Skipping (exists): u_5932572650.las
[2085846] Skipping (exists): u_5940072650.las
[2085846] Skipping (exists): u_5947572650.las
[2085846] Skipping (exists): u_5955072650.las
[2085846] Skipping (exists): u_5962572650.las
[2085846] Skipping (exists): u_5970072650.las
[2085846] Skipping (exists): u_5977572650.las
[2085846] Skipping (exists): u_5985072650.las
[2085846] Skipping (exists): u_5992572650.las
[2085846] Skipping (exists): u_6000072650.las
[2085846] Skipping (exists): u_6007572650.las
[2085846] Skipping (exists): u_6015072650.las
[2085846] Skipping (exists): u_6022572650.las
[2085846] Skipping (exists): u_6030072650.las
[2085846] Skipping (exists): u_6037572650.las
[2085846] Skipping (exists): u_6045072650.las
[2085846] Skipping (exists): u_6052572650.las
[2085846] Skipping (exists): u_6060072650.las
[2085846] Skipping (exists): u_5857572575.las
[2085846] Skipping (exists): u_5865072575.las
[2085846] Skipping (exists): u_5872572575.las
[2085846] Skipping (exists): u_5880072575.las
[2085846] Skipping (exists): u_5887572575.las
[2085846] Skipping (exists): u_5895072575.las
[2085846] Skipping (exists): u_5902572575.las
[2085846] Skipping (exists): u_5910072575.las
[2085846] Skipping (exists): u_5917572575.las
[2085846] Skipping (exists): u_5925072575.las
[2085846] Skipping (exists): u_5932572575.las
[2085846] Skipping (exists): u_5940072575.las
[2085846] Skipping (exists): u_5947572575.las
[2085846] Skipping (exists): u_5955072575.las
[2085846] Skipping (exists): u_5962572575.las
[2085846] Skipping (exists): u_5970072575.las
[2085846] Skipping (exists): u_5977572575.las
[2085846] Skipping (exists): u_5985072575.las
[2085846] Skipping (exists): u_5992572575.las
[2085846] Skipping (exists): u_6000072575.las
[2085846] Skipping (exists): u_6007572575.las
[2085846] Skipping (exists): u_6015072575.las
[2085846] Skipping (exists): u_6022572575.las
[2085846] Skipping (exists): u_6030072575.las
[2085846] Skipping (exists): u_6037572575.las
[2085846] Skipping (exists): u_6045072575.las
[2085846] Skipping (exists): u_6052572575.las
[2085846] Skipping (exists): u_5865072500.las
[2085846] Skipping (exists): u_5872572500.las
[2085846] Skipping (exists): u_5880072500.las
[2085846] Skipping (exists): u_5887572500.las
[2085846] Skipping (exists): u_5895072500.las
[2085846] Skipping (exists): u_5902572500.las
[2085846] Skipping (exists): u_5910072500.las
[2085846] Skipping (exists): u_5917572500.las
[2085846] Skipping (exists): u_5925072500.las
[2085846] Skipping (exists): u_5932572500.las
[2085846] Skipping (exists): u_5940072500.las
[2085846] Skipping (exists): u_5947572500.las
[2085846] Skipping (exists): u_5955072500.las
[2085846] Skipping (exists): u_5962572500.las
[2085846] Skipping (exists): u_5970072500.las
[2085846] Skipping (exists): u_5977572500.las
[2085846] Skipping (exists): u_5985072500.las
[2085846] Skipping (exists): u_5992572500.las
[2085846] Skipping (exists): u_6000072500.las
[2085846] Skipping (exists): u_6007572500.las
[2085846] Skipping (exists): u_6015072500.las
[2085846] Skipping (exists): u_6022572500.las
[2085846] Skipping (exists): u_6030072500.las
[2085846] Skipping (exists): u_6037572500.las
[2085846] Skipping (exists): u_6045072500.las
[2085846] Skipping (exists): u_6052572500.las
[2085846] Skipping (exists): u_5865072425.las
[2085846] Skipping (exists): u_5872572425.las
[2085846] Skipping (exists): u_5880072425.las
[2085846] Skipping (exists): u_5887572425.las
[2085846] Skipping (exists): u_5895072425.las
[2085846] Skipping (exists): u_5902572425.las
[2085846] Skipping (exists): u_5910072425.las
[2085846] Skipping (exists): u_5917572425.las
[2085846] Skipping (exists): u_5925072425.las
[2085846] Skipping (exists): u_5932572425.las
[2085846] Skipping (exists): u_5940072425.las
[2085846] Skipping (exists): u_5947572425.las
[2085846] Skipping (exists): u_5955072425.las
[2085846] Skipping (exists): u_5962572425.las
[2085846] Skipping (exists): u_5970072425.las
[2085846] Skipping (exists): u_5977572425.las
[2085846] Skipping (exists): u_5985072425.las
[2085846] Skipping (exists): u_5992572425.las
[2085846] Skipping (exists): u_6000072425.las
[2085846] Skipping (exists): u_6007572425.las
[2085846] Skipping (exists): u_6015072425.las
[2085846] Skipping (exists): u_6022572425.las
[2085846] Skipping (exists): u_6030072425.las
[2085846] Skipping (exists): u_6037572425.las
[2085846] Skipping (exists): u_6045072425.las
[2085846] Skipping (exists): u_5865072350.las
[2085846] Skipping (exists): u_5872572350.las
[2085846] Skipping (exists): u_5880072350.las
[2085846] Skipping (exists): u_5887572350.las
[2085846] Skipping (exists): u_5895072350.las
[2085846] Skipping (exists): u_5902572350.las
[2085846] Skipping (exists): u_5910072350.las
[2085846] Skipping (exists): u_5917572350.las
[2085846] Skipping (exists): u_5925072350.las
[2085846] Skipping (exists): u_5932572350.las
[2085846] Skipping (exists): u_5940072350.las
[2085846] Skipping (exists): u_5947572350.las
[2085846] Skipping (exists): u_5955072350.las
[2085846] Skipping (exists): u_5962572350.las
[2085846] Skipping (exists): u_5970072350.las
[2085846] Skipping (exists): u_5977572350.las
[2085846] Skipping (exists): u_5985072350.las
[2085846] Skipping (exists): u_5992572350.las
[2085846] Skipping (exists): u_6000072350.las
[2085846] Skipping (exists): u_6007572350.las
[2085846] Skipping (exists): u_6015072350.las
[2085846] Skipping (exists): u_6022572350.las
[2085846] Skipping (exists): u_6030072350.las
[2085846] Skipping (exists): u_6037572350.las
[2085846] Skipping (exists): u_5820072275.las
[2085846] Skipping (exists): u_5827572275.las
[2085846] Skipping (exists): u_5835072275.las
[2085846] Skipping (exists): u_5842572275.las
[2085846] Skipping (exists): u_5850072275.las
[2085846] Skipping (exists): u_5857572275.las
[2085846] Skipping (exists): u_5865072275.las
[2085846] Skipping (exists): u_5872572275.las
[2085846] Skipping (exists): u_5880072275.las
[2085846] Skipping (exists): u_5887572275.las
[2085846] Skipping (exists): u_5895072275.las
[2085846] Skipping (exists): u_5902572275.las
[2085846] Skipping (exists): u_5910072275.las
[2085846] Skipping (exists): u_5917572275.las
[2085846] Skipping (exists): u_5925072275.las
[2085846] Skipping (exists): u_5932572275.las
[2085846] Skipping (exists): u_5940072275.las
[2085846] Skipping (exists): u_5947572275.las
[2085846] Skipping (exists): u_5955072275.las
[2085846] Skipping (exists): u_5962572275.las
[2085846] Skipping (exists): u_5970072275.las
[2085846] Skipping (exists): u_5977572275.las
[2085846] Skipping (exists): u_5985072275.las
[2085846] Skipping (exists): u_5992572275.las
[2085846] Skipping (exists): u_6000072275.las
[2085846] Skipping (exists): u_6007572275.las
[2085846] Skipping (exists): u_6015072275.las
[2085846] Skipping (exists): u_6022572275.las
[2085846] Skipping (exists): u_6030072275.las
[2085846] Skipping (exists): u_5812572200.las
[2085846] Skipping (exists): u_5820072200.las
[2085846] Skipping (exists): u_5827572200.las
[2085846] Skipping (exists): u_5835072200.las
[2085846] Skipping (exists): u_5842572200.las
[2085846] Skipping (exists): u_5850072200.las
[2085846] Skipping (exists): u_5857572200.las
[2085846] Skipping (exists): u_5865072200.las
[2085846] Skipping (exists): u_5872572200.las
[2085846] Skipping (exists): u_5880072200.las
[2085846] Skipping (exists): u_5887572200.las
[2085846] Skipping (exists): u_5895072200.las
[2085846] Skipping (exists): u_5902572200.las
[2085846] Skipping (exists): u_5910072200.las
[2085846] Skipping (exists): u_5917572200.las
[2085846] Skipping (exists): u_5925072200.las
[2085846] Skipping (exists): u_5932572200.las
[2085846] Skipping (exists): u_5940072200.las
[2085846] Skipping (exists): u_5947572200.las
[2085846] Skipping (exists): u_5955072200.las
[2085846] Skipping (exists): u_5962572200.las
[2085846] Skipping (exists): u_5970072200.las
[2085846] Skipping (exists): u_5977572200.las
[2085846] Skipping (exists): u_5985072200.las
[2085846] Skipping (exists): u_5992572200.las
[2085846] Skipping (exists): u_6000072200.las
[2085846] Skipping (exists): u_6007572200.las
[2085846] Skipping (exists): u_6015072200.las
[2085846] Skipping (exists): u_6022572200.las
[2085846] Skipping (exists): u_6030072200.las
[2085846] Skipping (exists): u_5812572125.las
[2085846] Skipping (exists): u_5820072125.las
[2085846] Skipping (exists): u_5827572125.las
[2085846] Skipping (exists): u_5835072125.las
[2085846] Skipping (exists): u_5842572125.las
[2085846] Skipping (exists): u_5850072125.las
[2085846] Skipping (exists): u_5857572125.las
[2085846] Skipping (exists): u_5865072125.las
[2085846] Skipping (exists): u_5872572125.las
[2085846] Skipping (exists): u_5880072125.las
[2085846] Skipping (exists): u_5887572125.las
[2085846] Skipping (exists): u_5895072125.las
[2085846] Skipping (exists): u_5902572125.las
[2085846] Skipping (exists): u_5910072125.las
[2085846] Skipping (exists): u_5917572125.las
[2085846] Skipping (exists): u_5925072125.las
[2085846] Skipping (exists): u_5932572125.las
[2085846] Skipping (exists): u_5940072125.las
[2085846] Skipping (exists): u_5947572125.las
[2085846] Skipping (exists): u_5955072125.las
[2085846] Skipping (exists): u_5962572125.las
[2085846] Skipping (exists): u_5970072125.las
[2085846] Skipping (exists): u_5977572125.las
[2085846] Skipping (exists): u_5985072125.las
[2085846] Skipping (exists): u_5992572125.las
[2085846] Skipping (exists): u_6000072125.las
[2085846] Skipping (exists): u_6007572125.las
[2085846] Skipping (exists): u_6015072125.las
[2085846] Skipping (exists): u_6022572125.las
[2085846] Skipping (exists): u_6030072125.las
[2085846] Skipping (exists): u_5812572050.las
[2085846] Skipping (exists): u_5820072050.las
[2085846] Skipping (exists): u_5827572050.las
[2085846] Skipping (exists): u_5835072050.las
[2085846] Skipping (exists): u_5842572050.las
[2085846] Skipping (exists): u_5850072050.las
[2085846] Skipping (exists): u_5857572050.las
[2085846] Skipping (exists): u_5865072050.las
[2085846] Skipping (exists): u_5872572050.las
[2085846] Skipping (exists): u_5880072050.las
[2085846] Skipping (exists): u_5887572050.las
[2085846] Skipping (exists): u_5895072050.las
[2085846] Skipping (exists): u_5902572050.las
[2085846] Skipping (exists): u_5910072050.las
[2085846] Skipping (exists): u_5917572050.las
[2085846] Skipping (exists): u_5925072050.las
[2085846] Skipping (exists): u_5932572050.las
[2085846] Skipping (exists): u_5940072050.las
[2085846] Skipping (exists): u_5947572050.las
[2085846] Skipping (exists): u_5955072050.las
[2085846] Skipping (exists): u_5962572050.las
[2085846] Skipping (exists): u_5970072050.las
[2085846] Skipping (exists): u_5977572050.las
[2085846] Skipping (exists): u_5985072050.las
[2085846] Skipping (exists): u_5992572050.las
[2085846] Skipping (exists): u_6000072050.las
[2085846] Skipping (exists): u_6007572050.las
[2085846] Skipping (exists): u_6015072050.las
[2085846] Skipping (exists): u_5797571975.las
[2085846] Skipping (exists): u_5805071975.las
[2085846] Skipping (exists): u_5812571975.las
[2085846] Skipping (exists): u_5820071975.las
[2085846] Skipping (exists): u_5827571975.las
[2085846] Skipping (exists): u_5835071975.las
[2085846] Skipping (exists): u_5842571975.las
[2085846] Skipping (exists): u_5850071975.las
[2085846] Skipping (exists): u_5857571975.las
[2085846] Skipping (exists): u_5865071975.las
[2085846] Skipping (exists): u_5872571975.las
[2085846] Skipping (exists): u_5880071975.las
[2085846] Skipping (exists): u_5887571975.las
[2085846] Skipping (exists): u_5895071975.las
[2085846] Skipping (exists): u_5902571975.las
[2085846] Skipping (exists): u_5910071975.las
[2085846] Skipping (exists): u_5917571975.las
[2085846] Skipping (exists): u_5925071975.las
[2085846] Skipping (exists): u_5932571975.las
[2085846] Skipping (exists): u_5940071975.las
[2085846] Skipping (exists): u_5947571975.las
[2085846] Skipping (exists): u_5955071975.las
[2085846] Skipping (exists): u_5962571975.las
[2085846] Skipping (exists): u_5970071975.las
[2085846] Skipping (exists): u_5977571975.las
[2085846] Skipping (exists): u_5985071975.las
[2085846] Skipping (exists): u_5992571975.las
[2085846] Skipping (exists): u_6000071975.las
[2085846] Skipping (exists): u_6007571975.las
[2085846] Skipping (exists): u_6015071975.las
[2085846] Skipping (exists): u_5797571900.las
[2085846] Skipping (exists): u_5805071900.las
[2085846] Skipping (exists): u_5812571900.las
[2085846] Skipping (exists): u_5820071900.las
[2085846] Skipping (exists): u_5827571900.las
[2085846] Skipping (exists): u_5835071900.las
[2085846] Skipping (exists): u_5842571900.las
[2085846] Skipping (exists): u_5850071900.las
[2085846] Skipping (exists): u_5857571900.las
[2085846] Skipping (exists): u_5865071900.las
[2085846] Skipping (exists): u_5872571900.las
[2085846] Skipping (exists): u_5880071900.las
[2085846] Skipping (exists): u_5887571900.las
[2085846] Skipping (exists): u_5895071900.las
[2085846] Skipping (exists): u_5902571900.las
[2085846] Skipping (exists): u_5910071900.las
[2085846] Skipping (exists): u_5917571900.las
[2085846] Skipping (exists): u_5925071900.las
[2085846] Skipping (exists): u_5932571900.las
[2085846] Skipping (exists): u_5940071900.las
[2085846] Skipping (exists): u_5947571900.las
[2085846] Skipping (exists): u_5955071900.las
[2085846] Skipping (exists): u_5962571900.las
[2085846] Skipping (exists): u_5970071900.las
[2085846] Skipping (exists): u_5977571900.las
[2085846] Skipping (exists): u_5985071900.las
[2085846] Skipping (exists): u_5992571900.las
[2085846] Skipping (exists): u_6000071900.las
[2085846] Skipping (exists): u_6007571900.las
[2085846] Skipping (exists): u_6015071900.las
[2085846] Skipping (exists): u_5790071825.las
[2085846] Skipping (exists): u_5797571825.las
[2085846] Skipping (exists): u_5805071825.las
[2085846] Skipping (exists): u_5812571825.las
[2085846] Skipping (exists): u_5820071825.las
[2085846] Skipping (exists): u_5827571825.las
[2085846] Skipping (exists): u_5835071825.las
[2085846] Skipping (exists): u_5842571825.las
[2085846] Skipping (exists): u_5850071825.las
[2085846] Skipping (exists): u_5857571825.las
[2085846] Skipping (exists): u_5865071825.las
[2085846] Skipping (exists): u_5872571825.las
[2085846] Skipping (exists): u_5880071825.las
[2085846] Skipping (exists): u_5887571825.las
[2085846] Skipping (exists): u_5895071825.las
[2085846] Skipping (exists): u_5902571825.las
[2085846] Skipping (exists): u_5910071825.las
[2085846] Skipping (exists): u_5917571825.las
[2085846] Skipping (exists): u_5925071825.las
[2085846] Skipping (exists): u_5932571825.las
[2085846] Skipping (exists): u_5940071825.las
[2085846] Skipping (exists): u_5947571825.las
[2085846] Skipping (exists): u_5955071825.las
[2085846] Skipping (exists): u_5962571825.las
[2085846] Skipping (exists): u_5970071825.las
[2085846] Skipping (exists): u_5977571825.las
[2085846] Skipping (exists): u_5985071825.las
[2085846] Skipping (exists): u_5992571825.las
[2085846] Skipping (exists): u_6000071825.las
[2085846] Skipping (exists): u_6007571825.las
[2085846] Skipping (exists): u_5790071750.las
[2085846] Skipping (exists): u_5797571750.las
[2085846] Skipping (exists): u_5805071750.las
[2085846] Skipping (exists): u_5812571750.las
[2085846] Skipping (exists): u_5820071750.las
[2085846] Skipping (exists): u_5827571750.las
[2085846] Skipping (exists): u_5835071750.las
[2085846] Skipping (exists): u_5842571750.las
[2085846] Skipping (exists): u_5850071750.las
[2085846] Skipping (exists): u_5857571750.las
[2085846] Skipping (exists): u_5865071750.las
[2085846] Skipping (exists): u_5872571750.las
[2085846] Skipping (exists): u_5880071750.las
[2085846] Skipping (exists): u_5887571750.las
[2085846] Skipping (exists): u_5895071750.las
[2085846] Skipping (exists): u_5902571750.las
[2085846] Skipping (exists): u_5910071750.las
[2085846] Skipping (exists): u_5917571750.las
[2085846] Skipping (exists): u_5925071750.las
[2085846] Skipping (exists): u_5932571750.las
[2085846] Skipping (exists): u_5940071750.las
[2085846] Skipping (exists): u_5947571750.las
[2085846] Skipping (exists): u_5955071750.las
[2085846] Skipping (exists): u_5962571750.las
[2085846] Skipping (exists): u_5970071750.las
[2085846] Skipping (exists): u_5977571750.las
[2085846] Skipping (exists): u_5985071750.las
[2085846] Skipping (exists): u_5992571750.las
[2085846] Skipping (exists): u_6000071750.las
[2085846] Skipping (exists): u_6007571750.las
[2085846] Skipping (exists): u_5790071675.las
[2085846] Skipping (exists): u_5797571675.las
[2085846] Skipping (exists): u_5805071675.las
[2085846] Skipping (exists): u_5812571675.las
[2085846] Skipping (exists): u_5820071675.las
[2085846] Skipping (exists): u_5827571675.las
[2085846] Skipping (exists): u_5835071675.las
[2085846] Skipping (exists): u_5842571675.las
[2085846] Skipping (exists): u_5850071675.las
[2085846] Skipping (exists): u_5857571675.las
[2085846] Skipping (exists): u_5865071675.las
[2085846] Skipping (exists): u_5872571675.las
[2085846] Skipping (exists): u_5880071675.las
[2085846] Skipping (exists): u_5887571675.las
[2085846] Skipping (exists): u_5895071675.las
[2085846] Skipping (exists): u_5902571675.las
[2085846] Skipping (exists): u_5910071675.las
[2085846] Skipping (exists): u_5917571675.las
[2085846] Skipping (exists): u_5925071675.las
[2085846] Skipping (exists): u_5932571675.las
[2085846] Skipping (exists): u_5940071675.las
[2085846] Skipping (exists): u_5947571675.las
[2085846] Skipping (exists): u_5955071675.las
[2085846] Skipping (exists): u_5962571675.las
[2085846] Skipping (exists): u_5970071675.las
[2085846] Skipping (exists): u_5977571675.las
[2085846] Skipping (exists): u_5985071675.las
[2085846] Skipping (exists): u_5992571675.las
[2085846] Skipping (exists): u_6000071675.las
[2085846] Skipping (exists): u_6007571675.las
[2085846] Skipping (exists): u_5790071600.las
[2085846] Skipping (exists): u_5797571600.las
[2085846] Skipping (exists): u_5805071600.las
[2085846] Skipping (exists): u_5812571600.las
[2085846] Skipping (exists): u_5820071600.las
[2085846] Skipping (exists): u_5827571600.las
[2085846] Skipping (exists): u_5835071600.las
[2085846] Skipping (exists): u_5842571600.las
[2085846] Skipping (exists): u_5850071600.las
[2085846] Skipping (exists): u_5857571600.las
[2085846] Skipping (exists): u_5865071600.las
[2085846] Skipping (exists): u_5872571600.las
[2085846] Skipping (exists): u_5880071600.las
[2085846] Skipping (exists): u_5887571600.las
[2085846] Skipping (exists): u_5895071600.las
[2085846] Skipping (exists): u_5902571600.las
[2085846] Skipping (exists): u_5910071600.las
[2085846] Skipping (exists): u_5917571600.las
[2085846] Skipping (exists): u_5925071600.las
[2085846] Skipping (exists): u_5932571600.las
[2085846] Skipping (exists): u_5940071600.las
[2085846] Skipping (exists): u_5947571600.las
[2085846] Skipping (exists): u_5955071600.las
[2085846] Skipping (exists): u_5962571600.las
[2085846] Skipping (exists): u_5970071600.las
[2085846] Skipping (exists): u_5977571600.las
[2085846] Skipping (exists): u_5985071600.las
[2085846] Skipping (exists): u_5992571600.las
[2085846] Skipping (exists): u_6000071600.las
[2085846] Skipping (exists): u_5790071525.las
[2085846] Skipping (exists): u_5797571525.las
[2085846] Skipping (exists): u_5805071525.las
[2085846] Skipping (exists): u_5812571525.las
[2085846] Skipping (exists): u_5820071525.las
[2085846] Skipping (exists): u_5827571525.las
[2085846] Skipping (exists): u_5835071525.las
[2085846] Skipping (exists): u_5842571525.las
[2085846] Skipping (exists): u_5850071525.las
[2085846] Skipping (exists): u_5857571525.las
[2085846] Skipping (exists): u_5865071525.las
[2085846] Skipping (exists): u_5872571525.las
[2085846] Skipping (exists): u_5880071525.las
[2085846] Skipping (exists): u_5887571525.las
[2085846] Skipping (exists): u_5895071525.las
[2085846] Skipping (exists): u_5902571525.las
[2085846] Skipping (exists): u_5910071525.las
[2085846] Skipping (exists): u_5917571525.las
[2085846] Skipping (exists): u_5925071525.las
[2085846] Skipping (exists): u_5932571525.las
[2085846] Skipping (exists): u_5940071525.las
[2085846] Skipping (exists): u_5947571525.las
[2085846] Skipping (exists): u_5955071525.las
[2085846] Skipping (exists): u_5962571525.las
[2085846] Skipping (exists): u_5970071525.las
[2085846] Skipping (exists): u_5977571525.las
[2085846] Skipping (exists): u_5985071525.las
[2085846] Skipping (exists): u_5992571525.las
[2085846] Skipping (exists): u_6000071525.las
[2085846] Skipping (exists): u_5790071450.las
[2085846] Skipping (exists): u_5820071450.las
[2085846] Skipping (exists): u_5827571450.las
[2085846] Skipping (exists): u_5835071450.las
[2085846] Skipping (exists): u_5842571450.las
[2085846] Skipping (exists): u_5850071450.las
[2085846] Skipping (exists): u_5857571450.las
[2085846] Skipping (exists): u_5865071450.las
[2085846] Skipping (exists): u_5872571450.las
[2085846] Skipping (exists): u_5880071450.las
[2085846] Skipping (exists): u_5887571450.las
[2085846] Skipping (exists): u_5895071450.las
[2085846] Skipping (exists): u_5902571450.las
[2085846] Skipping (exists): u_5910071450.las
[2085846] Skipping (exists): u_5917571450.las
[2085846] Skipping (exists): u_5925071450.las
[2085846] Skipping (exists): u_5932571450.las
[2085846] Skipping (exists): u_5940071450.las
[2085846] Skipping (exists): u_5947571450.las
[2085846] Skipping (exists): u_5955071450.las
[2085846] Skipping (exists): u_5962571450.las
[2085846] Skipping (exists): u_5970071450.las
[2085846] Skipping (exists): u_5977571450.las
[2085846] Skipping (exists): u_5985071450.las
[2085846] Skipping (exists): u_5992571450.las
[2085846] Skipping (exists): u_6000071450.las
[2085846] Skipping (exists): u_5820071375.las
[2085846] Skipping (exists): u_5827571375.las
[2085846] Skipping (exists): u_5835071375.las
[2085846] Skipping (exists): u_5842571375.las
[2085846] Skipping (exists): u_5850071375.las
[2085846] Skipping (exists): u_5857571375.las
[2085846] Skipping (exists): u_5865071375.las
[2085846] Skipping (exists): u_5872571375.las
[2085846] Skipping (exists): u_5880071375.las
[2085846] Skipping (exists): u_5887571375.las
[2085846] Skipping (exists): u_5895071375.las
[2085846] Skipping (exists): u_5902571375.las
[2085846] Skipping (exists): u_5910071375.las
[2085846] Skipping (exists): u_5917571375.las
[2085846] Skipping (exists): u_5925071375.las
[2085846] Skipping (exists): u_5932571375.las
[2085846] Skipping (exists): u_5940071375.las
[2085846] Skipping (exists): u_5947571375.las
[2085846] Skipping (exists): u_5955071375.las
[2085846] Skipping (exists): u_5962571375.las
[2085846] Skipping (exists): u_5970071375.las
[2085846] Skipping (exists): u_5977571375.las
[2085846] Skipping (exists): u_5985071375.las
[2085846] Skipping (exists): u_5992571375.las
[2085846] Skipping (exists): u_5827571300.las
[2085846] Skipping (exists): u_5835071300.las
[2085846] Skipping (exists): u_5842571300.las
[2085846] Skipping (exists): u_5850071300.las
[2085846] Skipping (exists): u_5857571300.las
[2085846] Skipping (exists): u_5865071300.las
[2085846] Skipping (exists): u_5872571300.las
[2085846] Skipping (exists): u_5880071300.las
[2085846] Skipping (exists): u_5887571300.las
[2085846] Skipping (exists): u_5895071300.las
[2085846] Skipping (exists): u_5902571300.las
[2085846] Skipping (exists): u_5910071300.las
[2085846] Skipping (exists): u_5917571300.las
[2085846] Skipping (exists): u_5925071300.las
[2085846] Skipping (exists): u_5932571300.las
[2085846] Skipping (exists): u_5940071300.las
[2085846] Skipping (exists): u_5947571300.las
[2085846] Skipping (exists): u_5955071300.las
[2085846] Skipping (exists): u_5962571300.las
[2085846] Skipping (exists): u_5970071300.las
[2085846] Skipping (exists): u_5977571300.las
[2085846] Skipping (exists): u_5985071300.las
[2085846] Skipping (exists): u_5992571300.las
[2085846] Skipping (exists): u_6000071300.las
[2085846] Skipping (exists): u_6007571300.las
[2085846] Skipping (exists): u_5827571225.las
[2085846] Skipping (exists): u_5835071225.las
[2085846] Skipping (exists): u_5842571225.las
[2085846] Skipping (exists): u_5850071225.las
[2085846] Skipping (exists): u_5857571225.las
[2085846] Skipping (exists): u_5865071225.las
[2085846] Skipping (exists): u_5872571225.las
[2085846] Skipping (exists): u_5880071225.las
[2085846] Skipping (exists): u_5887571225.las
[2085846] Skipping (exists): u_5895071225.las
[2085846] Skipping (exists): u_5902571225.las
[2085846] Skipping (exists): u_5910071225.las
[2085846] Skipping (exists): u_5917571225.las
[2085846] Skipping (exists): u_5925071225.las
[2085846] Skipping (exists): u_5932571225.las
[2085846] Skipping (exists): u_5940071225.las
[2085846] Skipping (exists): u_5947571225.las
[2085846] Skipping (exists): u_5955071225.las
[2085846] Skipping (exists): u_5962571225.las
[2085846] Skipping (exists): u_5970071225.las
[2085846] Skipping (exists): u_5977571225.las
[2085846] Skipping (exists): u_5985071225.las
[2085846] Skipping (exists): u_5992571225.las
[2085846] Skipping (exists): u_6000071225.las
[2085846] Skipping (exists): u_6007571225.las
[2085846] Skipping (exists): u_6015071225.las
[2085846] Skipping (exists): u_5827571150.las
[2085846] Skipping (exists): u_5835071150.las
[2085846] Skipping (exists): u_5842571150.las
[2085846] Skipping (exists): u_5850071150.las
[2085846] Skipping (exists): u_5857571150.las
[2085846] Skipping (exists): u_5865071150.las
[2085846] Skipping (exists): u_5872571150.las
[2085846] Skipping (exists): u_5880071150.las
[2085846] Skipping (exists): u_5887571150.las
[2085846] Skipping (exists): u_5895071150.las
[2085846] Skipping (exists): u_5902571150.las
[2085846] Skipping (exists): u_5910071150.las
[2085846] Skipping (exists): u_5917571150.las
[2085846] Skipping (exists): u_5925071150.las
[2085846] Skipping (exists): u_5932571150.las
[2085846] Skipping (exists): u_5940071150.las
[2085846] Skipping (exists): u_5947571150.las
[2085846] Skipping (exists): u_5955071150.las
[2085846] Skipping (exists): u_5962571150.las
[2085846] Skipping (exists): u_5970071150.las
[2085846] Skipping (exists): u_5977571150.las
[2085846] Skipping (exists): u_5985071150.las
[2085846] Skipping (exists): u_5992571150.las
[2085846] Skipping (exists): u_6000071150.las
[2085846] Skipping (exists): u_6007571150.las
[2085846] Skipping (exists): u_6015071150.las
[2085846] Skipping (exists): u_5835071075.las
[2085846] Skipping (exists): u_5842571075.las
[2085846] Skipping (exists): u_5857571075.las
[2085846] Skipping (exists): u_5865071075.las
[2085846] Skipping (exists): u_5872571075.las
[2085846] Skipping (exists): u_5880071075.las
[2085846] Skipping (exists): u_5887571075.las
[2085846] Skipping (exists): u_5895071075.las
[2085846] Skipping (exists): u_5902571075.las
[2085846] Skipping (exists): u_5910071075.las
[2085846] Skipping (exists): u_5917571075.las
[2085846] Skipping (exists): u_5925071075.las
[2085846] Skipping (exists): u_5932571075.las
[2085846] Skipping (exists): u_5940071075.las
[2085846] Skipping (exists): u_5947571075.las
[2085846] Skipping (exists): u_5955071075.las
[2085846] Skipping (exists): u_5962571075.las
[2085846] Skipping (exists): u_5970071075.las
[2085846] Skipping (exists): u_5977571075.las
[2085846] Skipping (exists): u_5985071075.las
[2085846] Skipping (exists): u_5992571075.las
[2085846] Skipping (exists): u_6000071075.las
[2085846] Skipping (exists): u_6007571075.las
[2085846] Skipping (exists): u_6015071075.las
[2085846] Skipping (exists): u_5835071000.las
[2085846] Skipping (exists): u_5842571000.las
[2085846] Skipping (exists): u_5850071000.las
[2085846] Skipping (exists): u_5857571000.las
[2085846] Skipping (exists): u_5865071000.las
[2085846] Skipping (exists): u_5872571000.las
[2085846] Skipping (exists): u_5880071000.las
[2085846] Skipping (exists): u_5887571000.las
[2085846] Skipping (exists): u_5895071000.las
[2085846] Skipping (exists): u_5902571000.las
[2085846] Skipping (exists): u_5910071000.las
[2085846] Skipping (exists): u_5917571000.las
[2085846] Skipping (exists): u_5925071000.las
[2085846] Skipping (exists): u_5932571000.las
[2085846] Skipping (exists): u_5940071000.las
[2085846] Skipping (exists): u_5947571000.las
[2085846] Skipping (exists): u_5955071000.las
[2085846] Skipping (exists): u_5962571000.las
[2085846] Skipping (exists): u_5970071000.las
[2085846] Skipping (exists): u_5977571000.las
[2085846] Skipping (exists): u_5985071000.las
[2085846] Skipping (exists): u_5992571000.las
[2085846] Skipping (exists): u_6000071000.las
[2085846] Skipping (exists): u_6007571000.las
[2085846] Skipping (exists): u_6015071000.las
[2085846] Skipping (exists): u_5857570925.las
[2085846] Skipping (exists): u_5865070925.las
[2085846] Skipping (exists): u_5872570925.las
[2085846] Skipping (exists): u_5880070925.las
[2085846] Skipping (exists): u_5887570925.las
[2085846] Skipping (exists): u_5895070925.las
[2085846] Skipping (exists): u_5902570925.las
[2085846] Skipping (exists): u_5910070925.las
[2085846] Skipping (exists): u_5917570925.las
[2085846] Skipping (exists): u_5925070925.las
[2085846] Skipping (exists): u_5932570925.las
[2085846] Skipping (exists): u_5940070925.las
[2085846] Skipping (exists): u_5947570925.las
[2085846] Skipping (exists): u_5955070925.las
[2085846] Skipping (exists): u_5962570925.las
[2085846] Skipping (exists): u_5970070925.las
[2085846] Skipping (exists): u_5977570925.las
[2085846] Skipping (exists): u_5985070925.las
[2085846] Skipping (exists): u_5992570925.las
[2085846] Skipping (exists): u_5857570850.las
[2085846] Skipping (exists): u_5865070850.las
[2085846] Skipping (exists): u_5872570850.las
[2085846] Skipping (exists): u_5880070850.las
[2085846] Skipping (exists): u_5887570850.las
[2085846] Skipping (exists): u_5895070850.las
[2085846] Skipping (exists): u_5902570850.las
[2085846] Skipping (exists): u_5910070850.las
[2085846] Skipping (exists): u_5917570850.las
[2085846] Skipping (exists): u_5925070850.las
[2085846] Skipping (exists): u_5932570850.las
[2085846] Skipping (exists): u_5940070850.las
[2085846] Skipping (exists): u_5947570850.las
[2085846] Skipping (exists): u_5955070850.las
[2085846] Skipping (exists): u_5962570850.las
[2085846] Skipping (exists): u_5970070850.las
[2085846] Skipping (exists): u_5977570850.las
[2085846] Skipping (exists): u_5985070850.las
[2085846] Skipping (exists): u_5992570850.las
[2085846] Skipping (exists): u_5872570775.las
[2085846] Skipping (exists): u_5880070775.las
[2085846] Skipping (exists): u_5887570775.las
[2085846] Skipping (exists): u_5895070775.las
[2085846] Skipping (exists): u_5902570775.las
[2085846] Skipping (exists): u_5910070775.las
[2085846] Skipping (exists): u_5917570775.las
[2085846] Skipping (exists): u_5925070775.las
[2085846] Skipping (exists): u_5932570775.las
[2085846] Skipping (exists): u_5940070775.las
[2085846] Skipping (exists): u_5947570775.las
[2085846] Skipping (exists): u_5955070775.las
[2085846] Skipping (exists): u_5962570775.las
[2085846] Skipping (exists): u_5970070775.las
[2085846] Skipping (exists): u_5977570775.las
[2085846] Skipping (exists): u_5985070775.las
[2085846] Skipping (exists): u_5992570775.las
[2085846] Skipping (exists): u_5872570700.las
[2085846] Skipping (exists): u_5880070700.las
[2085846] Skipping (exists): u_5887570700.las
[2085846] Skipping (exists): u_5895070700.las
[2085846] Skipping (exists): u_5902570700.las
[2085846] Skipping (exists): u_5910070700.las
[2085846] Skipping (exists): u_5917570700.las
[2085846] Skipping (exists): u_5925070700.las
[2085846] Skipping (exists): u_5932570700.las
[2085846] Skipping (exists): u_5940070700.las
[2085846] Skipping (exists): u_5947570700.las
[2085846] Skipping (exists): u_5955070700.las
[2085846] Skipping (exists): u_5962570700.las
[2085846] Skipping (exists): u_5970070700.las
[2085846] Skipping (exists): u_5977570700.las
[2085846] Skipping (exists): u_5985070700.las
[2085846] Skipping (exists): u_5992570700.las
[2085846] Skipping (exists): u_5880070625.las
[2085846] Skipping (exists): u_5887570625.las
[2085846] Skipping (exists): u_5895070625.las
[2085846] Skipping (exists): u_5902570625.las
[2085846] Skipping (exists): u_5932570625.las
[2085846] Skipping (exists): u_5940070625.las
[2085846] Skipping (exists): u_5947570625.las
[2085846] Skipping (exists): u_5955070625.las
[2085846] Skipping (exists): u_5962570625.las
[2085846] Skipping (exists): u_5970070625.las
[2085846] Skipping (exists): u_5977570625.las
[2085846] Skipping (exists): u_5985070625.las
[2085846] Skipping (exists): u_5992570625.las
[2085846] Skipping (exists): u_5895070550.las
[2085846] Skipping (exists): u_5902570550.las
[2085846] Skipping (exists): u_5940070550.las
[2085846] Skipping (exists): u_5947570550.las
[2085846] Skipping (exists): u_5955070550.las
[2085846] Skipping (exists): u_5962570550.las
[2085846] Skipping (exists): u_5970070550.las
[2085846] Skipping (exists): u_5977570550.las
[2085846] Skipping (exists): u_5985070550.las
[2085846] Skipping (exists): u_5940070475.las
[2085846] Skipping (exists): u_5947570475.las
[2085846] Skipping (exists): u_5955070475.las
[2085846] Skipping (exists): u_5962570475.las
[2085846] Skipping (exists): u_5970070475.las
[2085846] Skipping (exists): u_5977570475.las
[2085846] Skipping (exists): u_5985070475.las
[2085846] Skipping (exists): u_5947570400.las
[2085846] Skipping (exists): u_5955070400.las
[2085846] Skipping (exists): u_5962570400.las
[2085846] Downloading: u_5970070400.las
[2085846] Computing metrics: u_5970070400.las
  Reprojecting from 26918 to EPSG:6347
[2085846] Skipping (exists): u_5977570400.las
[2085846] Skipping (exists): u_5985070400.las
[2085846] Skipping (exists): u_5955070325.las
[2085846] Skipping (exists): u_5962570325.las
[2085846] Skipping (exists): u_5970070325.las
[2085846] Skipping (exists): u_5977570325.las
[2085846] Skipping (exists): u_5985070325.las
[2085846] Skipping (exists): u_5992570325.las
[2085846] Skipping (exists): u_5962570250.las
[2085846] Skipping (exists): u_5970070250.las
[2085846] Skipping (exists): u_5977570250.las
[2085846] Skipping (exists): u_5985070250.las
[2085846] Skipping (exists): u_5992570250.las
[2085846] Skipping (exists): u_5962570175.las
[2085846] Skipping (exists): w0592n4744.las
[2085846] Skipping (exists): w0609n4726.las
[2085846] Skipping (exists): w0604n4725.las
[2085846] Skipping (exists): w0592n4743.las
[2085846] Skipping (exists): w0607n4722.las
[2085846] Skipping (exists): w0594n4746.las
[2085846] Skipping (exists): w0607n4720.las
[2085846] Skipping (exists): w0606n4740.las
[2085846] Skipping (exists): w0598n4743.las
[2085846] Skipping (exists): w0597n4741.las
[2085846] Skipping (exists): w0595n4740.las
[2085846] Skipping (exists): w0604n4720.las
[2085846] Skipping (exists): w0594n4744.las
[2085846] Skipping (exists): w0604n4740.las
[2085846] Skipping (exists): w0594n4743.las
[2085846] Skipping (exists): w0603n4743.las
[2085846] Skipping (exists): w0604n4723.las
[2085846] Skipping (exists): w0603n4722.las
[2085846] Skipping (exists): w0601n4741.las
[2085846] Skipping (exists): w0592n4746.las
[2085846] Skipping (exists): w0600n4744.las
[2085846] Skipping (exists): w0595n4743.las
[2085846] Skipping (exists): w0597n4744.las
[2085846] Skipping (exists): w0609n4725.las
[2085846] Skipping (exists): w0597n4743.las
[2085846] Skipping (exists): w0594n4741.las
[2085846] Skipping (exists): w0604n4722.las
[2085846] Skipping (exists): w0598n4741.las
[2085846] Skipping (exists): w0600n4746.las
[2085846] Skipping (exists): w0609n4723.las
[2085846] Skipping (exists): w0606n4741.las
[2085846] Skipping (exists): w0607n4728.las
[2085846] Skipping (exists): w0603n4720.las
[2085846] Skipping (exists): w0607n4738.las
[2085846] Skipping (exists): w0607n4723.las
[2085846] Skipping (exists): w0606n4728.las
[2085846] Skipping (exists): w0606n4722.las
[2085846] Skipping (exists): w0591n4746.las
[2085846] Skipping (exists): w0607n4726.las
[2085846] Skipping (exists): w0589n4746.las
[2085846] Skipping (exists): w0601n4743.las
[2085846] Skipping (exists): w0597n4738.las
[2085846] Skipping (exists): w0598n4738.las
[2085846] Skipping (exists): w0598n4744.las
[2085846] Skipping (exists): w0598n4740.las
[2085846] Skipping (exists): w0591n4744.las
[2085846] Skipping (exists): w0598n4705.las
[2085846] Skipping (exists): w0606n4720.las
[2085846] Skipping (exists): w0595n4738.las
[2085846] Skipping (exists): w0601n4744.las
[2085846] Skipping (exists): w0598n4746.las
[2085846] Skipping (exists): w0606n4723.las
[2085846] Skipping (exists): w0607n4729.las
[2085846] Skipping (exists): w0604n4741.las
[2085846] Skipping (exists): w0606n4726.las
[2085846] Skipping (exists): w0603n4741.las
[2085846] Skipping (exists): w0607n4731.las
[2085846] Skipping (exists): w0595n4746.las
[2085846] Skipping (exists): w0597n4740.las
[2085846] Skipping (exists): w0597n4746.las
[2085846] Skipping (exists): w0595n4744.las
[2085846] Skipping (exists): w0606n4725.las
[2085846] Skipping (exists): w0600n4741.las
[2085846] Skipping (exists): w0607n4740.las
[2085846] Skipping (exists): w0595n4741.las
[2085846] Skipping (exists): w0606n4738.las
[2085846] Skipping (exists): w0600n4743.las
[2085846] Skipping (exists): w0600n4740.las
[2085846] Skipping (exists): w0607n4725.las
[2085846] Skipping (exists): w0601n4746.las
[2085846] Skipping (exists): w0594n4740.las
Warning messages:
1: In value[[3L]](cond) :
  Failed to process u_6060073850_2010.las: error in evaluating the argument 'x' in selecting a method for function 'ext': [project] input crs is not valid
2: In value[[3L]](cond) :
  Failed to process u_6060073925_2010.las: error in evaluating the argument 'x' in selecting a method for function 'ext': [project] input crs is not valid
3: In value[[3L]](cond) :
  Failed to process u_6067573850_2010.las: error in evaluating the argument 'x' in selecting a method for function 'ext': [project] input crs is not valid
4: In value[[3L]](cond) :
  Failed to process u_6067573925_2010.las: error in evaluating the argument 'x' in selecting a method for function 'ext': [project] input crs is not valid
5: In value[[3L]](cond) :
  Failed to process u_6075073850_2010.las: error in evaluating the argument 'x' in selecting a method for function 'ext': [project] input crs is not valid
6: In value[[3L]](cond) :
  Failed to process u_6075073925_2010.las: error in evaluating the argument 'x' in selecting a method for function 'ext': [project] input crs is not valid

=== Done. 1835/1841 tiles processed. Metrics written to: Data/Lidar/Metrics ===
          used (Mb) gc trigger  (Mb) max used  (Mb)
Ncells 1852630 99.0    6020394 321.6  6020394 321.6
Vcells 2989068 22.9   14532220 110.9 15928236 121.6
