these are the arguments: 
- Path to cluster of HUCs files: Data/NY_HUCS/NY_Cluster_Zones_250_CROP_NAomit_6347.gpkg
- Cluster to select: 92
- Output path for Lidar HUC metrics files:Data/Lidar/HUC_Lidar_Metrics

Using libcurl 7.76.1 with OpenSSL/3.2.2
Linking to GEOS 3.13.1, GDAL 3.5.1, PROJ 8.2.0; sf_use_s2() is TRUE
WARNING: different compile-time and runtime versions for GEOS found:
Linked against: 3.13.1-CAPI-1.19.2 compiled against: 3.11.0-CAPI-1.17.0
It is probably a good idea to reinstall sf (and maybe lwgeom too)

Attaching package: ‘dplyr’

The following objects are masked from ‘package:stats’:

    filter, lag

The following objects are masked from ‘package:base’:

    intersect, setdiff, setequal, union


Attaching package: ‘lidR’

The following object is masked from ‘package:sf’:

    st_concave_hull

terra 1.9.27
WARNING: different compile-time and run-time versions of GEOS
Compiled with:3.11.0-CAPI-1.17.0
 Running with:3.13.1-CAPI-1.19.2

You should reinstall package 'terra'


Attaching package: ‘terra’

The following object is masked from ‘package:lidR’:

    watershed

=== Lidar Metrics Pipeline ===
  GPKG:        Data/NY_HUCS/NY_Cluster_Zones_250_CROP_NAomit_6347.gpkg
  Cluster:     92
  Output:      Data/Lidar/HUC_Lidar_Metrics
 HUC12s in cluster: 6
Length of current lidar metrics: 19795
Already file: Data/Lidar/HUC_Lidar_Metrics/Lidar_cluster_92_huc_020200080305.tif
Already file: Data/Lidar/HUC_Lidar_Metrics/Lidar_cluster_92_huc_020200080501.tif
Already file: Data/Lidar/HUC_Lidar_Metrics/Lidar_cluster_92_huc_020200080306.tif
Already file: Data/Lidar/HUC_Lidar_Metrics/Lidar_cluster_92_huc_020200080502.tif
Already file: Data/Lidar/HUC_Lidar_Metrics/Lidar_cluster_92_huc_020200080406.tif
Already file: Data/Lidar/HUC_Lidar_Metrics/Lidar_cluster_92_huc_020200080503.tif
[[1]]
NULL

[[2]]
NULL

[[3]]
NULL

[[4]]
NULL

[[5]]
NULL

[[6]]
NULL

          used  (Mb) gc trigger  (Mb) max used  (Mb)
Ncells 2713156 144.9    5798724 309.7  5798724 309.7
Vcells 9318396  71.1   21613772 164.9 17958503 137.1
