srun: Job 785046 step creation temporarily disabled, retrying (Requested nodes are busy)
srun: Step created for job 785046
these are the arguments: 
- Path to cluster of HUCs files: Data/NY_HUCS/NY_Cluster_Zones_250_CROP_NAomit_6347.gpkg
- Cluster to select: 12
- Output path for Lidar HUC metrics files:Data/Lidar/HUC_Lidar_Metrics

Using libcurl 7.76.1 with OpenSSL/3.2.2
Linking to GEOS 3.13.1, GDAL 3.5.1, PROJ 8.2.0; sf_use_s2() is TRUE
WARNING: different compile-time and runtime versions for GEOS found:
Linked against: 3.13.1-CAPI-1.19.2 compiled against: 3.11.0-CAPI-1.17.0
It is probably a good idea to reinstall sf (and maybe lwgeom too)

Attaching package: ‘dplyr’

The following objects are masked from ‘package:stats’:

    filter, lag

The following objects are masked from ‘package:base’:

    intersect, setdiff, setequal, union


Attaching package: ‘lidR’

The following object is masked from ‘package:sf’:

    st_concave_hull

terra 1.9.27
WARNING: different compile-time and run-time versions of GEOS
Compiled with:3.11.0-CAPI-1.17.0
 Running with:3.13.1-CAPI-1.19.2

You should reinstall package 'terra'


Attaching package: ‘terra’

The following object is masked from ‘package:lidR’:

    watershed

=== Lidar Metrics Pipeline ===
  GPKG:        Data/NY_HUCS/NY_Cluster_Zones_250_CROP_NAomit_6347.gpkg
  Cluster:     12
  Output:      Data/Lidar/HUC_Lidar_Metrics
 HUC12s in cluster: 11
Length of current lidar metrics: 19795
Already file: Data/Lidar/HUC_Lidar_Metrics/Lidar_cluster_12_huc_043001040302.tif
Already file: Data/Lidar/HUC_Lidar_Metrics/Lidar_cluster_12_huc_043001081302.tif
Already file: Data/Lidar/HUC_Lidar_Metrics/Lidar_cluster_12_huc_043001081602.tif
Already file: Data/Lidar/HUC_Lidar_Metrics/Lidar_cluster_12_huc_043001060504.tif
Already file: Data/Lidar/HUC_Lidar_Metrics/Lidar_cluster_12_huc_043001081401.tif
Already file: Data/Lidar/HUC_Lidar_Metrics/Lidar_cluster_12_huc_043001081402.tif
Already file: Data/Lidar/HUC_Lidar_Metrics/Lidar_cluster_12_huc_043001060503.tif
Already file: Data/Lidar/HUC_Lidar_Metrics/Lidar_cluster_12_huc_043001081602.tif
Already file: Data/Lidar/HUC_Lidar_Metrics/Lidar_cluster_12_huc_043001081402.tif
Already file: Data/Lidar/HUC_Lidar_Metrics/Lidar_cluster_12_huc_043001081402.tif
Already file: Data/Lidar/HUC_Lidar_Metrics/Lidar_cluster_12_huc_043001081402.tif
[[1]]
NULL

[[2]]
NULL

[[3]]
NULL

[[4]]
NULL

[[5]]
NULL

[[6]]
NULL

[[7]]
NULL

[[8]]
NULL

[[9]]
NULL

[[10]]
NULL

[[11]]
NULL

          used  (Mb) gc trigger  (Mb) max used  (Mb)
Ncells 2713197 145.0    5798888 309.7  5798888 309.7
Vcells 9322339  71.2   21620733 165.0 17963218 137.1
