Using libcurl 7.76.1 with OpenSSL/3.2.2
Linking to GEOS 3.11.0, GDAL 3.5.2, PROJ 8.2.0; sf_use_s2() is TRUE

Attaching package: ‘dplyr’

The following objects are masked from ‘package:stats’:

    filter, lag

The following objects are masked from ‘package:base’:

    intersect, setdiff, setequal, union


Attaching package: ‘lidR’

The following object is masked from ‘package:sf’:

    st_concave_hull

terra 1.9.27

Attaching package: ‘terra’

The following object is masked from ‘package:lidR’:

    watershed

=== Lidar Metrics Pipeline ===
  GPKG:        Data/NY_HUCS/NY_Cluster_Zones_250_CROP_NAomit_6347.gpkg
  Cluster:     51
  Tile Index:  Data/Lidar/NYS_Lidar_All_Indexes.gpkg
  Output:      Data/Lidar/Metrics
  Workers:     2
  HUC12s in cluster: 9

Finding overlapping tiles...
Unique full-size tiles to process: 506
Using 2 parallel workers
Using libcurl 7.76.1 with OpenSSL/3.2.2
terra 1.9.27
[1660248] Skipping (exists): 3101_182662.las
[1660248] Skipping (exists): 3101_178660.las
[1660248] Skipping (exists): 3101_180660.las
[1660248] Skipping (exists): 3101_182660.las
[1660248] Skipping (exists): 3101_183660.las
[1660248] Skipping (exists): 3101_184660.las
[1660248] Skipping (exists): 3101_186660.las
[1660248] Skipping (exists): 3101_178658.las
[1660248] Skipping (exists): 3101_180658.las
[1660248] Skipping (exists): 3101_182658.las
[1660248] Skipping (exists): 3101_183658.las
[1660248] Skipping (exists): 3101_184658.las
[1660248] Skipping (exists): 3101_186658.las
[1660248] Skipping (exists): 3101_177657.las
[1660248] Skipping (exists): 3101_178657.las
[1660248] Skipping (exists): 3101_180657.las
[1660248] Skipping (exists): 3101_182657.las
[1660248] Skipping (exists): 3101_183657.las
[1660248] Skipping (exists): 3101_184657.las
[1660248] Skipping (exists): 3101_186657.las
[1660248] Skipping (exists): 3101_176656.las
[1660248] Skipping (exists): 3101_177656.las
[1660248] Skipping (exists): 3101_178656.las
[1660248] Skipping (exists): 3101_180656.las
[1660248] Skipping (exists): 3101_182656.las
[1660248] Skipping (exists): 3101_183656.las
[1660248] Skipping (exists): 3101_184656.las
[1660248] Skipping (exists): 3101_186656.las
[1660248] Skipping (exists): 3101_170654.las
[1660248] Skipping (exists): 3101_171654.las
[1660248] Skipping (exists): 3101_174654.las
[1660248] Skipping (exists): 3101_176654.las
[1660248] Skipping (exists): 3101_177654.las
[1660248] Skipping (exists): 3101_178654.las
[1660248] Skipping (exists): 3101_180654.las
[1660248] Skipping (exists): 3101_182654.las
[1660248] Skipping (exists): 3101_183654.las
[1660248] Skipping (exists): 3101_184654.las
[1660248] Skipping (exists): 3101_186654.las
[1660248] Skipping (exists): 3101_164652.las
[1660248] Skipping (exists): 3101_165652.las
[1660248] Skipping (exists): 3101_168652.las
[1660248] Skipping (exists): 3101_170652.las
[1660248] Skipping (exists): 3101_171652.las
[1660248] Skipping (exists): 3101_172652.las
[1660248] Skipping (exists): 3101_174652.las
[1660248] Skipping (exists): 3101_176652.las
[1660248] Skipping (exists): 3101_177652.las
[1660248] Skipping (exists): 3101_178652.las
[1660248] Skipping (exists): 3101_180652.las
[1660248] Skipping (exists): 3101_182652.las
[1660248] Skipping (exists): 3101_183652.las
[1660248] Skipping (exists): 3101_184652.las
[1660248] Skipping (exists): 3101_186652.las
[1660248] Skipping (exists): 3101_162651.las
[1660248] Skipping (exists): 3101_164651.las
[1660248] Skipping (exists): 3101_165651.las
[1660248] Skipping (exists): 3101_166651.las
[1660248] Skipping (exists): 3101_168651.las
[1660248] Skipping (exists): 3101_170651.las
[1660248] Skipping (exists): 3101_171651.las
[1660248] Skipping (exists): 3101_172651.las
[1660248] Skipping (exists): 3101_174651.las
[1660248] Skipping (exists): 3101_176651.las
[1660248] Skipping (exists): 3101_177651.las
[1660248] Skipping (exists): 3101_178651.las
[1660248] Skipping (exists): 3101_180651.las
[1660248] Skipping (exists): 3101_182651.las
[1660248] Skipping (exists): 3101_183651.las
[1660248] Skipping (exists): 3101_184651.las
[1660248] Skipping (exists): 3101_186651.las
[1660248] Skipping (exists): 3101_159650.las
[1660248] Skipping (exists): 3101_160650.las
[1660248] Skipping (exists): 3101_162650.las
[1660248] Skipping (exists): 3101_164650.las
[1660248] Skipping (exists): 3101_165650.las
[1660248] Skipping (exists): 3101_166650.las
[1660248] Skipping (exists): 3101_168650.las
[1660248] Skipping (exists): 3101_170650.las
[1660248] Skipping (exists): 3101_171650.las
[1660248] Skipping (exists): 3101_172650.las
[1660248] Skipping (exists): 3101_174650.las
[1660248] Skipping (exists): 3101_176650.las
[1660248] Skipping (exists): 3101_177650.las
[1660248] Skipping (exists): 3101_178650.las
[1660248] Skipping (exists): 3101_180650.las
[1660248] Skipping (exists): 3101_182650.las
[1660248] Skipping (exists): 3101_183650.las
[1660248] Skipping (exists): 3101_184650.las
[1660248] Skipping (exists): 3101_158648.las
[1660248] Skipping (exists): 3101_159648.las
[1660248] Skipping (exists): 3101_160648.las
[1660248] Skipping (exists): 3101_162648.las
[1660248] Skipping (exists): 3101_164648.las
[1660248] Skipping (exists): 3101_165648.las
[1660248] Skipping (exists): 3101_166648.las
[1660248] Skipping (exists): 3101_168648.las
[1660248] Skipping (exists): 3101_170648.las
[1660248] Skipping (exists): 3101_171648.las
[1660248] Skipping (exists): 3101_172648.las
[1660248] Skipping (exists): 3101_174648.las
[1660248] Skipping (exists): 3101_176648.las
[1660248] Skipping (exists): 3101_177648.las
[1660248] Skipping (exists): 3101_178648.las
[1660248] Skipping (exists): 3101_180648.las
[1660248] Skipping (exists): 3101_182648.las
[1660248] Skipping (exists): 3101_183648.las
[1660248] Skipping (exists): 3101_184648.las
[1660248] Skipping (exists): 3101_158646.las
[1660248] Skipping (exists): 3101_159646.las
[1660248] Skipping (exists): 3101_160646.las
[1660248] Skipping (exists): 3101_162646.las
[1660248] Skipping (exists): 3101_164646.las
[1660248] Skipping (exists): 3101_165646.las
[1660248] Skipping (exists): 3101_166646.las
[1660248] Skipping (exists): 3101_168646.las
[1660248] Skipping (exists): 3101_170646.las
[1660248] Skipping (exists): 3101_171646.las
[1660248] Skipping (exists): 3101_172646.las
[1660248] Skipping (exists): 3101_174646.las
[1660248] Skipping (exists): 3101_176646.las
[1660248] Skipping (exists): 3101_177646.las
[1660248] Skipping (exists): 3101_178646.las
[1660248] Skipping (exists): 3101_180646.las
[1660248] Skipping (exists): 3101_182646.las
[1660248] Skipping (exists): 3101_183646.las
[1660248] Skipping (exists): 3101_184646.las
[1660248] Skipping (exists): 3101_186646.las
[1660248] Skipping (exists): 3101_159645.las
[1660248] Skipping (exists): 3101_160645.las
[1660248] Skipping (exists): 3101_162645.las
[1660248] Skipping (exists): 3101_164645.las
[1660248] Skipping (exists): 3101_165645.las
[1660248] Skipping (exists): 3101_166645.las
[1660248] Skipping (exists): 3101_168645.las
[1660248] Skipping (exists): 3101_170645.las
[1660248] Skipping (exists): 3101_171645.las
[1660248] Skipping (exists): 3101_172645.las
[1660248] Skipping (exists): 3101_174645.las
[1660248] Skipping (exists): 3101_176645.las
[1660248] Skipping (exists): 3101_177645.las
[1660248] Skipping (exists): 3101_178645.las
[1660248] Skipping (exists): 3101_180645.las
[1660248] Skipping (exists): 3101_182645.las
[1660248] Skipping (exists): 3101_183645.las
[1660248] Skipping (exists): 3101_184645.las
[1660248] Skipping (exists): 3101_186645.las
[1660248] Skipping (exists): 3101_188645.las
[1660248] Skipping (exists): 3101_189645.las
[1660248] Skipping (exists): 3101_164644.las
[1660248] Skipping (exists): 3101_165644.las
[1660248] Skipping (exists): 3101_166644.las
[1660248] Skipping (exists): 3101_168644.las
[1660248] Skipping (exists): 3101_170644.las
[1660248] Skipping (exists): 3101_171644.las
[1660248] Skipping (exists): 3101_172644.las
[1660248] Skipping (exists): 3101_174644.las
[1660248] Skipping (exists): 3101_176644.las
[1660248] Skipping (exists): 3101_177644.las
[1660248] Skipping (exists): 3101_178644.las
[1660248] Skipping (exists): 3101_180644.las
[1660248] Skipping (exists): 3101_182644.las
[1660248] Skipping (exists): 3101_183644.las
[1660248] Skipping (exists): 3101_184644.las
[1660248] Skipping (exists): 3101_186644.las
[1660248] Skipping (exists): 3101_164642.las
[1660248] Skipping (exists): 3101_165642.las
[1660248] Skipping (exists): 3101_166642.las
[1660248] Skipping (exists): 3101_168642.las
[1660248] Skipping (exists): 3101_170642.las
[1660248] Skipping (exists): 3101_171642.las
[1660248] Skipping (exists): 3101_172642.las
[1660248] Skipping (exists): 3101_174642.las
[1660248] Skipping (exists): 3101_176642.las
[1660248] Skipping (exists): 3101_177642.las
[1660248] Skipping (exists): 3101_178642.las
[1660248] Skipping (exists): 3101_180642.las
[1660248] Skipping (exists): 3101_182642.las
[1660248] Skipping (exists): 3101_183642.las
[1660248] Skipping (exists): 3101_184642.las
[1660248] Skipping (exists): 3101_164640.las
[1660248] Skipping (exists): 3101_165640.las
[1660248] Skipping (exists): 3101_166640.las
[1660248] Skipping (exists): 3101_168640.las
[1660248] Skipping (exists): 3101_170640.las
[1660248] Skipping (exists): 3101_171640.las
[1660248] Skipping (exists): 3101_172640.las
[1660248] Skipping (exists): 3101_174640.las
[1660248] Skipping (exists): 3101_176640.las
[1660248] Skipping (exists): 3101_177640.las
[1660248] Skipping (exists): 3101_178640.las
[1660248] Skipping (exists): 3101_180640.las
[1660248] Skipping (exists): 3101_182640.las
[1660248] Skipping (exists): 3101_183640.las
[1660248] Skipping (exists): 3101_184640.las
[1660248] Skipping (exists): 3101_164639.las
[1660248] Skipping (exists): 3101_165639.las
[1660248] Skipping (exists): 3101_166639.las
[1660248] Skipping (exists): 3101_168639.las
[1660248] Skipping (exists): 3101_170639.las
[1660248] Skipping (exists): 3101_171639.las
[1660248] Skipping (exists): 3101_172639.las
[1660248] Skipping (exists): 3101_174639.las
[1660248] Skipping (exists): 3101_176639.las
[1660248] Skipping (exists): 3101_177639.las
[1660248] Skipping (exists): 3101_178639.las
[1660248] Skipping (exists): 3101_180639.las
[1660248] Skipping (exists): 3101_182639.las
[1660248] Skipping (exists): 3101_183639.las
[1660248] Skipping (exists): 3101_170638.las
[1660248] Skipping (exists): 3101_171638.las
[1660248] Skipping (exists): 3101_172638.las
[1660248] Skipping (exists): 3101_174638.las
[1660248] Skipping (exists): 3101_176638.las
[1660248] Skipping (exists): 3101_177638.las
[1660248] Skipping (exists): 3101_178638.las
[1660248] Skipping (exists): 3101_180638.las
[1660248] Skipping (exists): 3101_170636.las
[1660248] Skipping (exists): 3101_171636.las
[1660248] Skipping (exists): 3101_172636.las
[1660248] Skipping (exists): 3101_174636.las
[1660248] Skipping (exists): 3101_176636.las
[1660248] Skipping (exists): 3101_177636.las
[1660248] Skipping (exists): 3101_166634.las
[1660248] Skipping (exists): 3101_168634.las
[1660248] Skipping (exists): 3101_170634.las
[1660248] Skipping (exists): 3101_165633.las
[1660248] Skipping (exists): 3101_166633.las
[1660248] Skipping (exists): 3101_168633.las
[1660248] Skipping (exists): 3101_170633.las
[1660248] Skipping (exists): 3101_164632.las
[1660248] Skipping (exists): 3101_165632.las
[1660248] Skipping (exists): 3101_166632.las
[1660248] Skipping (exists): 3101_168632.las
[1660248] Skipping (exists): 3101_170632.las
[1660248] Skipping (exists): 3101_165630.las
[1660248] Skipping (exists): 3101_166630.las
[1660248] Skipping (exists): 3101_168630.las
[1660248] Skipping (exists): 3101_170630.las
[1660248] Skipping (exists): 3101_162628.las
[1660248] Skipping (exists): 3101_164628.las
[1660248] Skipping (exists): 3101_165628.las
[1660248] Skipping (exists): 3101_166628.las
[1660248] Skipping (exists): 3101_168628.las
[1660248] Skipping (exists): 3101_170628.las
[1660248] Skipping (exists): 3101_171628.las
[1660248] Skipping (exists): 3101_162627.las
[1660248] Skipping (exists): 3101_164627.las
[1660248] Skipping (exists): 3101_165627.las
[1660248] Skipping (exists): 3101_166627.las
[1660248] Skipping (exists): 3101_168627.las
[1660248] Skipping (exists): 3101_170627.las
[1660248] Skipping (exists): 3101_171627.las
[1660248] Skipping (exists): 3101_164626.las
[1660248] Skipping (exists): 3101_165626.las
[1660248] Skipping (exists): 3101_166626.las
[1660248] Skipping (exists): 3101_168626.las
[1660248] Skipping (exists): 3101_170626.las
[1660248] Skipping (exists): 3101_171626.las
[1660248] Skipping (exists): 3101_166624.las
[1660248] Skipping (exists): 3101_168624.las
[1660248] Skipping (exists): 3101_170624.las
[1660248] Skipping (exists): 3101_171624.las
[1660248] Skipping (exists): 3101_168622.las
[1660248] Skipping (exists): 3101_170622.las
[1660248] Skipping (exists): 3101_171622.las
[1660248] Skipping (exists): 3101_190645.las
[1660248] Skipping (exists): 3101_192645.las
[1660248] Skipping (exists): 3101_188644.las
[1660248] Skipping (exists): 3101_189644.las
[1660248] Skipping (exists): 3101_190644.las
[1660248] Skipping (exists): 3101_192644.las
[1660248] Skipping (exists): 3101_186642.las
[1660248] Skipping (exists): 3101_188642.las
[1660248] Skipping (exists): 3101_189642.las
[1660248] Skipping (exists): 3101_190642.las
[1660248] Skipping (exists): 3101_192642.las
[1660248] Skipping (exists): 3101_186640.las
[1660248] Skipping (exists): 3101_188640.las
[1660248] Skipping (exists): 3101_189640.las
[1660248] Skipping (exists): 3101_184639.las
[1660248] Skipping (exists): 3101_186639.las
[1660248] Skipping (exists): 3101_188639.las
[1660248] Skipping (exists): 3101_182638.las
[1660248] Skipping (exists): 3101_183638.las
[1660248] Skipping (exists): 3101_184638.las
[1660248] Skipping (exists): 3101_186638.las
[1660248] Skipping (exists): 3101_188638.las
[1660248] Skipping (exists): 3101_178636.las
[1660248] Skipping (exists): 3101_180636.las
[1660248] Skipping (exists): 3101_182636.las
[1660248] Skipping (exists): 3101_183636.las
[1660248] Skipping (exists): 3101_184636.las
[1660248] Skipping (exists): 3101_186636.las
[1660248] Skipping (exists): 3101_171634.las
[1660248] Skipping (exists): 3101_172634.las
[1660248] Skipping (exists): 3101_174634.las
[1660248] Skipping (exists): 3101_176634.las
[1660248] Skipping (exists): 3101_177634.las
[1660248] Skipping (exists): 3101_178634.las
[1660248] Skipping (exists): 3101_180634.las
[1660248] Skipping (exists): 3101_182634.las
[1660248] Skipping (exists): 3101_183634.las
[1660248] Skipping (exists): 3101_184634.las
[1660248] Skipping (exists): 3101_171633.las
[1660248] Skipping (exists): 3101_172633.las
[1660248] Skipping (exists): 3101_174633.las
[1660248] Skipping (exists): 3101_176633.las
[1660248] Skipping (exists): 3101_177633.las
[1660248] Skipping (exists): 3101_178633.las
[1660248] Skipping (exists): 3101_180633.las
[1660248] Skipping (exists): 3101_182633.las
[1660248] Skipping (exists): 3101_183633.las
[1660248] Skipping (exists): 3101_171632.las
[1660248] Skipping (exists): 3101_172632.las
[1660248] Skipping (exists): 3101_174632.las
[1660248] Skipping (exists): 3101_176632.las
[1660248] Skipping (exists): 3101_178632.las
[1660248] Skipping (exists): 3101_171630.las
[1660248] Skipping (exists): 3101_172630.las
[1660248] Skipping (exists): 3101_174630.las
[1660248] Skipping (exists): 3101_176630.las
[1660248] Skipping (exists): 3101_172628.las
[1660248] Skipping (exists): 3101_174628.las
[1660248] Skipping (exists): 3101_176628.las
[1660248] Skipping (exists): 3101_172627.las
[1660248] Skipping (exists): 3101_174627.las
[1660248] Skipping (exists): 3101_176627.las
[1660248] Skipping (exists): 3101_177627.las
[1660248] Skipping (exists): 3101_172626.las
[1660248] Skipping (exists): 3101_174626.las
[1660248] Skipping (exists): 3101_176626.las
[1660248] Skipping (exists): 3101_177626.las
[1660248] Skipping (exists): 3101_178626.las
[1660248] Skipping (exists): 3101_172624.las
[1660248] Skipping (exists): 3101_174624.las
[1660248] Skipping (exists): 3101_176624.las
[1660248] Skipping (exists): 3101_177624.las
[1660248] Skipping (exists): 3101_178624.las
[1660248] Skipping (exists): 3101_172622.las
[1660248] Skipping (exists): 3101_174622.las
[1660248] Skipping (exists): 3101_176622.las
[1660248] Skipping (exists): 3101_177622.las
[1660248] Skipping (exists): 3101_172621.las
[1660248] Skipping (exists): 3101_174621.las
[1660248] Skipping (exists): 3101_176621.las
[1660248] Skipping (exists): 3101_177621.las
[1660248] Skipping (exists): 18TWQ582944.las
[1660248] Skipping (exists): 18TWQ583941.las
[1660248] Skipping (exists): 18TWQ583939.las
[1660248] Skipping (exists): 18TWQ561932.las
[1660248] Skipping (exists): 18TWQ561930.las
[1660248] Skipping (exists): 18TWQ561929.las
[1660248] Skipping (exists): 18TWQ561927.las
[1660248] Skipping (exists): 18TWQ562933.las
[1660248] Skipping (exists): 18TWQ562932.las
[1660248] Skipping (exists): 18TWQ562930.las
[1660248] Skipping (exists): 18TWQ562929.las
[1660248] Skipping (exists): 18TWQ562927.las
[1660248] Skipping (exists): 18TWQ562924.las
[1660248] Skipping (exists): 18TWQ562923.las
[1660248] Skipping (exists): 18TWQ562920.las
[1660248] Skipping (exists): 18TWQ564933.las
[1660248] Skipping (exists): 18TWQ564932.las
[1660248] Skipping (exists): 18TWQ564930.las
[1660248] Skipping (exists): 18TWQ564929.las
[1660248] Skipping (exists): 18TWQ564927.las
[1660248] Skipping (exists): 18TWQ564926.las
[1660248] Skipping (exists): 18TWQ564924.las
[1660248] Skipping (exists): 18TWQ564923.las
[1660248] Skipping (exists): 18TWQ564920.las
[1660248] Skipping (exists): 18TWQ565933.las
[1660248] Skipping (exists): 18TWQ565932.las
[1660248] Skipping (exists): 18TWQ565930.las
[1660248] Skipping (exists): 18TWQ565929.las
[1660248] Skipping (exists): 18TWQ565927.las
[1660248] Skipping (exists): 18TWQ565926.las
[1660248] Skipping (exists): 18TWQ565924.las
[1660248] Skipping (exists): 18TWQ565923.las
[1660248] Skipping (exists): 18TWQ565921.las
[1660248] Skipping (exists): 18TWQ565920.las
[1660248] Skipping (exists): 18TWQ565918.las
[1660248] Skipping (exists): 18TWQ567933.las
[1660248] Skipping (exists): 18TWQ567932.las
[1660248] Skipping (exists): 18TWQ567930.las
[1660248] Skipping (exists): 18TWQ567929.las
[1660248] Skipping (exists): 18TWQ567927.las
[1660248] Skipping (exists): 18TWQ567926.las
[1660248] Skipping (exists): 18TWQ567924.las
[1660248] Skipping (exists): 18TWQ567923.las
[1660248] Skipping (exists): 18TWQ567921.las
[1660248] Skipping (exists): 18TWQ567920.las
[1660248] Skipping (exists): 18TWQ568933.las
[1660248] Skipping (exists): 18TWQ568932.las
[1660248] Skipping (exists): 18TWQ568930.las
[1660248] Skipping (exists): 18TWQ568929.las
[1660248] Skipping (exists): 18TWQ568927.las
[1660248] Skipping (exists): 18TWQ568926.las
[1660248] Skipping (exists): 18TWQ568924.las
[1660248] Skipping (exists): 18TWQ570933.las
[1660248] Skipping (exists): 18TWQ570932.las
[1660248] Skipping (exists): 18TWQ570930.las
[1660248] Skipping (exists): 18TWQ570929.las
[1660248] Skipping (exists): 18TWQ570927.las
[1660248] Skipping (exists): 18TWQ570926.las
[1660248] Skipping (exists): 18TWQ571936.las
[1660248] Skipping (exists): 18TWQ571935.las
[1660248] Skipping (exists): 18TWQ571933.las
[1660248] Skipping (exists): 18TWQ571932.las
[1660248] Skipping (exists): 18TWQ571930.las
[1660248] Skipping (exists): 18TWQ571929.las
[1660248] Skipping (exists): 18TWQ571927.las
[1660248] Skipping (exists): 18TWQ573936.las
[1660248] Skipping (exists): 18TWQ573935.las
[1660248] Skipping (exists): 18TWQ573933.las
[1660248] Skipping (exists): 18TWQ573932.las
[1660248] Skipping (exists): 18TWQ573930.las
[1660248] Skipping (exists): 18TWQ573929.las
[1660248] Skipping (exists): 18TWQ574941.las
[1660248] Skipping (exists): 18TWQ574939.las
[1660248] Skipping (exists): 18TWQ574938.las
[1660248] Skipping (exists): 18TWQ574936.las
[1660248] Skipping (exists): 18TWQ574935.las
[1660248] Skipping (exists): 18TWQ574933.las
[1660248] Skipping (exists): 18TWQ574932.las
[1660248] Skipping (exists): 18TWQ574930.las
[1660248] Skipping (exists): 18TWQ574929.las
[1660248] Skipping (exists): 18TWQ574927.las
[1660248] Skipping (exists): 18TWQ574926.las
[1660248] Skipping (exists): 18TWQ576942.las
[1660248] Skipping (exists): 18TWQ576941.las
[1660248] Skipping (exists): 18TWQ576939.las
[1660248] Skipping (exists): 18TWQ576938.las
[1660248] Skipping (exists): 18TWQ576936.las
[1660248] Skipping (exists): 18TWQ576935.las
[1660248] Skipping (exists): 18TWQ576933.las
[1660248] Skipping (exists): 18TWQ576932.las
[1660248] Skipping (exists): 18TWQ576930.las
[1660248] Skipping (exists): 18TWQ576929.las
[1660248] Skipping (exists): 18TWQ576927.las
[1660248] Skipping (exists): 18TWQ576926.las
[1660248] Skipping (exists): 18TWQ576924.las
[1660248] Skipping (exists): 18TWQ576923.las
[1660248] Skipping (exists): 18TWQ577942.las
[1660248] Skipping (exists): 18TWQ577941.las
[1660248] Skipping (exists): 18TWQ577939.las
[1660248] Skipping (exists): 18TWQ577938.las
[1660248] Skipping (exists): 18TWQ577936.las
[1660248] Skipping (exists): 18TWQ577935.las
[1660248] Skipping (exists): 18TWQ577933.las
[1660248] Skipping (exists): 18TWQ577932.las
[1660248] Skipping (exists): 18TWQ577930.las
[1660248] Skipping (exists): 18TWQ577929.las
[1660248] Skipping (exists): 18TWQ577927.las
[1660248] Skipping (exists): 18TWQ577926.las
[1660248] Skipping (exists): 18TWQ577924.las
[1660248] Skipping (exists): 18TWQ577923.las
[1660248] Skipping (exists): 18TWQ579942.las
[1660248] Skipping (exists): 18TWQ579941.las
[1660248] Skipping (exists): 18TWQ579939.las
[1660248] Skipping (exists): 18TWQ579938.las
[1660248] Skipping (exists): 18TWQ579936.las
[1660248] Skipping (exists): 18TWQ579935.las
[1660248] Skipping (exists): 18TWQ579933.las
[1660248] Skipping (exists): 18TWQ579932.las
[1660248] Skipping (exists): 18TWQ579930.las
[1660248] Skipping (exists): 18TWQ579929.las
[1660248] Skipping (exists): 18TWQ579927.las
[1660248] Skipping (exists): 18TWQ579926.las
[1660248] Skipping (exists): 18TWQ579924.las
[1660248] Skipping (exists): 18TWQ579923.las
[1660248] Skipping (exists): 18TWQ580942.las
[1660248] Skipping (exists): 18TWQ580941.las
[1660248] Skipping (exists): 18TWQ580939.las
[1660248] Skipping (exists): 18TWQ580938.las
[1660248] Skipping (exists): 18TWQ580936.las
[1660248] Skipping (exists): 18TWQ580935.las
[1660248] Skipping (exists): 18TWQ580933.las
[1660248] Skipping (exists): 18TWQ580932.las
[1660248] Skipping (exists): 18TWQ580930.las
[1660248] Skipping (exists): 18TWQ580929.las
[1660248] Skipping (exists): 18TWQ580927.las
[1660248] Skipping (exists): 18TWQ580926.las
[1660248] Skipping (exists): 18TWQ580924.las
[1660248] Skipping (exists): 18TWQ582942.las
[1660248] Skipping (exists): 18TWQ582941.las
[1660248] Skipping (exists): 18TWQ582939.las
[1660248] Skipping (exists): 18TWQ582938.las
[1660248] Skipping (exists): 18TWQ582936.las
[1660248] Skipping (exists): 18TWQ582935.las
[1660248] Skipping (exists): 18TWQ582933.las
[1660248] Skipping (exists): 18TWQ582932.las
[1660248] Skipping (exists): 18TWQ582930.las
[1660248] Skipping (exists): 18TWQ582929.las
[1660248] Skipping (exists): 18TWQ582927.las
[1660248] Skipping (exists): 18TWQ583938.las
[1660248] Skipping (exists): 18TWQ583936.las
[1660248] Skipping (exists): 18TWQ583935.las
[1660248] Skipping (exists): 18TWQ583933.las
[1660248] Skipping (exists): 18TWQ583932.las
[1660248] Skipping (exists): 18TWQ583930.las
[1660248] Skipping (exists): 18TWQ583929.las
[1660248] Skipping (exists): 18TWQ585935.las
[1660248] Skipping (exists): 18TWQ585932.las
[1660248] Skipping (exists): 18TWQ585930.las
[1660248] Skipping (exists): 18TWQ585929.las

=== Done. 506/506 tiles processed. Metrics written to: Data/Lidar/Metrics ===
          used (Mb) gc trigger  (Mb) max used  (Mb)
Ncells 1838586 98.2    5745658 306.9  5745658 306.9
Vcells 2881423 22.0   14165496 108.1 17706868 135.1
