srun: Job 785047 step creation temporarily disabled, retrying (Requested nodes are busy)
srun: Job 785047 step creation still disabled, retrying (Requested nodes are busy)
srun: Job 785047 step creation still disabled, retrying (Requested nodes are busy)
srun: Job 785047 step creation still disabled, retrying (Requested nodes are busy)
srun: Job 785047 step creation still disabled, retrying (Requested nodes are busy)
srun: Job 785047 step creation still disabled, retrying (Requested nodes are busy)
srun: Job 785047 step creation still disabled, retrying (Requested nodes are busy)
srun: Step created for job 785047
Using libcurl 7.76.1 with OpenSSL/3.2.2
Linking to GEOS 3.13.1, GDAL 3.5.1, PROJ 8.2.0; sf_use_s2() is TRUE
WARNING: different compile-time and runtime versions for GEOS found:
Linked against: 3.13.1-CAPI-1.19.2 compiled against: 3.11.0-CAPI-1.17.0
It is probably a good idea to reinstall sf (and maybe lwgeom too)

Attaching package: ‘dplyr’

The following objects are masked from ‘package:stats’:

    filter, lag

The following objects are masked from ‘package:base’:

    intersect, setdiff, setequal, union

terra 1.9.27
WARNING: different compile-time and run-time versions of GEOS
Compiled with:3.11.0-CAPI-1.17.0
 Running with:3.13.1-CAPI-1.19.2

You should reinstall package 'terra'

=== NYS Orthoimagery Download Pipeline ===
  GPKG:     Data/NY_HUCS/NY_Cluster_Zones_250_CROP_NAomit_6347.gpkg
  Cluster:  90
  Year:     2024
  Bands:    4bd
  Output:   Data/Ortho/Tiles
  Workers:  1
  HUC12s in cluster: 8

Querying ortho tile indexes...
  Index years available for '4bd': 2008, 2009, 2010, 2011, 2012, 2013, 2014, 2015, 2016, 2017, 2018, 2020, 2021, 2022, 2023, 2024, 2025
  Querying year 2024 ...
  Matching index layers: ind24l_half_ft_4bd_nyc, ind24w_half_ft_4bd, ind24w_one_ft_4bd, ind24e_one_ft_4bd, ind24e_half_ft_4bd
  NOTE: source tiles span multiple native resolutions (half_ft, one_ft); all will be resampled to 1 m.
  Querying year 2025 ...
  Matching index layers: ind25e_one_ft_4bd, ind25e_half_ft_4bd, ind25c_half_ft_4bd, ind25c_one_ft_4bd
  NOTE: source tiles span multiple native resolutions (one_ft, half_ft); all will be resampled to 1 m.
    layer 2: 922 bbox hits
  Year 2025: 698 tiles selected
  Querying year 2023 ...
  Matching index layers: ind23e_half_ft_4bd, ind23w_one_ft_4bd, ind23c_one_ft_4bd, ind23l_half_ft_4bd, ind23w_half_ft_4bd
  NOTE: source tiles span multiple native resolutions (half_ft, one_ft); all will be resampled to 1 m.
    layer 11: 1800 bbox hits
  Year 2023: 833 tiles selected
  Years selected: 2025, 2023
Unique full-size tiles to process: 1531
[2132460] Skipping (exists): c_07290864_06_12600_4bd_2025
[2132460] Skipping (exists): c_07320864_06_12600_4bd_2025
[2132460] Skipping (exists): c_07350864_06_12600_4bd_2025
[2132460] Skipping (exists): c_07380864_06_12600_4bd_2025
[2132460] Skipping (exists): c_07410864_06_12600_4bd_2025
[2132460] Skipping (exists): c_07260866_06_12600_4bd_2025
[2132460] Skipping (exists): c_07290866_06_12600_4bd_2025
[2132460] Skipping (exists): c_07320866_06_12600_4bd_2025
[2132460] Skipping (exists): c_07350866_06_12600_4bd_2025
[2132460] Skipping (exists): c_07380866_06_12600_4bd_2025
[2132460] Skipping (exists): c_07410866_06_12600_4bd_2025
[2132460] Skipping (exists): c_07440866_06_12600_4bd_2025
[2132460] Skipping (exists): c_07230868_06_12600_4bd_2025
[2132460] Skipping (exists): c_07260868_06_12600_4bd_2025
[2132460] Skipping (exists): c_07290868_06_12600_4bd_2025
[2132460] Skipping (exists): c_07320868_06_12600_4bd_2025
[2132460] Skipping (exists): c_07350868_06_12600_4bd_2025
[2132460] Skipping (exists): c_07380868_06_12600_4bd_2025
[2132460] Skipping (exists): c_07410868_06_12600_4bd_2025
[2132460] Skipping (exists): c_07440868_06_12600_4bd_2025
[2132460] Skipping (exists): c_07470868_06_12600_4bd_2025
[2132460] Skipping (exists): c_07770868_06_12600_4bd_2025
[2132460] Skipping (exists): c_07800868_06_12600_4bd_2025
[2132460] Skipping (exists): c_07230870_06_12600_4bd_2025
[2132460] Skipping (exists): c_07260870_06_12600_4bd_2025
[2132460] Skipping (exists): c_07290870_06_12600_4bd_2025
[2132460] Skipping (exists): c_07320870_06_12600_4bd_2025
[2132460] Skipping (exists): c_07350870_06_12600_4bd_2025
[2132460] Skipping (exists): c_07380870_06_12600_4bd_2025
[2132460] Skipping (exists): c_07410870_06_12600_4bd_2025
[2132460] Skipping (exists): c_07440870_06_12600_4bd_2025
[2132460] Skipping (exists): c_07470870_06_12600_4bd_2025
[2132460] Skipping (exists): c_07500870_06_12600_4bd_2025
[2132460] Skipping (exists): c_07530870_06_12600_4bd_2025
[2132460] Skipping (exists): c_07560870_06_12600_4bd_2025
[2132460] Skipping (exists): c_07710870_06_12600_4bd_2025
[2132460] Skipping (exists): c_07740870_06_12600_4bd_2025
[2132460] Skipping (exists): c_07770870_06_12600_4bd_2025
[2132460] Skipping (exists): c_07800870_06_12600_4bd_2025
[2132460] Skipping (exists): c_07200872_06_12600_4bd_2025
[2132460] Skipping (exists): c_07230872_06_12600_4bd_2025
[2132460] Skipping (exists): c_07260872_06_12600_4bd_2025
[2132460] Skipping (exists): c_07290872_06_12600_4bd_2025
[2132460] Skipping (exists): c_07320872_06_12600_4bd_2025
[2132460] Skipping (exists): c_07350872_06_12600_4bd_2025
[2132460] Skipping (exists): c_07380872_06_12600_4bd_2025
[2132460] Skipping (exists): c_07410872_06_12600_4bd_2025
[2132460] Skipping (exists): c_07440872_06_12600_4bd_2025
[2132460] Skipping (exists): c_07470872_06_12600_4bd_2025
[2132460] Skipping (exists): c_07500872_06_12600_4bd_2025
[2132460] Skipping (exists): c_07530872_06_12600_4bd_2025
[2132460] Skipping (exists): c_07560872_06_12600_4bd_2025
[2132460] Skipping (exists): c_07590872_06_12600_4bd_2025
[2132460] Skipping (exists): c_07620872_06_12600_4bd_2025
[2132460] Skipping (exists): c_07650872_06_12600_4bd_2025
[2132460] Skipping (exists): c_07710872_06_12600_4bd_2025
[2132460] Skipping (exists): c_07740872_06_12600_4bd_2025
[2132460] Skipping (exists): c_07770872_06_12600_4bd_2025
[2132460] Skipping (exists): c_07800872_06_12600_4bd_2025
[2132460] Skipping (exists): c_07170874_06_12600_4bd_2025
[2132460] Skipping (exists): c_07200874_06_12600_4bd_2025
[2132460] Skipping (exists): c_07230874_06_12600_4bd_2025
[2132460] Skipping (exists): c_07260874_06_12600_4bd_2025
[2132460] Skipping (exists): c_07290874_06_12600_4bd_2025
[2132460] Skipping (exists): c_07320874_06_12600_4bd_2025
[2132460] Skipping (exists): c_07350874_06_12600_4bd_2025
[2132460] Skipping (exists): c_07380874_06_12600_4bd_2025
[2132460] Skipping (exists): c_07410874_06_12600_4bd_2025
[2132460] Skipping (exists): c_07440874_06_12600_4bd_2025
[2132460] Skipping (exists): c_07470874_06_12600_4bd_2025
[2132460] Skipping (exists): c_07500874_06_12600_4bd_2025
[2132460] Skipping (exists): c_07530874_06_12600_4bd_2025
[2132460] Skipping (exists): c_07560874_06_12600_4bd_2025
[2132460] Skipping (exists): c_07590874_06_12600_4bd_2025
[2132460] Skipping (exists): c_07620874_06_12600_4bd_2025
[2132460] Skipping (exists): c_07650874_06_12600_4bd_2025
[2132460] Skipping (exists): c_07680874_06_12600_4bd_2025
[2132460] Skipping (exists): c_07710874_06_12600_4bd_2025
[2132460] Skipping (exists): c_07740874_06_12600_4bd_2025
[2132460] Skipping (exists): c_07770874_06_12600_4bd_2025
[2132460] Skipping (exists): c_07800874_06_12600_4bd_2025
[2132460] Skipping (exists): c_07170876_06_12600_4bd_2025
[2132460] Skipping (exists): c_07200876_06_12600_4bd_2025
[2132460] Skipping (exists): c_07230876_06_12600_4bd_2025
[2132460] Skipping (exists): c_07260876_06_12600_4bd_2025
[2132460] Skipping (exists): c_07290876_06_12600_4bd_2025
[2132460] Skipping (exists): c_07320876_06_12600_4bd_2025
[2132460] Skipping (exists): c_07350876_06_12600_4bd_2025
[2132460] Skipping (exists): c_07380876_06_12600_4bd_2025
[2132460] Skipping (exists): c_07410876_06_12600_4bd_2025
[2132460] Skipping (exists): c_07440876_06_12600_4bd_2025
[2132460] Skipping (exists): c_07470876_06_12600_4bd_2025
[2132460] Skipping (exists): c_07500876_06_12600_4bd_2025
[2132460] Skipping (exists): c_07530876_06_12600_4bd_2025
[2132460] Skipping (exists): c_07560876_06_12600_4bd_2025
[2132460] Skipping (exists): c_07590876_06_12600_4bd_2025
[2132460] Skipping (exists): c_07620876_06_12600_4bd_2025
[2132460] Skipping (exists): c_07650876_06_12600_4bd_2025
[2132460] Skipping (exists): c_07680876_06_12600_4bd_2025
[2132460] Skipping (exists): c_07710876_06_12600_4bd_2025
[2132460] Skipping (exists): c_07740876_06_12600_4bd_2025
[2132460] Skipping (exists): c_07770876_06_12600_4bd_2025
[2132460] Skipping (exists): c_07800876_06_12600_4bd_2025
[2132460] Skipping (exists): c_07170878_06_12600_4bd_2025
[2132460] Skipping (exists): c_07200878_06_12600_4bd_2025
[2132460] Skipping (exists): c_07230878_06_12600_4bd_2025
[2132460] Skipping (exists): c_07260878_06_12600_4bd_2025
[2132460] Skipping (exists): c_07290878_06_12600_4bd_2025
[2132460] Skipping (exists): c_07320878_06_12600_4bd_2025
[2132460] Skipping (exists): c_07350878_06_12600_4bd_2025
[2132460] Skipping (exists): c_07380878_06_12600_4bd_2025
[2132460] Skipping (exists): c_07410878_06_12600_4bd_2025
[2132460] Skipping (exists): c_07440878_06_12600_4bd_2025
[2132460] Skipping (exists): c_07470878_06_12600_4bd_2025
[2132460] Skipping (exists): c_07500878_06_12600_4bd_2025
[2132460] Skipping (exists): c_07530878_06_12600_4bd_2025
[2132460] Skipping (exists): c_07560878_06_12600_4bd_2025
[2132460] Skipping (exists): c_07590878_06_12600_4bd_2025
[2132460] Skipping (exists): c_07620878_06_12600_4bd_2025
[2132460] Skipping (exists): c_07650878_06_12600_4bd_2025
[2132460] Skipping (exists): c_07680878_06_12600_4bd_2025
[2132460] Skipping (exists): c_07710878_06_12600_4bd_2025
[2132460] Skipping (exists): c_07740878_06_12600_4bd_2025
[2132460] Skipping (exists): c_07770878_06_12600_4bd_2025
[2132460] Skipping (exists): c_07800878_06_12600_4bd_2025
[2132460] Skipping (exists): c_07080880_06_12600_4bd_2025
[2132460] Skipping (exists): c_07110880_06_12600_4bd_2025
[2132460] Skipping (exists): c_07140880_06_12600_4bd_2025
[2132460] Skipping (exists): c_07170880_06_12600_4bd_2025
[2132460] Skipping (exists): c_07200880_06_12600_4bd_2025
[2132460] Skipping (exists): c_07230880_06_12600_4bd_2025
[2132460] Skipping (exists): c_07260880_06_12600_4bd_2025
[2132460] Skipping (exists): c_07290880_06_12600_4bd_2025
[2132460] Skipping (exists): c_07320880_06_12600_4bd_2025
[2132460] Skipping (exists): c_07350880_06_12600_4bd_2025
[2132460] Skipping (exists): c_07380880_06_12600_4bd_2025
[2132460] Skipping (exists): c_07410880_06_12600_4bd_2025
[2132460] Skipping (exists): c_07440880_06_12600_4bd_2025
[2132460] Skipping (exists): c_07470880_06_12600_4bd_2025
[2132460] Skipping (exists): c_07500880_06_12600_4bd_2025
[2132460] Skipping (exists): c_07530880_06_12600_4bd_2025
[2132460] Skipping (exists): c_07560880_06_12600_4bd_2025
[2132460] Skipping (exists): c_07590880_06_12600_4bd_2025
[2132460] Skipping (exists): c_07620880_06_12600_4bd_2025
[2132460] Skipping (exists): c_07650880_06_12600_4bd_2025
[2132460] Skipping (exists): c_07680880_06_12600_4bd_2025
[2132460] Skipping (exists): c_07710880_06_12600_4bd_2025
[2132460] Skipping (exists): c_07740880_06_12600_4bd_2025
[2132460] Skipping (exists): c_07770880_06_12600_4bd_2025
[2132460] Skipping (exists): c_07800880_06_12600_4bd_2025
[2132460] Skipping (exists): c_07830880_06_12600_4bd_2025
[2132460] Skipping (exists): c_07860880_06_12600_4bd_2025
[2132460] Skipping (exists): c_07890880_06_12600_4bd_2025
[2132460] Skipping (exists): c_07080882_06_12600_4bd_2025
[2132460] Skipping (exists): c_07110882_06_12600_4bd_2025
[2132460] Skipping (exists): c_07140882_06_12600_4bd_2025
[2132460] Skipping (exists): c_07170882_06_12600_4bd_2025
[2132460] Skipping (exists): c_07200882_06_12600_4bd_2025
[2132460] Skipping (exists): c_07230882_06_12600_4bd_2025
[2132460] Skipping (exists): c_07260882_06_12600_4bd_2025
[2132460] Skipping (exists): c_07290882_06_12600_4bd_2025
[2132460] Skipping (exists): c_07320882_06_12600_4bd_2025
[2132460] Skipping (exists): c_07350882_06_12600_4bd_2025
[2132460] Skipping (exists): c_07380882_06_12600_4bd_2025
[2132460] Skipping (exists): c_07410882_06_12600_4bd_2025
[2132460] Skipping (exists): c_07440882_06_12600_4bd_2025
[2132460] Skipping (exists): c_07470882_06_12600_4bd_2025
[2132460] Skipping (exists): c_07500882_06_12600_4bd_2025
[2132460] Skipping (exists): c_07530882_06_12600_4bd_2025
[2132460] Skipping (exists): c_07560882_06_12600_4bd_2025
[2132460] Skipping (exists): c_07590882_06_12600_4bd_2025
[2132460] Skipping (exists): c_07620882_06_12600_4bd_2025
[2132460] Skipping (exists): c_07650882_06_12600_4bd_2025
[2132460] Skipping (exists): c_07680882_06_12600_4bd_2025
[2132460] Skipping (exists): c_07710882_06_12600_4bd_2025
[2132460] Skipping (exists): c_07740882_06_12600_4bd_2025
[2132460] Skipping (exists): c_07770882_06_12600_4bd_2025
[2132460] Skipping (exists): c_07800882_06_12600_4bd_2025
[2132460] Skipping (exists): c_07830882_06_12600_4bd_2025
[2132460] Skipping (exists): c_07860882_06_12600_4bd_2025
[2132460] Skipping (exists): c_07890882_06_12600_4bd_2025
[2132460] Skipping (exists): c_07920882_06_12600_4bd_2025
[2132460] Skipping (exists): c_07080884_06_12600_4bd_2025
[2132460] Skipping (exists): c_07110884_06_12600_4bd_2025
[2132460] Skipping (exists): c_07140884_06_12600_4bd_2025
[2132460] Skipping (exists): c_07170884_06_12600_4bd_2025
[2132460] Skipping (exists): c_07200884_06_12600_4bd_2025
[2132460] Skipping (exists): c_07230884_06_12600_4bd_2025
[2132460] Skipping (exists): c_07260884_06_12600_4bd_2025
[2132460] Skipping (exists): c_07290884_06_12600_4bd_2025
[2132460] Skipping (exists): c_07320884_06_12600_4bd_2025
[2132460] Skipping (exists): c_07350884_06_12600_4bd_2025
[2132460] Skipping (exists): c_07380884_06_12600_4bd_2025
[2132460] Skipping (exists): c_07410884_06_12600_4bd_2025
[2132460] Skipping (exists): c_07440884_06_12600_4bd_2025
[2132460] Skipping (exists): c_07470884_06_12600_4bd_2025
[2132460] Skipping (exists): c_07500884_06_12600_4bd_2025
[2132460] Skipping (exists): c_07530884_06_12600_4bd_2025
[2132460] Skipping (exists): c_07560884_06_12600_4bd_2025
[2132460] Skipping (exists): c_07590884_06_12600_4bd_2025
[2132460] Skipping (exists): c_07620884_06_12600_4bd_2025
[2132460] Skipping (exists): c_07650884_06_12600_4bd_2025
[2132460] Skipping (exists): c_07680884_06_12600_4bd_2025
[2132460] Skipping (exists): c_07710884_06_12600_4bd_2025
[2132460] Skipping (exists): c_07740884_06_12600_4bd_2025
[2132460] Skipping (exists): c_07770884_06_12600_4bd_2025
[2132460] Skipping (exists): c_07800884_06_12600_4bd_2025
[2132460] Skipping (exists): c_07830884_06_12600_4bd_2025
[2132460] Skipping (exists): c_07860884_06_12600_4bd_2025
[2132460] Skipping (exists): c_07890884_06_12600_4bd_2025
[2132460] Skipping (exists): c_07920884_06_12600_4bd_2025
[2132460] Skipping (exists): c_07080886_06_12600_4bd_2025
[2132460] Skipping (exists): c_07110886_06_12600_4bd_2025
[2132460] Skipping (exists): c_07140886_06_12600_4bd_2025
[2132460] Skipping (exists): c_07170886_06_12600_4bd_2025
[2132460] Skipping (exists): c_07200886_06_12600_4bd_2025
[2132460] Skipping (exists): c_07230886_06_12600_4bd_2025
[2132460] Skipping (exists): c_07260886_06_12600_4bd_2025
[2132460] Skipping (exists): c_07290886_06_12600_4bd_2025
[2132460] Skipping (exists): c_07320886_06_12600_4bd_2025
[2132460] Skipping (exists): c_07350886_06_12600_4bd_2025
[2132460] Skipping (exists): c_07380886_06_12600_4bd_2025
[2132460] Skipping (exists): c_07410886_06_12600_4bd_2025
[2132460] Skipping (exists): c_07440886_06_12600_4bd_2025
[2132460] Skipping (exists): c_07470886_06_12600_4bd_2025
[2132460] Skipping (exists): c_07500886_06_12600_4bd_2025
[2132460] Skipping (exists): c_07530886_06_12600_4bd_2025
[2132460] Skipping (exists): c_07560886_06_12600_4bd_2025
[2132460] Skipping (exists): c_07590886_06_12600_4bd_2025
[2132460] Skipping (exists): c_07620886_06_12600_4bd_2025
[2132460] Skipping (exists): c_07650886_06_12600_4bd_2025
[2132460] Skipping (exists): c_07680886_06_12600_4bd_2025
[2132460] Skipping (exists): c_07710886_06_12600_4bd_2025
[2132460] Skipping (exists): c_07740886_06_12600_4bd_2025
[2132460] Skipping (exists): c_07770886_06_12600_4bd_2025
[2132460] Skipping (exists): c_07800886_06_12600_4bd_2025
[2132460] Skipping (exists): c_07830886_06_12600_4bd_2025
[2132460] Skipping (exists): c_07860886_06_12600_4bd_2025
[2132460] Skipping (exists): c_07890886_06_12600_4bd_2025
[2132460] Skipping (exists): c_07920886_06_12600_4bd_2025
[2132460] Skipping (exists): c_07080888_06_12600_4bd_2025
[2132460] Skipping (exists): c_07110888_06_12600_4bd_2025
[2132460] Skipping (exists): c_07140888_06_12600_4bd_2025
[2132460] Skipping (exists): c_07170888_06_12600_4bd_2025
[2132460] Skipping (exists): c_07200888_06_12600_4bd_2025
[2132460] Skipping (exists): c_07230888_06_12600_4bd_2025
[2132460] Skipping (exists): c_07260888_06_12600_4bd_2025
[2132460] Skipping (exists): c_07290888_06_12600_4bd_2025
[2132460] Skipping (exists): c_07320888_06_12600_4bd_2025
[2132460] Skipping (exists): c_07350888_06_12600_4bd_2025
[2132460] Skipping (exists): c_07380888_06_12600_4bd_2025
[2132460] Skipping (exists): c_07410888_06_12600_4bd_2025
[2132460] Skipping (exists): c_07440888_06_12600_4bd_2025
[2132460] Skipping (exists): c_07470888_06_12600_4bd_2025
[2132460] Skipping (exists): c_07500888_06_12600_4bd_2025
[2132460] Skipping (exists): c_07530888_06_12600_4bd_2025
[2132460] Skipping (exists): c_07560888_06_12600_4bd_2025
[2132460] Skipping (exists): c_07590888_06_12600_4bd_2025
[2132460] Skipping (exists): c_07620888_06_12600_4bd_2025
[2132460] Skipping (exists): c_07650888_06_12600_4bd_2025
[2132460] Skipping (exists): c_07680888_06_12600_4bd_2025
[2132460] Skipping (exists): c_07710888_06_12600_4bd_2025
[2132460] Skipping (exists): c_07740888_06_12600_4bd_2025
[2132460] Skipping (exists): c_07770888_06_12600_4bd_2025
[2132460] Skipping (exists): c_07800888_06_12600_4bd_2025
[2132460] Skipping (exists): c_07830888_06_12600_4bd_2025
[2132460] Skipping (exists): c_07860888_06_12600_4bd_2025
[2132460] Skipping (exists): c_07890888_06_12600_4bd_2025
[2132460] Skipping (exists): c_07920888_06_12600_4bd_2025
[2132460] Skipping (exists): c_07110890_06_12600_4bd_2025
[2132460] Skipping (exists): c_07140890_06_12600_4bd_2025
[2132460] Skipping (exists): c_07170890_06_12600_4bd_2025
[2132460] Skipping (exists): c_07200890_06_12600_4bd_2025
[2132460] Skipping (exists): c_07230890_06_12600_4bd_2025
[2132460] Skipping (exists): c_07260890_06_12600_4bd_2025
[2132460] Skipping (exists): c_07290890_06_12600_4bd_2025
[2132460] Skipping (exists): c_07320890_06_12600_4bd_2025
[2132460] Skipping (exists): c_07350890_06_12600_4bd_2025
[2132460] Skipping (exists): c_07380890_06_12600_4bd_2025
[2132460] Skipping (exists): c_07410890_06_12600_4bd_2025
[2132460] Skipping (exists): c_07440890_06_12600_4bd_2025
[2132460] Skipping (exists): c_07470890_06_12600_4bd_2025
[2132460] Skipping (exists): c_07500890_06_12600_4bd_2025
[2132460] Skipping (exists): c_07530890_06_12600_4bd_2025
[2132460] Skipping (exists): c_07560890_06_12600_4bd_2025
[2132460] Skipping (exists): c_07590890_06_12600_4bd_2025
[2132460] Skipping (exists): c_07620890_06_12600_4bd_2025
[2132460] Skipping (exists): c_07650890_06_12600_4bd_2025
[2132460] Skipping (exists): c_07680890_06_12600_4bd_2025
[2132460] Skipping (exists): c_07710890_06_12600_4bd_2025
[2132460] Skipping (exists): c_07740890_06_12600_4bd_2025
[2132460] Skipping (exists): c_07770890_06_12600_4bd_2025
[2132460] Skipping (exists): c_07800890_06_12600_4bd_2025
[2132460] Skipping (exists): c_07830890_06_12600_4bd_2025
[2132460] Skipping (exists): c_07860890_06_12600_4bd_2025
[2132460] Skipping (exists): c_07890890_06_12600_4bd_2025
[2132460] Skipping (exists): c_07920890_06_12600_4bd_2025
[2132460] Skipping (exists): c_07050892_06_12600_4bd_2025
[2132460] Skipping (exists): c_07080892_06_12600_4bd_2025
[2132460] Skipping (exists): c_07110892_06_12600_4bd_2025
[2132460] Skipping (exists): c_07140892_06_12600_4bd_2025
[2132460] Skipping (exists): c_07170892_06_12600_4bd_2025
[2132460] Skipping (exists): c_07200892_06_12600_4bd_2025
[2132460] Skipping (exists): c_07230892_06_12600_4bd_2025
[2132460] Skipping (exists): c_07260892_06_12600_4bd_2025
[2132460] Skipping (exists): c_07290892_06_12600_4bd_2025
[2132460] Skipping (exists): c_07320892_06_12600_4bd_2025
[2132460] Skipping (exists): c_07350892_06_12600_4bd_2025
[2132460] Skipping (exists): c_07380892_06_12600_4bd_2025
[2132460] Skipping (exists): c_07410892_06_12600_4bd_2025
[2132460] Skipping (exists): c_07440892_06_12600_4bd_2025
[2132460] Skipping (exists): c_07470892_06_12600_4bd_2025
[2132460] Skipping (exists): c_07500892_06_12600_4bd_2025
[2132460] Skipping (exists): c_07530892_06_12600_4bd_2025
[2132460] Skipping (exists): c_07560892_06_12600_4bd_2025
[2132460] Skipping (exists): c_07590892_06_12600_4bd_2025
[2132460] Skipping (exists): c_07620892_06_12600_4bd_2025
[2132460] Skipping (exists): c_07650892_06_12600_4bd_2025
[2132460] Skipping (exists): c_07680892_06_12600_4bd_2025
[2132460] Skipping (exists): c_07710892_06_12600_4bd_2025
[2132460] Skipping (exists): c_07740892_06_12600_4bd_2025
[2132460] Skipping (exists): c_07770892_06_12600_4bd_2025
[2132460] Skipping (exists): c_07800892_06_12600_4bd_2025
[2132460] Skipping (exists): c_07830892_06_12600_4bd_2025
[2132460] Skipping (exists): c_07860892_06_12600_4bd_2025
[2132460] Skipping (exists): c_07890892_06_12600_4bd_2025
[2132460] Skipping (exists): c_07920892_06_12600_4bd_2025
[2132460] Skipping (exists): c_07050894_06_12600_4bd_2025
[2132460] Skipping (exists): c_07080894_06_12600_4bd_2025
[2132460] Skipping (exists): c_07110894_06_12600_4bd_2025
[2132460] Skipping (exists): c_07140894_06_12600_4bd_2025
[2132460] Skipping (exists): c_07170894_06_12600_4bd_2025
[2132460] Skipping (exists): c_07200894_06_12600_4bd_2025
[2132460] Skipping (exists): c_07230894_06_12600_4bd_2025
[2132460] Skipping (exists): c_07260894_06_12600_4bd_2025
[2132460] Skipping (exists): c_07290894_06_12600_4bd_2025
[2132460] Skipping (exists): c_07320894_06_12600_4bd_2025
[2132460] Skipping (exists): c_07350894_06_12600_4bd_2025
[2132460] Skipping (exists): c_07380894_06_12600_4bd_2025
[2132460] Skipping (exists): c_07410894_06_12600_4bd_2025
[2132460] Skipping (exists): c_07440894_06_12600_4bd_2025
[2132460] Skipping (exists): c_07470894_06_12600_4bd_2025
[2132460] Skipping (exists): c_07500894_06_12600_4bd_2025
[2132460] Skipping (exists): c_07530894_06_12600_4bd_2025
[2132460] Skipping (exists): c_07560894_06_12600_4bd_2025
[2132460] Skipping (exists): c_07590894_06_12600_4bd_2025
[2132460] Skipping (exists): c_07620894_06_12600_4bd_2025
[2132460] Skipping (exists): c_07650894_06_12600_4bd_2025
[2132460] Skipping (exists): c_07680894_06_12600_4bd_2025
[2132460] Skipping (exists): c_07710894_06_12600_4bd_2025
[2132460] Skipping (exists): c_07740894_06_12600_4bd_2025
[2132460] Skipping (exists): c_07770894_06_12600_4bd_2025
[2132460] Skipping (exists): c_07800894_06_12600_4bd_2025
[2132460] Skipping (exists): c_07830894_06_12600_4bd_2025
[2132460] Skipping (exists): c_07860894_06_12600_4bd_2025
[2132460] Skipping (exists): c_07890894_06_12600_4bd_2025
[2132460] Skipping (exists): c_07920894_06_12600_4bd_2025
[2132460] Skipping (exists): c_07080896_06_12600_4bd_2025
[2132460] Skipping (exists): c_07110896_06_12600_4bd_2025
[2132460] Skipping (exists): c_07140896_06_12600_4bd_2025
[2132460] Skipping (exists): c_07170896_06_12600_4bd_2025
[2132460] Skipping (exists): c_07200896_06_12600_4bd_2025
[2132460] Skipping (exists): c_07230896_06_12600_4bd_2025
[2132460] Skipping (exists): c_07260896_06_12600_4bd_2025
[2132460] Skipping (exists): c_07290896_06_12600_4bd_2025
[2132460] Skipping (exists): c_07320896_06_12600_4bd_2025
[2132460] Skipping (exists): c_07350896_06_12600_4bd_2025
[2132460] Skipping (exists): c_07380896_06_12600_4bd_2025
[2132460] Skipping (exists): c_07410896_06_12600_4bd_2025
[2132460] Skipping (exists): c_07440896_06_12600_4bd_2025
[2132460] Skipping (exists): c_07470896_06_12600_4bd_2025
[2132460] Skipping (exists): c_07500896_06_12600_4bd_2025
[2132460] Skipping (exists): c_07530896_06_12600_4bd_2025
[2132460] Skipping (exists): c_07560896_06_12600_4bd_2025
[2132460] Skipping (exists): c_07590896_06_12600_4bd_2025
[2132460] Skipping (exists): c_07620896_06_12600_4bd_2025
[2132460] Skipping (exists): c_07650896_06_12600_4bd_2025
[2132460] Skipping (exists): c_07680896_06_12600_4bd_2025
[2132460] Skipping (exists): c_07710896_06_12600_4bd_2025
[2132460] Skipping (exists): c_07740896_06_12600_4bd_2025
[2132460] Skipping (exists): c_07770896_06_12600_4bd_2025
[2132460] Skipping (exists): c_07800896_06_12600_4bd_2025
[2132460] Skipping (exists): c_07830896_06_12600_4bd_2025
[2132460] Skipping (exists): c_07860896_06_12600_4bd_2025
[2132460] Skipping (exists): c_07890896_06_12600_4bd_2025
[2132460] Skipping (exists): c_07920896_06_12600_4bd_2025
[2132460] Skipping (exists): c_07080898_06_12600_4bd_2025
[2132460] Skipping (exists): c_07110898_06_12600_4bd_2025
[2132460] Skipping (exists): c_07140898_06_12600_4bd_2025
[2132460] Skipping (exists): c_07170898_06_12600_4bd_2025
[2132460] Skipping (exists): c_07350898_06_12600_4bd_2025
[2132460] Skipping (exists): c_07380898_06_12600_4bd_2025
[2132460] Skipping (exists): c_07410898_06_12600_4bd_2025
[2132460] Skipping (exists): c_07440898_06_12600_4bd_2025
[2132460] Skipping (exists): c_07470898_06_12600_4bd_2025
[2132460] Skipping (exists): c_07500898_06_12600_4bd_2025
[2132460] Skipping (exists): c_07530898_06_12600_4bd_2025
[2132460] Skipping (exists): c_07560898_06_12600_4bd_2025
[2132460] Skipping (exists): c_07590898_06_12600_4bd_2025
[2132460] Skipping (exists): c_07620898_06_12600_4bd_2025
[2132460] Skipping (exists): c_07650898_06_12600_4bd_2025
[2132460] Skipping (exists): c_07680898_06_12600_4bd_2025
[2132460] Skipping (exists): c_07710898_06_12600_4bd_2025
[2132460] Skipping (exists): c_07740898_06_12600_4bd_2025
[2132460] Skipping (exists): c_07770898_06_12600_4bd_2025
[2132460] Skipping (exists): c_07800898_06_12600_4bd_2025
[2132460] Skipping (exists): c_07830898_06_12600_4bd_2025
[2132460] Skipping (exists): c_07860898_06_12600_4bd_2025
[2132460] Skipping (exists): c_07890898_06_12600_4bd_2025
[2132460] Skipping (exists): c_07920898_06_12600_4bd_2025
[2132460] Skipping (exists): c_07110900_06_12600_4bd_2025
[2132460] Skipping (exists): c_07350900_06_12600_4bd_2025
[2132460] Skipping (exists): c_07380900_06_12600_4bd_2025
[2132460] Skipping (exists): c_07410900_06_12600_4bd_2025
[2132460] Skipping (exists): c_07440900_06_12600_4bd_2025
[2132460] Skipping (exists): c_07470900_06_12600_4bd_2025
[2132460] Skipping (exists): c_07500900_06_12600_4bd_2025
[2132460] Skipping (exists): c_07530900_06_12600_4bd_2025
[2132460] Skipping (exists): c_07560900_06_12600_4bd_2025
[2132460] Skipping (exists): c_07590900_06_12600_4bd_2025
[2132460] Skipping (exists): c_07620900_06_12600_4bd_2025
[2132460] Skipping (exists): c_07650900_06_12600_4bd_2025
[2132460] Skipping (exists): c_07680900_06_12600_4bd_2025
[2132460] Skipping (exists): c_07710900_06_12600_4bd_2025
[2132460] Skipping (exists): c_07740900_06_12600_4bd_2025
[2132460] Skipping (exists): c_07770900_06_12600_4bd_2025
[2132460] Skipping (exists): c_07800900_06_12600_4bd_2025
[2132460] Skipping (exists): c_07830900_06_12600_4bd_2025
[2132460] Skipping (exists): c_07860900_06_12600_4bd_2025
[2132460] Skipping (exists): c_07890900_06_12600_4bd_2025
[2132460] Skipping (exists): c_07920900_06_12600_4bd_2025
[2132460] Skipping (exists): c_07350902_06_12600_4bd_2025
[2132460] Skipping (exists): c_07380902_06_12600_4bd_2025
[2132460] Skipping (exists): c_07410902_06_12600_4bd_2025
[2132460] Skipping (exists): c_07440902_06_12600_4bd_2025
[2132460] Skipping (exists): c_07470902_06_12600_4bd_2025
[2132460] Skipping (exists): c_07500902_06_12600_4bd_2025
[2132460] Skipping (exists): c_07530902_06_12600_4bd_2025
[2132460] Skipping (exists): c_07560902_06_12600_4bd_2025
[2132460] Skipping (exists): c_07590902_06_12600_4bd_2025
[2132460] Skipping (exists): c_07620902_06_12600_4bd_2025
[2132460] Skipping (exists): c_07650902_06_12600_4bd_2025
[2132460] Skipping (exists): c_07680902_06_12600_4bd_2025
[2132460] Skipping (exists): c_07710902_06_12600_4bd_2025
[2132460] Skipping (exists): c_07740902_06_12600_4bd_2025
[2132460] Skipping (exists): c_07770902_06_12600_4bd_2025
[2132460] Skipping (exists): c_07800902_06_12600_4bd_2025
[2132460] Skipping (exists): c_07830902_06_12600_4bd_2025
[2132460] Skipping (exists): c_07860902_06_12600_4bd_2025
[2132460] Skipping (exists): c_07890902_06_12600_4bd_2025
[2132460] Skipping (exists): c_07920902_06_12600_4bd_2025
[2132460] Skipping (exists): c_07320904_06_12600_4bd_2025
[2132460] Skipping (exists): c_07350904_06_12600_4bd_2025
[2132460] Skipping (exists): c_07380904_06_12600_4bd_2025
[2132460] Skipping (exists): c_07410904_06_12600_4bd_2025
[2132460] Skipping (exists): c_07440904_06_12600_4bd_2025
[2132460] Skipping (exists): c_07470904_06_12600_4bd_2025
[2132460] Skipping (exists): c_07500904_06_12600_4bd_2025
[2132460] Skipping (exists): c_07530904_06_12600_4bd_2025
[2132460] Skipping (exists): c_07560904_06_12600_4bd_2025
[2132460] Skipping (exists): c_07590904_06_12600_4bd_2025
[2132460] Skipping (exists): c_07620904_06_12600_4bd_2025
[2132460] Skipping (exists): c_07650904_06_12600_4bd_2025
[2132460] Skipping (exists): c_07680904_06_12600_4bd_2025
[2132460] Skipping (exists): c_07710904_06_12600_4bd_2025
[2132460] Skipping (exists): c_07740904_06_12600_4bd_2025
[2132460] Skipping (exists): c_07770904_06_12600_4bd_2025
[2132460] Skipping (exists): c_07800904_06_12600_4bd_2025
[2132460] Skipping (exists): c_07830904_06_12600_4bd_2025
[2132460] Skipping (exists): c_07860904_06_12600_4bd_2025
[2132460] Skipping (exists): c_07890904_06_12600_4bd_2025
[2132460] Skipping (exists): c_07920904_06_12600_4bd_2025
[2132460] Skipping (exists): c_07320906_06_12600_4bd_2025
[2132460] Skipping (exists): c_07350906_06_12600_4bd_2025
[2132460] Skipping (exists): c_07380906_06_12600_4bd_2025
[2132460] Skipping (exists): c_07410906_06_12600_4bd_2025
[2132460] Skipping (exists): c_07440906_06_12600_4bd_2025
[2132460] Skipping (exists): c_07470906_06_12600_4bd_2025
[2132460] Skipping (exists): c_07500906_06_12600_4bd_2025
[2132460] Skipping (exists): c_07530906_06_12600_4bd_2025
[2132460] Skipping (exists): c_07560906_06_12600_4bd_2025
[2132460] Skipping (exists): c_07590906_06_12600_4bd_2025
[2132460] Skipping (exists): c_07620906_06_12600_4bd_2025
[2132460] Skipping (exists): c_07650906_06_12600_4bd_2025
[2132460] Skipping (exists): c_07680906_06_12600_4bd_2025
[2132460] Skipping (exists): c_07710906_06_12600_4bd_2025
[2132460] Skipping (exists): c_07740906_06_12600_4bd_2025
[2132460] Skipping (exists): c_07770906_06_12600_4bd_2025
[2132460] Skipping (exists): c_07800906_06_12600_4bd_2025
[2132460] Skipping (exists): c_07830906_06_12600_4bd_2025
[2132460] Skipping (exists): c_07860906_06_12600_4bd_2025
[2132460] Skipping (exists): c_07890906_06_12600_4bd_2025
[2132460] Skipping (exists): c_07920906_06_12600_4bd_2025
[2132460] Skipping (exists): c_07320908_06_12600_4bd_2025
[2132460] Skipping (exists): c_07350908_06_12600_4bd_2025
[2132460] Skipping (exists): c_07380908_06_12600_4bd_2025
[2132460] Skipping (exists): c_07410908_06_12600_4bd_2025
[2132460] Skipping (exists): c_07440908_06_12600_4bd_2025
[2132460] Skipping (exists): c_07470908_06_12600_4bd_2025
[2132460] Skipping (exists): c_07500908_06_12600_4bd_2025
[2132460] Skipping (exists): c_07530908_06_12600_4bd_2025
[2132460] Skipping (exists): c_07560908_06_12600_4bd_2025
[2132460] Skipping (exists): c_07590908_06_12600_4bd_2025
[2132460] Skipping (exists): c_07620908_06_12600_4bd_2025
[2132460] Skipping (exists): c_07650908_06_12600_4bd_2025
[2132460] Skipping (exists): c_07680908_06_12600_4bd_2025
[2132460] Skipping (exists): c_07710908_06_12600_4bd_2025
[2132460] Skipping (exists): c_07740908_06_12600_4bd_2025
[2132460] Skipping (exists): c_07770908_06_12600_4bd_2025
[2132460] Skipping (exists): c_07800908_06_12600_4bd_2025
[2132460] Skipping (exists): c_07830908_06_12600_4bd_2025
[2132460] Skipping (exists): c_07860908_06_12600_4bd_2025
[2132460] Skipping (exists): c_07890908_06_12600_4bd_2025
[2132460] Skipping (exists): c_07920908_06_12600_4bd_2025
[2132460] Skipping (exists): c_07320910_06_12600_4bd_2025
[2132460] Skipping (exists): c_07350910_06_12600_4bd_2025
[2132460] Skipping (exists): c_07380910_06_12600_4bd_2025
[2132460] Skipping (exists): c_07410910_06_12600_4bd_2025
[2132460] Skipping (exists): c_07440910_06_12600_4bd_2025
[2132460] Skipping (exists): c_07470910_06_12600_4bd_2025
[2132460] Skipping (exists): c_07500910_06_12600_4bd_2025
[2132460] Skipping (exists): c_07530910_06_12600_4bd_2025
[2132460] Skipping (exists): c_07560910_06_12600_4bd_2025
[2132460] Skipping (exists): c_07590910_06_12600_4bd_2025
[2132460] Skipping (exists): c_07620910_06_12600_4bd_2025
[2132460] Skipping (exists): c_07650910_06_12600_4bd_2025
[2132460] Skipping (exists): c_07680910_06_12600_4bd_2025
[2132460] Skipping (exists): c_07710910_06_12600_4bd_2025
[2132460] Skipping (exists): c_07740910_06_12600_4bd_2025
[2132460] Skipping (exists): c_07770910_06_12600_4bd_2025
[2132460] Skipping (exists): c_07800910_06_12600_4bd_2025
[2132460] Skipping (exists): c_07830910_06_12600_4bd_2025
[2132460] Skipping (exists): c_07860910_06_12600_4bd_2025
[2132460] Skipping (exists): c_07890910_06_12600_4bd_2025
[2132460] Skipping (exists): c_07920910_06_12600_4bd_2025
[2132460] Skipping (exists): c_07320912_06_12600_4bd_2025
[2132460] Skipping (exists): c_07350912_06_12600_4bd_2025
[2132460] Skipping (exists): c_07380912_06_12600_4bd_2025
[2132460] Skipping (exists): c_07410912_06_12600_4bd_2025
[2132460] Skipping (exists): c_07440912_06_12600_4bd_2025
[2132460] Skipping (exists): c_07470912_06_12600_4bd_2025
[2132460] Skipping (exists): c_07500912_06_12600_4bd_2025
[2132460] Skipping (exists): c_07530912_06_12600_4bd_2025
[2132460] Skipping (exists): c_07560912_06_12600_4bd_2025
[2132460] Skipping (exists): c_07590912_06_12600_4bd_2025
[2132460] Skipping (exists): c_07620912_06_12600_4bd_2025
[2132460] Skipping (exists): c_07650912_06_12600_4bd_2025
[2132460] Skipping (exists): c_07680912_06_12600_4bd_2025
[2132460] Skipping (exists): c_07710912_06_12600_4bd_2025
[2132460] Skipping (exists): c_07740912_06_12600_4bd_2025
[2132460] Skipping (exists): c_07770912_06_12600_4bd_2025
[2132460] Skipping (exists): c_07800912_06_12600_4bd_2025
[2132460] Skipping (exists): c_07830912_06_12600_4bd_2025
[2132460] Skipping (exists): c_07860912_06_12600_4bd_2025
[2132460] Skipping (exists): c_07890912_06_12600_4bd_2025
[2132460] Skipping (exists): c_07920912_06_12600_4bd_2025
[2132460] Skipping (exists): c_07320914_06_12600_4bd_2025
[2132460] Skipping (exists): c_07350914_06_12600_4bd_2025
[2132460] Skipping (exists): c_07380914_06_12600_4bd_2025
[2132460] Skipping (exists): c_07410914_06_12600_4bd_2025
[2132460] Skipping (exists): c_07440914_06_12600_4bd_2025
[2132460] Skipping (exists): c_07470914_06_12600_4bd_2025
[2132460] Skipping (exists): c_07500914_06_12600_4bd_2025
[2132460] Skipping (exists): c_07530914_06_12600_4bd_2025
[2132460] Skipping (exists): c_07560914_06_12600_4bd_2025
[2132460] Skipping (exists): c_07590914_06_12600_4bd_2025
[2132460] Skipping (exists): c_07620914_06_12600_4bd_2025
[2132460] Skipping (exists): c_07650914_06_12600_4bd_2025
[2132460] Skipping (exists): c_07680914_06_12600_4bd_2025
[2132460] Skipping (exists): c_07710914_06_12600_4bd_2025
[2132460] Skipping (exists): c_07740914_06_12600_4bd_2025
[2132460] Skipping (exists): c_07770914_06_12600_4bd_2025
[2132460] Skipping (exists): c_07800914_06_12600_4bd_2025
[2132460] Skipping (exists): c_07830914_06_12600_4bd_2025
[2132460] Skipping (exists): c_07860914_06_12600_4bd_2025
[2132460] Skipping (exists): c_07890914_06_12600_4bd_2025
[2132460] Skipping (exists): c_07920914_06_12600_4bd_2025
[2132460] Skipping (exists): c_07320916_06_12600_4bd_2025
[2132460] Skipping (exists): c_07350916_06_12600_4bd_2025
[2132460] Skipping (exists): c_07380916_06_12600_4bd_2025
[2132460] Skipping (exists): c_07410916_06_12600_4bd_2025
[2132460] Skipping (exists): c_07440916_06_12600_4bd_2025
[2132460] Skipping (exists): c_07470916_06_12600_4bd_2025
[2132460] Skipping (exists): c_07500916_06_12600_4bd_2025
[2132460] Skipping (exists): c_07530916_06_12600_4bd_2025
[2132460] Skipping (exists): c_07560916_06_12600_4bd_2025
[2132460] Skipping (exists): c_07590916_06_12600_4bd_2025
[2132460] Skipping (exists): c_07620916_06_12600_4bd_2025
[2132460] Skipping (exists): c_07650916_06_12600_4bd_2025
[2132460] Skipping (exists): c_07680916_06_12600_4bd_2025
[2132460] Skipping (exists): c_07710916_06_12600_4bd_2025
[2132460] Skipping (exists): c_07740916_06_12600_4bd_2025
[2132460] Skipping (exists): c_07770916_06_12600_4bd_2025
[2132460] Skipping (exists): c_07800916_06_12600_4bd_2025
[2132460] Skipping (exists): c_07830916_06_12600_4bd_2025
[2132460] Skipping (exists): c_07860916_06_12600_4bd_2025
[2132460] Skipping (exists): c_07890916_06_12600_4bd_2025
[2132460] Skipping (exists): c_07920916_06_12600_4bd_2025
[2132460] Skipping (exists): c_07320918_06_12600_4bd_2025
[2132460] Skipping (exists): c_07350918_06_12600_4bd_2025
[2132460] Skipping (exists): c_07380918_06_12600_4bd_2025
[2132460] Skipping (exists): c_07410918_06_12600_4bd_2025
[2132460] Skipping (exists): c_07440918_06_12600_4bd_2025
[2132460] Skipping (exists): c_07470918_06_12600_4bd_2025
[2132460] Skipping (exists): c_07500918_06_12600_4bd_2025
[2132460] Skipping (exists): c_07530918_06_12600_4bd_2025
[2132460] Skipping (exists): c_07560918_06_12600_4bd_2025
[2132460] Skipping (exists): c_07590918_06_12600_4bd_2025
[2132460] Skipping (exists): c_07620918_06_12600_4bd_2025
[2132460] Skipping (exists): c_07650918_06_12600_4bd_2025
[2132460] Skipping (exists): c_07680918_06_12600_4bd_2025
[2132460] Skipping (exists): c_07710918_06_12600_4bd_2025
[2132460] Skipping (exists): c_07740918_06_12600_4bd_2025
[2132460] Skipping (exists): c_07770918_06_12600_4bd_2025
[2132460] Skipping (exists): c_07800918_06_12600_4bd_2025
[2132460] Skipping (exists): c_07830918_06_12600_4bd_2025
[2132460] Skipping (exists): c_07860918_06_12600_4bd_2025
[2132460] Skipping (exists): c_07890918_06_12600_4bd_2025
[2132460] Skipping (exists): c_07920918_06_12600_4bd_2025
[2132460] Skipping (exists): c_07350920_06_12600_4bd_2025
[2132460] Skipping (exists): c_07380920_06_12600_4bd_2025
[2132460] Skipping (exists): c_07410920_06_12600_4bd_2025
[2132460] Skipping (exists): c_07440920_06_12600_4bd_2025
[2132460] Skipping (exists): c_07470920_06_12600_4bd_2025
[2132460] Skipping (exists): c_07500920_06_12600_4bd_2025
[2132460] Skipping (exists): c_07530920_06_12600_4bd_2025
[2132460] Skipping (exists): c_07560920_06_12600_4bd_2025
[2132460] Skipping (exists): c_07590920_06_12600_4bd_2025
[2132460] Skipping (exists): c_07620920_06_12600_4bd_2025
[2132460] Skipping (exists): c_07650920_06_12600_4bd_2025
[2132460] Skipping (exists): c_07680920_06_12600_4bd_2025
[2132460] Skipping (exists): c_07710920_06_12600_4bd_2025
[2132460] Skipping (exists): c_07740920_06_12600_4bd_2025
[2132460] Skipping (exists): c_07770920_06_12600_4bd_2025
[2132460] Skipping (exists): c_07800920_06_12600_4bd_2025
[2132460] Skipping (exists): c_07830920_06_12600_4bd_2025
[2132460] Skipping (exists): c_07860920_06_12600_4bd_2025
[2132460] Skipping (exists): c_07890920_06_12600_4bd_2025
[2132460] Skipping (exists): c_07920920_06_12600_4bd_2025
[2132460] Skipping (exists): c_07350922_06_12600_4bd_2025
[2132460] Skipping (exists): c_07380922_06_12600_4bd_2025
[2132460] Skipping (exists): c_07410922_06_12600_4bd_2025
[2132460] Skipping (exists): c_07440922_06_12600_4bd_2025
[2132460] Skipping (exists): c_07470922_06_12600_4bd_2025
[2132460] Skipping (exists): c_07500922_06_12600_4bd_2025
[2132460] Skipping (exists): c_07530922_06_12600_4bd_2025
[2132460] Skipping (exists): c_07560922_06_12600_4bd_2025
[2132460] Skipping (exists): c_07590922_06_12600_4bd_2025
[2132460] Skipping (exists): c_07620922_06_12600_4bd_2025
[2132460] Skipping (exists): c_07650922_06_12600_4bd_2025
[2132460] Skipping (exists): c_07680922_06_12600_4bd_2025
[2132460] Skipping (exists): c_07710922_06_12600_4bd_2025
[2132460] Skipping (exists): c_07740922_06_12600_4bd_2025
[2132460] Skipping (exists): c_07770922_06_12600_4bd_2025
[2132460] Skipping (exists): c_07800922_06_12600_4bd_2025
[2132460] Skipping (exists): c_07830922_06_12600_4bd_2025
[2132460] Skipping (exists): c_07860922_06_12600_4bd_2025
[2132460] Skipping (exists): c_07890922_06_12600_4bd_2025
[2132460] Skipping (exists): c_07920922_06_12600_4bd_2025
[2132460] Skipping (exists): c_07350924_06_12600_4bd_2025
[2132460] Skipping (exists): c_07380924_06_12600_4bd_2025
[2132460] Skipping (exists): c_07410924_06_12600_4bd_2025
[2132460] Skipping (exists): c_07440924_06_12600_4bd_2025
[2132460] Skipping (exists): c_07470924_06_12600_4bd_2025
[2132460] Skipping (exists): c_07500924_06_12600_4bd_2025
[2132460] Skipping (exists): c_07530924_06_12600_4bd_2025
[2132460] Skipping (exists): c_07560924_06_12600_4bd_2025
[2132460] Skipping (exists): c_07590924_06_12600_4bd_2025
[2132460] Skipping (exists): c_07620924_06_12600_4bd_2025
[2132460] Skipping (exists): c_07650924_06_12600_4bd_2025
[2132460] Skipping (exists): c_07680924_06_12600_4bd_2025
[2132460] Skipping (exists): c_07710924_06_12600_4bd_2025
[2132460] Skipping (exists): c_07740924_06_12600_4bd_2025
[2132460] Skipping (exists): c_07770924_06_12600_4bd_2025
[2132460] Skipping (exists): c_07800924_06_12600_4bd_2025
[2132460] Skipping (exists): c_07830924_06_12600_4bd_2025
[2132460] Skipping (exists): c_07860924_06_12600_4bd_2025
[2132460] Skipping (exists): c_07890924_06_12600_4bd_2025
[2132460] Skipping (exists): c_07440926_06_12600_4bd_2025
[2132460] Skipping (exists): c_07470926_06_12600_4bd_2025
[2132460] Skipping (exists): c_07500926_06_12600_4bd_2025
[2132460] Skipping (exists): c_07530926_06_12600_4bd_2025
[2132460] Skipping (exists): c_07560926_06_12600_4bd_2025
[2132460] Skipping (exists): c_07620926_06_12600_4bd_2025
[2132460] Skipping (exists): c_07650926_06_12600_4bd_2025
[2132460] Skipping (exists): c_07680926_06_12600_4bd_2025
[2132460] Skipping (exists): c_07710926_06_12600_4bd_2025
[2132460] Skipping (exists): c_07740926_06_12600_4bd_2025
[2132460] Skipping (exists): c_07770926_06_12600_4bd_2025
[2132460] Skipping (exists): c_07800926_06_12600_4bd_2025
[2132460] Skipping (exists): c_07830926_06_12600_4bd_2025
[2132460] Skipping (exists): c_07860926_06_12600_4bd_2025
[2132460] Skipping (exists): c_07890926_06_12600_4bd_2025
[2132460] Skipping (exists): c_07770928_06_12600_4bd_2025
[2132460] Skipping (exists): c_07800928_06_12600_4bd_2025
[2132460] Skipping (exists): c_07830928_06_12600_4bd_2025
[2132460] Skipping (exists): c_07860928_06_12600_4bd_2025
[2132460] Skipping (exists): c_07890928_06_12600_4bd_2025
[2132460] Skipping (exists): c_08040858_12_24000_4bd_2023
[2132460] Skipping (exists): c_08070858_12_24000_4bd_2023
[2132460] Skipping (exists): c_08100858_12_24000_4bd_2023
[2132460] Skipping (exists): c_08010860_12_24000_4bd_2023
[2132460] Skipping (exists): c_08040860_12_24000_4bd_2023
[2132460] Skipping (exists): c_08070860_12_24000_4bd_2023
[2132460] Skipping (exists): c_08100860_12_24000_4bd_2023
[2132460] Skipping (exists): c_08130860_12_24000_4bd_2023
[2132460] Skipping (exists): c_07980862_12_24000_4bd_2023
[2132460] Skipping (exists): c_08010862_12_24000_4bd_2023
[2132460] Skipping (exists): c_08040862_12_24000_4bd_2023
[2132460] Skipping (exists): c_08070862_12_24000_4bd_2023
[2132460] Skipping (exists): c_08100862_12_24000_4bd_2023
[2132460] Skipping (exists): c_08130862_12_24000_4bd_2023
[2132460] Skipping (exists): c_08160862_12_24000_4bd_2023
[2132460] Skipping (exists): c_07950864_12_24000_4bd_2023
[2132460] Skipping (exists): c_07980864_12_24000_4bd_2023
[2132460] Skipping (exists): c_08010864_12_24000_4bd_2023
[2132460] Skipping (exists): c_08040864_12_24000_4bd_2023
[2132460] Skipping (exists): c_08070864_12_24000_4bd_2023
[2132460] Skipping (exists): c_08100864_12_24000_4bd_2023
[2132460] Skipping (exists): c_08130864_12_24000_4bd_2023
[2132460] Skipping (exists): c_08160864_12_24000_4bd_2023
[2132460] Skipping (exists): c_07950866_12_24000_4bd_2023
[2132460] Skipping (exists): c_07980866_12_24000_4bd_2023
[2132460] Skipping (exists): c_08010866_12_24000_4bd_2023
[2132460] Skipping (exists): c_08040866_12_24000_4bd_2023
[2132460] Skipping (exists): c_08070866_12_24000_4bd_2023
[2132460] Skipping (exists): c_08100866_12_24000_4bd_2023
[2132460] Skipping (exists): c_08130866_12_24000_4bd_2023
[2132460] Skipping (exists): c_08160866_12_24000_4bd_2023
[2132460] Skipping (exists): c_07950868_12_24000_4bd_2023
[2132460] Skipping (exists): c_07980868_12_24000_4bd_2023
[2132460] Skipping (exists): c_08010868_12_24000_4bd_2023
[2132460] Skipping (exists): c_08040868_12_24000_4bd_2023
[2132460] Skipping (exists): c_08070868_12_24000_4bd_2023
[2132460] Skipping (exists): c_08100868_12_24000_4bd_2023
[2132460] Skipping (exists): c_08130868_12_24000_4bd_2023
[2132460] Skipping (exists): c_08160868_12_24000_4bd_2023
[2132460] Skipping (exists): c_07950870_12_24000_4bd_2023
[2132460] Skipping (exists): c_07980870_12_24000_4bd_2023
[2132460] Skipping (exists): c_08010870_12_24000_4bd_2023
[2132460] Skipping (exists): c_08040870_12_24000_4bd_2023
[2132460] Skipping (exists): c_08070870_12_24000_4bd_2023
[2132460] Skipping (exists): c_08100870_12_24000_4bd_2023
[2132460] Skipping (exists): c_08130870_12_24000_4bd_2023
[2132460] Skipping (exists): c_08160870_12_24000_4bd_2023
[2132460] Skipping (exists): c_08190870_12_24000_4bd_2023
[2132460] Skipping (exists): c_07950872_12_24000_4bd_2023
[2132460] Skipping (exists): c_07980872_12_24000_4bd_2023
[2132460] Skipping (exists): c_08010872_12_24000_4bd_2023
[2132460] Skipping (exists): c_08040872_12_24000_4bd_2023
[2132460] Skipping (exists): c_08070872_12_24000_4bd_2023
[2132460] Skipping (exists): c_08100872_12_24000_4bd_2023
[2132460] Skipping (exists): c_08130872_12_24000_4bd_2023
[2132460] Skipping (exists): c_08160872_12_24000_4bd_2023
[2132460] Skipping (exists): c_08190872_12_24000_4bd_2023
[2132460] Skipping (exists): c_08220872_12_24000_4bd_2023
[2132460] Skipping (exists): c_08250872_12_24000_4bd_2023
[2132460] Skipping (exists): c_08280872_12_24000_4bd_2023
[2132460] Skipping (exists): c_07950874_12_24000_4bd_2023
[2132460] Skipping (exists): c_07980874_12_24000_4bd_2023
[2132460] Skipping (exists): c_08010874_12_24000_4bd_2023
[2132460] Skipping (exists): c_08040874_12_24000_4bd_2023
[2132460] Skipping (exists): c_08070874_12_24000_4bd_2023
[2132460] Skipping (exists): c_08100874_12_24000_4bd_2023
[2132460] Skipping (exists): c_08130874_12_24000_4bd_2023
[2132460] Skipping (exists): c_08160874_12_24000_4bd_2023
[2132460] Skipping (exists): c_08190874_12_24000_4bd_2023
[2132460] Skipping (exists): c_08220874_12_24000_4bd_2023
[2132460] Skipping (exists): c_08250874_12_24000_4bd_2023
[2132460] Skipping (exists): c_08280874_12_24000_4bd_2023
[2132460] Skipping (exists): c_08310874_12_24000_4bd_2023
[2132460] Skipping (exists): c_07950876_12_24000_4bd_2023
[2132460] Skipping (exists): c_07980876_12_24000_4bd_2023
[2132460] Skipping (exists): c_08010876_12_24000_4bd_2023
[2132460] Skipping (exists): c_08040876_12_24000_4bd_2023
[2132460] Skipping (exists): c_08070876_12_24000_4bd_2023
[2132460] Skipping (exists): c_08100876_12_24000_4bd_2023
[2132460] Skipping (exists): c_08130876_12_24000_4bd_2023
[2132460] Skipping (exists): c_08160876_12_24000_4bd_2023
[2132460] Skipping (exists): c_08190876_12_24000_4bd_2023
[2132460] Skipping (exists): c_08220876_12_24000_4bd_2023
[2132460] Skipping (exists): c_08250876_12_24000_4bd_2023
[2132460] Skipping (exists): c_08280876_12_24000_4bd_2023
[2132460] Skipping (exists): c_07950878_12_24000_4bd_2023
[2132460] Skipping (exists): c_07980878_12_24000_4bd_2023
[2132460] Skipping (exists): c_08010878_12_24000_4bd_2023
[2132460] Skipping (exists): c_08040878_12_24000_4bd_2023
[2132460] Skipping (exists): c_08070878_12_24000_4bd_2023
[2132460] Skipping (exists): c_08100878_12_24000_4bd_2023
[2132460] Skipping (exists): c_08130878_12_24000_4bd_2023
[2132460] Skipping (exists): c_08160878_12_24000_4bd_2023
[2132460] Skipping (exists): c_08190878_12_24000_4bd_2023
[2132460] Skipping (exists): c_08220878_12_24000_4bd_2023
[2132460] Skipping (exists): c_07950880_12_24000_4bd_2023
[2132460] Skipping (exists): c_07980880_12_24000_4bd_2023
[2132460] Skipping (exists): c_08010880_12_24000_4bd_2023
[2132460] Skipping (exists): c_08040880_12_24000_4bd_2023
[2132460] Skipping (exists): c_08070880_12_24000_4bd_2023
[2132460] Skipping (exists): c_08100880_12_24000_4bd_2023
[2132460] Skipping (exists): c_08130880_12_24000_4bd_2023
[2132460] Skipping (exists): c_08160880_12_24000_4bd_2023
[2132460] Skipping (exists): c_08190880_12_24000_4bd_2023
[2132460] Skipping (exists): c_08220880_12_24000_4bd_2023
[2132460] Skipping (exists): c_07950882_12_24000_4bd_2023
[2132460] Skipping (exists): c_07980882_12_24000_4bd_2023
[2132460] Skipping (exists): c_08010882_12_24000_4bd_2023
[2132460] Skipping (exists): c_08040882_12_24000_4bd_2023
[2132460] Skipping (exists): c_08070882_12_24000_4bd_2023
[2132460] Skipping (exists): c_08100882_12_24000_4bd_2023
[2132460] Skipping (exists): c_08130882_12_24000_4bd_2023
[2132460] Skipping (exists): c_08160882_12_24000_4bd_2023
[2132460] Skipping (exists): c_08190882_12_24000_4bd_2023
[2132460] Skipping (exists): c_08220882_12_24000_4bd_2023
[2132460] Skipping (exists): c_07920884_12_24000_4bd_2023
[2132460] Skipping (exists): c_07950884_12_24000_4bd_2023
[2132460] Skipping (exists): c_07980884_12_24000_4bd_2023
[2132460] Skipping (exists): c_08010884_12_24000_4bd_2023
[2132460] Skipping (exists): c_08040884_12_24000_4bd_2023
[2132460] Skipping (exists): c_08070884_12_24000_4bd_2023
[2132460] Skipping (exists): c_08100884_12_24000_4bd_2023
[2132460] Skipping (exists): c_08130884_12_24000_4bd_2023
[2132460] Skipping (exists): c_08160884_12_24000_4bd_2023
[2132460] Skipping (exists): c_08190884_12_24000_4bd_2023
[2132460] Skipping (exists): c_07920886_12_24000_4bd_2023
[2132460] Skipping (exists): c_07950886_12_24000_4bd_2023
[2132460] Skipping (exists): c_07980886_12_24000_4bd_2023
[2132460] Skipping (exists): c_08010886_12_24000_4bd_2023
[2132460] Skipping (exists): c_08040886_12_24000_4bd_2023
[2132460] Skipping (exists): c_08070886_12_24000_4bd_2023
[2132460] Skipping (exists): c_08100886_12_24000_4bd_2023
[2132460] Skipping (exists): c_08130886_12_24000_4bd_2023
[2132460] Skipping (exists): c_08160886_12_24000_4bd_2023
[2132460] Skipping (exists): c_08190886_12_24000_4bd_2023
[2132460] Skipping (exists): c_07950888_12_24000_4bd_2023
[2132460] Skipping (exists): c_07980888_12_24000_4bd_2023
[2132460] Skipping (exists): c_08010888_12_24000_4bd_2023
[2132460] Skipping (exists): c_08040888_12_24000_4bd_2023
[2132460] Skipping (exists): c_08070888_12_24000_4bd_2023
[2132460] Skipping (exists): c_08100888_12_24000_4bd_2023
[2132460] Skipping (exists): c_08130888_12_24000_4bd_2023
[2132460] Skipping (exists): c_08160888_12_24000_4bd_2023
[2132460] Skipping (exists): c_08190888_12_24000_4bd_2023
[2132460] Skipping (exists): c_07920890_12_24000_4bd_2023
[2132460] Skipping (exists): c_07950890_12_24000_4bd_2023
[2132460] Skipping (exists): c_07980890_12_24000_4bd_2023
[2132460] Skipping (exists): c_08010890_12_24000_4bd_2023
[2132460] Skipping (exists): c_08040890_12_24000_4bd_2023
[2132460] Skipping (exists): c_08070890_12_24000_4bd_2023
[2132460] Skipping (exists): c_08100890_12_24000_4bd_2023
[2132460] Skipping (exists): c_08130890_12_24000_4bd_2023
[2132460] Skipping (exists): c_08160890_12_24000_4bd_2023
[2132460] Skipping (exists): c_07920892_12_24000_4bd_2023
[2132460] Skipping (exists): c_07950892_12_24000_4bd_2023
[2132460] Skipping (exists): c_07980892_12_24000_4bd_2023
[2132460] Skipping (exists): c_08010892_12_24000_4bd_2023
[2132460] Skipping (exists): c_08040892_12_24000_4bd_2023
[2132460] Skipping (exists): c_08070892_12_24000_4bd_2023
[2132460] Skipping (exists): c_08100892_12_24000_4bd_2023
[2132460] Skipping (exists): c_08130892_12_24000_4bd_2023
[2132460] Skipping (exists): c_08160892_12_24000_4bd_2023
[2132460] Skipping (exists): c_07920894_12_24000_4bd_2023
[2132460] Skipping (exists): c_07950894_12_24000_4bd_2023
[2132460] Skipping (exists): c_07980894_12_24000_4bd_2023
[2132460] Skipping (exists): c_08010894_12_24000_4bd_2023
[2132460] Skipping (exists): c_08040894_12_24000_4bd_2023
[2132460] Skipping (exists): c_08070894_12_24000_4bd_2023
[2132460] Skipping (exists): c_08100894_12_24000_4bd_2023
[2132460] Skipping (exists): c_08130894_12_24000_4bd_2023
[2132460] Skipping (exists): c_07170896_12_24000_4bd_2023
[2132460] Skipping (exists): c_07200896_12_24000_4bd_2023
[2132460] Skipping (exists): c_07230896_12_24000_4bd_2023
[2132460] Skipping (exists): c_07260896_12_24000_4bd_2023
[2132460] Skipping (exists): c_07290896_12_24000_4bd_2023
[2132460] Skipping (exists): c_07320896_12_24000_4bd_2023
[2132460] Skipping (exists): c_07350896_12_24000_4bd_2023
[2132460] Skipping (exists): c_07920896_12_24000_4bd_2023
[2132460] Skipping (exists): c_07950896_12_24000_4bd_2023
[2132460] Skipping (exists): c_07980896_12_24000_4bd_2023
[2132460] Skipping (exists): c_08010896_12_24000_4bd_2023
[2132460] Skipping (exists): c_08040896_12_24000_4bd_2023
[2132460] Skipping (exists): c_08070896_12_24000_4bd_2023
[2132460] Skipping (exists): c_08100896_12_24000_4bd_2023
[2132460] Skipping (exists): c_08130896_12_24000_4bd_2023
[2132460] Skipping (exists): c_07140898_12_24000_4bd_2023
[2132460] Skipping (exists): c_07170898_12_24000_4bd_2023
[2132460] Skipping (exists): c_07200898_12_24000_4bd_2023
[2132460] Skipping (exists): c_07230898_12_24000_4bd_2023
[2132460] Skipping (exists): c_07260898_12_24000_4bd_2023
[2132460] Skipping (exists): c_07290898_12_24000_4bd_2023
[2132460] Skipping (exists): c_07320898_12_24000_4bd_2023
[2132460] Skipping (exists): c_07350898_12_24000_4bd_2023
[2132460] Skipping (exists): c_07950898_12_24000_4bd_2023
[2132460] Skipping (exists): c_07980898_12_24000_4bd_2023
[2132460] Skipping (exists): c_08010898_12_24000_4bd_2023
[2132460] Skipping (exists): c_08040898_12_24000_4bd_2023
[2132460] Skipping (exists): c_08070898_12_24000_4bd_2023
[2132460] Skipping (exists): c_08100898_12_24000_4bd_2023
[2132460] Skipping (exists): c_08130898_12_24000_4bd_2023
[2132460] Skipping (exists): c_07110900_12_24000_4bd_2023
[2132460] Skipping (exists): c_07140900_12_24000_4bd_2023
[2132460] Skipping (exists): c_07170900_12_24000_4bd_2023
[2132460] Skipping (exists): c_07200900_12_24000_4bd_2023
[2132460] Skipping (exists): c_07230900_12_24000_4bd_2023
[2132460] Skipping (exists): c_07260900_12_24000_4bd_2023
[2132460] Skipping (exists): c_07290900_12_24000_4bd_2023
[2132460] Skipping (exists): c_07320900_12_24000_4bd_2023
[2132460] Skipping (exists): c_07920900_12_24000_4bd_2023
[2132460] Skipping (exists): c_07950900_12_24000_4bd_2023
[2132460] Skipping (exists): c_07980900_12_24000_4bd_2023
[2132460] Skipping (exists): c_08010900_12_24000_4bd_2023
[2132460] Skipping (exists): c_08040900_12_24000_4bd_2023
[2132460] Skipping (exists): c_08070900_12_24000_4bd_2023
[2132460] Skipping (exists): c_08100900_12_24000_4bd_2023
[2132460] Skipping (exists): c_07140902_12_24000_4bd_2023
[2132460] Skipping (exists): c_07170902_12_24000_4bd_2023
[2132460] Skipping (exists): c_07200902_12_24000_4bd_2023
[2132460] Skipping (exists): c_07230902_12_24000_4bd_2023
[2132460] Skipping (exists): c_07260902_12_24000_4bd_2023
[2132460] Skipping (exists): c_07290902_12_24000_4bd_2023
[2132460] Skipping (exists): c_07320902_12_24000_4bd_2023
[2132460] Skipping (exists): c_07350902_12_24000_4bd_2023
[2132460] Skipping (exists): c_07920902_12_24000_4bd_2023
[2132460] Skipping (exists): c_07950902_12_24000_4bd_2023
[2132460] Skipping (exists): c_07980902_12_24000_4bd_2023
[2132460] Skipping (exists): c_08010902_12_24000_4bd_2023
[2132460] Skipping (exists): c_08040902_12_24000_4bd_2023
[2132460] Skipping (exists): c_08070902_12_24000_4bd_2023
[2132460] Skipping (exists): c_07170904_12_24000_4bd_2023
[2132460] Skipping (exists): c_07200904_12_24000_4bd_2023
[2132460] Skipping (exists): c_07230904_12_24000_4bd_2023
[2132460] Skipping (exists): c_07260904_12_24000_4bd_2023
[2132460] Skipping (exists): c_07290904_12_24000_4bd_2023
[2132460] Skipping (exists): c_07320904_12_24000_4bd_2023
[2132460] Skipping (exists): c_07350904_12_24000_4bd_2023
[2132460] Skipping (exists): c_07920904_12_24000_4bd_2023
[2132460] Skipping (exists): c_07950904_12_24000_4bd_2023
[2132460] Skipping (exists): c_07980904_12_24000_4bd_2023
[2132460] Skipping (exists): c_08010904_12_24000_4bd_2023
[2132460] Skipping (exists): c_08040904_12_24000_4bd_2023
[2132460] Skipping (exists): c_08070904_12_24000_4bd_2023
[2132460] Skipping (exists): c_07230906_12_24000_4bd_2023
[2132460] Skipping (exists): c_07260906_12_24000_4bd_2023
[2132460] Skipping (exists): c_07290906_12_24000_4bd_2023
[2132460] Skipping (exists): c_07320906_12_24000_4bd_2023
[2132460] Skipping (exists): c_07950906_12_24000_4bd_2023
[2132460] Skipping (exists): c_07980906_12_24000_4bd_2023
[2132460] Skipping (exists): c_08010906_12_24000_4bd_2023
[2132460] Skipping (exists): c_08040906_12_24000_4bd_2023
[2132460] Skipping (exists): c_08070906_12_24000_4bd_2023
[2132460] Skipping (exists): c_08100906_12_24000_4bd_2023
[2132460] Skipping (exists): c_07230908_12_24000_4bd_2023
[2132460] Skipping (exists): c_07260908_12_24000_4bd_2023
[2132460] Skipping (exists): c_07290908_12_24000_4bd_2023
[2132460] Skipping (exists): c_07320908_12_24000_4bd_2023
[2132460] Skipping (exists): c_07950908_12_24000_4bd_2023
[2132460] Skipping (exists): c_07980908_12_24000_4bd_2023
[2132460] Skipping (exists): c_08010908_12_24000_4bd_2023
[2132460] Skipping (exists): c_08040908_12_24000_4bd_2023
[2132460] Skipping (exists): c_08070908_12_24000_4bd_2023
[2132460] Skipping (exists): c_08100908_12_24000_4bd_2023
[2132460] Skipping (exists): c_08130908_12_24000_4bd_2023
[2132460] Skipping (exists): c_07200910_12_24000_4bd_2023
[2132460] Skipping (exists): c_07230910_12_24000_4bd_2023
[2132460] Skipping (exists): c_07260910_12_24000_4bd_2023
[2132460] Skipping (exists): c_07290910_12_24000_4bd_2023
[2132460] Skipping (exists): c_07320910_12_24000_4bd_2023
[2132460] Skipping (exists): c_07950910_12_24000_4bd_2023
[2132460] Skipping (exists): c_07980910_12_24000_4bd_2023
[2132460] Skipping (exists): c_08010910_12_24000_4bd_2023
[2132460] Skipping (exists): c_08040910_12_24000_4bd_2023
[2132460] Skipping (exists): c_08070910_12_24000_4bd_2023
[2132460] Skipping (exists): c_08100910_12_24000_4bd_2023
[2132460] Skipping (exists): c_08130910_12_24000_4bd_2023
[2132460] Skipping (exists): c_08160910_12_24000_4bd_2023
[2132460] Skipping (exists): c_07200912_12_24000_4bd_2023
[2132460] Skipping (exists): c_07230912_12_24000_4bd_2023
[2132460] Skipping (exists): c_07260912_12_24000_4bd_2023
[2132460] Skipping (exists): c_07290912_12_24000_4bd_2023
[2132460] Skipping (exists): c_07320912_12_24000_4bd_2023
[2132460] Skipping (exists): c_07920912_12_24000_4bd_2023
[2132460] Skipping (exists): c_07950912_12_24000_4bd_2023
[2132460] Skipping (exists): c_07980912_12_24000_4bd_2023
[2132460] Skipping (exists): c_08010912_12_24000_4bd_2023
[2132460] Skipping (exists): c_08040912_12_24000_4bd_2023
[2132460] Skipping (exists): c_08070912_12_24000_4bd_2023
[2132460] Skipping (exists): c_08100912_12_24000_4bd_2023
[2132460] Skipping (exists): c_08130912_12_24000_4bd_2023
[2132460] Skipping (exists): c_08160912_12_24000_4bd_2023
[2132460] Skipping (exists): c_07200914_12_24000_4bd_2023
[2132460] Skipping (exists): c_07230914_12_24000_4bd_2023
[2132460] Skipping (exists): c_07260914_12_24000_4bd_2023
[2132460] Skipping (exists): c_07290914_12_24000_4bd_2023
[2132460] Skipping (exists): c_07320914_12_24000_4bd_2023
[2132460] Skipping (exists): c_07920914_12_24000_4bd_2023
[2132460] Skipping (exists): c_07950914_12_24000_4bd_2023
[2132460] Skipping (exists): c_07980914_12_24000_4bd_2023
[2132460] Skipping (exists): c_08010914_12_24000_4bd_2023
[2132460] Skipping (exists): c_08040914_12_24000_4bd_2023
[2132460] Skipping (exists): c_08070914_12_24000_4bd_2023
[2132460] Skipping (exists): c_08100914_12_24000_4bd_2023
[2132460] Skipping (exists): c_08130914_12_24000_4bd_2023
[2132460] Skipping (exists): c_08160914_12_24000_4bd_2023
[2132460] Skipping (exists): c_08190914_12_24000_4bd_2023
[2132460] Skipping (exists): c_07200916_12_24000_4bd_2023
[2132460] Skipping (exists): c_07230916_12_24000_4bd_2023
[2132460] Skipping (exists): c_07260916_12_24000_4bd_2023
[2132460] Skipping (exists): c_07290916_12_24000_4bd_2023
[2132460] Skipping (exists): c_07320916_12_24000_4bd_2023
[2132460] Skipping (exists): c_07920916_12_24000_4bd_2023
[2132460] Skipping (exists): c_07950916_12_24000_4bd_2023
[2132460] Skipping (exists): c_07980916_12_24000_4bd_2023
[2132460] Skipping (exists): c_08010916_12_24000_4bd_2023
[2132460] Skipping (exists): c_08040916_12_24000_4bd_2023
[2132460] Skipping (exists): c_08070916_12_24000_4bd_2023
[2132460] Skipping (exists): c_08100916_12_24000_4bd_2023
[2132460] Skipping (exists): c_08130916_12_24000_4bd_2023
[2132460] Skipping (exists): c_08160916_12_24000_4bd_2023
[2132460] Skipping (exists): c_08190916_12_24000_4bd_2023
[2132460] Skipping (exists): c_07200918_12_24000_4bd_2023
[2132460] Skipping (exists): c_07230918_12_24000_4bd_2023
[2132460] Skipping (exists): c_07260918_12_24000_4bd_2023
[2132460] Skipping (exists): c_07290918_12_24000_4bd_2023
[2132460] Skipping (exists): c_07320918_12_24000_4bd_2023
[2132460] Skipping (exists): c_07920918_12_24000_4bd_2023
[2132460] Skipping (exists): c_07950918_12_24000_4bd_2023
[2132460] Skipping (exists): c_07980918_12_24000_4bd_2023
[2132460] Skipping (exists): c_08010918_12_24000_4bd_2023
[2132460] Skipping (exists): c_08040918_12_24000_4bd_2023
[2132460] Skipping (exists): c_08070918_12_24000_4bd_2023
[2132460] Skipping (exists): c_08100918_12_24000_4bd_2023
[2132460] Skipping (exists): c_08130918_12_24000_4bd_2023
[2132460] Skipping (exists): c_08160918_12_24000_4bd_2023
[2132460] Skipping (exists): c_08190918_12_24000_4bd_2023
[2132460] Skipping (exists): c_08220918_12_24000_4bd_2023
[2132460] Skipping (exists): c_07200920_12_24000_4bd_2023
[2132460] Skipping (exists): c_07230920_12_24000_4bd_2023
[2132460] Skipping (exists): c_07260920_12_24000_4bd_2023
[2132460] Skipping (exists): c_07290920_12_24000_4bd_2023
[2132460] Skipping (exists): c_07320920_12_24000_4bd_2023
[2132460] Skipping (exists): c_07350920_12_24000_4bd_2023
[2132460] Skipping (exists): c_07920920_12_24000_4bd_2023
[2132460] Skipping (exists): c_07950920_12_24000_4bd_2023
[2132460] Skipping (exists): c_07980920_12_24000_4bd_2023
[2132460] Skipping (exists): c_08010920_12_24000_4bd_2023
[2132460] Skipping (exists): c_08040920_12_24000_4bd_2023
[2132460] Skipping (exists): c_08070920_12_24000_4bd_2023
[2132460] Skipping (exists): c_08100920_12_24000_4bd_2023
[2132460] Skipping (exists): c_08130920_12_24000_4bd_2023
[2132460] Skipping (exists): c_08160920_12_24000_4bd_2023
[2132460] Skipping (exists): c_08190920_12_24000_4bd_2023
[2132460] Skipping (exists): c_08220920_12_24000_4bd_2023
[2132460] Skipping (exists): c_07170922_12_24000_4bd_2023
[2132460] Skipping (exists): c_07200922_12_24000_4bd_2023
[2132460] Skipping (exists): c_07230922_12_24000_4bd_2023
[2132460] Skipping (exists): c_07260922_12_24000_4bd_2023
[2132460] Skipping (exists): c_07290922_12_24000_4bd_2023
[2132460] Skipping (exists): c_07320922_12_24000_4bd_2023
[2132460] Skipping (exists): c_07350922_12_24000_4bd_2023
[2132460] Skipping (exists): c_07890922_12_24000_4bd_2023
[2132460] Skipping (exists): c_07920922_12_24000_4bd_2023
[2132460] Skipping (exists): c_07950922_12_24000_4bd_2023
[2132460] Skipping (exists): c_07980922_12_24000_4bd_2023
[2132460] Skipping (exists): c_08010922_12_24000_4bd_2023
[2132460] Skipping (exists): c_08040922_12_24000_4bd_2023
[2132460] Skipping (exists): c_08070922_12_24000_4bd_2023
[2132460] Skipping (exists): c_08100922_12_24000_4bd_2023
[2132460] Skipping (exists): c_08130922_12_24000_4bd_2023
[2132460] Skipping (exists): c_08160922_12_24000_4bd_2023
[2132460] Skipping (exists): c_08190922_12_24000_4bd_2023
[2132460] Skipping (exists): c_08220922_12_24000_4bd_2023
[2132460] Skipping (exists): c_08250922_12_24000_4bd_2023
[2132460] Skipping (exists): c_07890924_12_24000_4bd_2023
[2132460] Skipping (exists): c_07920924_12_24000_4bd_2023
[2132460] Skipping (exists): c_07950924_12_24000_4bd_2023
[2132460] Skipping (exists): c_07980924_12_24000_4bd_2023
[2132460] Skipping (exists): c_08010924_12_24000_4bd_2023
[2132460] Skipping (exists): c_08040924_12_24000_4bd_2023
[2132460] Skipping (exists): c_08070924_12_24000_4bd_2023
[2132460] Skipping (exists): c_08100924_12_24000_4bd_2023
[2132460] Skipping (exists): c_08130924_12_24000_4bd_2023
[2132460] Skipping (exists): c_08160924_12_24000_4bd_2023
[2132460] Skipping (exists): c_08190924_12_24000_4bd_2023
[2132460] Skipping (exists): c_08220924_12_24000_4bd_2023
[2132460] Skipping (exists): c_08250924_12_24000_4bd_2023
[2132460] Skipping (exists): c_08280924_12_24000_4bd_2023
[2132460] Skipping (exists): c_07710926_12_24000_4bd_2023
[2132460] Skipping (exists): c_07740926_12_24000_4bd_2023
[2132460] Skipping (exists): c_07890926_12_24000_4bd_2023
[2132460] Skipping (exists): c_07920926_12_24000_4bd_2023
[2132460] Skipping (exists): c_07950926_12_24000_4bd_2023
[2132460] Skipping (exists): c_07980926_12_24000_4bd_2023
[2132460] Skipping (exists): c_08010926_12_24000_4bd_2023
[2132460] Skipping (exists): c_08040926_12_24000_4bd_2023
[2132460] Skipping (exists): c_08070926_12_24000_4bd_2023
[2132460] Skipping (exists): c_08100926_12_24000_4bd_2023
[2132460] Skipping (exists): c_08130926_12_24000_4bd_2023
[2132460] Skipping (exists): c_08160926_12_24000_4bd_2023
[2132460] Skipping (exists): c_08190926_12_24000_4bd_2023
[2132460] Skipping (exists): c_08220926_12_24000_4bd_2023
[2132460] Skipping (exists): c_08250926_12_24000_4bd_2023
[2132460] Skipping (exists): c_08280926_12_24000_4bd_2023
[2132460] Skipping (exists): c_08310926_12_24000_4bd_2023
[2132460] Skipping (exists): c_07470928_12_24000_4bd_2023
[2132460] Skipping (exists): c_07500928_12_24000_4bd_2023
[2132460] Skipping (exists): c_07530928_12_24000_4bd_2023
[2132460] Skipping (exists): c_07560928_12_24000_4bd_2023
[2132460] Skipping (exists): c_07650928_12_24000_4bd_2023
[2132460] Skipping (exists): c_07680928_12_24000_4bd_2023
[2132460] Skipping (exists): c_07710928_12_24000_4bd_2023
[2132460] Skipping (exists): c_07740928_12_24000_4bd_2023
[2132460] Skipping (exists): c_07770928_12_24000_4bd_2023
[2132460] Skipping (exists): c_07800928_12_24000_4bd_2023
[2132460] Skipping (exists): c_07830928_12_24000_4bd_2023
[2132460] Skipping (exists): c_07860928_12_24000_4bd_2023
[2132460] Skipping (exists): c_07890928_12_24000_4bd_2023
[2132460] Skipping (exists): c_07920928_12_24000_4bd_2023
[2132460] Skipping (exists): c_07950928_12_24000_4bd_2023
[2132460] Skipping (exists): c_07980928_12_24000_4bd_2023
[2132460] Skipping (exists): c_08010928_12_24000_4bd_2023
[2132460] Skipping (exists): c_08040928_12_24000_4bd_2023
[2132460] Skipping (exists): c_08070928_12_24000_4bd_2023
[2132460] Skipping (exists): c_08100928_12_24000_4bd_2023
[2132460] Skipping (exists): c_08130928_12_24000_4bd_2023
[2132460] Skipping (exists): c_08160928_12_24000_4bd_2023
[2132460] Skipping (exists): c_08190928_12_24000_4bd_2023
[2132460] Skipping (exists): c_08220928_12_24000_4bd_2023
[2132460] Skipping (exists): c_08250928_12_24000_4bd_2023
[2132460] Skipping (exists): c_08280928_12_24000_4bd_2023
[2132460] Skipping (exists): c_08310928_12_24000_4bd_2023
[2132460] Skipping (exists): c_07470930_12_24000_4bd_2023
[2132460] Skipping (exists): c_07500930_12_24000_4bd_2023
[2132460] Skipping (exists): c_07530930_12_24000_4bd_2023
[2132460] Skipping (exists): c_07560930_12_24000_4bd_2023
[2132460] Skipping (exists): c_07620930_12_24000_4bd_2023
[2132460] Skipping (exists): c_07650930_12_24000_4bd_2023
[2132460] Skipping (exists): c_07680930_12_24000_4bd_2023
[2132460] Skipping (exists): c_07710930_12_24000_4bd_2023
[2132460] Skipping (exists): c_07740930_12_24000_4bd_2023
[2132460] Skipping (exists): c_07770930_12_24000_4bd_2023
[2132460] Skipping (exists): c_07800930_12_24000_4bd_2023
[2132460] Skipping (exists): c_07830930_12_24000_4bd_2023
[2132460] Skipping (exists): c_07860930_12_24000_4bd_2023
[2132460] Skipping (exists): c_07890930_12_24000_4bd_2023
[2132460] Skipping (exists): c_07920930_12_24000_4bd_2023
[2132460] Skipping (exists): c_07950930_12_24000_4bd_2023
[2132460] Skipping (exists): c_07980930_12_24000_4bd_2023
[2132460] Skipping (exists): c_08010930_12_24000_4bd_2023
[2132460] Skipping (exists): c_08040930_12_24000_4bd_2023
[2132460] Skipping (exists): c_08070930_12_24000_4bd_2023
[2132460] Skipping (exists): c_08100930_12_24000_4bd_2023
[2132460] Skipping (exists): c_08130930_12_24000_4bd_2023
[2132460] Skipping (exists): c_08160930_12_24000_4bd_2023
[2132460] Skipping (exists): c_08190930_12_24000_4bd_2023
[2132460] Skipping (exists): c_08220930_12_24000_4bd_2023
[2132460] Skipping (exists): c_08250930_12_24000_4bd_2023
[2132460] Skipping (exists): c_08280930_12_24000_4bd_2023
[2132460] Skipping (exists): c_07530932_12_24000_4bd_2023
[2132460] Skipping (exists): c_07620932_12_24000_4bd_2023
[2132460] Skipping (exists): c_07650932_12_24000_4bd_2023
[2132460] Skipping (exists): c_07680932_12_24000_4bd_2023
[2132460] Skipping (exists): c_07710932_12_24000_4bd_2023
[2132460] Skipping (exists): c_07740932_12_24000_4bd_2023
[2132460] Skipping (exists): c_07770932_12_24000_4bd_2023
[2132460] Skipping (exists): c_07800932_12_24000_4bd_2023
[2132460] Skipping (exists): c_07830932_12_24000_4bd_2023
[2132460] Skipping (exists): c_07860932_12_24000_4bd_2023
[2132460] Skipping (exists): c_07890932_12_24000_4bd_2023
[2132460] Skipping (exists): c_07920932_12_24000_4bd_2023
[2132460] Skipping (exists): c_07950932_12_24000_4bd_2023
[2132460] Skipping (exists): c_07980932_12_24000_4bd_2023
[2132460] Skipping (exists): c_08010932_12_24000_4bd_2023
[2132460] Skipping (exists): c_08040932_12_24000_4bd_2023
[2132460] Skipping (exists): c_08070932_12_24000_4bd_2023
[2132460] Skipping (exists): c_08100932_12_24000_4bd_2023
[2132460] Skipping (exists): c_08130932_12_24000_4bd_2023
[2132460] Skipping (exists): c_08160932_12_24000_4bd_2023
[2132460] Skipping (exists): c_08190932_12_24000_4bd_2023
[2132460] Skipping (exists): c_08220932_12_24000_4bd_2023
[2132460] Skipping (exists): c_08250932_12_24000_4bd_2023
[2132460] Skipping (exists): c_08280932_12_24000_4bd_2023
[2132460] Skipping (exists): c_07620934_12_24000_4bd_2023
[2132460] Skipping (exists): c_07650934_12_24000_4bd_2023
[2132460] Skipping (exists): c_07680934_12_24000_4bd_2023
[2132460] Skipping (exists): c_07710934_12_24000_4bd_2023
[2132460] Skipping (exists): c_07740934_12_24000_4bd_2023
[2132460] Skipping (exists): c_07770934_12_24000_4bd_2023
[2132460] Skipping (exists): c_07800934_12_24000_4bd_2023
[2132460] Skipping (exists): c_07830934_12_24000_4bd_2023
[2132460] Skipping (exists): c_07860934_12_24000_4bd_2023
[2132460] Skipping (exists): c_07890934_12_24000_4bd_2023
[2132460] Skipping (exists): c_07920934_12_24000_4bd_2023
[2132460] Skipping (exists): c_07950934_12_24000_4bd_2023
[2132460] Skipping (exists): c_07980934_12_24000_4bd_2023
[2132460] Skipping (exists): c_08010934_12_24000_4bd_2023
[2132460] Skipping (exists): c_08040934_12_24000_4bd_2023
[2132460] Skipping (exists): c_08070934_12_24000_4bd_2023
[2132460] Skipping (exists): c_08100934_12_24000_4bd_2023
[2132460] Skipping (exists): c_08130934_12_24000_4bd_2023
[2132460] Skipping (exists): c_08160934_12_24000_4bd_2023
[2132460] Skipping (exists): c_08190934_12_24000_4bd_2023
[2132460] Skipping (exists): c_08220934_12_24000_4bd_2023
[2132460] Skipping (exists): c_08250934_12_24000_4bd_2023
[2132460] Skipping (exists): c_08280934_12_24000_4bd_2023
[2132460] Skipping (exists): c_07620936_12_24000_4bd_2023
[2132460] Skipping (exists): c_07650936_12_24000_4bd_2023
[2132460] Skipping (exists): c_07680936_12_24000_4bd_2023
[2132460] Skipping (exists): c_07710936_12_24000_4bd_2023
[2132460] Skipping (exists): c_07740936_12_24000_4bd_2023
[2132460] Skipping (exists): c_07770936_12_24000_4bd_2023
[2132460] Skipping (exists): c_07800936_12_24000_4bd_2023
[2132460] Skipping (exists): c_07830936_12_24000_4bd_2023
[2132460] Skipping (exists): c_07860936_12_24000_4bd_2023
[2132460] Skipping (exists): c_07890936_12_24000_4bd_2023
[2132460] Skipping (exists): c_07920936_12_24000_4bd_2023
[2132460] Skipping (exists): c_07950936_12_24000_4bd_2023
[2132460] Skipping (exists): c_07980936_12_24000_4bd_2023
[2132460] Skipping (exists): c_08010936_12_24000_4bd_2023
[2132460] Skipping (exists): c_08040936_12_24000_4bd_2023
[2132460] Skipping (exists): c_08070936_12_24000_4bd_2023
[2132460] Skipping (exists): c_08100936_12_24000_4bd_2023
[2132460] Skipping (exists): c_08130936_12_24000_4bd_2023
[2132460] Skipping (exists): c_08160936_12_24000_4bd_2023
[2132460] Skipping (exists): c_08190936_12_24000_4bd_2023
[2132460] Skipping (exists): c_08220936_12_24000_4bd_2023
[2132460] Skipping (exists): c_08250936_12_24000_4bd_2023
[2132460] Skipping (exists): c_08280936_12_24000_4bd_2023
[2132460] Skipping (exists): c_07650938_12_24000_4bd_2023
[2132460] Skipping (exists): c_07680938_12_24000_4bd_2023
[2132460] Skipping (exists): c_07710938_12_24000_4bd_2023
[2132460] Skipping (exists): c_07740938_12_24000_4bd_2023
[2132460] Skipping (exists): c_07770938_12_24000_4bd_2023
[2132460] Skipping (exists): c_07800938_12_24000_4bd_2023
[2132460] Skipping (exists): c_07830938_12_24000_4bd_2023
[2132460] Skipping (exists): c_07860938_12_24000_4bd_2023
[2132460] Skipping (exists): c_07890938_12_24000_4bd_2023
[2132460] Skipping (exists): c_07920938_12_24000_4bd_2023
[2132460] Skipping (exists): c_07950938_12_24000_4bd_2023
[2132460] Skipping (exists): c_07980938_12_24000_4bd_2023
[2132460] Skipping (exists): c_08010938_12_24000_4bd_2023
[2132460] Skipping (exists): c_08040938_12_24000_4bd_2023
[2132460] Skipping (exists): c_08070938_12_24000_4bd_2023
[2132460] Skipping (exists): c_08100938_12_24000_4bd_2023
[2132460] Skipping (exists): c_08130938_12_24000_4bd_2023
[2132460] Skipping (exists): c_08160938_12_24000_4bd_2023
[2132460] Skipping (exists): c_08190938_12_24000_4bd_2023
[2132460] Skipping (exists): c_08220938_12_24000_4bd_2023
[2132460] Skipping (exists): c_08250938_12_24000_4bd_2023
[2132460] Skipping (exists): c_08280938_12_24000_4bd_2023
[2132460] Skipping (exists): c_07710940_12_24000_4bd_2023
[2132460] Skipping (exists): c_07740940_12_24000_4bd_2023
[2132460] Skipping (exists): c_07770940_12_24000_4bd_2023
[2132460] Skipping (exists): c_07800940_12_24000_4bd_2023
[2132460] Skipping (exists): c_07830940_12_24000_4bd_2023
[2132460] Skipping (exists): c_07860940_12_24000_4bd_2023
[2132460] Skipping (exists): c_07890940_12_24000_4bd_2023
[2132460] Skipping (exists): c_07920940_12_24000_4bd_2023
[2132460] Skipping (exists): c_07950940_12_24000_4bd_2023
[2132460] Skipping (exists): c_07980940_12_24000_4bd_2023
[2132460] Skipping (exists): c_08010940_12_24000_4bd_2023
[2132460] Skipping (exists): c_08040940_12_24000_4bd_2023
[2132460] Skipping (exists): c_08070940_12_24000_4bd_2023
[2132460] Skipping (exists): c_08100940_12_24000_4bd_2023
[2132460] Skipping (exists): c_08130940_12_24000_4bd_2023
[2132460] Skipping (exists): c_08160940_12_24000_4bd_2023
[2132460] Skipping (exists): c_08190940_12_24000_4bd_2023
[2132460] Skipping (exists): c_08220940_12_24000_4bd_2023
[2132460] Skipping (exists): c_08250940_12_24000_4bd_2023
[2132460] Skipping (exists): c_07710942_12_24000_4bd_2023
[2132460] Skipping (exists): c_07740942_12_24000_4bd_2023
[2132460] Skipping (exists): c_07770942_12_24000_4bd_2023
[2132460] Skipping (exists): c_07800942_12_24000_4bd_2023
[2132460] Skipping (exists): c_07830942_12_24000_4bd_2023
[2132460] Skipping (exists): c_07860942_12_24000_4bd_2023
[2132460] Skipping (exists): c_07890942_12_24000_4bd_2023
[2132460] Skipping (exists): c_07920942_12_24000_4bd_2023
[2132460] Skipping (exists): c_07950942_12_24000_4bd_2023
[2132460] Skipping (exists): c_07980942_12_24000_4bd_2023
[2132460] Skipping (exists): c_08010942_12_24000_4bd_2023
[2132460] Skipping (exists): c_08040942_12_24000_4bd_2023
[2132460] Skipping (exists): c_08070942_12_24000_4bd_2023
[2132460] Skipping (exists): c_08100942_12_24000_4bd_2023
[2132460] Skipping (exists): c_08130942_12_24000_4bd_2023
[2132460] Skipping (exists): c_08160942_12_24000_4bd_2023
[2132460] Skipping (exists): c_08190942_12_24000_4bd_2023
[2132460] Skipping (exists): c_08220942_12_24000_4bd_2023
[2132460] Skipping (exists): c_07710944_12_24000_4bd_2023
[2132460] Skipping (exists): c_07740944_12_24000_4bd_2023
[2132460] Skipping (exists): c_07770944_12_24000_4bd_2023
[2132460] Skipping (exists): c_07800944_12_24000_4bd_2023
[2132460] Skipping (exists): c_07830944_12_24000_4bd_2023
[2132460] Skipping (exists): c_07860944_12_24000_4bd_2023
[2132460] Skipping (exists): c_07890944_12_24000_4bd_2023
[2132460] Skipping (exists): c_07920944_12_24000_4bd_2023
[2132460] Skipping (exists): c_07950944_12_24000_4bd_2023
[2132460] Skipping (exists): c_07980944_12_24000_4bd_2023
[2132460] Skipping (exists): c_08010944_12_24000_4bd_2023
[2132460] Skipping (exists): c_08040944_12_24000_4bd_2023
[2132460] Skipping (exists): c_08070944_12_24000_4bd_2023
[2132460] Skipping (exists): c_08100944_12_24000_4bd_2023
[2132460] Skipping (exists): c_08130944_12_24000_4bd_2023
[2132460] Skipping (exists): c_08160944_12_24000_4bd_2023
[2132460] Skipping (exists): c_08190944_12_24000_4bd_2023
[2132460] Skipping (exists): c_08220944_12_24000_4bd_2023
[2132460] Skipping (exists): c_08250944_12_24000_4bd_2023
[2132460] Skipping (exists): c_07710946_12_24000_4bd_2023
[2132460] Skipping (exists): c_07740946_12_24000_4bd_2023
[2132460] Skipping (exists): c_07770946_12_24000_4bd_2023
[2132460] Skipping (exists): c_07800946_12_24000_4bd_2023
[2132460] Skipping (exists): c_07830946_12_24000_4bd_2023
[2132460] Skipping (exists): c_07860946_12_24000_4bd_2023
[2132460] Skipping (exists): c_07890946_12_24000_4bd_2023
[2132460] Skipping (exists): c_07920946_12_24000_4bd_2023
[2132460] Skipping (exists): c_07950946_12_24000_4bd_2023
[2132460] Skipping (exists): c_07980946_12_24000_4bd_2023
[2132460] Skipping (exists): c_08010946_12_24000_4bd_2023
[2132460] Skipping (exists): c_08040946_12_24000_4bd_2023
[2132460] Skipping (exists): c_08070946_12_24000_4bd_2023
[2132460] Skipping (exists): c_08100946_12_24000_4bd_2023
[2132460] Skipping (exists): c_08130946_12_24000_4bd_2023
[2132460] Skipping (exists): c_08160946_12_24000_4bd_2023
[2132460] Skipping (exists): c_08190946_12_24000_4bd_2023
[2132460] Skipping (exists): c_08220946_12_24000_4bd_2023
[2132460] Skipping (exists): c_08250946_12_24000_4bd_2023
[2132460] Skipping (exists): c_07710948_12_24000_4bd_2023
[2132460] Skipping (exists): c_07740948_12_24000_4bd_2023
[2132460] Skipping (exists): c_07770948_12_24000_4bd_2023
[2132460] Skipping (exists): c_07800948_12_24000_4bd_2023
[2132460] Skipping (exists): c_07830948_12_24000_4bd_2023
[2132460] Skipping (exists): c_07860948_12_24000_4bd_2023
[2132460] Skipping (exists): c_07890948_12_24000_4bd_2023
[2132460] Skipping (exists): c_07920948_12_24000_4bd_2023
[2132460] Skipping (exists): c_07950948_12_24000_4bd_2023
[2132460] Skipping (exists): c_07980948_12_24000_4bd_2023
[2132460] Skipping (exists): c_08010948_12_24000_4bd_2023
[2132460] Skipping (exists): c_08040948_12_24000_4bd_2023
[2132460] Skipping (exists): c_08070948_12_24000_4bd_2023
[2132460] Skipping (exists): c_08100948_12_24000_4bd_2023
[2132460] Skipping (exists): c_08130948_12_24000_4bd_2023
[2132460] Skipping (exists): c_08160948_12_24000_4bd_2023
[2132460] Skipping (exists): c_08190948_12_24000_4bd_2023
[2132460] Skipping (exists): c_08220948_12_24000_4bd_2023
[2132460] Skipping (exists): c_07710950_12_24000_4bd_2023
[2132460] Skipping (exists): c_07740950_12_24000_4bd_2023
[2132460] Skipping (exists): c_07770950_12_24000_4bd_2023
[2132460] Skipping (exists): c_07800950_12_24000_4bd_2023
[2132460] Skipping (exists): c_07830950_12_24000_4bd_2023
[2132460] Skipping (exists): c_07860950_12_24000_4bd_2023
[2132460] Skipping (exists): c_07890950_12_24000_4bd_2023
[2132460] Skipping (exists): c_07920950_12_24000_4bd_2023
[2132460] Skipping (exists): c_07950950_12_24000_4bd_2023
[2132460] Skipping (exists): c_07980950_12_24000_4bd_2023
[2132460] Skipping (exists): c_08010950_12_24000_4bd_2023
[2132460] Skipping (exists): c_08040950_12_24000_4bd_2023
[2132460] Skipping (exists): c_08070950_12_24000_4bd_2023
[2132460] Skipping (exists): c_08100950_12_24000_4bd_2023
[2132460] Skipping (exists): c_08130950_12_24000_4bd_2023
[2132460] Skipping (exists): c_08160950_12_24000_4bd_2023
[2132460] Skipping (exists): c_08190950_12_24000_4bd_2023
[2132460] Skipping (exists): c_08220950_12_24000_4bd_2023
[2132460] Skipping (exists): c_07710952_12_24000_4bd_2023
[2132460] Skipping (exists): c_07740952_12_24000_4bd_2023
[2132460] Skipping (exists): c_07770952_12_24000_4bd_2023
[2132460] Skipping (exists): c_07800952_12_24000_4bd_2023
[2132460] Skipping (exists): c_07830952_12_24000_4bd_2023
[2132460] Skipping (exists): c_07860952_12_24000_4bd_2023
[2132460] Skipping (exists): c_07890952_12_24000_4bd_2023
[2132460] Skipping (exists): c_07920952_12_24000_4bd_2023
[2132460] Skipping (exists): c_07950952_12_24000_4bd_2023
[2132460] Skipping (exists): c_07980952_12_24000_4bd_2023
[2132460] Skipping (exists): c_08010952_12_24000_4bd_2023
[2132460] Skipping (exists): c_08040952_12_24000_4bd_2023
[2132460] Skipping (exists): c_08070952_12_24000_4bd_2023
[2132460] Skipping (exists): c_08100952_12_24000_4bd_2023
[2132460] Skipping (exists): c_08130952_12_24000_4bd_2023
[2132460] Skipping (exists): c_08160952_12_24000_4bd_2023
[2132460] Skipping (exists): c_08190952_12_24000_4bd_2023
[2132460] Skipping (exists): c_08220952_12_24000_4bd_2023
[2132460] Skipping (exists): c_07710954_12_24000_4bd_2023
[2132460] Skipping (exists): c_07740954_12_24000_4bd_2023
[2132460] Skipping (exists): c_07770954_12_24000_4bd_2023
[2132460] Skipping (exists): c_07800954_12_24000_4bd_2023
[2132460] Skipping (exists): c_07830954_12_24000_4bd_2023
[2132460] Skipping (exists): c_07860954_12_24000_4bd_2023
[2132460] Skipping (exists): c_07890954_12_24000_4bd_2023
[2132460] Skipping (exists): c_07920954_12_24000_4bd_2023
[2132460] Skipping (exists): c_07950954_12_24000_4bd_2023
[2132460] Skipping (exists): c_07980954_12_24000_4bd_2023
[2132460] Skipping (exists): c_08010954_12_24000_4bd_2023
[2132460] Skipping (exists): c_08040954_12_24000_4bd_2023
[2132460] Skipping (exists): c_08070954_12_24000_4bd_2023
[2132460] Skipping (exists): c_08100954_12_24000_4bd_2023
[2132460] Skipping (exists): c_08130954_12_24000_4bd_2023
[2132460] Skipping (exists): c_08160954_12_24000_4bd_2023
[2132460] Skipping (exists): c_08190954_12_24000_4bd_2023
[2132460] Skipping (exists): c_08220954_12_24000_4bd_2023
[2132460] Skipping (exists): c_07680956_12_24000_4bd_2023
[2132460] Skipping (exists): c_07710956_12_24000_4bd_2023
[2132460] Skipping (exists): c_07740956_12_24000_4bd_2023
[2132460] Skipping (exists): c_07770956_12_24000_4bd_2023
[2132460] Skipping (exists): c_07800956_12_24000_4bd_2023
[2132460] Skipping (exists): c_07830956_12_24000_4bd_2023
[2132460] Skipping (exists): c_07860956_12_24000_4bd_2023
[2132460] Skipping (exists): c_07890956_12_24000_4bd_2023
[2132460] Skipping (exists): c_07920956_12_24000_4bd_2023
[2132460] Skipping (exists): c_07950956_12_24000_4bd_2023
[2132460] Skipping (exists): c_07980956_12_24000_4bd_2023
[2132460] Skipping (exists): c_08010956_12_24000_4bd_2023
[2132460] Skipping (exists): c_08040956_12_24000_4bd_2023
[2132460] Skipping (exists): c_08070956_12_24000_4bd_2023
[2132460] Skipping (exists): c_08100956_12_24000_4bd_2023
[2132460] Skipping (exists): c_08130956_12_24000_4bd_2023
[2132460] Skipping (exists): c_08160956_12_24000_4bd_2023
[2132460] Skipping (exists): c_08190956_12_24000_4bd_2023
[2132460] Skipping (exists): c_08220956_12_24000_4bd_2023
[2132460] Skipping (exists): c_07710958_12_24000_4bd_2023
[2132460] Skipping (exists): c_07740958_12_24000_4bd_2023
[2132460] Skipping (exists): c_07770958_12_24000_4bd_2023
[2132460] Skipping (exists): c_07800958_12_24000_4bd_2023
[2132460] Skipping (exists): c_07830958_12_24000_4bd_2023
[2132460] Skipping (exists): c_07860958_12_24000_4bd_2023
[2132460] Skipping (exists): c_07890958_12_24000_4bd_2023
[2132460] Skipping (exists): c_07920958_12_24000_4bd_2023
[2132460] Skipping (exists): c_07950958_12_24000_4bd_2023
[2132460] Skipping (exists): c_07980958_12_24000_4bd_2023
[2132460] Skipping (exists): c_08010958_12_24000_4bd_2023
[2132460] Skipping (exists): c_08040958_12_24000_4bd_2023
[2132460] Skipping (exists): c_08070958_12_24000_4bd_2023
[2132460] Skipping (exists): c_08100958_12_24000_4bd_2023
[2132460] Skipping (exists): c_08130958_12_24000_4bd_2023
[2132460] Skipping (exists): c_08160958_12_24000_4bd_2023
[2132460] Skipping (exists): c_08190958_12_24000_4bd_2023
[2132460] Skipping (exists): c_08220958_12_24000_4bd_2023
[2132460] Skipping (exists): c_07710960_12_24000_4bd_2023
[2132460] Skipping (exists): c_07740960_12_24000_4bd_2023
[2132460] Skipping (exists): c_07770960_12_24000_4bd_2023
[2132460] Skipping (exists): c_07800960_12_24000_4bd_2023
[2132460] Skipping (exists): c_07830960_12_24000_4bd_2023
[2132460] Skipping (exists): c_07860960_12_24000_4bd_2023
[2132460] Skipping (exists): c_07890960_12_24000_4bd_2023
[2132460] Skipping (exists): c_07920960_12_24000_4bd_2023
[2132460] Skipping (exists): c_07950960_12_24000_4bd_2023
[2132460] Skipping (exists): c_07980960_12_24000_4bd_2023
[2132460] Skipping (exists): c_08010960_12_24000_4bd_2023
[2132460] Skipping (exists): c_08040960_12_24000_4bd_2023
[2132460] Skipping (exists): c_08070960_12_24000_4bd_2023
[2132460] Skipping (exists): c_08100960_12_24000_4bd_2023
[2132460] Skipping (exists): c_08130960_12_24000_4bd_2023
[2132460] Skipping (exists): c_08160960_12_24000_4bd_2023
[2132460] Skipping (exists): c_08190960_12_24000_4bd_2023
[2132460] Skipping (exists): c_08220960_12_24000_4bd_2023
[2132460] Skipping (exists): c_07740962_12_24000_4bd_2023
[2132460] Skipping (exists): c_07770962_12_24000_4bd_2023
[2132460] Skipping (exists): c_07800962_12_24000_4bd_2023
[2132460] Skipping (exists): c_07830962_12_24000_4bd_2023
[2132460] Skipping (exists): c_07860962_12_24000_4bd_2023
[2132460] Skipping (exists): c_07890962_12_24000_4bd_2023
[2132460] Skipping (exists): c_07920962_12_24000_4bd_2023
[2132460] Skipping (exists): c_07950962_12_24000_4bd_2023
[2132460] Skipping (exists): c_07980962_12_24000_4bd_2023
[2132460] Skipping (exists): c_08010962_12_24000_4bd_2023
[2132460] Skipping (exists): c_08040962_12_24000_4bd_2023
[2132460] Skipping (exists): c_08070962_12_24000_4bd_2023
[2132460] Skipping (exists): c_08100962_12_24000_4bd_2023
[2132460] Skipping (exists): c_08130962_12_24000_4bd_2023
[2132460] Skipping (exists): c_08160962_12_24000_4bd_2023
[2132460] Skipping (exists): c_08190962_12_24000_4bd_2023
[2132460] Skipping (exists): c_08220962_12_24000_4bd_2023
[2132460] Skipping (exists): c_07770964_12_24000_4bd_2023
[2132460] Skipping (exists): c_07800964_12_24000_4bd_2023
[2132460] Skipping (exists): c_07830964_12_24000_4bd_2023
[2132460] Skipping (exists): c_07860964_12_24000_4bd_2023
[2132460] Skipping (exists): c_07890964_12_24000_4bd_2023
[2132460] Skipping (exists): c_07920964_12_24000_4bd_2023
[2132460] Skipping (exists): c_07950964_12_24000_4bd_2023
[2132460] Skipping (exists): c_07980964_12_24000_4bd_2023
[2132460] Skipping (exists): c_08010964_12_24000_4bd_2023
[2132460] Skipping (exists): c_08040964_12_24000_4bd_2023
[2132460] Skipping (exists): c_08070964_12_24000_4bd_2023
[2132460] Skipping (exists): c_08100964_12_24000_4bd_2023
[2132460] Skipping (exists): c_08130964_12_24000_4bd_2023
[2132460] Skipping (exists): c_08160964_12_24000_4bd_2023
[2132460] Skipping (exists): c_08190964_12_24000_4bd_2023
[2132460] Skipping (exists): c_08220964_12_24000_4bd_2023
[2132460] Skipping (exists): c_07830966_12_24000_4bd_2023
[2132460] Skipping (exists): c_07860966_12_24000_4bd_2023
[2132460] Skipping (exists): c_07890966_12_24000_4bd_2023
[2132460] Skipping (exists): c_07920966_12_24000_4bd_2023
[2132460] Skipping (exists): c_07950966_12_24000_4bd_2023
[2132460] Skipping (exists): c_07980966_12_24000_4bd_2023
[2132460] Skipping (exists): c_08010966_12_24000_4bd_2023
[2132460] Skipping (exists): c_08040966_12_24000_4bd_2023
[2132460] Skipping (exists): c_08070966_12_24000_4bd_2023
[2132460] Skipping (exists): c_08100966_12_24000_4bd_2023
[2132460] Skipping (exists): c_08130966_12_24000_4bd_2023
[2132460] Skipping (exists): c_08160966_12_24000_4bd_2023
[2132460] Skipping (exists): c_08190966_12_24000_4bd_2023
[2132460] Skipping (exists): c_07830968_12_24000_4bd_2023
[2132460] Skipping (exists): c_07860968_12_24000_4bd_2023
[2132460] Skipping (exists): c_07890968_12_24000_4bd_2023
[2132460] Skipping (exists): c_07920968_12_24000_4bd_2023
[2132460] Skipping (exists): c_07950968_12_24000_4bd_2023
[2132460] Skipping (exists): c_07980968_12_24000_4bd_2023
[2132460] Skipping (exists): c_08010968_12_24000_4bd_2023
[2132460] Skipping (exists): c_08040968_12_24000_4bd_2023
[2132460] Skipping (exists): c_08070968_12_24000_4bd_2023
[2132460] Skipping (exists): c_08100968_12_24000_4bd_2023
[2132460] Skipping (exists): c_08130968_12_24000_4bd_2023
[2132460] Skipping (exists): c_08160968_12_24000_4bd_2023
[2132460] Skipping (exists): c_08190968_12_24000_4bd_2023
[2132460] Skipping (exists): c_07860970_12_24000_4bd_2023
[2132460] Skipping (exists): c_07890970_12_24000_4bd_2023
[2132460] Skipping (exists): c_07920970_12_24000_4bd_2023
[2132460] Skipping (exists): c_07950970_12_24000_4bd_2023
[2132460] Skipping (exists): c_07980970_12_24000_4bd_2023
[2132460] Skipping (exists): c_08010970_12_24000_4bd_2023
[2132460] Skipping (exists): c_08040970_12_24000_4bd_2023
[2132460] Skipping (exists): c_08070970_12_24000_4bd_2023
[2132460] Skipping (exists): c_08100970_12_24000_4bd_2023
[2132460] Skipping (exists): c_08130970_12_24000_4bd_2023
[2132460] Skipping (exists): c_08160970_12_24000_4bd_2023
[2132460] Skipping (exists): c_08190970_12_24000_4bd_2023
[2132460] Skipping (exists): c_07980972_12_24000_4bd_2023
[2132460] Skipping (exists): c_08010972_12_24000_4bd_2023
[2132460] Skipping (exists): c_08040972_12_24000_4bd_2023
[2132460] Skipping (exists): c_08070972_12_24000_4bd_2023
[2132460] Skipping (exists): c_08130972_12_24000_4bd_2023
[2132460] Skipping (exists): c_08160972_12_24000_4bd_2023
[2132460] Skipping (exists): c_08190972_12_24000_4bd_2023
[2132460] Skipping (exists): c_08010974_12_24000_4bd_2023
[2132460] Skipping (exists): c_08040974_12_24000_4bd_2023
[2132460] Skipping (exists): c_08010976_12_24000_4bd_2023

=== Done. 1531/1531 tiles processed. Imagery written to: Data/Ortho/Tiles ===
          used (Mb) gc trigger  (Mb) max used  (Mb)
Ncells 1613090 86.2    2886197 154.2  2886197 154.2
Vcells 2376681 18.2   12126898  92.6 11598574  88.5
