these are the arguments: 
- Path to cluster gpkg:Data/NY_HUCS/NY_Cluster_Zones_250_CROP_NAomit_6347.gpkg
- Cluster:105
- Imagery year:2024
- Ortho tile index gpkg:Data/Ortho/ortho_tiles.gpkg
- HUC DEM directory:Data/TerrainProcessed/HUC_DEMs
- Output path:Data/Ortho/HUC_Ortho/
- Target HUC12 (blank = all in cluster):

terra 1.9.27
WARNING: different compile-time and run-time versions of GEOS
Compiled with:3.11.0-CAPI-1.17.0
 Running with:3.13.1-CAPI-1.19.2

You should reinstall package 'terra'

Linking to GEOS 3.13.1, GDAL 3.5.1, PROJ 8.2.0; sf_use_s2() is TRUE
WARNING: different compile-time and runtime versions for GEOS found:
Linked against: 3.13.1-CAPI-1.19.2 compiled against: 3.11.0-CAPI-1.17.0
It is probably a good idea to reinstall sf (and maybe lwgeom too)
[1] "/ibstorage/anthony/NYS_Wetlands_GHG/tmp//RtmpZa0h87"
Ortho tile years available in index: 2020, 2021, 2022, 2023, 2024, 2025
Ortho tiles overlapping cluster 105: 943
terra 1.9.27
WARNING: different compile-time and run-time versions of GEOS
Compiled with:3.11.0-CAPI-1.17.0
 Running with:3.13.1-CAPI-1.19.2

You should reinstall package 'terra'

Linking to GEOS 3.13.1, GDAL 3.5.1, PROJ 8.2.0; sf_use_s2() is TRUE
WARNING: different compile-time and runtime versions for GEOS found:
Linked against: 3.13.1-CAPI-1.19.2 compiled against: 3.11.0-CAPI-1.17.0
It is probably a good idea to reinstall sf (and maybe lwgeom too)
Ortho already processed for: Data/Ortho/HUC_Ortho/cluster_105_huc_020501020506_ortho_2024.tif
Ortho already processed for: Data/Ortho/HUC_Ortho/cluster_105_huc_020501020503_ortho_2024.tif
Ortho already processed for: Data/Ortho/HUC_Ortho/cluster_105_huc_020501020505_ortho_2024.tif
Ortho already processed for: Data/Ortho/HUC_Ortho/cluster_105_huc_020501020502_ortho_2024.tif
Ortho already processed for: Data/Ortho/HUC_Ortho/cluster_105_huc_020501020601_ortho_2024.tif
Ortho already processed for: Data/Ortho/HUC_Ortho/cluster_105_huc_020501020602_ortho_2024.tif
Ortho already processed for: Data/Ortho/HUC_Ortho/cluster_105_huc_020501020501_ortho_2024.tif
[[1]]
NULL

[[2]]
NULL

[[3]]
NULL

[[4]]
NULL

[[5]]
NULL

[[6]]
NULL

[[7]]
NULL

          used  (Mb) gc trigger  (Mb) max used  (Mb)
Ncells 2132684 113.9    3860937 206.2  2958664 158.1
Vcells 3937211  30.1   16652216 127.1 14018158 107.0
