Using libcurl 7.76.1 with OpenSSL/3.2.2
Linking to GEOS 3.13.1, GDAL 3.5.1, PROJ 8.2.0; sf_use_s2() is TRUE
WARNING: different compile-time and runtime versions for GEOS found:
Linked against: 3.13.1-CAPI-1.19.2 compiled against: 3.11.0-CAPI-1.17.0
It is probably a good idea to reinstall sf (and maybe lwgeom too)

Attaching package: ‘dplyr’

The following objects are masked from ‘package:stats’:

    filter, lag

The following objects are masked from ‘package:base’:

    intersect, setdiff, setequal, union

terra 1.9.27
WARNING: different compile-time and run-time versions of GEOS
Compiled with:3.11.0-CAPI-1.17.0
 Running with:3.13.1-CAPI-1.19.2

You should reinstall package 'terra'

=== NYS Orthoimagery Download Pipeline ===
  GPKG:     Data/NY_HUCS/NY_Cluster_Zones_250_CROP_NAomit_6347.gpkg
  Cluster:  105
  Year:     2024
  Bands:    4bd
  Output:   Data/Ortho/Tiles
  Workers:  1
  HUC12s in cluster: 7

Querying ortho tile indexes...
  Index years available for '4bd': 2008, 2009, 2010, 2011, 2012, 2013, 2014, 2015, 2016, 2017, 2018, 2020, 2021, 2022, 2023, 2024, 2025
  Querying year 2024 ...
  Matching index layers: ind24l_half_ft_4bd_nyc, ind24w_half_ft_4bd, ind24w_one_ft_4bd, ind24e_one_ft_4bd, ind24e_half_ft_4bd
  NOTE: source tiles span multiple native resolutions (half_ft, one_ft); all will be resampled to 1 m.
  Querying year 2025 ...
  Matching index layers: ind25e_one_ft_4bd, ind25e_half_ft_4bd, ind25c_half_ft_4bd, ind25c_one_ft_4bd
  NOTE: source tiles span multiple native resolutions (one_ft, half_ft); all will be resampled to 1 m.
    layer 0: 2 bbox hits
    layer 3: 432 bbox hits
  Year 2025: 120 tiles selected
  Querying year 2023 ...
  Matching index layers: ind23e_half_ft_4bd, ind23w_one_ft_4bd, ind23c_one_ft_4bd, ind23l_half_ft_4bd, ind23w_half_ft_4bd
  NOTE: source tiles span multiple native resolutions (half_ft, one_ft); all will be resampled to 1 m.
  Querying year 2022 ...
  Matching index layers: ind22c_one_ft_4bd, ind22e_half_ft_4bd, ind22e_one_ft_4bd, ind22c_half_ft_4bd, ind22l_half_ft_4bd_nyc
  NOTE: source tiles span multiple native resolutions (one_ft, half_ft); all will be resampled to 1 m.
    layer 14: 1793 bbox hits
    layer 16: 2 bbox hits
  Year 2022: 815 tiles selected
  Years selected: 2025, 2022
Unique full-size tiles to process: 935
[1486153] Skipping (exists): c_11070980_12_24000_4bd_2025
[1486153] Skipping (exists): c_11100980_12_24000_4bd_2025
[1486153] Skipping (exists): c_11130980_12_24000_4bd_2025
[1486153] Skipping (exists): c_11160980_12_24000_4bd_2025
[1486153] Skipping (exists): c_11190980_12_24000_4bd_2025
[1486153] Skipping (exists): c_11070982_12_24000_4bd_2025
[1486153] Skipping (exists): c_11100982_12_24000_4bd_2025
[1486153] Skipping (exists): c_11130982_12_24000_4bd_2025
[1486153] Skipping (exists): c_11160982_12_24000_4bd_2025
[1486153] Skipping (exists): c_11190982_12_24000_4bd_2025
[1486153] Skipping (exists): c_11070984_12_24000_4bd_2025
[1486153] Skipping (exists): c_11100984_12_24000_4bd_2025
[1486153] Skipping (exists): c_11130984_12_24000_4bd_2025
[1486153] Skipping (exists): c_11160984_12_24000_4bd_2025
[1486153] Skipping (exists): c_11190984_12_24000_4bd_2025
[1486153] Skipping (exists): c_11220984_12_24000_4bd_2025
[1486153] Skipping (exists): c_11070986_12_24000_4bd_2025
[1486153] Skipping (exists): c_11100986_12_24000_4bd_2025
[1486153] Skipping (exists): c_11130986_12_24000_4bd_2025
[1486153] Skipping (exists): c_11160986_12_24000_4bd_2025
[1486153] Skipping (exists): c_11190986_12_24000_4bd_2025
[1486153] Skipping (exists): c_11220986_12_24000_4bd_2025
[1486153] Skipping (exists): c_11310986_12_24000_4bd_2025
[1486153] Skipping (exists): c_11340986_12_24000_4bd_2025
[1486153] Skipping (exists): c_11070988_12_24000_4bd_2025
[1486153] Skipping (exists): c_11100988_12_24000_4bd_2025
[1486153] Skipping (exists): c_11130988_12_24000_4bd_2025
[1486153] Skipping (exists): c_11160988_12_24000_4bd_2025
[1486153] Skipping (exists): c_11190988_12_24000_4bd_2025
[1486153] Skipping (exists): c_11220988_12_24000_4bd_2025
[1486153] Skipping (exists): c_11250988_12_24000_4bd_2025
[1486153] Skipping (exists): c_11310988_12_24000_4bd_2025
[1486153] Skipping (exists): c_11340988_12_24000_4bd_2025
[1486153] Skipping (exists): c_10980990_12_24000_4bd_2025
[1486153] Skipping (exists): c_11070990_12_24000_4bd_2025
[1486153] Skipping (exists): c_11100990_12_24000_4bd_2025
[1486153] Skipping (exists): c_11130990_12_24000_4bd_2025
[1486153] Skipping (exists): c_11160990_12_24000_4bd_2025
[1486153] Skipping (exists): c_11190990_12_24000_4bd_2025
[1486153] Skipping (exists): c_11220990_12_24000_4bd_2025
[1486153] Skipping (exists): c_11250990_12_24000_4bd_2025
[1486153] Skipping (exists): c_11280990_12_24000_4bd_2025
[1486153] Skipping (exists): c_11310990_12_24000_4bd_2025
[1486153] Skipping (exists): c_11340990_12_24000_4bd_2025
[1486153] Skipping (exists): c_10980992_12_24000_4bd_2025
[1486153] Skipping (exists): c_11010992_12_24000_4bd_2025
[1486153] Skipping (exists): c_11070992_12_24000_4bd_2025
[1486153] Skipping (exists): c_11100992_12_24000_4bd_2025
[1486153] Skipping (exists): c_11130992_12_24000_4bd_2025
[1486153] Skipping (exists): c_11160992_12_24000_4bd_2025
[1486153] Skipping (exists): c_11190992_12_24000_4bd_2025
[1486153] Skipping (exists): c_11220992_12_24000_4bd_2025
[1486153] Skipping (exists): c_11250992_12_24000_4bd_2025
[1486153] Skipping (exists): c_11280992_12_24000_4bd_2025
[1486153] Skipping (exists): c_11310992_12_24000_4bd_2025
[1486153] Skipping (exists): c_11340992_12_24000_4bd_2025
[1486153] Skipping (exists): c_11370992_12_24000_4bd_2025
[1486153] Skipping (exists): c_10980994_12_24000_4bd_2025
[1486153] Skipping (exists): c_11010994_12_24000_4bd_2025
[1486153] Skipping (exists): c_11040994_12_24000_4bd_2025
[1486153] Skipping (exists): c_11070994_12_24000_4bd_2025
[1486153] Skipping (exists): c_11100994_12_24000_4bd_2025
[1486153] Skipping (exists): c_11130994_12_24000_4bd_2025
[1486153] Skipping (exists): c_11160994_12_24000_4bd_2025
[1486153] Skipping (exists): c_11190994_12_24000_4bd_2025
[1486153] Skipping (exists): c_11220994_12_24000_4bd_2025
[1486153] Skipping (exists): c_11250994_12_24000_4bd_2025
[1486153] Skipping (exists): c_11280994_12_24000_4bd_2025
[1486153] Skipping (exists): c_11310994_12_24000_4bd_2025
[1486153] Skipping (exists): c_11340994_12_24000_4bd_2025
[1486153] Skipping (exists): c_11370994_12_24000_4bd_2025
[1486153] Skipping (exists): c_10980996_12_24000_4bd_2025
[1486153] Skipping (exists): c_11010996_12_24000_4bd_2025
[1486153] Skipping (exists): c_11040996_12_24000_4bd_2025
[1486153] Skipping (exists): c_11070996_12_24000_4bd_2025
[1486153] Skipping (exists): c_11100996_12_24000_4bd_2025
[1486153] Skipping (exists): c_11130996_12_24000_4bd_2025
[1486153] Skipping (exists): c_11160996_12_24000_4bd_2025
[1486153] Skipping (exists): c_11190996_12_24000_4bd_2025
[1486153] Skipping (exists): c_11220996_12_24000_4bd_2025
[1486153] Skipping (exists): c_11250996_12_24000_4bd_2025
[1486153] Skipping (exists): c_11280996_12_24000_4bd_2025
[1486153] Skipping (exists): c_11310996_12_24000_4bd_2025
[1486153] Skipping (exists): c_11340996_12_24000_4bd_2025
[1486153] Skipping (exists): c_11370996_12_24000_4bd_2025
[1486153] Skipping (exists): c_10980998_12_24000_4bd_2025
[1486153] Skipping (exists): c_11010998_12_24000_4bd_2025
[1486153] Skipping (exists): c_11040998_12_24000_4bd_2025
[1486153] Skipping (exists): c_11070998_12_24000_4bd_2025
[1486153] Skipping (exists): c_11100998_12_24000_4bd_2025
[1486153] Skipping (exists): c_11130998_12_24000_4bd_2025
[1486153] Skipping (exists): c_11160998_12_24000_4bd_2025
[1486153] Skipping (exists): c_11190998_12_24000_4bd_2025
[1486153] Skipping (exists): c_11220998_12_24000_4bd_2025
[1486153] Skipping (exists): c_11250998_12_24000_4bd_2025
[1486153] Skipping (exists): c_11280998_12_24000_4bd_2025
[1486153] Skipping (exists): c_11310998_12_24000_4bd_2025
[1486153] Skipping (exists): c_11340998_12_24000_4bd_2025
[1486153] Skipping (exists): c_11370998_12_24000_4bd_2025
[1486153] Skipping (exists): c_10981000_12_24000_4bd_2025
[1486153] Skipping (exists): c_11011000_12_24000_4bd_2025
[1486153] Skipping (exists): c_11041000_12_24000_4bd_2025
[1486153] Skipping (exists): c_11071000_12_24000_4bd_2025
[1486153] Skipping (exists): c_11101000_12_24000_4bd_2025
[1486153] Skipping (exists): c_11131000_12_24000_4bd_2025
[1486153] Skipping (exists): c_11161000_12_24000_4bd_2025
[1486153] Skipping (exists): c_11191000_12_24000_4bd_2025
[1486153] Skipping (exists): c_11221000_12_24000_4bd_2025
[1486153] Skipping (exists): c_11251000_12_24000_4bd_2025
[1486153] Skipping (exists): c_11281000_12_24000_4bd_2025
[1486153] Skipping (exists): c_11311000_12_24000_4bd_2025
[1486153] Skipping (exists): c_11341000_12_24000_4bd_2025
[1486153] Skipping (exists): c_11371000_12_24000_4bd_2025
[1486153] Skipping (exists): c_11401000_12_24000_4bd_2025
[1486153] Skipping (exists): c_11161002_12_24000_4bd_2025
[1486153] Skipping (exists): c_11191002_12_24000_4bd_2025
[1486153] Skipping (exists): c_11221002_12_24000_4bd_2025
[1486153] Skipping (exists): c_11251002_12_24000_4bd_2025
[1486153] Skipping (exists): c_11281002_12_24000_4bd_2025
[1486153] Skipping (exists): c_11311002_12_24000_4bd_2025
[1486153] Skipping (exists): c_10921002_12_19000_4bd_2022
[1486153] Skipping (exists): c_10951002_12_19000_4bd_2022
[1486153] Skipping (exists): c_10981002_12_19000_4bd_2022
[1486153] Skipping (exists): c_11011002_12_19000_4bd_2022
[1486153] Skipping (exists): c_11041002_12_19000_4bd_2022
[1486153] Skipping (exists): c_11071002_12_19000_4bd_2022
[1486153] Skipping (exists): c_11101002_12_19000_4bd_2022
[1486153] Skipping (exists): c_11131002_12_19000_4bd_2022
[1486153] Skipping (exists): c_11311002_12_19000_4bd_2022
[1486153] Skipping (exists): c_11341002_12_19000_4bd_2022
[1486153] Skipping (exists): c_11371002_12_19000_4bd_2022
[1486153] Skipping (exists): c_11401002_12_19000_4bd_2022
[1486153] Skipping (exists): c_10921004_12_19000_4bd_2022
[1486153] Skipping (exists): c_10951004_12_19000_4bd_2022
[1486153] Skipping (exists): c_10981004_12_19000_4bd_2022
[1486153] Skipping (exists): c_11011004_12_19000_4bd_2022
[1486153] Skipping (exists): c_11041004_12_19000_4bd_2022
[1486153] Skipping (exists): c_11071004_12_19000_4bd_2022
[1486153] Skipping (exists): c_11101004_12_19000_4bd_2022
[1486153] Skipping (exists): c_11131004_12_19000_4bd_2022
[1486153] Skipping (exists): c_11161004_12_19000_4bd_2022
[1486153] Skipping (exists): c_11191004_12_19000_4bd_2022
[1486153] Skipping (exists): c_11221004_12_19000_4bd_2022
[1486153] Skipping (exists): c_11251004_12_19000_4bd_2022
[1486153] Skipping (exists): c_11281004_12_19000_4bd_2022
[1486153] Skipping (exists): c_11311004_12_19000_4bd_2022
[1486153] Skipping (exists): c_11341004_12_19000_4bd_2022
[1486153] Skipping (exists): c_11371004_12_19000_4bd_2022
[1486153] Skipping (exists): c_11401004_12_19000_4bd_2022
[1486153] Skipping (exists): c_10891006_12_19000_4bd_2022
[1486153] Skipping (exists): c_10921006_12_19000_4bd_2022
[1486153] Skipping (exists): c_10951006_12_19000_4bd_2022
[1486153] Skipping (exists): c_10981006_12_19000_4bd_2022
[1486153] Skipping (exists): c_11011006_12_19000_4bd_2022
[1486153] Skipping (exists): c_11041006_12_19000_4bd_2022
[1486153] Skipping (exists): c_11071006_12_19000_4bd_2022
[1486153] Skipping (exists): c_11101006_12_19000_4bd_2022
[1486153] Skipping (exists): c_11131006_12_19000_4bd_2022
[1486153] Skipping (exists): c_11161006_12_19000_4bd_2022
[1486153] Skipping (exists): c_11191006_12_19000_4bd_2022
[1486153] Skipping (exists): c_11221006_12_19000_4bd_2022
[1486153] Skipping (exists): c_11251006_12_19000_4bd_2022
[1486153] Skipping (exists): c_11281006_12_19000_4bd_2022
[1486153] Skipping (exists): c_11311006_12_19000_4bd_2022
[1486153] Skipping (exists): c_11341006_12_19000_4bd_2022
[1486153] Skipping (exists): c_11371006_12_19000_4bd_2022
[1486153] Skipping (exists): c_11401006_12_19000_4bd_2022
[1486153] Skipping (exists): c_10891008_12_19000_4bd_2022
[1486153] Skipping (exists): c_10921008_12_19000_4bd_2022
[1486153] Skipping (exists): c_10951008_12_19000_4bd_2022
[1486153] Skipping (exists): c_10981008_12_19000_4bd_2022
[1486153] Skipping (exists): c_11011008_12_19000_4bd_2022
[1486153] Skipping (exists): c_11041008_12_19000_4bd_2022
[1486153] Skipping (exists): c_11071008_12_19000_4bd_2022
[1486153] Skipping (exists): c_11101008_12_19000_4bd_2022
[1486153] Skipping (exists): c_11131008_12_19000_4bd_2022
[1486153] Skipping (exists): c_11161008_12_19000_4bd_2022
[1486153] Skipping (exists): c_11191008_12_19000_4bd_2022
[1486153] Skipping (exists): c_11221008_12_19000_4bd_2022
[1486153] Skipping (exists): c_11251008_12_19000_4bd_2022
[1486153] Skipping (exists): c_11281008_12_19000_4bd_2022
[1486153] Skipping (exists): c_11311008_12_19000_4bd_2022
[1486153] Skipping (exists): c_11341008_12_19000_4bd_2022
[1486153] Skipping (exists): c_11371008_12_19000_4bd_2022
[1486153] Skipping (exists): c_11401008_12_19000_4bd_2022
[1486153] Skipping (exists): c_10861010_12_19000_4bd_2022
[1486153] Skipping (exists): c_10891010_12_19000_4bd_2022
[1486153] Skipping (exists): c_10921010_12_19000_4bd_2022
[1486153] Skipping (exists): c_10951010_12_19000_4bd_2022
[1486153] Skipping (exists): c_10981010_12_19000_4bd_2022
[1486153] Skipping (exists): c_11011010_12_19000_4bd_2022
[1486153] Skipping (exists): c_11041010_12_19000_4bd_2022
[1486153] Skipping (exists): c_11071010_12_19000_4bd_2022
[1486153] Skipping (exists): c_11101010_12_19000_4bd_2022
[1486153] Skipping (exists): c_11131010_12_19000_4bd_2022
[1486153] Skipping (exists): c_11161010_12_19000_4bd_2022
[1486153] Skipping (exists): c_11191010_12_19000_4bd_2022
[1486153] Skipping (exists): c_11221010_12_19000_4bd_2022
[1486153] Skipping (exists): c_11251010_12_19000_4bd_2022
[1486153] Skipping (exists): c_11281010_12_19000_4bd_2022
[1486153] Skipping (exists): c_11311010_12_19000_4bd_2022
[1486153] Skipping (exists): c_11341010_12_19000_4bd_2022
[1486153] Skipping (exists): c_11371010_12_19000_4bd_2022
[1486153] Skipping (exists): c_11401010_12_19000_4bd_2022
[1486153] Skipping (exists): c_11431010_12_19000_4bd_2022
[1486153] Skipping (exists): c_10831012_12_19000_4bd_2022
[1486153] Skipping (exists): c_10861012_12_19000_4bd_2022
[1486153] Skipping (exists): c_10891012_12_19000_4bd_2022
[1486153] Skipping (exists): c_10921012_12_19000_4bd_2022
[1486153] Skipping (exists): c_10951012_12_19000_4bd_2022
[1486153] Skipping (exists): c_10981012_12_19000_4bd_2022
[1486153] Skipping (exists): c_11011012_12_19000_4bd_2022
[1486153] Skipping (exists): c_11041012_12_19000_4bd_2022
[1486153] Skipping (exists): c_11071012_12_19000_4bd_2022
[1486153] Skipping (exists): c_11101012_12_19000_4bd_2022
[1486153] Skipping (exists): c_11131012_12_19000_4bd_2022
[1486153] Skipping (exists): c_11161012_12_19000_4bd_2022
[1486153] Skipping (exists): c_11191012_12_19000_4bd_2022
[1486153] Skipping (exists): c_11221012_12_19000_4bd_2022
[1486153] Skipping (exists): c_11251012_12_19000_4bd_2022
[1486153] Skipping (exists): c_11281012_12_19000_4bd_2022
[1486153] Skipping (exists): c_11311012_12_19000_4bd_2022
[1486153] Skipping (exists): c_11341012_12_19000_4bd_2022
[1486153] Skipping (exists): c_11371012_12_19000_4bd_2022
[1486153] Skipping (exists): c_11401012_12_19000_4bd_2022
[1486153] Skipping (exists): c_11431012_12_19000_4bd_2022
[1486153] Skipping (exists): c_10831014_12_19000_4bd_2022
[1486153] Skipping (exists): c_10861014_12_19000_4bd_2022
[1486153] Skipping (exists): c_10891014_12_19000_4bd_2022
[1486153] Skipping (exists): c_10921014_12_19000_4bd_2022
[1486153] Skipping (exists): c_10951014_12_19000_4bd_2022
[1486153] Skipping (exists): c_10981014_12_19000_4bd_2022
[1486153] Skipping (exists): c_11011014_12_19000_4bd_2022
[1486153] Skipping (exists): c_11041014_12_19000_4bd_2022
[1486153] Skipping (exists): c_11071014_12_19000_4bd_2022
[1486153] Skipping (exists): c_11101014_12_19000_4bd_2022
[1486153] Skipping (exists): c_11131014_12_19000_4bd_2022
[1486153] Skipping (exists): c_11161014_12_19000_4bd_2022
[1486153] Skipping (exists): c_11191014_12_19000_4bd_2022
[1486153] Skipping (exists): c_11221014_12_19000_4bd_2022
[1486153] Skipping (exists): c_11251014_12_19000_4bd_2022
[1486153] Skipping (exists): c_11281014_12_19000_4bd_2022
[1486153] Skipping (exists): c_11311014_12_19000_4bd_2022
[1486153] Skipping (exists): c_11341014_12_19000_4bd_2022
[1486153] Skipping (exists): c_11371014_12_19000_4bd_2022
[1486153] Skipping (exists): c_11401014_12_19000_4bd_2022
[1486153] Skipping (exists): c_10741016_12_19000_4bd_2022
[1486153] Skipping (exists): c_10771016_12_19000_4bd_2022
[1486153] Skipping (exists): c_10801016_12_19000_4bd_2022
[1486153] Skipping (exists): c_10831016_12_19000_4bd_2022
[1486153] Skipping (exists): c_10861016_12_19000_4bd_2022
[1486153] Skipping (exists): c_10891016_12_19000_4bd_2022
[1486153] Skipping (exists): c_10921016_12_19000_4bd_2022
[1486153] Skipping (exists): c_10951016_12_19000_4bd_2022
[1486153] Skipping (exists): c_10981016_12_19000_4bd_2022
[1486153] Skipping (exists): c_11011016_12_19000_4bd_2022
[1486153] Skipping (exists): c_11041016_12_19000_4bd_2022
[1486153] Skipping (exists): c_11071016_12_19000_4bd_2022
[1486153] Skipping (exists): c_11101016_12_19000_4bd_2022
[1486153] Skipping (exists): c_11131016_12_19000_4bd_2022
[1486153] Skipping (exists): c_11161016_12_19000_4bd_2022
[1486153] Skipping (exists): c_11191016_12_19000_4bd_2022
[1486153] Skipping (exists): c_11221016_12_19000_4bd_2022
[1486153] Skipping (exists): c_11251016_12_19000_4bd_2022
[1486153] Skipping (exists): c_11281016_12_19000_4bd_2022
[1486153] Skipping (exists): c_11311016_12_19000_4bd_2022
[1486153] Skipping (exists): c_11341016_12_19000_4bd_2022
[1486153] Skipping (exists): c_11371016_12_19000_4bd_2022
[1486153] Skipping (exists): c_11401016_12_19000_4bd_2022
[1486153] Skipping (exists): c_10711018_12_19000_4bd_2022
[1486153] Skipping (exists): c_10741018_12_19000_4bd_2022
[1486153] Skipping (exists): c_10771018_12_19000_4bd_2022
[1486153] Skipping (exists): c_10801018_12_19000_4bd_2022
[1486153] Skipping (exists): c_10831018_12_19000_4bd_2022
[1486153] Skipping (exists): c_10861018_12_19000_4bd_2022
[1486153] Skipping (exists): c_10891018_12_19000_4bd_2022
[1486153] Skipping (exists): c_10921018_12_19000_4bd_2022
[1486153] Skipping (exists): c_10951018_12_19000_4bd_2022
[1486153] Skipping (exists): c_10981018_12_19000_4bd_2022
[1486153] Skipping (exists): c_11011018_12_19000_4bd_2022
[1486153] Skipping (exists): c_11041018_12_19000_4bd_2022
[1486153] Skipping (exists): c_11071018_12_19000_4bd_2022
[1486153] Skipping (exists): c_11101018_12_19000_4bd_2022
[1486153] Skipping (exists): c_11131018_12_19000_4bd_2022
[1486153] Skipping (exists): c_11161018_12_19000_4bd_2022
[1486153] Skipping (exists): c_11191018_12_19000_4bd_2022
[1486153] Skipping (exists): c_11221018_12_19000_4bd_2022
[1486153] Skipping (exists): c_11251018_12_19000_4bd_2022
[1486153] Skipping (exists): c_11281018_12_19000_4bd_2022
[1486153] Skipping (exists): c_11311018_12_19000_4bd_2022
[1486153] Skipping (exists): c_11341018_12_19000_4bd_2022
[1486153] Skipping (exists): c_11371018_12_19000_4bd_2022
[1486153] Skipping (exists): c_11401018_12_19000_4bd_2022
[1486153] Skipping (exists): c_10681020_12_19000_4bd_2022
[1486153] Skipping (exists): c_10711020_12_19000_4bd_2022
[1486153] Skipping (exists): c_10741020_12_19000_4bd_2022
[1486153] Skipping (exists): c_10771020_12_19000_4bd_2022
[1486153] Skipping (exists): c_10801020_12_19000_4bd_2022
[1486153] Skipping (exists): c_10831020_12_19000_4bd_2022
[1486153] Skipping (exists): c_10861020_12_19000_4bd_2022
[1486153] Skipping (exists): c_10891020_12_19000_4bd_2022
[1486153] Skipping (exists): c_10921020_12_19000_4bd_2022
[1486153] Skipping (exists): c_10951020_12_19000_4bd_2022
[1486153] Skipping (exists): c_10981020_12_19000_4bd_2022
[1486153] Skipping (exists): c_11011020_12_19000_4bd_2022
[1486153] Skipping (exists): c_11041020_12_19000_4bd_2022
[1486153] Skipping (exists): c_11071020_12_19000_4bd_2022
[1486153] Skipping (exists): c_11101020_12_19000_4bd_2022
[1486153] Skipping (exists): c_11131020_12_19000_4bd_2022
[1486153] Skipping (exists): c_11161020_12_19000_4bd_2022
[1486153] Skipping (exists): c_11191020_12_19000_4bd_2022
[1486153] Skipping (exists): c_11221020_12_19000_4bd_2022
[1486153] Skipping (exists): c_11251020_12_19000_4bd_2022
[1486153] Skipping (exists): c_11281020_12_19000_4bd_2022
[1486153] Skipping (exists): c_11311020_12_19000_4bd_2022
[1486153] Skipping (exists): c_11341020_12_19000_4bd_2022
[1486153] Skipping (exists): c_11371020_12_19000_4bd_2022
[1486153] Skipping (exists): c_11401020_12_19000_4bd_2022
[1486153] Skipping (exists): c_10681022_12_19000_4bd_2022
[1486153] Skipping (exists): c_10711022_12_19000_4bd_2022
[1486153] Skipping (exists): c_10741022_12_19000_4bd_2022
[1486153] Skipping (exists): c_10771022_12_19000_4bd_2022
[1486153] Skipping (exists): c_10801022_12_19000_4bd_2022
[1486153] Skipping (exists): c_10831022_12_19000_4bd_2022
[1486153] Skipping (exists): c_10861022_12_19000_4bd_2022
[1486153] Skipping (exists): c_10891022_12_19000_4bd_2022
[1486153] Skipping (exists): c_10921022_12_19000_4bd_2022
[1486153] Skipping (exists): c_10951022_12_19000_4bd_2022
[1486153] Skipping (exists): c_10981022_12_19000_4bd_2022
[1486153] Skipping (exists): c_11011022_12_19000_4bd_2022
[1486153] Skipping (exists): c_11041022_12_19000_4bd_2022
[1486153] Skipping (exists): c_11071022_12_19000_4bd_2022
[1486153] Skipping (exists): c_11101022_12_19000_4bd_2022
[1486153] Skipping (exists): c_11131022_12_19000_4bd_2022
[1486153] Skipping (exists): c_11161022_12_19000_4bd_2022
[1486153] Skipping (exists): c_11191022_12_19000_4bd_2022
[1486153] Skipping (exists): c_11221022_12_19000_4bd_2022
[1486153] Skipping (exists): c_11251022_12_19000_4bd_2022
[1486153] Skipping (exists): c_11281022_12_19000_4bd_2022
[1486153] Skipping (exists): c_11311022_12_19000_4bd_2022
[1486153] Skipping (exists): c_11341022_12_19000_4bd_2022
[1486153] Skipping (exists): c_11371022_12_19000_4bd_2022
[1486153] Skipping (exists): c_11401022_12_19000_4bd_2022
[1486153] Skipping (exists): c_10651024_12_19000_4bd_2022
[1486153] Skipping (exists): c_10681024_12_19000_4bd_2022
[1486153] Skipping (exists): c_10711024_12_19000_4bd_2022
[1486153] Skipping (exists): c_10741024_12_19000_4bd_2022
[1486153] Skipping (exists): c_10771024_12_19000_4bd_2022
[1486153] Skipping (exists): c_10801024_12_19000_4bd_2022
[1486153] Skipping (exists): c_10831024_12_19000_4bd_2022
[1486153] Skipping (exists): c_10861024_12_19000_4bd_2022
[1486153] Skipping (exists): c_10891024_12_19000_4bd_2022
[1486153] Skipping (exists): c_10921024_12_19000_4bd_2022
[1486153] Skipping (exists): c_10951024_12_19000_4bd_2022
[1486153] Skipping (exists): c_10981024_12_19000_4bd_2022
[1486153] Skipping (exists): c_11011024_12_19000_4bd_2022
[1486153] Skipping (exists): c_11041024_12_19000_4bd_2022
[1486153] Skipping (exists): c_11071024_12_19000_4bd_2022
[1486153] Skipping (exists): c_11101024_12_19000_4bd_2022
[1486153] Skipping (exists): c_11131024_12_19000_4bd_2022
[1486153] Skipping (exists): c_11161024_12_19000_4bd_2022
[1486153] Skipping (exists): c_11191024_12_19000_4bd_2022
[1486153] Skipping (exists): c_11221024_12_19000_4bd_2022
[1486153] Skipping (exists): c_11251024_12_19000_4bd_2022
[1486153] Skipping (exists): c_11281024_12_19000_4bd_2022
[1486153] Skipping (exists): c_11311024_12_19000_4bd_2022
[1486153] Skipping (exists): c_11341024_12_19000_4bd_2022
[1486153] Skipping (exists): c_11371024_12_19000_4bd_2022
[1486153] Skipping (exists): c_11401024_12_19000_4bd_2022
[1486153] Skipping (exists): c_10651026_12_19000_4bd_2022
[1486153] Skipping (exists): c_10681026_12_19000_4bd_2022
[1486153] Skipping (exists): c_10711026_12_19000_4bd_2022
[1486153] Skipping (exists): c_10741026_12_19000_4bd_2022
[1486153] Skipping (exists): c_10771026_12_19000_4bd_2022
[1486153] Skipping (exists): c_10801026_12_19000_4bd_2022
[1486153] Skipping (exists): c_10831026_12_19000_4bd_2022
[1486153] Skipping (exists): c_10861026_12_19000_4bd_2022
[1486153] Skipping (exists): c_10891026_12_19000_4bd_2022
[1486153] Skipping (exists): c_10921026_12_19000_4bd_2022
[1486153] Skipping (exists): c_10951026_12_19000_4bd_2022
[1486153] Skipping (exists): c_10981026_12_19000_4bd_2022
[1486153] Skipping (exists): c_11011026_12_19000_4bd_2022
[1486153] Skipping (exists): c_11041026_12_19000_4bd_2022
[1486153] Skipping (exists): c_11071026_12_19000_4bd_2022
[1486153] Skipping (exists): c_11101026_12_19000_4bd_2022
[1486153] Skipping (exists): c_11131026_12_19000_4bd_2022
[1486153] Skipping (exists): c_11161026_12_19000_4bd_2022
[1486153] Skipping (exists): c_11191026_12_19000_4bd_2022
[1486153] Skipping (exists): c_11221026_12_19000_4bd_2022
[1486153] Skipping (exists): c_11251026_12_19000_4bd_2022
[1486153] Skipping (exists): c_11281026_12_19000_4bd_2022
[1486153] Skipping (exists): c_11311026_12_19000_4bd_2022
[1486153] Skipping (exists): c_11341026_12_19000_4bd_2022
[1486153] Skipping (exists): c_11371026_12_19000_4bd_2022
[1486153] Skipping (exists): c_11401026_12_19000_4bd_2022
[1486153] Skipping (exists): c_10621028_12_19000_4bd_2022
[1486153] Skipping (exists): c_10651028_12_19000_4bd_2022
[1486153] Skipping (exists): c_10681028_12_19000_4bd_2022
[1486153] Skipping (exists): c_10711028_12_19000_4bd_2022
[1486153] Skipping (exists): c_10741028_12_19000_4bd_2022
[1486153] Skipping (exists): c_10771028_12_19000_4bd_2022
[1486153] Skipping (exists): c_10801028_12_19000_4bd_2022
[1486153] Skipping (exists): c_10831028_12_19000_4bd_2022
[1486153] Skipping (exists): c_10861028_12_19000_4bd_2022
[1486153] Skipping (exists): c_10891028_12_19000_4bd_2022
[1486153] Skipping (exists): c_10921028_12_19000_4bd_2022
[1486153] Skipping (exists): c_10951028_12_19000_4bd_2022
[1486153] Skipping (exists): c_10981028_12_19000_4bd_2022
[1486153] Skipping (exists): c_11011028_12_19000_4bd_2022
[1486153] Skipping (exists): c_11041028_12_19000_4bd_2022
[1486153] Skipping (exists): c_11071028_12_19000_4bd_2022
[1486153] Skipping (exists): c_11101028_12_19000_4bd_2022
[1486153] Skipping (exists): c_11131028_12_19000_4bd_2022
[1486153] Skipping (exists): c_11161028_12_19000_4bd_2022
[1486153] Skipping (exists): c_11191028_12_19000_4bd_2022
[1486153] Skipping (exists): c_11221028_12_19000_4bd_2022
[1486153] Skipping (exists): c_11251028_12_19000_4bd_2022
[1486153] Skipping (exists): c_11281028_12_19000_4bd_2022
[1486153] Skipping (exists): c_11311028_12_19000_4bd_2022
[1486153] Skipping (exists): c_11341028_12_19000_4bd_2022
[1486153] Skipping (exists): c_11371028_12_19000_4bd_2022
[1486153] Skipping (exists): c_11401028_12_19000_4bd_2022
[1486153] Skipping (exists): c_11431028_12_19000_4bd_2022
[1486153] Skipping (exists): c_10591030_12_19000_4bd_2022
[1486153] Skipping (exists): c_10621030_12_19000_4bd_2022
[1486153] Skipping (exists): c_10651030_12_19000_4bd_2022
[1486153] Skipping (exists): c_10681030_12_19000_4bd_2022
[1486153] Skipping (exists): c_10711030_12_19000_4bd_2022
[1486153] Skipping (exists): c_10741030_12_19000_4bd_2022
[1486153] Skipping (exists): c_10771030_12_19000_4bd_2022
[1486153] Skipping (exists): c_10801030_12_19000_4bd_2022
[1486153] Skipping (exists): c_10831030_12_19000_4bd_2022
[1486153] Skipping (exists): c_10861030_12_19000_4bd_2022
[1486153] Skipping (exists): c_10891030_12_19000_4bd_2022
[1486153] Skipping (exists): c_10921030_12_19000_4bd_2022
[1486153] Skipping (exists): c_10951030_12_19000_4bd_2022
[1486153] Skipping (exists): c_10981030_12_19000_4bd_2022
[1486153] Skipping (exists): c_11011030_12_19000_4bd_2022
[1486153] Skipping (exists): c_11041030_12_19000_4bd_2022
[1486153] Skipping (exists): c_11071030_12_19000_4bd_2022
[1486153] Skipping (exists): c_11101030_12_19000_4bd_2022
[1486153] Skipping (exists): c_11131030_12_19000_4bd_2022
[1486153] Skipping (exists): c_11161030_12_19000_4bd_2022
[1486153] Skipping (exists): c_11191030_12_19000_4bd_2022
[1486153] Skipping (exists): c_11221030_12_19000_4bd_2022
[1486153] Skipping (exists): c_11251030_12_19000_4bd_2022
[1486153] Skipping (exists): c_11281030_12_19000_4bd_2022
[1486153] Skipping (exists): c_11311030_12_19000_4bd_2022
[1486153] Skipping (exists): c_11341030_12_19000_4bd_2022
[1486153] Skipping (exists): c_11371030_12_19000_4bd_2022
[1486153] Skipping (exists): c_11401030_12_19000_4bd_2022
[1486153] Skipping (exists): c_11431030_12_19000_4bd_2022
[1486153] Skipping (exists): c_10591032_12_19000_4bd_2022
[1486153] Skipping (exists): c_10621032_12_19000_4bd_2022
[1486153] Skipping (exists): c_10651032_12_19000_4bd_2022
[1486153] Skipping (exists): c_10681032_12_19000_4bd_2022
[1486153] Skipping (exists): c_10711032_12_19000_4bd_2022
[1486153] Skipping (exists): c_10741032_12_19000_4bd_2022
[1486153] Skipping (exists): c_10771032_12_19000_4bd_2022
[1486153] Skipping (exists): c_10801032_12_19000_4bd_2022
[1486153] Skipping (exists): c_10831032_12_19000_4bd_2022
[1486153] Skipping (exists): c_10861032_12_19000_4bd_2022
[1486153] Skipping (exists): c_10891032_12_19000_4bd_2022
[1486153] Skipping (exists): c_10921032_12_19000_4bd_2022
[1486153] Skipping (exists): c_10951032_12_19000_4bd_2022
[1486153] Skipping (exists): c_10981032_12_19000_4bd_2022
[1486153] Skipping (exists): c_11011032_12_19000_4bd_2022
[1486153] Skipping (exists): c_11041032_12_19000_4bd_2022
[1486153] Skipping (exists): c_11071032_12_19000_4bd_2022
[1486153] Skipping (exists): c_11101032_12_19000_4bd_2022
[1486153] Skipping (exists): c_11131032_12_19000_4bd_2022
[1486153] Skipping (exists): c_11161032_12_19000_4bd_2022
[1486153] Skipping (exists): c_11191032_12_19000_4bd_2022
[1486153] Skipping (exists): c_11221032_12_19000_4bd_2022
[1486153] Skipping (exists): c_11251032_12_19000_4bd_2022
[1486153] Skipping (exists): c_11281032_12_19000_4bd_2022
[1486153] Skipping (exists): c_11311032_12_19000_4bd_2022
[1486153] Skipping (exists): c_11341032_12_19000_4bd_2022
[1486153] Skipping (exists): c_11371032_12_19000_4bd_2022
[1486153] Skipping (exists): c_11401032_12_19000_4bd_2022
[1486153] Skipping (exists): c_11431032_12_19000_4bd_2022
[1486153] Skipping (exists): c_10471034_12_19000_4bd_2022
[1486153] Skipping (exists): c_10501034_12_19000_4bd_2022
[1486153] Skipping (exists): c_10531034_12_19000_4bd_2022
[1486153] Skipping (exists): c_10591034_12_19000_4bd_2022
[1486153] Skipping (exists): c_10621034_12_19000_4bd_2022
[1486153] Skipping (exists): c_10651034_12_19000_4bd_2022
[1486153] Skipping (exists): c_10681034_12_19000_4bd_2022
[1486153] Skipping (exists): c_10711034_12_19000_4bd_2022
[1486153] Skipping (exists): c_10741034_12_19000_4bd_2022
[1486153] Skipping (exists): c_10771034_12_19000_4bd_2022
[1486153] Skipping (exists): c_10801034_12_19000_4bd_2022
[1486153] Skipping (exists): c_10831034_12_19000_4bd_2022
[1486153] Skipping (exists): c_10861034_12_19000_4bd_2022
[1486153] Skipping (exists): c_10891034_12_19000_4bd_2022
[1486153] Skipping (exists): c_10921034_12_19000_4bd_2022
[1486153] Skipping (exists): c_10951034_12_19000_4bd_2022
[1486153] Skipping (exists): c_10981034_12_19000_4bd_2022
[1486153] Skipping (exists): c_11011034_12_19000_4bd_2022
[1486153] Skipping (exists): c_11041034_12_19000_4bd_2022
[1486153] Skipping (exists): c_11071034_12_19000_4bd_2022
[1486153] Skipping (exists): c_11101034_12_19000_4bd_2022
[1486153] Skipping (exists): c_11131034_12_19000_4bd_2022
[1486153] Skipping (exists): c_11161034_12_19000_4bd_2022
[1486153] Skipping (exists): c_11191034_12_19000_4bd_2022
[1486153] Skipping (exists): c_11221034_12_19000_4bd_2022
[1486153] Skipping (exists): c_11251034_12_19000_4bd_2022
[1486153] Skipping (exists): c_11281034_12_19000_4bd_2022
[1486153] Skipping (exists): c_11311034_12_19000_4bd_2022
[1486153] Skipping (exists): c_11341034_12_19000_4bd_2022
[1486153] Skipping (exists): c_11371034_12_19000_4bd_2022
[1486153] Skipping (exists): c_11401034_12_19000_4bd_2022
[1486153] Skipping (exists): c_11431034_12_19000_4bd_2022
[1486153] Skipping (exists): c_11461034_12_19000_4bd_2022
[1486153] Skipping (exists): c_10471036_12_19000_4bd_2022
[1486153] Skipping (exists): c_10501036_12_19000_4bd_2022
[1486153] Skipping (exists): c_10531036_12_19000_4bd_2022
[1486153] Skipping (exists): c_10561036_12_19000_4bd_2022
[1486153] Skipping (exists): c_10591036_12_19000_4bd_2022
[1486153] Skipping (exists): c_10621036_12_19000_4bd_2022
[1486153] Skipping (exists): c_10651036_12_19000_4bd_2022
[1486153] Skipping (exists): c_10681036_12_19000_4bd_2022
[1486153] Skipping (exists): c_10711036_12_19000_4bd_2022
[1486153] Skipping (exists): c_10741036_12_19000_4bd_2022
[1486153] Skipping (exists): c_10771036_12_19000_4bd_2022
[1486153] Skipping (exists): c_10801036_12_19000_4bd_2022
[1486153] Skipping (exists): c_10831036_12_19000_4bd_2022
[1486153] Skipping (exists): c_10861036_12_19000_4bd_2022
[1486153] Skipping (exists): c_10891036_12_19000_4bd_2022
[1486153] Skipping (exists): c_10921036_12_19000_4bd_2022
[1486153] Skipping (exists): c_10951036_12_19000_4bd_2022
[1486153] Skipping (exists): c_10981036_12_19000_4bd_2022
[1486153] Skipping (exists): c_11011036_12_19000_4bd_2022
[1486153] Skipping (exists): c_11041036_12_19000_4bd_2022
[1486153] Skipping (exists): c_11071036_12_19000_4bd_2022
[1486153] Skipping (exists): c_11101036_12_19000_4bd_2022
[1486153] Skipping (exists): c_11131036_12_19000_4bd_2022
[1486153] Skipping (exists): c_11161036_12_19000_4bd_2022
[1486153] Skipping (exists): c_11191036_12_19000_4bd_2022
[1486153] Skipping (exists): c_11221036_12_19000_4bd_2022
[1486153] Skipping (exists): c_11251036_12_19000_4bd_2022
[1486153] Skipping (exists): c_11281036_12_19000_4bd_2022
[1486153] Skipping (exists): c_11311036_12_19000_4bd_2022
[1486153] Skipping (exists): c_11341036_12_19000_4bd_2022
[1486153] Skipping (exists): c_11371036_12_19000_4bd_2022
[1486153] Skipping (exists): c_11401036_12_19000_4bd_2022
[1486153] Skipping (exists): c_11431036_12_19000_4bd_2022
[1486153] Skipping (exists): c_11461036_12_19000_4bd_2022
[1486153] Skipping (exists): c_10471038_12_19000_4bd_2022
[1486153] Skipping (exists): c_10501038_12_19000_4bd_2022
[1486153] Skipping (exists): c_10531038_12_19000_4bd_2022
[1486153] Skipping (exists): c_10561038_12_19000_4bd_2022
[1486153] Skipping (exists): c_10591038_12_19000_4bd_2022
[1486153] Skipping (exists): c_10621038_12_19000_4bd_2022
[1486153] Skipping (exists): c_10651038_12_19000_4bd_2022
[1486153] Skipping (exists): c_10681038_12_19000_4bd_2022
[1486153] Skipping (exists): c_10711038_12_19000_4bd_2022
[1486153] Skipping (exists): c_10741038_12_19000_4bd_2022
[1486153] Skipping (exists): c_10771038_12_19000_4bd_2022
[1486153] Skipping (exists): c_10801038_12_19000_4bd_2022
[1486153] Skipping (exists): c_10831038_12_19000_4bd_2022
[1486153] Skipping (exists): c_10861038_12_19000_4bd_2022
[1486153] Skipping (exists): c_10891038_12_19000_4bd_2022
[1486153] Skipping (exists): c_10921038_12_19000_4bd_2022
[1486153] Skipping (exists): c_10951038_12_19000_4bd_2022
[1486153] Skipping (exists): c_10981038_12_19000_4bd_2022
[1486153] Skipping (exists): c_11011038_12_19000_4bd_2022
[1486153] Skipping (exists): c_11041038_12_19000_4bd_2022
[1486153] Skipping (exists): c_11071038_12_19000_4bd_2022
[1486153] Skipping (exists): c_11101038_12_19000_4bd_2022
[1486153] Skipping (exists): c_11131038_12_19000_4bd_2022
[1486153] Skipping (exists): c_11161038_12_19000_4bd_2022
[1486153] Skipping (exists): c_11191038_12_19000_4bd_2022
[1486153] Skipping (exists): c_11221038_12_19000_4bd_2022
[1486153] Skipping (exists): c_11251038_12_19000_4bd_2022
[1486153] Skipping (exists): c_11281038_12_19000_4bd_2022
[1486153] Skipping (exists): c_11311038_12_19000_4bd_2022
[1486153] Skipping (exists): c_11341038_12_19000_4bd_2022
[1486153] Skipping (exists): c_11371038_12_19000_4bd_2022
[1486153] Skipping (exists): c_11401038_12_19000_4bd_2022
[1486153] Skipping (exists): c_11431038_12_19000_4bd_2022
[1486153] Skipping (exists): c_11461038_12_19000_4bd_2022
[1486153] Skipping (exists): c_11491038_12_19000_4bd_2022
[1486153] Skipping (exists): c_10471040_12_19000_4bd_2022
[1486153] Skipping (exists): c_10501040_12_19000_4bd_2022
[1486153] Skipping (exists): c_10531040_12_19000_4bd_2022
[1486153] Skipping (exists): c_10561040_12_19000_4bd_2022
[1486153] Skipping (exists): c_10591040_12_19000_4bd_2022
[1486153] Skipping (exists): c_10621040_12_19000_4bd_2022
[1486153] Skipping (exists): c_10651040_12_19000_4bd_2022
[1486153] Skipping (exists): c_10681040_12_19000_4bd_2022
[1486153] Skipping (exists): c_10711040_12_19000_4bd_2022
[1486153] Skipping (exists): c_10741040_12_19000_4bd_2022
[1486153] Skipping (exists): c_10771040_12_19000_4bd_2022
[1486153] Skipping (exists): c_10801040_12_19000_4bd_2022
[1486153] Skipping (exists): c_10831040_12_19000_4bd_2022
[1486153] Skipping (exists): c_10861040_12_19000_4bd_2022
[1486153] Skipping (exists): c_10891040_12_19000_4bd_2022
[1486153] Skipping (exists): c_10921040_12_19000_4bd_2022
[1486153] Skipping (exists): c_10951040_12_19000_4bd_2022
[1486153] Skipping (exists): c_10981040_12_19000_4bd_2022
[1486153] Skipping (exists): c_11011040_12_19000_4bd_2022
[1486153] Skipping (exists): c_11041040_12_19000_4bd_2022
[1486153] Skipping (exists): c_11071040_12_19000_4bd_2022
[1486153] Skipping (exists): c_11101040_12_19000_4bd_2022
[1486153] Skipping (exists): c_11131040_12_19000_4bd_2022
[1486153] Skipping (exists): c_11161040_12_19000_4bd_2022
[1486153] Skipping (exists): c_11191040_12_19000_4bd_2022
[1486153] Skipping (exists): c_11221040_12_19000_4bd_2022
[1486153] Skipping (exists): c_11251040_12_19000_4bd_2022
[1486153] Skipping (exists): c_11281040_12_19000_4bd_2022
[1486153] Skipping (exists): c_11311040_12_19000_4bd_2022
[1486153] Skipping (exists): c_11341040_12_19000_4bd_2022
[1486153] Skipping (exists): c_11371040_12_19000_4bd_2022
[1486153] Skipping (exists): c_11401040_12_19000_4bd_2022
[1486153] Skipping (exists): c_11431040_12_19000_4bd_2022
[1486153] Skipping (exists): c_11461040_12_19000_4bd_2022
[1486153] Skipping (exists): c_11491040_12_19000_4bd_2022
[1486153] Skipping (exists): c_10441042_12_19000_4bd_2022
[1486153] Skipping (exists): c_10471042_12_19000_4bd_2022
[1486153] Skipping (exists): c_10501042_12_19000_4bd_2022
[1486153] Skipping (exists): c_10531042_12_19000_4bd_2022
[1486153] Skipping (exists): c_10561042_12_19000_4bd_2022
[1486153] Skipping (exists): c_10591042_12_19000_4bd_2022
[1486153] Skipping (exists): c_10621042_12_19000_4bd_2022
[1486153] Skipping (exists): c_10651042_12_19000_4bd_2022
[1486153] Skipping (exists): c_10681042_12_19000_4bd_2022
[1486153] Skipping (exists): c_10711042_12_19000_4bd_2022
[1486153] Skipping (exists): c_10741042_12_19000_4bd_2022
[1486153] Skipping (exists): c_10771042_12_19000_4bd_2022
[1486153] Skipping (exists): c_10831042_12_19000_4bd_2022
[1486153] Skipping (exists): c_10861042_12_19000_4bd_2022
[1486153] Skipping (exists): c_10891042_12_19000_4bd_2022
[1486153] Skipping (exists): c_10921042_12_19000_4bd_2022
[1486153] Skipping (exists): c_10951042_12_19000_4bd_2022
[1486153] Skipping (exists): c_10981042_12_19000_4bd_2022
[1486153] Skipping (exists): c_11011042_12_19000_4bd_2022
[1486153] Skipping (exists): c_11041042_12_19000_4bd_2022
[1486153] Skipping (exists): c_11071042_12_19000_4bd_2022
[1486153] Skipping (exists): c_11101042_12_19000_4bd_2022
[1486153] Skipping (exists): c_11131042_12_19000_4bd_2022
[1486153] Skipping (exists): c_11161042_12_19000_4bd_2022
[1486153] Skipping (exists): c_11191042_12_19000_4bd_2022
[1486153] Skipping (exists): c_11221042_12_19000_4bd_2022
[1486153] Skipping (exists): c_11251042_12_19000_4bd_2022
[1486153] Skipping (exists): c_11281042_12_19000_4bd_2022
[1486153] Skipping (exists): c_11311042_12_19000_4bd_2022
[1486153] Skipping (exists): c_11341042_12_19000_4bd_2022
[1486153] Skipping (exists): c_11371042_12_19000_4bd_2022
[1486153] Skipping (exists): c_11401042_12_19000_4bd_2022
[1486153] Skipping (exists): c_11431042_12_19000_4bd_2022
[1486153] Skipping (exists): c_11461042_12_19000_4bd_2022
[1486153] Skipping (exists): c_11491042_12_19000_4bd_2022
[1486153] Skipping (exists): c_10411044_12_19000_4bd_2022
[1486153] Skipping (exists): c_10441044_12_19000_4bd_2022
[1486153] Skipping (exists): c_10471044_12_19000_4bd_2022
[1486153] Skipping (exists): c_10501044_12_19000_4bd_2022
[1486153] Skipping (exists): c_10531044_12_19000_4bd_2022
[1486153] Skipping (exists): c_10561044_12_19000_4bd_2022
[1486153] Skipping (exists): c_10591044_12_19000_4bd_2022
[1486153] Skipping (exists): c_10621044_12_19000_4bd_2022
[1486153] Skipping (exists): c_10651044_12_19000_4bd_2022
[1486153] Skipping (exists): c_10681044_12_19000_4bd_2022
[1486153] Skipping (exists): c_10711044_12_19000_4bd_2022
[1486153] Skipping (exists): c_10741044_12_19000_4bd_2022
[1486153] Skipping (exists): c_10801044_12_19000_4bd_2022
[1486153] Skipping (exists): c_10831044_12_19000_4bd_2022
[1486153] Skipping (exists): c_10861044_12_19000_4bd_2022
[1486153] Skipping (exists): c_10891044_12_19000_4bd_2022
[1486153] Skipping (exists): c_10921044_12_19000_4bd_2022
[1486153] Skipping (exists): c_10951044_12_19000_4bd_2022
[1486153] Skipping (exists): c_10981044_12_19000_4bd_2022
[1486153] Skipping (exists): c_11011044_12_19000_4bd_2022
[1486153] Skipping (exists): c_11041044_12_19000_4bd_2022
[1486153] Skipping (exists): c_11071044_12_19000_4bd_2022
[1486153] Skipping (exists): c_11101044_12_19000_4bd_2022
[1486153] Skipping (exists): c_11131044_12_19000_4bd_2022
[1486153] Skipping (exists): c_11161044_12_19000_4bd_2022
[1486153] Skipping (exists): c_11191044_12_19000_4bd_2022
[1486153] Skipping (exists): c_11221044_12_19000_4bd_2022
[1486153] Skipping (exists): c_11251044_12_19000_4bd_2022
[1486153] Skipping (exists): c_11281044_12_19000_4bd_2022
[1486153] Skipping (exists): c_11311044_12_19000_4bd_2022
[1486153] Skipping (exists): c_11341044_12_19000_4bd_2022
[1486153] Skipping (exists): c_11371044_12_19000_4bd_2022
[1486153] Skipping (exists): c_11401044_12_19000_4bd_2022
[1486153] Skipping (exists): c_11431044_12_19000_4bd_2022
[1486153] Skipping (exists): c_11461044_12_19000_4bd_2022
[1486153] Skipping (exists): c_11491044_12_19000_4bd_2022
[1486153] Skipping (exists): c_11521044_12_19000_4bd_2022
[1486153] Skipping (exists): c_10411046_12_19000_4bd_2022
[1486153] Skipping (exists): c_10441046_12_19000_4bd_2022
[1486153] Skipping (exists): c_10471046_12_19000_4bd_2022
[1486153] Skipping (exists): c_10501046_12_19000_4bd_2022
[1486153] Skipping (exists): c_10531046_12_19000_4bd_2022
[1486153] Skipping (exists): c_10561046_12_19000_4bd_2022
[1486153] Skipping (exists): c_10591046_12_19000_4bd_2022
[1486153] Skipping (exists): c_10621046_12_19000_4bd_2022
[1486153] Skipping (exists): c_10651046_12_19000_4bd_2022
[1486153] Skipping (exists): c_10681046_12_19000_4bd_2022
[1486153] Skipping (exists): c_10711046_12_19000_4bd_2022
[1486153] Skipping (exists): c_10741046_12_19000_4bd_2022
[1486153] Skipping (exists): c_10801046_12_19000_4bd_2022
[1486153] Skipping (exists): c_10831046_12_19000_4bd_2022
[1486153] Skipping (exists): c_10861046_12_19000_4bd_2022
[1486153] Skipping (exists): c_10891046_12_19000_4bd_2022
[1486153] Skipping (exists): c_10921046_12_19000_4bd_2022
[1486153] Skipping (exists): c_10951046_12_19000_4bd_2022
[1486153] Skipping (exists): c_10981046_12_19000_4bd_2022
[1486153] Skipping (exists): c_11011046_12_19000_4bd_2022
[1486153] Skipping (exists): c_11041046_12_19000_4bd_2022
[1486153] Skipping (exists): c_11071046_12_19000_4bd_2022
[1486153] Skipping (exists): c_11101046_12_19000_4bd_2022
[1486153] Skipping (exists): c_11131046_12_19000_4bd_2022
[1486153] Skipping (exists): c_11161046_12_19000_4bd_2022
[1486153] Skipping (exists): c_11191046_12_19000_4bd_2022
[1486153] Skipping (exists): c_11221046_12_19000_4bd_2022
[1486153] Skipping (exists): c_11251046_12_19000_4bd_2022
[1486153] Skipping (exists): c_11281046_12_19000_4bd_2022
[1486153] Skipping (exists): c_11311046_12_19000_4bd_2022
[1486153] Skipping (exists): c_11341046_12_19000_4bd_2022
[1486153] Skipping (exists): c_11371046_12_19000_4bd_2022
[1486153] Skipping (exists): c_11401046_12_19000_4bd_2022
[1486153] Skipping (exists): c_11431046_12_19000_4bd_2022
[1486153] Skipping (exists): c_11461046_12_19000_4bd_2022
[1486153] Skipping (exists): c_11491046_12_19000_4bd_2022
[1486153] Skipping (exists): c_11521046_12_19000_4bd_2022
[1486153] Skipping (exists): c_10441048_12_19000_4bd_2022
[1486153] Skipping (exists): c_10471048_12_19000_4bd_2022
[1486153] Skipping (exists): c_10501048_12_19000_4bd_2022
[1486153] Skipping (exists): c_10531048_12_19000_4bd_2022
[1486153] Skipping (exists): c_10561048_12_19000_4bd_2022
[1486153] Skipping (exists): c_10591048_12_19000_4bd_2022
[1486153] Skipping (exists): c_10621048_12_19000_4bd_2022
[1486153] Skipping (exists): c_10651048_12_19000_4bd_2022
[1486153] Skipping (exists): c_10681048_12_19000_4bd_2022
[1486153] Skipping (exists): c_10711048_12_19000_4bd_2022
[1486153] Skipping (exists): c_10801048_12_19000_4bd_2022
[1486153] Skipping (exists): c_10831048_12_19000_4bd_2022
[1486153] Skipping (exists): c_10861048_12_19000_4bd_2022
[1486153] Skipping (exists): c_10891048_12_19000_4bd_2022
[1486153] Skipping (exists): c_10921048_12_19000_4bd_2022
[1486153] Skipping (exists): c_10951048_12_19000_4bd_2022
[1486153] Skipping (exists): c_10981048_12_19000_4bd_2022
[1486153] Skipping (exists): c_11011048_12_19000_4bd_2022
[1486153] Skipping (exists): c_11041048_12_19000_4bd_2022
[1486153] Skipping (exists): c_11071048_12_19000_4bd_2022
[1486153] Skipping (exists): c_11101048_12_19000_4bd_2022
[1486153] Skipping (exists): c_11131048_12_19000_4bd_2022
[1486153] Skipping (exists): c_11161048_12_19000_4bd_2022
[1486153] Skipping (exists): c_11191048_12_19000_4bd_2022
[1486153] Skipping (exists): c_11221048_12_19000_4bd_2022
[1486153] Skipping (exists): c_11251048_12_19000_4bd_2022
[1486153] Skipping (exists): c_11281048_12_19000_4bd_2022
[1486153] Skipping (exists): c_11311048_12_19000_4bd_2022
[1486153] Skipping (exists): c_11341048_12_19000_4bd_2022
[1486153] Skipping (exists): c_11371048_12_19000_4bd_2022
[1486153] Skipping (exists): c_11401048_12_19000_4bd_2022
[1486153] Skipping (exists): c_11431048_12_19000_4bd_2022
[1486153] Skipping (exists): c_11461048_12_19000_4bd_2022
[1486153] Skipping (exists): c_11491048_12_19000_4bd_2022
[1486153] Skipping (exists): c_10441050_12_19000_4bd_2022
[1486153] Skipping (exists): c_10471050_12_19000_4bd_2022
[1486153] Skipping (exists): c_10501050_12_19000_4bd_2022
[1486153] Skipping (exists): c_10531050_12_19000_4bd_2022
[1486153] Skipping (exists): c_10561050_12_19000_4bd_2022
[1486153] Skipping (exists): c_10591050_12_19000_4bd_2022
[1486153] Skipping (exists): c_10621050_12_19000_4bd_2022
[1486153] Skipping (exists): c_10651050_12_19000_4bd_2022
[1486153] Skipping (exists): c_10801050_12_19000_4bd_2022
[1486153] Skipping (exists): c_10831050_12_19000_4bd_2022
[1486153] Skipping (exists): c_10861050_12_19000_4bd_2022
[1486153] Skipping (exists): c_10891050_12_19000_4bd_2022
[1486153] Skipping (exists): c_10921050_12_19000_4bd_2022
[1486153] Skipping (exists): c_10951050_12_19000_4bd_2022
[1486153] Skipping (exists): c_10981050_12_19000_4bd_2022
[1486153] Skipping (exists): c_11011050_12_19000_4bd_2022
[1486153] Skipping (exists): c_11041050_12_19000_4bd_2022
[1486153] Skipping (exists): c_11071050_12_19000_4bd_2022
[1486153] Skipping (exists): c_11101050_12_19000_4bd_2022
[1486153] Skipping (exists): c_11131050_12_19000_4bd_2022
[1486153] Skipping (exists): c_11161050_12_19000_4bd_2022
[1486153] Skipping (exists): c_11191050_12_19000_4bd_2022
[1486153] Skipping (exists): c_11221050_12_19000_4bd_2022
[1486153] Skipping (exists): c_11251050_12_19000_4bd_2022
[1486153] Skipping (exists): c_11281050_12_19000_4bd_2022
[1486153] Skipping (exists): c_11311050_12_19000_4bd_2022
[1486153] Skipping (exists): c_11341050_12_19000_4bd_2022
[1486153] Skipping (exists): c_11371050_12_19000_4bd_2022
[1486153] Skipping (exists): c_11401050_12_19000_4bd_2022
[1486153] Skipping (exists): c_11431050_12_19000_4bd_2022
[1486153] Skipping (exists): c_11461050_12_19000_4bd_2022
[1486153] Skipping (exists): c_11491050_12_19000_4bd_2022
[1486153] Skipping (exists): c_10471052_12_19000_4bd_2022
[1486153] Skipping (exists): c_10501052_12_19000_4bd_2022
[1486153] Skipping (exists): c_10531052_12_19000_4bd_2022
[1486153] Skipping (exists): c_10771052_12_19000_4bd_2022
[1486153] Skipping (exists): c_10801052_12_19000_4bd_2022
[1486153] Skipping (exists): c_10831052_12_19000_4bd_2022
[1486153] Skipping (exists): c_10861052_12_19000_4bd_2022
[1486153] Skipping (exists): c_10891052_12_19000_4bd_2022
[1486153] Skipping (exists): c_10921052_12_19000_4bd_2022
[1486153] Skipping (exists): c_10951052_12_19000_4bd_2022
[1486153] Skipping (exists): c_10981052_12_19000_4bd_2022
[1486153] Skipping (exists): c_11011052_12_19000_4bd_2022
[1486153] Skipping (exists): c_11041052_12_19000_4bd_2022
[1486153] Skipping (exists): c_11071052_12_19000_4bd_2022
[1486153] Skipping (exists): c_11101052_12_19000_4bd_2022
[1486153] Skipping (exists): c_11131052_12_19000_4bd_2022
[1486153] Skipping (exists): c_11161052_12_19000_4bd_2022
[1486153] Skipping (exists): c_11191052_12_19000_4bd_2022
[1486153] Skipping (exists): c_11221052_12_19000_4bd_2022
[1486153] Skipping (exists): c_11251052_12_19000_4bd_2022
[1486153] Skipping (exists): c_11281052_12_19000_4bd_2022
[1486153] Skipping (exists): c_11311052_12_19000_4bd_2022
[1486153] Skipping (exists): c_11341052_12_19000_4bd_2022
[1486153] Skipping (exists): c_11371052_12_19000_4bd_2022
[1486153] Skipping (exists): c_11401052_12_19000_4bd_2022
[1486153] Skipping (exists): c_11431052_12_19000_4bd_2022
[1486153] Skipping (exists): c_11461052_12_19000_4bd_2022
[1486153] Skipping (exists): c_11491052_12_19000_4bd_2022
[1486153] Skipping (exists): c_11521052_12_19000_4bd_2022
[1486153] Skipping (exists): c_10471054_12_19000_4bd_2022
[1486153] Skipping (exists): c_10501054_12_19000_4bd_2022
[1486153] Skipping (exists): c_10771054_12_19000_4bd_2022
[1486153] Skipping (exists): c_10801054_12_19000_4bd_2022
[1486153] Skipping (exists): c_10831054_12_19000_4bd_2022
[1486153] Skipping (exists): c_10861054_12_19000_4bd_2022
[1486153] Skipping (exists): c_10891054_12_19000_4bd_2022
[1486153] Skipping (exists): c_10921054_12_19000_4bd_2022
[1486153] Skipping (exists): c_10951054_12_19000_4bd_2022
[1486153] Skipping (exists): c_10981054_12_19000_4bd_2022
[1486153] Skipping (exists): c_11011054_12_19000_4bd_2022
[1486153] Skipping (exists): c_11101054_12_19000_4bd_2022
[1486153] Skipping (exists): c_11131054_12_19000_4bd_2022
[1486153] Skipping (exists): c_11161054_12_19000_4bd_2022
[1486153] Skipping (exists): c_11191054_12_19000_4bd_2022
[1486153] Skipping (exists): c_11221054_12_19000_4bd_2022
[1486153] Skipping (exists): c_11251054_12_19000_4bd_2022
[1486153] Skipping (exists): c_11281054_12_19000_4bd_2022
[1486153] Skipping (exists): c_11311054_12_19000_4bd_2022
[1486153] Skipping (exists): c_11341054_12_19000_4bd_2022
[1486153] Skipping (exists): c_11371054_12_19000_4bd_2022
[1486153] Skipping (exists): c_11401054_12_19000_4bd_2022
[1486153] Skipping (exists): c_11431054_12_19000_4bd_2022
[1486153] Skipping (exists): c_11461054_12_19000_4bd_2022
[1486153] Skipping (exists): c_11491054_12_19000_4bd_2022
[1486153] Skipping (exists): c_11521054_12_19000_4bd_2022
[1486153] Skipping (exists): c_10741056_12_19000_4bd_2022
[1486153] Skipping (exists): c_10771056_12_19000_4bd_2022
[1486153] Skipping (exists): c_10801056_12_19000_4bd_2022
[1486153] Skipping (exists): c_10831056_12_19000_4bd_2022
[1486153] Skipping (exists): c_10861056_12_19000_4bd_2022
[1486153] Skipping (exists): c_10891056_12_19000_4bd_2022
[1486153] Skipping (exists): c_10921056_12_19000_4bd_2022
[1486153] Skipping (exists): c_10951056_12_19000_4bd_2022
[1486153] Skipping (exists): c_10981056_12_19000_4bd_2022
[1486153] Skipping (exists): c_11101056_12_19000_4bd_2022
[1486153] Skipping (exists): c_11131056_12_19000_4bd_2022
[1486153] Skipping (exists): c_11191056_12_19000_4bd_2022
[1486153] Skipping (exists): c_11221056_12_19000_4bd_2022
[1486153] Skipping (exists): c_11311056_12_19000_4bd_2022
[1486153] Skipping (exists): c_11341056_12_19000_4bd_2022
[1486153] Skipping (exists): c_11371056_12_19000_4bd_2022
[1486153] Skipping (exists): c_11401056_12_19000_4bd_2022
[1486153] Skipping (exists): c_11431056_12_19000_4bd_2022
[1486153] Skipping (exists): c_11461056_12_19000_4bd_2022
[1486153] Skipping (exists): c_11491056_12_19000_4bd_2022
[1486153] Skipping (exists): c_11521056_12_19000_4bd_2022
[1486153] Skipping (exists): c_11551056_12_19000_4bd_2022
[1486153] Skipping (exists): c_10741058_12_19000_4bd_2022
[1486153] Skipping (exists): c_10771058_12_19000_4bd_2022
[1486153] Skipping (exists): c_10801058_12_19000_4bd_2022
[1486153] Skipping (exists): c_10831058_12_19000_4bd_2022
[1486153] Skipping (exists): c_10891058_12_19000_4bd_2022
[1486153] Skipping (exists): c_10921058_12_19000_4bd_2022
[1486153] Skipping (exists): c_10951058_12_19000_4bd_2022
[1486153] Skipping (exists): c_10981058_12_19000_4bd_2022
[1486153] Skipping (exists): c_11311058_12_19000_4bd_2022
[1486153] Skipping (exists): c_11341058_12_19000_4bd_2022
[1486153] Skipping (exists): c_11371058_12_19000_4bd_2022
[1486153] Skipping (exists): c_11401058_12_19000_4bd_2022
[1486153] Skipping (exists): c_11431058_12_19000_4bd_2022
[1486153] Skipping (exists): c_11461058_12_19000_4bd_2022
[1486153] Skipping (exists): c_11491058_12_19000_4bd_2022
[1486153] Skipping (exists): c_11521058_12_19000_4bd_2022
[1486153] Skipping (exists): c_11551058_12_19000_4bd_2022
[1486153] Skipping (exists): c_11581058_12_19000_4bd_2022
[1486153] Skipping (exists): c_10771060_12_19000_4bd_2022
[1486153] Skipping (exists): c_10801060_12_19000_4bd_2022
[1486153] Skipping (exists): c_10831060_12_19000_4bd_2022
[1486153] Skipping (exists): c_10891060_12_19000_4bd_2022
[1486153] Skipping (exists): c_10921060_12_19000_4bd_2022
[1486153] Skipping (exists): c_10951060_12_19000_4bd_2022
[1486153] Skipping (exists): c_11311060_12_19000_4bd_2022
[1486153] Skipping (exists): c_11341060_12_19000_4bd_2022
[1486153] Skipping (exists): c_11371060_12_19000_4bd_2022
[1486153] Skipping (exists): c_11401060_12_19000_4bd_2022
[1486153] Skipping (exists): c_11431060_12_19000_4bd_2022
[1486153] Skipping (exists): c_11461060_12_19000_4bd_2022
[1486153] Skipping (exists): c_11491060_12_19000_4bd_2022
[1486153] Skipping (exists): c_11521060_12_19000_4bd_2022
[1486153] Skipping (exists): c_11551060_12_19000_4bd_2022
[1486153] Skipping (exists): c_10891062_12_19000_4bd_2022
[1486153] Skipping (exists): c_10921062_12_19000_4bd_2022
[1486153] Skipping (exists): c_10951062_12_19000_4bd_2022
[1486153] Skipping (exists): c_11311062_12_19000_4bd_2022
[1486153] Skipping (exists): c_11341062_12_19000_4bd_2022
[1486153] Skipping (exists): c_11371062_12_19000_4bd_2022
[1486153] Skipping (exists): c_11401062_12_19000_4bd_2022
[1486153] Skipping (exists): c_11431062_12_19000_4bd_2022
[1486153] Skipping (exists): c_11461062_12_19000_4bd_2022
[1486153] Skipping (exists): c_11491062_12_19000_4bd_2022
[1486153] Skipping (exists): c_11521062_12_19000_4bd_2022
[1486153] Skipping (exists): c_11551062_12_19000_4bd_2022
[1486153] Skipping (exists): c_10891064_12_19000_4bd_2022
[1486153] Skipping (exists): c_10921064_12_19000_4bd_2022
[1486153] Skipping (exists): c_11311064_12_19000_4bd_2022
[1486153] Skipping (exists): c_11341064_12_19000_4bd_2022
[1486153] Skipping (exists): c_11371064_12_19000_4bd_2022
[1486153] Skipping (exists): c_11401064_12_19000_4bd_2022
[1486153] Skipping (exists): c_11431064_12_19000_4bd_2022
[1486153] Skipping (exists): c_11461064_12_19000_4bd_2022
[1486153] Skipping (exists): c_11491064_12_19000_4bd_2022
[1486153] Skipping (exists): c_11521064_12_19000_4bd_2022
[1486153] Skipping (exists): c_11551064_12_19000_4bd_2022
[1486153] Skipping (exists): c_11311066_12_19000_4bd_2022
[1486153] Skipping (exists): c_11341066_12_19000_4bd_2022
[1486153] Skipping (exists): c_11371066_12_19000_4bd_2022
[1486153] Skipping (exists): c_11431066_12_19000_4bd_2022
[1486153] Skipping (exists): c_11461066_12_19000_4bd_2022
[1486153] Skipping (exists): c_11551066_12_19000_4bd_2022
[1486153] Skipping (exists): c_11311068_12_19000_4bd_2022
[1486153] Skipping (exists): c_11341068_12_19000_4bd_2022
[1486153] Skipping (exists): c_11371068_12_19000_4bd_2022

=== Done. 935/935 tiles processed. Imagery written to: Data/Ortho/Tiles ===
          used (Mb) gc trigger  (Mb) max used  (Mb)
Ncells 1604552 85.7    2869448 153.3  2869448 153.3
Vcells 2314712 17.7   12126903  92.6 11476757  87.6
