Using libcurl 7.76.1 with OpenSSL/3.2.2
Linking to GEOS 3.13.1, GDAL 3.5.1, PROJ 8.2.0; sf_use_s2() is TRUE
WARNING: different compile-time and runtime versions for GEOS found:
Linked against: 3.13.1-CAPI-1.19.2 compiled against: 3.11.0-CAPI-1.17.0
It is probably a good idea to reinstall sf (and maybe lwgeom too)

Attaching package: ‘dplyr’

The following objects are masked from ‘package:stats’:

    filter, lag

The following objects are masked from ‘package:base’:

    intersect, setdiff, setequal, union

terra 1.9.27
WARNING: different compile-time and run-time versions of GEOS
Compiled with:3.11.0-CAPI-1.17.0
 Running with:3.13.1-CAPI-1.19.2

You should reinstall package 'terra'

=== NYS Orthoimagery Download Pipeline ===
  GPKG:     Data/NY_HUCS/NY_Cluster_Zones_250_CROP_NAomit_6347.gpkg
  Cluster:  120
  Year:     2024
  Bands:    4bd
  Output:   Data/Ortho/Tiles
  Workers:  1
  HUC12s in cluster: 5

Querying ortho tile indexes...
  Index years available for '4bd': 2008, 2009, 2010, 2011, 2012, 2013, 2014, 2015, 2016, 2017, 2018, 2020, 2021, 2022, 2023, 2024, 2025
  Querying year 2024 ...
  Matching index layers: ind24l_half_ft_4bd_nyc, ind24w_half_ft_4bd, ind24w_one_ft_4bd, ind24e_one_ft_4bd, ind24e_half_ft_4bd
  NOTE: source tiles span multiple native resolutions (half_ft, one_ft); all will be resampled to 1 m.
    layer 7: 1178 bbox hits
  Year 2024: 677 tiles selected
  Querying year 2025 ...
  Matching index layers: ind25e_one_ft_4bd, ind25e_half_ft_4bd, ind25c_half_ft_4bd, ind25c_one_ft_4bd
  NOTE: source tiles span multiple native resolutions (one_ft, half_ft); all will be resampled to 1 m.
    layer 1: 384 bbox hits
  Year 2025: 170 tiles selected
  Years selected: 2024, 2025
Unique full-size tiles to process: 847
[2126746] Skipping (exists): e_06721216_12_22500_4bd_2024
[2126746] Skipping (exists): e_06751216_12_22500_4bd_2024
[2126746] Skipping (exists): e_06721218_12_22500_4bd_2024
[2126746] Skipping (exists): e_06751218_12_22500_4bd_2024
[2126746] Skipping (exists): e_06721220_12_22500_4bd_2024
[2126746] Skipping (exists): e_06751220_12_22500_4bd_2024
[2126746] Skipping (exists): e_06721222_12_22500_4bd_2024
[2126746] Skipping (exists): e_06751222_12_22500_4bd_2024
[2126746] Skipping (exists): e_06781222_12_22500_4bd_2024
[2126746] Skipping (exists): e_06721224_12_22500_4bd_2024
[2126746] Skipping (exists): e_06751224_12_22500_4bd_2024
[2126746] Skipping (exists): e_06781224_12_22500_4bd_2024
[2126746] Skipping (exists): e_06721226_12_22500_4bd_2024
[2126746] Skipping (exists): e_06751226_12_22500_4bd_2024
[2126746] Skipping (exists): e_06781226_12_22500_4bd_2024
[2126746] Skipping (exists): e_06811226_12_22500_4bd_2024
[2126746] Skipping (exists): e_06841226_12_22500_4bd_2024
[2126746] Skipping (exists): e_06661228_12_22500_4bd_2024
[2126746] Skipping (exists): e_06691228_12_22500_4bd_2024
[2126746] Skipping (exists): e_06721228_12_22500_4bd_2024
[2126746] Skipping (exists): e_06751228_12_22500_4bd_2024
[2126746] Skipping (exists): e_06781228_12_22500_4bd_2024
[2126746] Skipping (exists): e_06811228_12_22500_4bd_2024
[2126746] Skipping (exists): e_06841228_12_22500_4bd_2024
[2126746] Skipping (exists): e_06661230_12_22500_4bd_2024
[2126746] Skipping (exists): e_06691230_12_22500_4bd_2024
[2126746] Skipping (exists): e_06721230_12_22500_4bd_2024
[2126746] Skipping (exists): e_06751230_12_22500_4bd_2024
[2126746] Skipping (exists): e_06781230_12_22500_4bd_2024
[2126746] Skipping (exists): e_06811230_12_22500_4bd_2024
[2126746] Skipping (exists): e_06841230_12_22500_4bd_2024
[2126746] Skipping (exists): e_06661232_12_22500_4bd_2024
[2126746] Skipping (exists): e_06691232_12_22500_4bd_2024
[2126746] Skipping (exists): e_06721232_12_22500_4bd_2024
[2126746] Skipping (exists): e_06751232_12_22500_4bd_2024
[2126746] Skipping (exists): e_06781232_12_22500_4bd_2024
[2126746] Skipping (exists): e_06811232_12_22500_4bd_2024
[2126746] Skipping (exists): e_06841232_12_22500_4bd_2024
[2126746] Skipping (exists): e_06871232_12_22500_4bd_2024
[2126746] Skipping (exists): e_06661234_12_22500_4bd_2024
[2126746] Skipping (exists): e_06691234_12_22500_4bd_2024
[2126746] Skipping (exists): e_06721234_12_22500_4bd_2024
[2126746] Skipping (exists): e_06751234_12_22500_4bd_2024
[2126746] Skipping (exists): e_06781234_12_22500_4bd_2024
[2126746] Skipping (exists): e_06811234_12_22500_4bd_2024
[2126746] Skipping (exists): e_06841234_12_22500_4bd_2024
[2126746] Skipping (exists): e_06901234_12_22500_4bd_2024
[2126746] Skipping (exists): e_06931234_12_22500_4bd_2024
[2126746] Skipping (exists): e_06961234_12_22500_4bd_2024
[2126746] Skipping (exists): e_06991234_12_22500_4bd_2024
[2126746] Skipping (exists): e_06661236_12_22500_4bd_2024
[2126746] Skipping (exists): e_06691236_12_22500_4bd_2024
[2126746] Skipping (exists): e_06721236_12_22500_4bd_2024
[2126746] Skipping (exists): e_06751236_12_22500_4bd_2024
[2126746] Skipping (exists): e_06781236_12_22500_4bd_2024
[2126746] Skipping (exists): e_06811236_12_22500_4bd_2024
[2126746] Skipping (exists): e_06841236_12_22500_4bd_2024
[2126746] Skipping (exists): e_06871236_12_22500_4bd_2024
[2126746] Skipping (exists): e_06901236_12_22500_4bd_2024
[2126746] Skipping (exists): e_06931236_12_22500_4bd_2024
[2126746] Skipping (exists): e_06961236_12_22500_4bd_2024
[2126746] Skipping (exists): e_06991236_12_22500_4bd_2024
[2126746] Skipping (exists): e_06661238_12_22500_4bd_2024
[2126746] Skipping (exists): e_06691238_12_22500_4bd_2024
[2126746] Skipping (exists): e_06721238_12_22500_4bd_2024
[2126746] Skipping (exists): e_06751238_12_22500_4bd_2024
[2126746] Skipping (exists): e_06781238_12_22500_4bd_2024
[2126746] Skipping (exists): e_06811238_12_22500_4bd_2024
[2126746] Skipping (exists): e_06841238_12_22500_4bd_2024
[2126746] Skipping (exists): e_06871238_12_22500_4bd_2024
[2126746] Skipping (exists): e_06901238_12_22500_4bd_2024
[2126746] Skipping (exists): e_06931238_12_22500_4bd_2024
[2126746] Skipping (exists): e_06961238_12_22500_4bd_2024
[2126746] Skipping (exists): e_06991238_12_22500_4bd_2024
[2126746] Skipping (exists): e_06691240_12_22500_4bd_2024
[2126746] Skipping (exists): e_06721240_12_22500_4bd_2024
[2126746] Skipping (exists): e_06751240_12_22500_4bd_2024
[2126746] Skipping (exists): e_06781240_12_22500_4bd_2024
[2126746] Skipping (exists): e_06811240_12_22500_4bd_2024
[2126746] Skipping (exists): e_06841240_12_22500_4bd_2024
[2126746] Skipping (exists): e_06871240_12_22500_4bd_2024
[2126746] Skipping (exists): e_06901240_12_22500_4bd_2024
[2126746] Skipping (exists): e_06931240_12_22500_4bd_2024
[2126746] Skipping (exists): e_06961240_12_22500_4bd_2024
[2126746] Skipping (exists): e_06991240_12_22500_4bd_2024
[2126746] Skipping (exists): e_06691242_12_22500_4bd_2024
[2126746] Skipping (exists): e_06721242_12_22500_4bd_2024
[2126746] Skipping (exists): e_06751242_12_22500_4bd_2024
[2126746] Skipping (exists): e_06781242_12_22500_4bd_2024
[2126746] Skipping (exists): e_06811242_12_22500_4bd_2024
[2126746] Skipping (exists): e_06841242_12_22500_4bd_2024
[2126746] Skipping (exists): e_06871242_12_22500_4bd_2024
[2126746] Skipping (exists): e_06901242_12_22500_4bd_2024
[2126746] Skipping (exists): e_06931242_12_22500_4bd_2024
[2126746] Skipping (exists): e_06961242_12_22500_4bd_2024
[2126746] Skipping (exists): e_06991242_12_22500_4bd_2024
[2126746] Skipping (exists): e_07051242_12_22500_4bd_2024
[2126746] Skipping (exists): e_07081242_12_22500_4bd_2024
[2126746] Skipping (exists): e_07111242_12_22500_4bd_2024
[2126746] Skipping (exists): e_06721244_12_22500_4bd_2024
[2126746] Skipping (exists): e_06751244_12_22500_4bd_2024
[2126746] Skipping (exists): e_06781244_12_22500_4bd_2024
[2126746] Skipping (exists): e_06811244_12_22500_4bd_2024
[2126746] Skipping (exists): e_06841244_12_22500_4bd_2024
[2126746] Skipping (exists): e_06871244_12_22500_4bd_2024
[2126746] Skipping (exists): e_06901244_12_22500_4bd_2024
[2126746] Skipping (exists): e_06931244_12_22500_4bd_2024
[2126746] Skipping (exists): e_06961244_12_22500_4bd_2024
[2126746] Skipping (exists): e_06991244_12_22500_4bd_2024
[2126746] Skipping (exists): e_07021244_12_22500_4bd_2024
[2126746] Skipping (exists): e_07051244_12_22500_4bd_2024
[2126746] Skipping (exists): e_07081244_12_22500_4bd_2024
[2126746] Skipping (exists): e_07111244_12_22500_4bd_2024
[2126746] Skipping (exists): e_07141244_12_22500_4bd_2024
[2126746] Skipping (exists): e_07261244_12_22500_4bd_2024
[2126746] Skipping (exists): e_06751246_12_22500_4bd_2024
[2126746] Skipping (exists): e_06781246_12_22500_4bd_2024
[2126746] Skipping (exists): e_06811246_12_22500_4bd_2024
[2126746] Skipping (exists): e_06841246_12_22500_4bd_2024
[2126746] Skipping (exists): e_06871246_12_22500_4bd_2024
[2126746] Skipping (exists): e_06901246_12_22500_4bd_2024
[2126746] Skipping (exists): e_06931246_12_22500_4bd_2024
[2126746] Skipping (exists): e_06961246_12_22500_4bd_2024
[2126746] Skipping (exists): e_06991246_12_22500_4bd_2024
[2126746] Skipping (exists): e_07021246_12_22500_4bd_2024
[2126746] Skipping (exists): e_07051246_12_22500_4bd_2024
[2126746] Skipping (exists): e_07081246_12_22500_4bd_2024
[2126746] Skipping (exists): e_07111246_12_22500_4bd_2024
[2126746] Skipping (exists): e_07141246_12_22500_4bd_2024
[2126746] Skipping (exists): e_07171246_12_22500_4bd_2024
[2126746] Skipping (exists): e_07201246_12_22500_4bd_2024
[2126746] Skipping (exists): e_07231246_12_22500_4bd_2024
[2126746] Skipping (exists): e_07261246_12_22500_4bd_2024
[2126746] Skipping (exists): e_07291246_12_22500_4bd_2024
[2126746] Skipping (exists): e_06811248_12_22500_4bd_2024
[2126746] Skipping (exists): e_06841248_12_22500_4bd_2024
[2126746] Skipping (exists): e_06871248_12_22500_4bd_2024
[2126746] Skipping (exists): e_06901248_12_22500_4bd_2024
[2126746] Skipping (exists): e_06931248_12_22500_4bd_2024
[2126746] Skipping (exists): e_06961248_12_22500_4bd_2024
[2126746] Skipping (exists): e_06991248_12_22500_4bd_2024
[2126746] Skipping (exists): e_07021248_12_22500_4bd_2024
[2126746] Skipping (exists): e_07051248_12_22500_4bd_2024
[2126746] Skipping (exists): e_07081248_12_22500_4bd_2024
[2126746] Skipping (exists): e_07111248_12_22500_4bd_2024
[2126746] Skipping (exists): e_07141248_12_22500_4bd_2024
[2126746] Skipping (exists): e_07171248_12_22500_4bd_2024
[2126746] Skipping (exists): e_07201248_12_22500_4bd_2024
[2126746] Skipping (exists): e_07231248_12_22500_4bd_2024
[2126746] Skipping (exists): e_07261248_12_22500_4bd_2024
[2126746] Skipping (exists): e_07291248_12_22500_4bd_2024
[2126746] Skipping (exists): e_06811250_12_22500_4bd_2024
[2126746] Skipping (exists): e_06841250_12_22500_4bd_2024
[2126746] Skipping (exists): e_06871250_12_22500_4bd_2024
[2126746] Skipping (exists): e_06901250_12_22500_4bd_2024
[2126746] Skipping (exists): e_06931250_12_22500_4bd_2024
[2126746] Skipping (exists): e_06961250_12_22500_4bd_2024
[2126746] Skipping (exists): e_06991250_12_22500_4bd_2024
[2126746] Skipping (exists): e_07021250_12_22500_4bd_2024
[2126746] Skipping (exists): e_07051250_12_22500_4bd_2024
[2126746] Skipping (exists): e_07081250_12_22500_4bd_2024
[2126746] Skipping (exists): e_07111250_12_22500_4bd_2024
[2126746] Skipping (exists): e_07141250_12_22500_4bd_2024
[2126746] Skipping (exists): e_07171250_12_22500_4bd_2024
[2126746] Skipping (exists): e_07201250_12_22500_4bd_2024
[2126746] Skipping (exists): e_07231250_12_22500_4bd_2024
[2126746] Skipping (exists): e_07261250_12_22500_4bd_2024
[2126746] Skipping (exists): e_07291250_12_22500_4bd_2024
[2126746] Skipping (exists): e_07321250_12_22500_4bd_2024
[2126746] Skipping (exists): e_06811252_12_22500_4bd_2024
[2126746] Skipping (exists): e_06841252_12_22500_4bd_2024
[2126746] Skipping (exists): e_06871252_12_22500_4bd_2024
[2126746] Skipping (exists): e_06901252_12_22500_4bd_2024
[2126746] Skipping (exists): e_06931252_12_22500_4bd_2024
[2126746] Skipping (exists): e_06961252_12_22500_4bd_2024
[2126746] Skipping (exists): e_06991252_12_22500_4bd_2024
[2126746] Skipping (exists): e_07021252_12_22500_4bd_2024
[2126746] Skipping (exists): e_07051252_12_22500_4bd_2024
[2126746] Skipping (exists): e_07081252_12_22500_4bd_2024
[2126746] Skipping (exists): e_07111252_12_22500_4bd_2024
[2126746] Skipping (exists): e_07141252_12_22500_4bd_2024
[2126746] Skipping (exists): e_07171252_12_22500_4bd_2024
[2126746] Skipping (exists): e_07201252_12_22500_4bd_2024
[2126746] Skipping (exists): e_07231252_12_22500_4bd_2024
[2126746] Skipping (exists): e_07261252_12_22500_4bd_2024
[2126746] Skipping (exists): e_07291252_12_22500_4bd_2024
[2126746] Skipping (exists): e_07321252_12_22500_4bd_2024
[2126746] Skipping (exists): e_06841254_12_22500_4bd_2024
[2126746] Skipping (exists): e_06871254_12_22500_4bd_2024
[2126746] Skipping (exists): e_06901254_12_22500_4bd_2024
[2126746] Skipping (exists): e_06931254_12_22500_4bd_2024
[2126746] Skipping (exists): e_06961254_12_22500_4bd_2024
[2126746] Skipping (exists): e_06991254_12_22500_4bd_2024
[2126746] Skipping (exists): e_07021254_12_22500_4bd_2024
[2126746] Skipping (exists): e_07051254_12_22500_4bd_2024
[2126746] Skipping (exists): e_07081254_12_22500_4bd_2024
[2126746] Skipping (exists): e_07111254_12_22500_4bd_2024
[2126746] Skipping (exists): e_07141254_12_22500_4bd_2024
[2126746] Skipping (exists): e_07171254_12_22500_4bd_2024
[2126746] Skipping (exists): e_07201254_12_22500_4bd_2024
[2126746] Skipping (exists): e_07231254_12_22500_4bd_2024
[2126746] Skipping (exists): e_07261254_12_22500_4bd_2024
[2126746] Skipping (exists): e_07291254_12_22500_4bd_2024
[2126746] Skipping (exists): e_07321254_12_22500_4bd_2024
[2126746] Skipping (exists): e_07351254_12_22500_4bd_2024
[2126746] Skipping (exists): e_06841256_12_22500_4bd_2024
[2126746] Skipping (exists): e_06871256_12_22500_4bd_2024
[2126746] Skipping (exists): e_06901256_12_22500_4bd_2024
[2126746] Skipping (exists): e_06931256_12_22500_4bd_2024
[2126746] Skipping (exists): e_06961256_12_22500_4bd_2024
[2126746] Skipping (exists): e_06991256_12_22500_4bd_2024
[2126746] Skipping (exists): e_07021256_12_22500_4bd_2024
[2126746] Skipping (exists): e_07051256_12_22500_4bd_2024
[2126746] Skipping (exists): e_07081256_12_22500_4bd_2024
[2126746] Skipping (exists): e_07111256_12_22500_4bd_2024
[2126746] Skipping (exists): e_07141256_12_22500_4bd_2024
[2126746] Skipping (exists): e_07171256_12_22500_4bd_2024
[2126746] Skipping (exists): e_07201256_12_22500_4bd_2024
[2126746] Skipping (exists): e_07231256_12_22500_4bd_2024
[2126746] Skipping (exists): e_07261256_12_22500_4bd_2024
[2126746] Skipping (exists): e_07291256_12_22500_4bd_2024
[2126746] Skipping (exists): e_07321256_12_22500_4bd_2024
[2126746] Skipping (exists): e_07351256_12_22500_4bd_2024
[2126746] Skipping (exists): e_06841258_12_22500_4bd_2024
[2126746] Skipping (exists): e_06871258_12_22500_4bd_2024
[2126746] Skipping (exists): e_06901258_12_22500_4bd_2024
[2126746] Skipping (exists): e_06931258_12_22500_4bd_2024
[2126746] Skipping (exists): e_06961258_12_22500_4bd_2024
[2126746] Skipping (exists): e_06991258_12_22500_4bd_2024
[2126746] Skipping (exists): e_07021258_12_22500_4bd_2024
[2126746] Skipping (exists): e_07051258_12_22500_4bd_2024
[2126746] Skipping (exists): e_07081258_12_22500_4bd_2024
[2126746] Skipping (exists): e_07111258_12_22500_4bd_2024
[2126746] Skipping (exists): e_07141258_12_22500_4bd_2024
[2126746] Skipping (exists): e_07171258_12_22500_4bd_2024
[2126746] Skipping (exists): e_07201258_12_22500_4bd_2024
[2126746] Skipping (exists): e_07231258_12_22500_4bd_2024
[2126746] Skipping (exists): e_07261258_12_22500_4bd_2024
[2126746] Skipping (exists): e_07291258_12_22500_4bd_2024
[2126746] Skipping (exists): e_07321258_12_22500_4bd_2024
[2126746] Skipping (exists): e_07351258_12_22500_4bd_2024
[2126746] Skipping (exists): e_06841260_12_22500_4bd_2024
[2126746] Skipping (exists): e_06871260_12_22500_4bd_2024
[2126746] Skipping (exists): e_06901260_12_22500_4bd_2024
[2126746] Skipping (exists): e_06931260_12_22500_4bd_2024
[2126746] Skipping (exists): e_06961260_12_22500_4bd_2024
[2126746] Skipping (exists): e_06991260_12_22500_4bd_2024
[2126746] Skipping (exists): e_07021260_12_22500_4bd_2024
[2126746] Skipping (exists): e_07051260_12_22500_4bd_2024
[2126746] Skipping (exists): e_07081260_12_22500_4bd_2024
[2126746] Skipping (exists): e_07111260_12_22500_4bd_2024
[2126746] Skipping (exists): e_07141260_12_22500_4bd_2024
[2126746] Skipping (exists): e_07171260_12_22500_4bd_2024
[2126746] Skipping (exists): e_07201260_12_22500_4bd_2024
[2126746] Skipping (exists): e_07231260_12_22500_4bd_2024
[2126746] Skipping (exists): e_07261260_12_22500_4bd_2024
[2126746] Skipping (exists): e_07291260_12_22500_4bd_2024
[2126746] Skipping (exists): e_07321260_12_22500_4bd_2024
[2126746] Skipping (exists): e_07351260_12_22500_4bd_2024
[2126746] Skipping (exists): e_07381260_12_22500_4bd_2024
[2126746] Skipping (exists): e_06841262_12_22500_4bd_2024
[2126746] Skipping (exists): e_06871262_12_22500_4bd_2024
[2126746] Skipping (exists): e_06901262_12_22500_4bd_2024
[2126746] Skipping (exists): e_06931262_12_22500_4bd_2024
[2126746] Skipping (exists): e_06961262_12_22500_4bd_2024
[2126746] Skipping (exists): e_06991262_12_22500_4bd_2024
[2126746] Skipping (exists): e_07021262_12_22500_4bd_2024
[2126746] Skipping (exists): e_07051262_12_22500_4bd_2024
[2126746] Skipping (exists): e_07081262_12_22500_4bd_2024
[2126746] Skipping (exists): e_07111262_12_22500_4bd_2024
[2126746] Skipping (exists): e_07141262_12_22500_4bd_2024
[2126746] Skipping (exists): e_07171262_12_22500_4bd_2024
[2126746] Skipping (exists): e_07201262_12_22500_4bd_2024
[2126746] Skipping (exists): e_07231262_12_22500_4bd_2024
[2126746] Skipping (exists): e_07261262_12_22500_4bd_2024
[2126746] Skipping (exists): e_07291262_12_22500_4bd_2024
[2126746] Skipping (exists): e_07321262_12_22500_4bd_2024
[2126746] Skipping (exists): e_07351262_12_22500_4bd_2024
[2126746] Skipping (exists): e_07381262_12_22500_4bd_2024
[2126746] Skipping (exists): e_06841264_12_22500_4bd_2024
[2126746] Skipping (exists): e_06871264_12_22500_4bd_2024
[2126746] Skipping (exists): e_06901264_12_22500_4bd_2024
[2126746] Skipping (exists): e_06931264_12_22500_4bd_2024
[2126746] Skipping (exists): e_06961264_12_22500_4bd_2024
[2126746] Skipping (exists): e_06991264_12_22500_4bd_2024
[2126746] Skipping (exists): e_07021264_12_22500_4bd_2024
[2126746] Skipping (exists): e_07051264_12_22500_4bd_2024
[2126746] Skipping (exists): e_07081264_12_22500_4bd_2024
[2126746] Skipping (exists): e_07111264_12_22500_4bd_2024
[2126746] Skipping (exists): e_07141264_12_22500_4bd_2024
[2126746] Skipping (exists): e_07171264_12_22500_4bd_2024
[2126746] Skipping (exists): e_07201264_12_22500_4bd_2024
[2126746] Skipping (exists): e_07231264_12_22500_4bd_2024
[2126746] Skipping (exists): e_07261264_12_22500_4bd_2024
[2126746] Skipping (exists): e_07291264_12_22500_4bd_2024
[2126746] Skipping (exists): e_07321264_12_22500_4bd_2024
[2126746] Skipping (exists): e_07351264_12_22500_4bd_2024
[2126746] Skipping (exists): e_07381264_12_22500_4bd_2024
[2126746] Skipping (exists): e_06841266_12_22500_4bd_2024
[2126746] Skipping (exists): e_06871266_12_22500_4bd_2024
[2126746] Skipping (exists): e_06901266_12_22500_4bd_2024
[2126746] Skipping (exists): e_06931266_12_22500_4bd_2024
[2126746] Skipping (exists): e_06961266_12_22500_4bd_2024
[2126746] Skipping (exists): e_06991266_12_22500_4bd_2024
[2126746] Skipping (exists): e_07021266_12_22500_4bd_2024
[2126746] Skipping (exists): e_07051266_12_22500_4bd_2024
[2126746] Skipping (exists): e_07081266_12_22500_4bd_2024
[2126746] Skipping (exists): e_07111266_12_22500_4bd_2024
[2126746] Skipping (exists): e_07141266_12_22500_4bd_2024
[2126746] Skipping (exists): e_07171266_12_22500_4bd_2024
[2126746] Skipping (exists): e_07201266_12_22500_4bd_2024
[2126746] Skipping (exists): e_07231266_12_22500_4bd_2024
[2126746] Skipping (exists): e_07261266_12_22500_4bd_2024
[2126746] Skipping (exists): e_07291266_12_22500_4bd_2024
[2126746] Skipping (exists): e_07321266_12_22500_4bd_2024
[2126746] Skipping (exists): e_07351266_12_22500_4bd_2024
[2126746] Skipping (exists): e_07381266_12_22500_4bd_2024
[2126746] Skipping (exists): e_06841268_12_22500_4bd_2024
[2126746] Skipping (exists): e_06871268_12_22500_4bd_2024
[2126746] Skipping (exists): e_06901268_12_22500_4bd_2024
[2126746] Skipping (exists): e_06931268_12_22500_4bd_2024
[2126746] Skipping (exists): e_06961268_12_22500_4bd_2024
[2126746] Skipping (exists): e_06991268_12_22500_4bd_2024
[2126746] Skipping (exists): e_07021268_12_22500_4bd_2024
[2126746] Skipping (exists): e_07051268_12_22500_4bd_2024
[2126746] Skipping (exists): e_07081268_12_22500_4bd_2024
[2126746] Skipping (exists): e_07111268_12_22500_4bd_2024
[2126746] Skipping (exists): e_07141268_12_22500_4bd_2024
[2126746] Skipping (exists): e_07171268_12_22500_4bd_2024
[2126746] Skipping (exists): e_07201268_12_22500_4bd_2024
[2126746] Skipping (exists): e_07231268_12_22500_4bd_2024
[2126746] Skipping (exists): e_07261268_12_22500_4bd_2024
[2126746] Skipping (exists): e_07291268_12_22500_4bd_2024
[2126746] Skipping (exists): e_07321268_12_22500_4bd_2024
[2126746] Skipping (exists): e_07351268_12_22500_4bd_2024
[2126746] Skipping (exists): e_07381268_12_22500_4bd_2024
[2126746] Skipping (exists): e_07411268_12_22500_4bd_2024
[2126746] Skipping (exists): e_07441268_12_22500_4bd_2024
[2126746] Skipping (exists): e_06841270_12_22500_4bd_2024
[2126746] Skipping (exists): e_06871270_12_22500_4bd_2024
[2126746] Skipping (exists): e_06901270_12_22500_4bd_2024
[2126746] Skipping (exists): e_06931270_12_22500_4bd_2024
[2126746] Skipping (exists): e_06961270_12_22500_4bd_2024
[2126746] Skipping (exists): e_06991270_12_22500_4bd_2024
[2126746] Skipping (exists): e_07021270_12_22500_4bd_2024
[2126746] Skipping (exists): e_07051270_12_22500_4bd_2024
[2126746] Skipping (exists): e_07081270_12_22500_4bd_2024
[2126746] Skipping (exists): e_07111270_12_22500_4bd_2024
[2126746] Skipping (exists): e_07141270_12_22500_4bd_2024
[2126746] Skipping (exists): e_07171270_12_22500_4bd_2024
[2126746] Skipping (exists): e_07201270_12_22500_4bd_2024
[2126746] Skipping (exists): e_07231270_12_22500_4bd_2024
[2126746] Skipping (exists): e_07261270_12_22500_4bd_2024
[2126746] Skipping (exists): e_07291270_12_22500_4bd_2024
[2126746] Skipping (exists): e_07321270_12_22500_4bd_2024
[2126746] Skipping (exists): e_07351270_12_22500_4bd_2024
[2126746] Skipping (exists): e_07381270_12_22500_4bd_2024
[2126746] Skipping (exists): e_07411270_12_22500_4bd_2024
[2126746] Skipping (exists): e_07441270_12_22500_4bd_2024
[2126746] Skipping (exists): e_06841272_12_22500_4bd_2024
[2126746] Skipping (exists): e_06871272_12_22500_4bd_2024
[2126746] Skipping (exists): e_06901272_12_22500_4bd_2024
[2126746] Skipping (exists): e_06931272_12_22500_4bd_2024
[2126746] Skipping (exists): e_06961272_12_22500_4bd_2024
[2126746] Skipping (exists): e_06991272_12_22500_4bd_2024
[2126746] Skipping (exists): e_07021272_12_22500_4bd_2024
[2126746] Skipping (exists): e_07051272_12_22500_4bd_2024
[2126746] Skipping (exists): e_07081272_12_22500_4bd_2024
[2126746] Skipping (exists): e_07111272_12_22500_4bd_2024
[2126746] Skipping (exists): e_07141272_12_22500_4bd_2024
[2126746] Skipping (exists): e_07171272_12_22500_4bd_2024
[2126746] Skipping (exists): e_07201272_12_22500_4bd_2024
[2126746] Skipping (exists): e_07231272_12_22500_4bd_2024
[2126746] Skipping (exists): e_07261272_12_22500_4bd_2024
[2126746] Skipping (exists): e_07291272_12_22500_4bd_2024
[2126746] Skipping (exists): e_07321272_12_22500_4bd_2024
[2126746] Skipping (exists): e_07351272_12_22500_4bd_2024
[2126746] Skipping (exists): e_07381272_12_22500_4bd_2024
[2126746] Skipping (exists): e_07411272_12_22500_4bd_2024
[2126746] Skipping (exists): e_07441272_12_22500_4bd_2024
[2126746] Skipping (exists): e_06841274_12_22500_4bd_2024
[2126746] Skipping (exists): e_06871274_12_22500_4bd_2024
[2126746] Skipping (exists): e_06901274_12_22500_4bd_2024
[2126746] Skipping (exists): e_06931274_12_22500_4bd_2024
[2126746] Skipping (exists): e_06961274_12_22500_4bd_2024
[2126746] Skipping (exists): e_06991274_12_22500_4bd_2024
[2126746] Skipping (exists): e_07021274_12_22500_4bd_2024
[2126746] Skipping (exists): e_07051274_12_22500_4bd_2024
[2126746] Skipping (exists): e_07081274_12_22500_4bd_2024
[2126746] Skipping (exists): e_07111274_12_22500_4bd_2024
[2126746] Skipping (exists): e_07141274_12_22500_4bd_2024
[2126746] Skipping (exists): e_07171274_12_22500_4bd_2024
[2126746] Skipping (exists): e_07201274_12_22500_4bd_2024
[2126746] Skipping (exists): e_07231274_12_22500_4bd_2024
[2126746] Skipping (exists): e_07261274_12_22500_4bd_2024
[2126746] Skipping (exists): e_07291274_12_22500_4bd_2024
[2126746] Skipping (exists): e_07321274_12_22500_4bd_2024
[2126746] Skipping (exists): e_07351274_12_22500_4bd_2024
[2126746] Skipping (exists): e_07381274_12_22500_4bd_2024
[2126746] Skipping (exists): e_07411274_12_22500_4bd_2024
[2126746] Skipping (exists): e_07441274_12_22500_4bd_2024
[2126746] Skipping (exists): e_06841276_12_22500_4bd_2024
[2126746] Skipping (exists): e_06871276_12_22500_4bd_2024
[2126746] Skipping (exists): e_06901276_12_22500_4bd_2024
[2126746] Skipping (exists): e_06931276_12_22500_4bd_2024
[2126746] Skipping (exists): e_06961276_12_22500_4bd_2024
[2126746] Skipping (exists): e_06991276_12_22500_4bd_2024
[2126746] Skipping (exists): e_07021276_12_22500_4bd_2024
[2126746] Skipping (exists): e_07051276_12_22500_4bd_2024
[2126746] Skipping (exists): e_07081276_12_22500_4bd_2024
[2126746] Skipping (exists): e_07111276_12_22500_4bd_2024
[2126746] Skipping (exists): e_07141276_12_22500_4bd_2024
[2126746] Skipping (exists): e_07171276_12_22500_4bd_2024
[2126746] Skipping (exists): e_07201276_12_22500_4bd_2024
[2126746] Skipping (exists): e_07231276_12_22500_4bd_2024
[2126746] Skipping (exists): e_07261276_12_22500_4bd_2024
[2126746] Skipping (exists): e_07321276_12_22500_4bd_2024
[2126746] Skipping (exists): e_07351276_12_22500_4bd_2024
[2126746] Skipping (exists): e_07411276_12_22500_4bd_2024
[2126746] Skipping (exists): e_06811278_12_22500_4bd_2024
[2126746] Skipping (exists): e_06841278_12_22500_4bd_2024
[2126746] Skipping (exists): e_06871278_12_22500_4bd_2024
[2126746] Skipping (exists): e_06901278_12_22500_4bd_2024
[2126746] Skipping (exists): e_06931278_12_22500_4bd_2024
[2126746] Skipping (exists): e_06961278_12_22500_4bd_2024
[2126746] Skipping (exists): e_06991278_12_22500_4bd_2024
[2126746] Skipping (exists): e_07021278_12_22500_4bd_2024
[2126746] Skipping (exists): e_07051278_12_22500_4bd_2024
[2126746] Skipping (exists): e_07081278_12_22500_4bd_2024
[2126746] Skipping (exists): e_07111278_12_22500_4bd_2024
[2126746] Skipping (exists): e_07141278_12_22500_4bd_2024
[2126746] Skipping (exists): e_07171278_12_22500_4bd_2024
[2126746] Skipping (exists): e_07201278_12_22500_4bd_2024
[2126746] Skipping (exists): e_07231278_12_22500_4bd_2024
[2126746] Skipping (exists): e_07261278_12_22500_4bd_2024
[2126746] Skipping (exists): e_06811280_12_22500_4bd_2024
[2126746] Skipping (exists): e_06841280_12_22500_4bd_2024
[2126746] Skipping (exists): e_06871280_12_22500_4bd_2024
[2126746] Skipping (exists): e_06901280_12_22500_4bd_2024
[2126746] Skipping (exists): e_06931280_12_22500_4bd_2024
[2126746] Skipping (exists): e_06961280_12_22500_4bd_2024
[2126746] Skipping (exists): e_06991280_12_22500_4bd_2024
[2126746] Skipping (exists): e_07021280_12_22500_4bd_2024
[2126746] Skipping (exists): e_07051280_12_22500_4bd_2024
[2126746] Skipping (exists): e_07081280_12_22500_4bd_2024
[2126746] Skipping (exists): e_07111280_12_22500_4bd_2024
[2126746] Skipping (exists): e_07141280_12_22500_4bd_2024
[2126746] Skipping (exists): e_07171280_12_22500_4bd_2024
[2126746] Skipping (exists): e_07201280_12_22500_4bd_2024
[2126746] Skipping (exists): e_07231280_12_22500_4bd_2024
[2126746] Skipping (exists): e_07261280_12_22500_4bd_2024
[2126746] Skipping (exists): e_06811282_12_22500_4bd_2024
[2126746] Skipping (exists): e_06841282_12_22500_4bd_2024
[2126746] Skipping (exists): e_06871282_12_22500_4bd_2024
[2126746] Skipping (exists): e_06901282_12_22500_4bd_2024
[2126746] Skipping (exists): e_06931282_12_22500_4bd_2024
[2126746] Skipping (exists): e_06961282_12_22500_4bd_2024
[2126746] Skipping (exists): e_06991282_12_22500_4bd_2024
[2126746] Skipping (exists): e_07021282_12_22500_4bd_2024
[2126746] Skipping (exists): e_07051282_12_22500_4bd_2024
[2126746] Skipping (exists): e_07081282_12_22500_4bd_2024
[2126746] Skipping (exists): e_07111282_12_22500_4bd_2024
[2126746] Skipping (exists): e_07141282_12_22500_4bd_2024
[2126746] Skipping (exists): e_07171282_12_22500_4bd_2024
[2126746] Skipping (exists): e_07201282_12_22500_4bd_2024
[2126746] Skipping (exists): e_07231282_12_22500_4bd_2024
[2126746] Skipping (exists): e_07261282_12_22500_4bd_2024
[2126746] Skipping (exists): e_06811284_12_22500_4bd_2024
[2126746] Skipping (exists): e_06841284_12_22500_4bd_2024
[2126746] Skipping (exists): e_06871284_12_22500_4bd_2024
[2126746] Skipping (exists): e_06901284_12_22500_4bd_2024
[2126746] Skipping (exists): e_06931284_12_22500_4bd_2024
[2126746] Skipping (exists): e_06961284_12_22500_4bd_2024
[2126746] Skipping (exists): e_06991284_12_22500_4bd_2024
[2126746] Skipping (exists): e_07021284_12_22500_4bd_2024
[2126746] Skipping (exists): e_07051284_12_22500_4bd_2024
[2126746] Skipping (exists): e_07081284_12_22500_4bd_2024
[2126746] Skipping (exists): e_07111284_12_22500_4bd_2024
[2126746] Skipping (exists): e_07141284_12_22500_4bd_2024
[2126746] Skipping (exists): e_07171284_12_22500_4bd_2024
[2126746] Skipping (exists): e_07201284_12_22500_4bd_2024
[2126746] Skipping (exists): e_07231284_12_22500_4bd_2024
[2126746] Skipping (exists): e_06811286_12_22500_4bd_2024
[2126746] Skipping (exists): e_06841286_12_22500_4bd_2024
[2126746] Skipping (exists): e_06871286_12_22500_4bd_2024
[2126746] Skipping (exists): e_06901286_12_22500_4bd_2024
[2126746] Skipping (exists): e_06931286_12_22500_4bd_2024
[2126746] Skipping (exists): e_06961286_12_22500_4bd_2024
[2126746] Skipping (exists): e_06991286_12_22500_4bd_2024
[2126746] Skipping (exists): e_07021286_12_22500_4bd_2024
[2126746] Skipping (exists): e_07051286_12_22500_4bd_2024
[2126746] Skipping (exists): e_07081286_12_22500_4bd_2024
[2126746] Skipping (exists): e_07111286_12_22500_4bd_2024
[2126746] Skipping (exists): e_07141286_12_22500_4bd_2024
[2126746] Skipping (exists): e_07171286_12_22500_4bd_2024
[2126746] Skipping (exists): e_07201286_12_22500_4bd_2024
[2126746] Skipping (exists): e_07231286_12_22500_4bd_2024
[2126746] Skipping (exists): e_06811288_12_22500_4bd_2024
[2126746] Skipping (exists): e_06841288_12_22500_4bd_2024
[2126746] Skipping (exists): e_06871288_12_22500_4bd_2024
[2126746] Skipping (exists): e_06901288_12_22500_4bd_2024
[2126746] Skipping (exists): e_06931288_12_22500_4bd_2024
[2126746] Skipping (exists): e_06961288_12_22500_4bd_2024
[2126746] Skipping (exists): e_06991288_12_22500_4bd_2024
[2126746] Skipping (exists): e_07021288_12_22500_4bd_2024
[2126746] Skipping (exists): e_07051288_12_22500_4bd_2024
[2126746] Skipping (exists): e_07081288_12_22500_4bd_2024
[2126746] Skipping (exists): e_07111288_12_22500_4bd_2024
[2126746] Skipping (exists): e_07141288_12_22500_4bd_2024
[2126746] Skipping (exists): e_07171288_12_22500_4bd_2024
[2126746] Skipping (exists): e_07201288_12_22500_4bd_2024
[2126746] Skipping (exists): e_07231288_12_22500_4bd_2024
[2126746] Skipping (exists): e_06811290_12_22500_4bd_2024
[2126746] Skipping (exists): e_06841290_12_22500_4bd_2024
[2126746] Skipping (exists): e_06871290_12_22500_4bd_2024
[2126746] Skipping (exists): e_06901290_12_22500_4bd_2024
[2126746] Skipping (exists): e_06931290_12_22500_4bd_2024
[2126746] Skipping (exists): e_06961290_12_22500_4bd_2024
[2126746] Skipping (exists): e_06991290_12_22500_4bd_2024
[2126746] Skipping (exists): e_07021290_12_22500_4bd_2024
[2126746] Skipping (exists): e_07051290_12_22500_4bd_2024
[2126746] Skipping (exists): e_07081290_12_22500_4bd_2024
[2126746] Skipping (exists): e_07111290_12_22500_4bd_2024
[2126746] Skipping (exists): e_07141290_12_22500_4bd_2024
[2126746] Skipping (exists): e_07171290_12_22500_4bd_2024
[2126746] Skipping (exists): e_07201290_12_22500_4bd_2024
[2126746] Skipping (exists): e_06811292_12_22500_4bd_2024
[2126746] Skipping (exists): e_06841292_12_22500_4bd_2024
[2126746] Skipping (exists): e_06871292_12_22500_4bd_2024
[2126746] Skipping (exists): e_06901292_12_22500_4bd_2024
[2126746] Skipping (exists): e_06931292_12_22500_4bd_2024
[2126746] Skipping (exists): e_06961292_12_22500_4bd_2024
[2126746] Skipping (exists): e_06991292_12_22500_4bd_2024
[2126746] Skipping (exists): e_07021292_12_22500_4bd_2024
[2126746] Skipping (exists): e_07051292_12_22500_4bd_2024
[2126746] Skipping (exists): e_07081292_12_22500_4bd_2024
[2126746] Skipping (exists): e_07111292_12_22500_4bd_2024
[2126746] Skipping (exists): e_07141292_12_22500_4bd_2024
[2126746] Skipping (exists): e_07171292_12_22500_4bd_2024
[2126746] Skipping (exists): e_07201292_12_22500_4bd_2024
[2126746] Skipping (exists): e_06811294_12_22500_4bd_2024
[2126746] Skipping (exists): e_06841294_12_22500_4bd_2024
[2126746] Skipping (exists): e_06871294_12_22500_4bd_2024
[2126746] Skipping (exists): e_06901294_12_22500_4bd_2024
[2126746] Skipping (exists): e_06931294_12_22500_4bd_2024
[2126746] Skipping (exists): e_06961294_12_22500_4bd_2024
[2126746] Skipping (exists): e_06991294_12_22500_4bd_2024
[2126746] Skipping (exists): e_07021294_12_22500_4bd_2024
[2126746] Skipping (exists): e_07051294_12_22500_4bd_2024
[2126746] Skipping (exists): e_07081294_12_22500_4bd_2024
[2126746] Skipping (exists): e_07111294_12_22500_4bd_2024
[2126746] Skipping (exists): e_07141294_12_22500_4bd_2024
[2126746] Skipping (exists): e_07171294_12_22500_4bd_2024
[2126746] Skipping (exists): e_07201294_12_22500_4bd_2024
[2126746] Skipping (exists): e_06811296_12_22500_4bd_2024
[2126746] Skipping (exists): e_06841296_12_22500_4bd_2024
[2126746] Skipping (exists): e_06871296_12_22500_4bd_2024
[2126746] Skipping (exists): e_06901296_12_22500_4bd_2024
[2126746] Skipping (exists): e_06931296_12_22500_4bd_2024
[2126746] Skipping (exists): e_06961296_12_22500_4bd_2024
[2126746] Skipping (exists): e_06991296_12_22500_4bd_2024
[2126746] Skipping (exists): e_07021296_12_22500_4bd_2024
[2126746] Skipping (exists): e_07051296_12_22500_4bd_2024
[2126746] Skipping (exists): e_07081296_12_22500_4bd_2024
[2126746] Skipping (exists): e_07111296_12_22500_4bd_2024
[2126746] Skipping (exists): e_07141296_12_22500_4bd_2024
[2126746] Skipping (exists): e_07171296_12_22500_4bd_2024
[2126746] Skipping (exists): e_07201296_12_22500_4bd_2024
[2126746] Skipping (exists): e_07261296_12_22500_4bd_2024
[2126746] Skipping (exists): e_06811298_12_22500_4bd_2024
[2126746] Skipping (exists): e_06841298_12_22500_4bd_2024
[2126746] Skipping (exists): e_06871298_12_22500_4bd_2024
[2126746] Skipping (exists): e_06901298_12_22500_4bd_2024
[2126746] Skipping (exists): e_06931298_12_22500_4bd_2024
[2126746] Skipping (exists): e_06961298_12_22500_4bd_2024
[2126746] Skipping (exists): e_06991298_12_22500_4bd_2024
[2126746] Skipping (exists): e_07021298_12_22500_4bd_2024
[2126746] Skipping (exists): e_07051298_12_22500_4bd_2024
[2126746] Skipping (exists): e_07081298_12_22500_4bd_2024
[2126746] Skipping (exists): e_07111298_12_22500_4bd_2024
[2126746] Skipping (exists): e_07141298_12_22500_4bd_2024
[2126746] Skipping (exists): e_07171298_12_22500_4bd_2024
[2126746] Skipping (exists): e_07201298_12_22500_4bd_2024
[2126746] Skipping (exists): e_07231298_12_22500_4bd_2024
[2126746] Skipping (exists): e_07261298_12_22500_4bd_2024
[2126746] Skipping (exists): e_06841300_12_22500_4bd_2024
[2126746] Skipping (exists): e_06871300_12_22500_4bd_2024
[2126746] Skipping (exists): e_06901300_12_22500_4bd_2024
[2126746] Skipping (exists): e_06931300_12_22500_4bd_2024
[2126746] Skipping (exists): e_06961300_12_22500_4bd_2024
[2126746] Skipping (exists): e_06991300_12_22500_4bd_2024
[2126746] Skipping (exists): e_07021300_12_22500_4bd_2024
[2126746] Skipping (exists): e_07051300_12_22500_4bd_2024
[2126746] Skipping (exists): e_07081300_12_22500_4bd_2024
[2126746] Skipping (exists): e_07111300_12_22500_4bd_2024
[2126746] Skipping (exists): e_07141300_12_22500_4bd_2024
[2126746] Skipping (exists): e_07171300_12_22500_4bd_2024
[2126746] Skipping (exists): e_07201300_12_22500_4bd_2024
[2126746] Skipping (exists): e_07231300_12_22500_4bd_2024
[2126746] Skipping (exists): e_07261300_12_22500_4bd_2024
[2126746] Skipping (exists): e_07291300_12_22500_4bd_2024
[2126746] Skipping (exists): e_06841302_12_22500_4bd_2024
[2126746] Skipping (exists): e_06871302_12_22500_4bd_2024
[2126746] Skipping (exists): e_06901302_12_22500_4bd_2024
[2126746] Skipping (exists): e_06931302_12_22500_4bd_2024
[2126746] Skipping (exists): e_06961302_12_22500_4bd_2024
[2126746] Skipping (exists): e_06991302_12_22500_4bd_2024
[2126746] Skipping (exists): e_07021302_12_22500_4bd_2024
[2126746] Skipping (exists): e_07051302_12_22500_4bd_2024
[2126746] Skipping (exists): e_07081302_12_22500_4bd_2024
[2126746] Skipping (exists): e_07111302_12_22500_4bd_2024
[2126746] Skipping (exists): e_07141302_12_22500_4bd_2024
[2126746] Skipping (exists): e_07171302_12_22500_4bd_2024
[2126746] Skipping (exists): e_07201302_12_22500_4bd_2024
[2126746] Skipping (exists): e_07231302_12_22500_4bd_2024
[2126746] Skipping (exists): e_07261302_12_22500_4bd_2024
[2126746] Skipping (exists): e_07291302_12_22500_4bd_2024
[2126746] Skipping (exists): e_06841304_12_22500_4bd_2024
[2126746] Skipping (exists): e_06871304_12_22500_4bd_2024
[2126746] Skipping (exists): e_06901304_12_22500_4bd_2024
[2126746] Skipping (exists): e_06931304_12_22500_4bd_2024
[2126746] Skipping (exists): e_06961304_12_22500_4bd_2024
[2126746] Skipping (exists): e_06991304_12_22500_4bd_2024
[2126746] Skipping (exists): e_07021304_12_22500_4bd_2024
[2126746] Skipping (exists): e_07051304_12_22500_4bd_2024
[2126746] Skipping (exists): e_07081304_12_22500_4bd_2024
[2126746] Skipping (exists): e_07111304_12_22500_4bd_2024
[2126746] Skipping (exists): e_07141304_12_22500_4bd_2024
[2126746] Skipping (exists): e_07171304_12_22500_4bd_2024
[2126746] Skipping (exists): e_07201304_12_22500_4bd_2024
[2126746] Skipping (exists): e_07231304_12_22500_4bd_2024
[2126746] Skipping (exists): e_07261304_12_22500_4bd_2024
[2126746] Skipping (exists): e_06841306_12_22500_4bd_2024
[2126746] Skipping (exists): e_06871306_12_22500_4bd_2024
[2126746] Skipping (exists): e_06901306_12_22500_4bd_2024
[2126746] Skipping (exists): e_06931306_12_22500_4bd_2024
[2126746] Skipping (exists): e_06961306_12_22500_4bd_2024
[2126746] Skipping (exists): e_06991306_12_22500_4bd_2024
[2126746] Skipping (exists): e_07021306_12_22500_4bd_2024
[2126746] Skipping (exists): e_07051306_12_22500_4bd_2024
[2126746] Skipping (exists): e_07081306_12_22500_4bd_2024
[2126746] Skipping (exists): e_07111306_12_22500_4bd_2024
[2126746] Skipping (exists): e_07141306_12_22500_4bd_2024
[2126746] Skipping (exists): e_07171306_12_22500_4bd_2024
[2126746] Skipping (exists): e_07201306_12_22500_4bd_2024
[2126746] Skipping (exists): e_07231306_12_22500_4bd_2024
[2126746] Skipping (exists): e_07261306_12_22500_4bd_2024
[2126746] Skipping (exists): e_06961308_12_22500_4bd_2024
[2126746] Skipping (exists): e_06991308_12_22500_4bd_2024
[2126746] Skipping (exists): e_07021308_12_22500_4bd_2024
[2126746] Skipping (exists): e_07051308_12_22500_4bd_2024
[2126746] Skipping (exists): e_07081308_12_22500_4bd_2024
[2126746] Skipping (exists): e_07111308_12_22500_4bd_2024
[2126746] Skipping (exists): e_07141308_12_22500_4bd_2024
[2126746] Skipping (exists): e_07171308_12_22500_4bd_2024
[2126746] Skipping (exists): e_07201308_12_22500_4bd_2024
[2126746] Skipping (exists): e_07231308_12_22500_4bd_2024
[2126746] Skipping (exists): e_07021310_12_22500_4bd_2024
[2126746] Skipping (exists): e_07051310_12_22500_4bd_2024
[2126746] Skipping (exists): e_07081310_12_22500_4bd_2024
[2126746] Skipping (exists): e_07111310_12_22500_4bd_2024
[2126746] Skipping (exists): e_07171310_12_22500_4bd_2024
[2126746] Skipping (exists): e_07201310_12_22500_4bd_2024
[2126746] Skipping (exists): e_07231310_12_22500_4bd_2024
[2126746] Skipping (exists): e_07081312_12_22500_4bd_2024
[2126746] Skipping (exists): e_07111312_12_22500_4bd_2024
[2126746] Skipping (exists): e_07141312_12_22500_4bd_2024
[2126746] Skipping (exists): e_07171312_12_22500_4bd_2024
[2126746] Skipping (exists): e_07201312_12_22500_4bd_2024
[2126746] Skipping (exists): e_07231312_12_22500_4bd_2024
[2126746] Skipping (exists): e_07111314_12_22500_4bd_2024
[2126746] Skipping (exists): e_07141314_12_22500_4bd_2024
[2126746] Skipping (exists): e_07171314_12_22500_4bd_2024
[2126746] Skipping (exists): e_07201314_12_22500_4bd_2024
[2126746] Skipping (exists): e_07111316_12_22500_4bd_2024
[2126746] Skipping (exists): e_07141316_12_22500_4bd_2024
[2126746] Skipping (exists): e_07171316_12_22500_4bd_2024
[2126746] Skipping (exists): e_06631230_06_12600_4bd_2025
[2126746] Skipping (exists): e_06661230_06_12600_4bd_2025
[2126746] Skipping (exists): e_06631232_06_12600_4bd_2025
[2126746] Skipping (exists): e_06661232_06_12600_4bd_2025
[2126746] Skipping (exists): e_06631234_06_12600_4bd_2025
[2126746] Skipping (exists): e_06661234_06_12600_4bd_2025
[2126746] Skipping (exists): e_06631236_06_12600_4bd_2025
[2126746] Skipping (exists): e_06661236_06_12600_4bd_2025
[2126746] Skipping (exists): e_06631238_06_12600_4bd_2025
[2126746] Skipping (exists): e_06661238_06_12600_4bd_2025
[2126746] Skipping (exists): e_06691238_06_12600_4bd_2025
[2126746] Skipping (exists): e_06631240_06_12600_4bd_2025
[2126746] Skipping (exists): e_06661240_06_12600_4bd_2025
[2126746] Skipping (exists): e_06691240_06_12600_4bd_2025
[2126746] Skipping (exists): e_06631242_06_12600_4bd_2025
[2126746] Skipping (exists): e_06661242_06_12600_4bd_2025
[2126746] Skipping (exists): e_06691242_06_12600_4bd_2025
[2126746] Skipping (exists): e_06721242_06_12600_4bd_2025
[2126746] Skipping (exists): e_06631244_06_12600_4bd_2025
[2126746] Skipping (exists): e_06661244_06_12600_4bd_2025
[2126746] Skipping (exists): e_06691244_06_12600_4bd_2025
[2126746] Skipping (exists): e_06721244_06_12600_4bd_2025
[2126746] Skipping (exists): e_06751244_06_12600_4bd_2025
[2126746] Skipping (exists): e_06631246_06_12600_4bd_2025
[2126746] Skipping (exists): e_06661246_06_12600_4bd_2025
[2126746] Skipping (exists): e_06691246_06_12600_4bd_2025
[2126746] Skipping (exists): e_06721246_06_12600_4bd_2025
[2126746] Skipping (exists): e_06751246_06_12600_4bd_2025
[2126746] Skipping (exists): e_06781246_06_12600_4bd_2025
[2126746] Skipping (exists): e_06811246_06_12600_4bd_2025
[2126746] Skipping (exists): e_06631248_06_12600_4bd_2025
[2126746] Skipping (exists): e_06661248_06_12600_4bd_2025
[2126746] Skipping (exists): e_06691248_06_12600_4bd_2025
[2126746] Skipping (exists): e_06721248_06_12600_4bd_2025
[2126746] Skipping (exists): e_06751248_06_12600_4bd_2025
[2126746] Skipping (exists): e_06781248_06_12600_4bd_2025
[2126746] Skipping (exists): e_06811248_06_12600_4bd_2025
[2126746] Skipping (exists): e_06631250_06_12600_4bd_2025
[2126746] Skipping (exists): e_06661250_06_12600_4bd_2025
[2126746] Skipping (exists): e_06691250_06_12600_4bd_2025
[2126746] Skipping (exists): e_06721250_06_12600_4bd_2025
[2126746] Skipping (exists): e_06751250_06_12600_4bd_2025
[2126746] Skipping (exists): e_06781250_06_12600_4bd_2025
[2126746] Skipping (exists): e_06811250_06_12600_4bd_2025
[2126746] Skipping (exists): e_06631252_06_12600_4bd_2025
[2126746] Skipping (exists): e_06661252_06_12600_4bd_2025
[2126746] Skipping (exists): e_06691252_06_12600_4bd_2025
[2126746] Skipping (exists): e_06721252_06_12600_4bd_2025
[2126746] Skipping (exists): e_06751252_06_12600_4bd_2025
[2126746] Skipping (exists): e_06781252_06_12600_4bd_2025
[2126746] Skipping (exists): e_06811252_06_12600_4bd_2025
[2126746] Skipping (exists): e_06841252_06_12600_4bd_2025
[2126746] Skipping (exists): e_06631254_06_12600_4bd_2025
[2126746] Skipping (exists): e_06661254_06_12600_4bd_2025
[2126746] Skipping (exists): e_06691254_06_12600_4bd_2025
[2126746] Skipping (exists): e_06721254_06_12600_4bd_2025
[2126746] Skipping (exists): e_06751254_06_12600_4bd_2025
[2126746] Skipping (exists): e_06781254_06_12600_4bd_2025
[2126746] Skipping (exists): e_06811254_06_12600_4bd_2025
[2126746] Skipping (exists): e_06841254_06_12600_4bd_2025
[2126746] Skipping (exists): e_06631256_06_12600_4bd_2025
[2126746] Skipping (exists): e_06661256_06_12600_4bd_2025
[2126746] Skipping (exists): e_06691256_06_12600_4bd_2025
[2126746] Skipping (exists): e_06721256_06_12600_4bd_2025
[2126746] Skipping (exists): e_06751256_06_12600_4bd_2025
[2126746] Skipping (exists): e_06781256_06_12600_4bd_2025
[2126746] Skipping (exists): e_06811256_06_12600_4bd_2025
[2126746] Skipping (exists): e_06841256_06_12600_4bd_2025
[2126746] Skipping (exists): e_06631258_06_12600_4bd_2025
[2126746] Skipping (exists): e_06661258_06_12600_4bd_2025
[2126746] Skipping (exists): e_06691258_06_12600_4bd_2025
[2126746] Skipping (exists): e_06721258_06_12600_4bd_2025
[2126746] Skipping (exists): e_06751258_06_12600_4bd_2025
[2126746] Skipping (exists): e_06781258_06_12600_4bd_2025
[2126746] Skipping (exists): e_06811258_06_12600_4bd_2025
[2126746] Skipping (exists): e_06841258_06_12600_4bd_2025
[2126746] Skipping (exists): e_06631260_06_12600_4bd_2025
[2126746] Skipping (exists): e_06661260_06_12600_4bd_2025
[2126746] Skipping (exists): e_06691260_06_12600_4bd_2025
[2126746] Skipping (exists): e_06721260_06_12600_4bd_2025
[2126746] Skipping (exists): e_06751260_06_12600_4bd_2025
[2126746] Skipping (exists): e_06781260_06_12600_4bd_2025
[2126746] Skipping (exists): e_06811260_06_12600_4bd_2025
[2126746] Skipping (exists): e_06841260_06_12600_4bd_2025
[2126746] Skipping (exists): e_06661262_06_12600_4bd_2025
[2126746] Skipping (exists): e_06691262_06_12600_4bd_2025
[2126746] Skipping (exists): e_06721262_06_12600_4bd_2025
[2126746] Skipping (exists): e_06751262_06_12600_4bd_2025
[2126746] Skipping (exists): e_06781262_06_12600_4bd_2025
[2126746] Skipping (exists): e_06811262_06_12600_4bd_2025
[2126746] Skipping (exists): e_06841262_06_12600_4bd_2025
[2126746] Skipping (exists): e_06631264_06_12600_4bd_2025
[2126746] Skipping (exists): e_06661264_06_12600_4bd_2025
[2126746] Skipping (exists): e_06691264_06_12600_4bd_2025
[2126746] Skipping (exists): e_06721264_06_12600_4bd_2025
[2126746] Skipping (exists): e_06751264_06_12600_4bd_2025
[2126746] Skipping (exists): e_06781264_06_12600_4bd_2025
[2126746] Skipping (exists): e_06811264_06_12600_4bd_2025
[2126746] Skipping (exists): e_06841264_06_12600_4bd_2025
[2126746] Skipping (exists): e_06661266_06_12600_4bd_2025
[2126746] Skipping (exists): e_06691266_06_12600_4bd_2025
[2126746] Skipping (exists): e_06721266_06_12600_4bd_2025
[2126746] Skipping (exists): e_06751266_06_12600_4bd_2025
[2126746] Skipping (exists): e_06781266_06_12600_4bd_2025
[2126746] Skipping (exists): e_06811266_06_12600_4bd_2025
[2126746] Skipping (exists): e_06841266_06_12600_4bd_2025
[2126746] Skipping (exists): e_06661268_06_12600_4bd_2025
[2126746] Skipping (exists): e_06691268_06_12600_4bd_2025
[2126746] Skipping (exists): e_06721268_06_12600_4bd_2025
[2126746] Skipping (exists): e_06751268_06_12600_4bd_2025
[2126746] Skipping (exists): e_06781268_06_12600_4bd_2025
[2126746] Skipping (exists): e_06811268_06_12600_4bd_2025
[2126746] Skipping (exists): e_06841268_06_12600_4bd_2025
[2126746] Skipping (exists): e_06661270_06_12600_4bd_2025
[2126746] Skipping (exists): e_06691270_06_12600_4bd_2025
[2126746] Skipping (exists): e_06721270_06_12600_4bd_2025
[2126746] Skipping (exists): e_06751270_06_12600_4bd_2025
[2126746] Skipping (exists): e_06781270_06_12600_4bd_2025
[2126746] Skipping (exists): e_06811270_06_12600_4bd_2025
[2126746] Skipping (exists): e_06841270_06_12600_4bd_2025
[2126746] Skipping (exists): e_06661272_06_12600_4bd_2025
[2126746] Skipping (exists): e_06691272_06_12600_4bd_2025
[2126746] Skipping (exists): e_06721272_06_12600_4bd_2025
[2126746] Skipping (exists): e_06751272_06_12600_4bd_2025
[2126746] Skipping (exists): e_06781272_06_12600_4bd_2025
[2126746] Skipping (exists): e_06811272_06_12600_4bd_2025
[2126746] Skipping (exists): e_06841272_06_12600_4bd_2025
[2126746] Skipping (exists): e_06691274_06_12600_4bd_2025
[2126746] Skipping (exists): e_06721274_06_12600_4bd_2025
[2126746] Skipping (exists): e_06751274_06_12600_4bd_2025
[2126746] Skipping (exists): e_06781274_06_12600_4bd_2025
[2126746] Skipping (exists): e_06811274_06_12600_4bd_2025
[2126746] Skipping (exists): e_06841274_06_12600_4bd_2025
[2126746] Skipping (exists): e_06691276_06_12600_4bd_2025
[2126746] Skipping (exists): e_06721276_06_12600_4bd_2025
[2126746] Skipping (exists): e_06751276_06_12600_4bd_2025
[2126746] Skipping (exists): e_06781276_06_12600_4bd_2025
[2126746] Skipping (exists): e_06811276_06_12600_4bd_2025
[2126746] Skipping (exists): e_06841276_06_12600_4bd_2025
[2126746] Skipping (exists): e_06751278_06_12600_4bd_2025
[2126746] Skipping (exists): e_06781278_06_12600_4bd_2025
[2126746] Skipping (exists): e_06811278_06_12600_4bd_2025
[2126746] Skipping (exists): e_06751280_06_12600_4bd_2025
[2126746] Skipping (exists): e_06781280_06_12600_4bd_2025
[2126746] Skipping (exists): e_06811280_06_12600_4bd_2025
[2126746] Skipping (exists): e_06751282_06_12600_4bd_2025
[2126746] Skipping (exists): e_06781282_06_12600_4bd_2025
[2126746] Skipping (exists): e_06811282_06_12600_4bd_2025
[2126746] Skipping (exists): e_06781284_06_12600_4bd_2025
[2126746] Skipping (exists): e_06811284_06_12600_4bd_2025
[2126746] Skipping (exists): e_06751286_06_12600_4bd_2025
[2126746] Skipping (exists): e_06781286_06_12600_4bd_2025
[2126746] Skipping (exists): e_06811286_06_12600_4bd_2025
[2126746] Skipping (exists): e_06751288_06_12600_4bd_2025
[2126746] Skipping (exists): e_06781288_06_12600_4bd_2025
[2126746] Skipping (exists): e_06811288_06_12600_4bd_2025
[2126746] Skipping (exists): e_06751290_06_12600_4bd_2025
[2126746] Skipping (exists): e_06781290_06_12600_4bd_2025
[2126746] Skipping (exists): e_06811290_06_12600_4bd_2025
[2126746] Skipping (exists): e_06781292_06_12600_4bd_2025
[2126746] Skipping (exists): e_06811292_06_12600_4bd_2025
[2126746] Skipping (exists): e_06811298_06_12600_4bd_2025
[2126746] Skipping (exists): e_06841298_06_12600_4bd_2025
[2126746] Skipping (exists): e_06811300_06_12600_4bd_2025
[2126746] Skipping (exists): e_06841300_06_12600_4bd_2025
[2126746] Skipping (exists): e_06811302_06_12600_4bd_2025
[2126746] Skipping (exists): e_06841302_06_12600_4bd_2025
[2126746] Skipping (exists): e_06811304_06_12600_4bd_2025
[2126746] Skipping (exists): e_06841304_06_12600_4bd_2025
[2126746] Skipping (exists): e_06811306_06_12600_4bd_2025

=== Done. 847/847 tiles processed. Imagery written to: Data/Ortho/Tiles ===
          used (Mb) gc trigger  (Mb) max used  (Mb)
Ncells 1604160 85.7    2845895 152.0  2845895 152.0
Vcells 2302915 17.6   12126903  92.6 11417161  87.2
