srun: Job 785069 step creation temporarily disabled, retrying (Requested nodes are busy)
srun: Job 785069 step creation still disabled, retrying (Requested nodes are busy)
srun: Job 785069 step creation still disabled, retrying (Requested nodes are busy)
srun: Job 785069 step creation still disabled, retrying (Requested nodes are busy)
srun: Job 785069 step creation still disabled, retrying (Requested nodes are busy)
srun: Job 785069 step creation still disabled, retrying (Requested nodes are busy)
srun: Job 785069 step creation still disabled, retrying (Requested nodes are busy)
srun: Job 785069 step creation still disabled, retrying (Requested nodes are busy)
srun: Job 785069 step creation still disabled, retrying (Requested nodes are busy)
srun: Step created for job 785069
Using libcurl 7.76.1 with OpenSSL/3.2.2
Linking to GEOS 3.13.1, GDAL 3.5.1, PROJ 8.2.0; sf_use_s2() is TRUE
WARNING: different compile-time and runtime versions for GEOS found:
Linked against: 3.13.1-CAPI-1.19.2 compiled against: 3.11.0-CAPI-1.17.0
It is probably a good idea to reinstall sf (and maybe lwgeom too)

Attaching package: ‘dplyr’

The following objects are masked from ‘package:stats’:

    filter, lag

The following objects are masked from ‘package:base’:

    intersect, setdiff, setequal, union

terra 1.9.27
WARNING: different compile-time and run-time versions of GEOS
Compiled with:3.11.0-CAPI-1.17.0
 Running with:3.13.1-CAPI-1.19.2

You should reinstall package 'terra'

=== NYS Orthoimagery Download Pipeline ===
  GPKG:     Data/NY_HUCS/NY_Cluster_Zones_250_CROP_NAomit_6347.gpkg
  Cluster:  116
  Year:     2024
  Bands:    4bd
  Output:   Data/Ortho/Tiles
  Workers:  1
  HUC12s in cluster: 7

Querying ortho tile indexes...
  Index years available for '4bd': 2008, 2009, 2010, 2011, 2012, 2013, 2014, 2015, 2016, 2017, 2018, 2020, 2021, 2022, 2023, 2024, 2025
  Querying year 2024 ...
  Matching index layers: ind24l_half_ft_4bd_nyc, ind24w_half_ft_4bd, ind24w_one_ft_4bd, ind24e_one_ft_4bd, ind24e_half_ft_4bd
  NOTE: source tiles span multiple native resolutions (half_ft, one_ft); all will be resampled to 1 m.
  Querying year 2025 ...
  Matching index layers: ind25e_one_ft_4bd, ind25e_half_ft_4bd, ind25c_half_ft_4bd, ind25c_one_ft_4bd
  NOTE: source tiles span multiple native resolutions (one_ft, half_ft); all will be resampled to 1 m.
    layer 1: 2331 bbox hits
  Year 2025: 1352 tiles selected
  Years selected: 2025
Unique full-size tiles to process: 1352
[2327605] Skipping (exists): e_06391008_06_12600_4bd_2025
[2327605] Skipping (exists): e_06421008_06_12600_4bd_2025
[2327605] Skipping (exists): e_06361010_06_12600_4bd_2025
[2327605] Skipping (exists): e_06391010_06_12600_4bd_2025
[2327605] Skipping (exists): e_06421010_06_12600_4bd_2025
[2327605] Skipping (exists): e_06451010_06_12600_4bd_2025
[2327605] Skipping (exists): e_05941012_06_12600_4bd_2025
[2327605] Skipping (exists): e_06361012_06_12600_4bd_2025
[2327605] Skipping (exists): e_06391012_06_12600_4bd_2025
[2327605] Skipping (exists): e_06421012_06_12600_4bd_2025
[2327605] Skipping (exists): e_06451012_06_12600_4bd_2025
[2327605] Skipping (exists): e_06481012_06_12600_4bd_2025
[2327605] Skipping (exists): e_05941014_06_12600_4bd_2025
[2327605] Skipping (exists): e_05971014_06_12600_4bd_2025
[2327605] Skipping (exists): e_06361014_06_12600_4bd_2025
[2327605] Skipping (exists): e_06391014_06_12600_4bd_2025
[2327605] Skipping (exists): e_06421014_06_12600_4bd_2025
[2327605] Skipping (exists): e_06451014_06_12600_4bd_2025
[2327605] Skipping (exists): e_06481014_06_12600_4bd_2025
[2327605] Skipping (exists): e_05911016_06_12600_4bd_2025
[2327605] Skipping (exists): e_05941016_06_12600_4bd_2025
[2327605] Skipping (exists): e_05971016_06_12600_4bd_2025
[2327605] Skipping (exists): e_06361016_06_12600_4bd_2025
[2327605] Skipping (exists): e_06391016_06_12600_4bd_2025
[2327605] Skipping (exists): e_06421016_06_12600_4bd_2025
[2327605] Skipping (exists): e_06451016_06_12600_4bd_2025
[2327605] Skipping (exists): e_06481016_06_12600_4bd_2025
[2327605] Skipping (exists): e_06511016_06_12600_4bd_2025
[2327605] Skipping (exists): e_05911018_06_12600_4bd_2025
[2327605] Skipping (exists): e_05941018_06_12600_4bd_2025
[2327605] Skipping (exists): e_05971018_06_12600_4bd_2025
[2327605] Skipping (exists): e_06001018_06_12600_4bd_2025
[2327605] Skipping (exists): e_06331018_06_12600_4bd_2025
[2327605] Skipping (exists): e_06361018_06_12600_4bd_2025
[2327605] Skipping (exists): e_06391018_06_12600_4bd_2025
[2327605] Skipping (exists): e_06421018_06_12600_4bd_2025
[2327605] Skipping (exists): e_06451018_06_12600_4bd_2025
[2327605] Skipping (exists): e_06481018_06_12600_4bd_2025
[2327605] Skipping (exists): e_06511018_06_12600_4bd_2025
[2327605] Skipping (exists): e_05911020_06_12600_4bd_2025
[2327605] Skipping (exists): e_05941020_06_12600_4bd_2025
[2327605] Skipping (exists): e_05971020_06_12600_4bd_2025
[2327605] Skipping (exists): e_06001020_06_12600_4bd_2025
[2327605] Skipping (exists): e_06331020_06_12600_4bd_2025
[2327605] Skipping (exists): e_06361020_06_12600_4bd_2025
[2327605] Skipping (exists): e_06391020_06_12600_4bd_2025
[2327605] Skipping (exists): e_06421020_06_12600_4bd_2025
[2327605] Skipping (exists): e_06451020_06_12600_4bd_2025
[2327605] Skipping (exists): e_06481020_06_12600_4bd_2025
[2327605] Skipping (exists): e_06511020_06_12600_4bd_2025
[2327605] Skipping (exists): e_06541020_06_12600_4bd_2025
[2327605] Skipping (exists): e_05911022_06_12600_4bd_2025
[2327605] Skipping (exists): e_05941022_06_12600_4bd_2025
[2327605] Skipping (exists): e_05971022_06_12600_4bd_2025
[2327605] Skipping (exists): e_06001022_06_12600_4bd_2025
[2327605] Skipping (exists): e_06331022_06_12600_4bd_2025
[2327605] Skipping (exists): e_06361022_06_12600_4bd_2025
[2327605] Skipping (exists): e_06391022_06_12600_4bd_2025
[2327605] Skipping (exists): e_06421022_06_12600_4bd_2025
[2327605] Skipping (exists): e_06451022_06_12600_4bd_2025
[2327605] Skipping (exists): e_06481022_06_12600_4bd_2025
[2327605] Skipping (exists): e_06511022_06_12600_4bd_2025
[2327605] Skipping (exists): e_06541022_06_12600_4bd_2025
[2327605] Skipping (exists): e_05911024_06_12600_4bd_2025
[2327605] Skipping (exists): e_05941024_06_12600_4bd_2025
[2327605] Skipping (exists): e_05971024_06_12600_4bd_2025
[2327605] Skipping (exists): e_06001024_06_12600_4bd_2025
[2327605] Skipping (exists): e_06031024_06_12600_4bd_2025
[2327605] Skipping (exists): e_06061024_06_12600_4bd_2025
[2327605] Skipping (exists): e_06091024_06_12600_4bd_2025
[2327605] Skipping (exists): e_06301024_06_12600_4bd_2025
[2327605] Skipping (exists): e_06331024_06_12600_4bd_2025
[2327605] Skipping (exists): e_06361024_06_12600_4bd_2025
[2327605] Skipping (exists): e_06391024_06_12600_4bd_2025
[2327605] Skipping (exists): e_06421024_06_12600_4bd_2025
[2327605] Skipping (exists): e_06451024_06_12600_4bd_2025
[2327605] Skipping (exists): e_06481024_06_12600_4bd_2025
[2327605] Skipping (exists): e_06511024_06_12600_4bd_2025
[2327605] Skipping (exists): e_06541024_06_12600_4bd_2025
[2327605] Skipping (exists): e_06571024_06_12600_4bd_2025
[2327605] Skipping (exists): e_05911026_06_12600_4bd_2025
[2327605] Skipping (exists): e_05941026_06_12600_4bd_2025
[2327605] Skipping (exists): e_05971026_06_12600_4bd_2025
[2327605] Skipping (exists): e_06001026_06_12600_4bd_2025
[2327605] Skipping (exists): e_06031026_06_12600_4bd_2025
[2327605] Skipping (exists): e_06061026_06_12600_4bd_2025
[2327605] Skipping (exists): e_06091026_06_12600_4bd_2025
[2327605] Skipping (exists): e_06121026_06_12600_4bd_2025
[2327605] Skipping (exists): e_06331026_06_12600_4bd_2025
[2327605] Skipping (exists): e_06361026_06_12600_4bd_2025
[2327605] Skipping (exists): e_06391026_06_12600_4bd_2025
[2327605] Skipping (exists): e_06421026_06_12600_4bd_2025
[2327605] Skipping (exists): e_06451026_06_12600_4bd_2025
[2327605] Skipping (exists): e_06481026_06_12600_4bd_2025
[2327605] Skipping (exists): e_06511026_06_12600_4bd_2025
[2327605] Skipping (exists): e_06541026_06_12600_4bd_2025
[2327605] Skipping (exists): e_06571026_06_12600_4bd_2025
[2327605] Skipping (exists): e_05911028_06_12600_4bd_2025
[2327605] Skipping (exists): e_05941028_06_12600_4bd_2025
[2327605] Skipping (exists): e_05971028_06_12600_4bd_2025
[2327605] Skipping (exists): e_06001028_06_12600_4bd_2025
[2327605] Skipping (exists): e_06031028_06_12600_4bd_2025
[2327605] Skipping (exists): e_06061028_06_12600_4bd_2025
[2327605] Skipping (exists): e_06091028_06_12600_4bd_2025
[2327605] Skipping (exists): e_06121028_06_12600_4bd_2025
[2327605] Skipping (exists): e_06301028_06_12600_4bd_2025
[2327605] Skipping (exists): e_06331028_06_12600_4bd_2025
[2327605] Skipping (exists): e_06361028_06_12600_4bd_2025
[2327605] Skipping (exists): e_06391028_06_12600_4bd_2025
[2327605] Skipping (exists): e_06421028_06_12600_4bd_2025
[2327605] Skipping (exists): e_06451028_06_12600_4bd_2025
[2327605] Skipping (exists): e_06481028_06_12600_4bd_2025
[2327605] Skipping (exists): e_06511028_06_12600_4bd_2025
[2327605] Skipping (exists): e_06541028_06_12600_4bd_2025
[2327605] Skipping (exists): e_06571028_06_12600_4bd_2025
[2327605] Skipping (exists): e_05911030_06_12600_4bd_2025
[2327605] Skipping (exists): e_05941030_06_12600_4bd_2025
[2327605] Skipping (exists): e_05971030_06_12600_4bd_2025
[2327605] Skipping (exists): e_06001030_06_12600_4bd_2025
[2327605] Skipping (exists): e_06031030_06_12600_4bd_2025
[2327605] Skipping (exists): e_06061030_06_12600_4bd_2025
[2327605] Skipping (exists): e_06091030_06_12600_4bd_2025
[2327605] Skipping (exists): e_06121030_06_12600_4bd_2025
[2327605] Skipping (exists): e_06151030_06_12600_4bd_2025
[2327605] Skipping (exists): e_06181030_06_12600_4bd_2025
[2327605] Skipping (exists): e_06301030_06_12600_4bd_2025
[2327605] Skipping (exists): e_06331030_06_12600_4bd_2025
[2327605] Skipping (exists): e_06361030_06_12600_4bd_2025
[2327605] Skipping (exists): e_06391030_06_12600_4bd_2025
[2327605] Skipping (exists): e_06421030_06_12600_4bd_2025
[2327605] Skipping (exists): e_06451030_06_12600_4bd_2025
[2327605] Skipping (exists): e_06481030_06_12600_4bd_2025
[2327605] Skipping (exists): e_06511030_06_12600_4bd_2025
[2327605] Skipping (exists): e_06541030_06_12600_4bd_2025
[2327605] Skipping (exists): e_06571030_06_12600_4bd_2025
[2327605] Skipping (exists): e_06601030_06_12600_4bd_2025
[2327605] Skipping (exists): e_05911032_06_12600_4bd_2025
[2327605] Skipping (exists): e_05941032_06_12600_4bd_2025
[2327605] Skipping (exists): e_05971032_06_12600_4bd_2025
[2327605] Skipping (exists): e_06001032_06_12600_4bd_2025
[2327605] Skipping (exists): e_06031032_06_12600_4bd_2025
[2327605] Skipping (exists): e_06061032_06_12600_4bd_2025
[2327605] Skipping (exists): e_06091032_06_12600_4bd_2025
[2327605] Skipping (exists): e_06121032_06_12600_4bd_2025
[2327605] Skipping (exists): e_06151032_06_12600_4bd_2025
[2327605] Skipping (exists): e_06181032_06_12600_4bd_2025
[2327605] Skipping (exists): e_06211032_06_12600_4bd_2025
[2327605] Skipping (exists): e_06241032_06_12600_4bd_2025
[2327605] Skipping (exists): e_06271032_06_12600_4bd_2025
[2327605] Skipping (exists): e_06301032_06_12600_4bd_2025
[2327605] Skipping (exists): e_06331032_06_12600_4bd_2025
[2327605] Skipping (exists): e_06361032_06_12600_4bd_2025
[2327605] Skipping (exists): e_06391032_06_12600_4bd_2025
[2327605] Skipping (exists): e_06421032_06_12600_4bd_2025
[2327605] Skipping (exists): e_06451032_06_12600_4bd_2025
[2327605] Skipping (exists): e_06481032_06_12600_4bd_2025
[2327605] Skipping (exists): e_06511032_06_12600_4bd_2025
[2327605] Skipping (exists): e_06541032_06_12600_4bd_2025
[2327605] Skipping (exists): e_06571032_06_12600_4bd_2025
[2327605] Skipping (exists): e_05911034_06_12600_4bd_2025
[2327605] Skipping (exists): e_05941034_06_12600_4bd_2025
[2327605] Skipping (exists): e_05971034_06_12600_4bd_2025
[2327605] Skipping (exists): e_06001034_06_12600_4bd_2025
[2327605] Skipping (exists): e_06031034_06_12600_4bd_2025
[2327605] Skipping (exists): e_06061034_06_12600_4bd_2025
[2327605] Skipping (exists): e_06091034_06_12600_4bd_2025
[2327605] Skipping (exists): e_06121034_06_12600_4bd_2025
[2327605] Skipping (exists): e_06151034_06_12600_4bd_2025
[2327605] Skipping (exists): e_06181034_06_12600_4bd_2025
[2327605] Skipping (exists): e_06211034_06_12600_4bd_2025
[2327605] Skipping (exists): e_06241034_06_12600_4bd_2025
[2327605] Skipping (exists): e_06271034_06_12600_4bd_2025
[2327605] Skipping (exists): e_06301034_06_12600_4bd_2025
[2327605] Skipping (exists): e_06331034_06_12600_4bd_2025
[2327605] Skipping (exists): e_06361034_06_12600_4bd_2025
[2327605] Skipping (exists): e_06391034_06_12600_4bd_2025
[2327605] Skipping (exists): e_06421034_06_12600_4bd_2025
[2327605] Skipping (exists): e_06451034_06_12600_4bd_2025
[2327605] Skipping (exists): e_06481034_06_12600_4bd_2025
[2327605] Skipping (exists): e_06511034_06_12600_4bd_2025
[2327605] Skipping (exists): e_06541034_06_12600_4bd_2025
[2327605] Skipping (exists): e_06571034_06_12600_4bd_2025
[2327605] Skipping (exists): e_06601034_06_12600_4bd_2025
[2327605] Skipping (exists): e_06751034_06_12600_4bd_2025
[2327605] Skipping (exists): e_05911036_06_12600_4bd_2025
[2327605] Skipping (exists): e_05941036_06_12600_4bd_2025
[2327605] Skipping (exists): e_05971036_06_12600_4bd_2025
[2327605] Skipping (exists): e_06001036_06_12600_4bd_2025
[2327605] Skipping (exists): e_06031036_06_12600_4bd_2025
[2327605] Skipping (exists): e_06061036_06_12600_4bd_2025
[2327605] Skipping (exists): e_06091036_06_12600_4bd_2025
[2327605] Skipping (exists): e_06121036_06_12600_4bd_2025
[2327605] Skipping (exists): e_06151036_06_12600_4bd_2025
[2327605] Skipping (exists): e_06181036_06_12600_4bd_2025
[2327605] Skipping (exists): e_06211036_06_12600_4bd_2025
[2327605] Skipping (exists): e_06241036_06_12600_4bd_2025
[2327605] Skipping (exists): e_06271036_06_12600_4bd_2025
[2327605] Skipping (exists): e_06301036_06_12600_4bd_2025
[2327605] Skipping (exists): e_06331036_06_12600_4bd_2025
[2327605] Skipping (exists): e_06361036_06_12600_4bd_2025
[2327605] Skipping (exists): e_06391036_06_12600_4bd_2025
[2327605] Skipping (exists): e_06421036_06_12600_4bd_2025
[2327605] Skipping (exists): e_06451036_06_12600_4bd_2025
[2327605] Skipping (exists): e_06481036_06_12600_4bd_2025
[2327605] Skipping (exists): e_06511036_06_12600_4bd_2025
[2327605] Skipping (exists): e_06541036_06_12600_4bd_2025
[2327605] Skipping (exists): e_06571036_06_12600_4bd_2025
[2327605] Skipping (exists): e_06601036_06_12600_4bd_2025
[2327605] Skipping (exists): e_06721036_06_12600_4bd_2025
[2327605] Skipping (exists): e_06751036_06_12600_4bd_2025
[2327605] Skipping (exists): e_06781036_06_12600_4bd_2025
[2327605] Skipping (exists): e_05821038_06_12600_4bd_2025
[2327605] Skipping (exists): e_05851038_06_12600_4bd_2025
[2327605] Skipping (exists): e_05881038_06_12600_4bd_2025
[2327605] Skipping (exists): e_05911038_06_12600_4bd_2025
[2327605] Skipping (exists): e_05941038_06_12600_4bd_2025
[2327605] Skipping (exists): e_05971038_06_12600_4bd_2025
[2327605] Skipping (exists): e_06001038_06_12600_4bd_2025
[2327605] Skipping (exists): e_06031038_06_12600_4bd_2025
[2327605] Skipping (exists): e_06061038_06_12600_4bd_2025
[2327605] Skipping (exists): e_06091038_06_12600_4bd_2025
[2327605] Skipping (exists): e_06121038_06_12600_4bd_2025
[2327605] Skipping (exists): e_06151038_06_12600_4bd_2025
[2327605] Skipping (exists): e_06181038_06_12600_4bd_2025
[2327605] Skipping (exists): e_06211038_06_12600_4bd_2025
[2327605] Skipping (exists): e_06241038_06_12600_4bd_2025
[2327605] Skipping (exists): e_06271038_06_12600_4bd_2025
[2327605] Skipping (exists): e_06301038_06_12600_4bd_2025
[2327605] Skipping (exists): e_06331038_06_12600_4bd_2025
[2327605] Skipping (exists): e_06361038_06_12600_4bd_2025
[2327605] Skipping (exists): e_06391038_06_12600_4bd_2025
[2327605] Skipping (exists): e_06421038_06_12600_4bd_2025
[2327605] Skipping (exists): e_06451038_06_12600_4bd_2025
[2327605] Skipping (exists): e_06481038_06_12600_4bd_2025
[2327605] Skipping (exists): e_06511038_06_12600_4bd_2025
[2327605] Skipping (exists): e_06541038_06_12600_4bd_2025
[2327605] Skipping (exists): e_06571038_06_12600_4bd_2025
[2327605] Skipping (exists): e_06601038_06_12600_4bd_2025
[2327605] Skipping (exists): e_06631038_06_12600_4bd_2025
[2327605] Skipping (exists): e_06661038_06_12600_4bd_2025
[2327605] Skipping (exists): e_06691038_06_12600_4bd_2025
[2327605] Skipping (exists): e_06721038_06_12600_4bd_2025
[2327605] Skipping (exists): e_06751038_06_12600_4bd_2025
[2327605] Skipping (exists): e_06781038_06_12600_4bd_2025
[2327605] Skipping (exists): e_05791040_06_12600_4bd_2025
[2327605] Skipping (exists): e_05821040_06_12600_4bd_2025
[2327605] Skipping (exists): e_05851040_06_12600_4bd_2025
[2327605] Skipping (exists): e_05881040_06_12600_4bd_2025
[2327605] Skipping (exists): e_05911040_06_12600_4bd_2025
[2327605] Skipping (exists): e_05941040_06_12600_4bd_2025
[2327605] Skipping (exists): e_05971040_06_12600_4bd_2025
[2327605] Skipping (exists): e_06001040_06_12600_4bd_2025
[2327605] Skipping (exists): e_06031040_06_12600_4bd_2025
[2327605] Skipping (exists): e_06061040_06_12600_4bd_2025
[2327605] Skipping (exists): e_06091040_06_12600_4bd_2025
[2327605] Skipping (exists): e_06121040_06_12600_4bd_2025
[2327605] Skipping (exists): e_06151040_06_12600_4bd_2025
[2327605] Skipping (exists): e_06181040_06_12600_4bd_2025
[2327605] Skipping (exists): e_06211040_06_12600_4bd_2025
[2327605] Skipping (exists): e_06241040_06_12600_4bd_2025
[2327605] Skipping (exists): e_06271040_06_12600_4bd_2025
[2327605] Skipping (exists): e_06301040_06_12600_4bd_2025
[2327605] Skipping (exists): e_06331040_06_12600_4bd_2025
[2327605] Skipping (exists): e_06361040_06_12600_4bd_2025
[2327605] Skipping (exists): e_06391040_06_12600_4bd_2025
[2327605] Skipping (exists): e_06421040_06_12600_4bd_2025
[2327605] Skipping (exists): e_06451040_06_12600_4bd_2025
[2327605] Skipping (exists): e_06481040_06_12600_4bd_2025
[2327605] Skipping (exists): e_06511040_06_12600_4bd_2025
[2327605] Skipping (exists): e_06541040_06_12600_4bd_2025
[2327605] Skipping (exists): e_06571040_06_12600_4bd_2025
[2327605] Skipping (exists): e_06601040_06_12600_4bd_2025
[2327605] Skipping (exists): e_06631040_06_12600_4bd_2025
[2327605] Skipping (exists): e_06661040_06_12600_4bd_2025
[2327605] Skipping (exists): e_06691040_06_12600_4bd_2025
[2327605] Skipping (exists): e_06721040_06_12600_4bd_2025
[2327605] Skipping (exists): e_06751040_06_12600_4bd_2025
[2327605] Skipping (exists): e_06781040_06_12600_4bd_2025
[2327605] Skipping (exists): e_06811040_06_12600_4bd_2025
[2327605] Skipping (exists): e_05791042_06_12600_4bd_2025
[2327605] Skipping (exists): e_05821042_06_12600_4bd_2025
[2327605] Skipping (exists): e_05851042_06_12600_4bd_2025
[2327605] Skipping (exists): e_05881042_06_12600_4bd_2025
[2327605] Skipping (exists): e_05911042_06_12600_4bd_2025
[2327605] Skipping (exists): e_05941042_06_12600_4bd_2025
[2327605] Skipping (exists): e_05971042_06_12600_4bd_2025
[2327605] Skipping (exists): e_06001042_06_12600_4bd_2025
[2327605] Skipping (exists): e_06031042_06_12600_4bd_2025
[2327605] Skipping (exists): e_06061042_06_12600_4bd_2025
[2327605] Skipping (exists): e_06091042_06_12600_4bd_2025
[2327605] Skipping (exists): e_06121042_06_12600_4bd_2025
[2327605] Skipping (exists): e_06151042_06_12600_4bd_2025
[2327605] Skipping (exists): e_06181042_06_12600_4bd_2025
[2327605] Skipping (exists): e_06211042_06_12600_4bd_2025
[2327605] Skipping (exists): e_06241042_06_12600_4bd_2025
[2327605] Skipping (exists): e_06271042_06_12600_4bd_2025
[2327605] Skipping (exists): e_06301042_06_12600_4bd_2025
[2327605] Skipping (exists): e_06331042_06_12600_4bd_2025
[2327605] Skipping (exists): e_06361042_06_12600_4bd_2025
[2327605] Skipping (exists): e_06391042_06_12600_4bd_2025
[2327605] Skipping (exists): e_06421042_06_12600_4bd_2025
[2327605] Skipping (exists): e_06451042_06_12600_4bd_2025
[2327605] Skipping (exists): e_06481042_06_12600_4bd_2025
[2327605] Skipping (exists): e_06511042_06_12600_4bd_2025
[2327605] Skipping (exists): e_06541042_06_12600_4bd_2025
[2327605] Skipping (exists): e_06571042_06_12600_4bd_2025
[2327605] Skipping (exists): e_06601042_06_12600_4bd_2025
[2327605] Skipping (exists): e_06631042_06_12600_4bd_2025
[2327605] Skipping (exists): e_06661042_06_12600_4bd_2025
[2327605] Skipping (exists): e_06691042_06_12600_4bd_2025
[2327605] Skipping (exists): e_06721042_06_12600_4bd_2025
[2327605] Skipping (exists): e_06751042_06_12600_4bd_2025
[2327605] Skipping (exists): e_06781042_06_12600_4bd_2025
[2327605] Skipping (exists): e_06811042_06_12600_4bd_2025
[2327605] Skipping (exists): e_06841042_06_12600_4bd_2025
[2327605] Skipping (exists): e_05791044_06_12600_4bd_2025
[2327605] Skipping (exists): e_05821044_06_12600_4bd_2025
[2327605] Skipping (exists): e_05851044_06_12600_4bd_2025
[2327605] Skipping (exists): e_05881044_06_12600_4bd_2025
[2327605] Skipping (exists): e_05911044_06_12600_4bd_2025
[2327605] Skipping (exists): e_05941044_06_12600_4bd_2025
[2327605] Skipping (exists): e_05971044_06_12600_4bd_2025
[2327605] Skipping (exists): e_06001044_06_12600_4bd_2025
[2327605] Skipping (exists): e_06031044_06_12600_4bd_2025
[2327605] Skipping (exists): e_06061044_06_12600_4bd_2025
[2327605] Skipping (exists): e_06091044_06_12600_4bd_2025
[2327605] Skipping (exists): e_06121044_06_12600_4bd_2025
[2327605] Skipping (exists): e_06151044_06_12600_4bd_2025
[2327605] Skipping (exists): e_06181044_06_12600_4bd_2025
[2327605] Skipping (exists): e_06211044_06_12600_4bd_2025
[2327605] Skipping (exists): e_06241044_06_12600_4bd_2025
[2327605] Skipping (exists): e_06271044_06_12600_4bd_2025
[2327605] Skipping (exists): e_06301044_06_12600_4bd_2025
[2327605] Skipping (exists): e_06331044_06_12600_4bd_2025
[2327605] Skipping (exists): e_06361044_06_12600_4bd_2025
[2327605] Skipping (exists): e_06391044_06_12600_4bd_2025
[2327605] Skipping (exists): e_06421044_06_12600_4bd_2025
[2327605] Skipping (exists): e_06451044_06_12600_4bd_2025
[2327605] Skipping (exists): e_06481044_06_12600_4bd_2025
[2327605] Skipping (exists): e_06511044_06_12600_4bd_2025
[2327605] Skipping (exists): e_06541044_06_12600_4bd_2025
[2327605] Skipping (exists): e_06571044_06_12600_4bd_2025
[2327605] Skipping (exists): e_06601044_06_12600_4bd_2025
[2327605] Skipping (exists): e_06631044_06_12600_4bd_2025
[2327605] Skipping (exists): e_06661044_06_12600_4bd_2025
[2327605] Skipping (exists): e_06691044_06_12600_4bd_2025
[2327605] Skipping (exists): e_06721044_06_12600_4bd_2025
[2327605] Skipping (exists): e_06751044_06_12600_4bd_2025
[2327605] Skipping (exists): e_06781044_06_12600_4bd_2025
[2327605] Skipping (exists): e_06811044_06_12600_4bd_2025
[2327605] Skipping (exists): e_06841044_06_12600_4bd_2025
[2327605] Skipping (exists): e_05791046_06_12600_4bd_2025
[2327605] Skipping (exists): e_05821046_06_12600_4bd_2025
[2327605] Skipping (exists): e_05851046_06_12600_4bd_2025
[2327605] Skipping (exists): e_05881046_06_12600_4bd_2025
[2327605] Skipping (exists): e_05911046_06_12600_4bd_2025
[2327605] Skipping (exists): e_05941046_06_12600_4bd_2025
[2327605] Skipping (exists): e_05971046_06_12600_4bd_2025
[2327605] Skipping (exists): e_06001046_06_12600_4bd_2025
[2327605] Skipping (exists): e_06031046_06_12600_4bd_2025
[2327605] Skipping (exists): e_06061046_06_12600_4bd_2025
[2327605] Skipping (exists): e_06091046_06_12600_4bd_2025
[2327605] Skipping (exists): e_06121046_06_12600_4bd_2025
[2327605] Skipping (exists): e_06151046_06_12600_4bd_2025
[2327605] Skipping (exists): e_06181046_06_12600_4bd_2025
[2327605] Skipping (exists): e_06211046_06_12600_4bd_2025
[2327605] Skipping (exists): e_06241046_06_12600_4bd_2025
[2327605] Skipping (exists): e_06271046_06_12600_4bd_2025
[2327605] Skipping (exists): e_06301046_06_12600_4bd_2025
[2327605] Skipping (exists): e_06331046_06_12600_4bd_2025
[2327605] Skipping (exists): e_06361046_06_12600_4bd_2025
[2327605] Skipping (exists): e_06391046_06_12600_4bd_2025
[2327605] Skipping (exists): e_06421046_06_12600_4bd_2025
[2327605] Skipping (exists): e_06451046_06_12600_4bd_2025
[2327605] Skipping (exists): e_06481046_06_12600_4bd_2025
[2327605] Skipping (exists): e_06511046_06_12600_4bd_2025
[2327605] Skipping (exists): e_06541046_06_12600_4bd_2025
[2327605] Skipping (exists): e_06571046_06_12600_4bd_2025
[2327605] Skipping (exists): e_06601046_06_12600_4bd_2025
[2327605] Skipping (exists): e_06631046_06_12600_4bd_2025
[2327605] Skipping (exists): e_06661046_06_12600_4bd_2025
[2327605] Skipping (exists): e_06691046_06_12600_4bd_2025
[2327605] Skipping (exists): e_06721046_06_12600_4bd_2025
[2327605] Skipping (exists): e_06751046_06_12600_4bd_2025
[2327605] Skipping (exists): e_06781046_06_12600_4bd_2025
[2327605] Skipping (exists): e_06811046_06_12600_4bd_2025
[2327605] Skipping (exists): e_06841046_06_12600_4bd_2025
[2327605] Skipping (exists): e_05821048_06_12600_4bd_2025
[2327605] Skipping (exists): e_05851048_06_12600_4bd_2025
[2327605] Skipping (exists): e_05881048_06_12600_4bd_2025
[2327605] Skipping (exists): e_05911048_06_12600_4bd_2025
[2327605] Skipping (exists): e_05941048_06_12600_4bd_2025
[2327605] Skipping (exists): e_05971048_06_12600_4bd_2025
[2327605] Skipping (exists): e_06001048_06_12600_4bd_2025
[2327605] Skipping (exists): e_06031048_06_12600_4bd_2025
[2327605] Skipping (exists): e_06061048_06_12600_4bd_2025
[2327605] Skipping (exists): e_06091048_06_12600_4bd_2025
[2327605] Skipping (exists): e_06121048_06_12600_4bd_2025
[2327605] Skipping (exists): e_06151048_06_12600_4bd_2025
[2327605] Skipping (exists): e_06181048_06_12600_4bd_2025
[2327605] Skipping (exists): e_06211048_06_12600_4bd_2025
[2327605] Skipping (exists): e_06241048_06_12600_4bd_2025
[2327605] Skipping (exists): e_06271048_06_12600_4bd_2025
[2327605] Skipping (exists): e_06301048_06_12600_4bd_2025
[2327605] Skipping (exists): e_06331048_06_12600_4bd_2025
[2327605] Skipping (exists): e_06361048_06_12600_4bd_2025
[2327605] Skipping (exists): e_06391048_06_12600_4bd_2025
[2327605] Skipping (exists): e_06421048_06_12600_4bd_2025
[2327605] Skipping (exists): e_06451048_06_12600_4bd_2025
[2327605] Skipping (exists): e_06481048_06_12600_4bd_2025
[2327605] Skipping (exists): e_06511048_06_12600_4bd_2025
[2327605] Skipping (exists): e_06541048_06_12600_4bd_2025
[2327605] Skipping (exists): e_06571048_06_12600_4bd_2025
[2327605] Skipping (exists): e_06601048_06_12600_4bd_2025
[2327605] Skipping (exists): e_06631048_06_12600_4bd_2025
[2327605] Skipping (exists): e_06661048_06_12600_4bd_2025
[2327605] Skipping (exists): e_06691048_06_12600_4bd_2025
[2327605] Skipping (exists): e_06721048_06_12600_4bd_2025
[2327605] Skipping (exists): e_06751048_06_12600_4bd_2025
[2327605] Skipping (exists): e_06781048_06_12600_4bd_2025
[2327605] Skipping (exists): e_06811048_06_12600_4bd_2025
[2327605] Skipping (exists): e_06841048_06_12600_4bd_2025
[2327605] Skipping (exists): e_05821050_06_12600_4bd_2025
[2327605] Skipping (exists): e_05851050_06_12600_4bd_2025
[2327605] Skipping (exists): e_05881050_06_12600_4bd_2025
[2327605] Skipping (exists): e_05911050_06_12600_4bd_2025
[2327605] Skipping (exists): e_05941050_06_12600_4bd_2025
[2327605] Skipping (exists): e_05971050_06_12600_4bd_2025
[2327605] Skipping (exists): e_06001050_06_12600_4bd_2025
[2327605] Skipping (exists): e_06031050_06_12600_4bd_2025
[2327605] Skipping (exists): e_06061050_06_12600_4bd_2025
[2327605] Skipping (exists): e_06091050_06_12600_4bd_2025
[2327605] Skipping (exists): e_06121050_06_12600_4bd_2025
[2327605] Skipping (exists): e_06151050_06_12600_4bd_2025
[2327605] Skipping (exists): e_06181050_06_12600_4bd_2025
[2327605] Skipping (exists): e_06211050_06_12600_4bd_2025
[2327605] Skipping (exists): e_06241050_06_12600_4bd_2025
[2327605] Skipping (exists): e_06271050_06_12600_4bd_2025
[2327605] Skipping (exists): e_06301050_06_12600_4bd_2025
[2327605] Skipping (exists): e_06331050_06_12600_4bd_2025
[2327605] Skipping (exists): e_06361050_06_12600_4bd_2025
[2327605] Skipping (exists): e_06391050_06_12600_4bd_2025
[2327605] Skipping (exists): e_06421050_06_12600_4bd_2025
[2327605] Skipping (exists): e_06451050_06_12600_4bd_2025
[2327605] Skipping (exists): e_06481050_06_12600_4bd_2025
[2327605] Skipping (exists): e_06511050_06_12600_4bd_2025
[2327605] Skipping (exists): e_06541050_06_12600_4bd_2025
[2327605] Skipping (exists): e_06571050_06_12600_4bd_2025
[2327605] Skipping (exists): e_06601050_06_12600_4bd_2025
[2327605] Skipping (exists): e_06631050_06_12600_4bd_2025
[2327605] Skipping (exists): e_06661050_06_12600_4bd_2025
[2327605] Skipping (exists): e_06691050_06_12600_4bd_2025
[2327605] Skipping (exists): e_06721050_06_12600_4bd_2025
[2327605] Skipping (exists): e_06751050_06_12600_4bd_2025
[2327605] Skipping (exists): e_06781050_06_12600_4bd_2025
[2327605] Skipping (exists): e_06811050_06_12600_4bd_2025
[2327605] Skipping (exists): e_06841050_06_12600_4bd_2025
[2327605] Skipping (exists): e_06871050_06_12600_4bd_2025
[2327605] Skipping (exists): e_06901050_06_12600_4bd_2025
[2327605] Skipping (exists): e_05821052_06_12600_4bd_2025
[2327605] Skipping (exists): e_05851052_06_12600_4bd_2025
[2327605] Skipping (exists): e_05881052_06_12600_4bd_2025
[2327605] Skipping (exists): e_05911052_06_12600_4bd_2025
[2327605] Skipping (exists): e_05941052_06_12600_4bd_2025
[2327605] Skipping (exists): e_05971052_06_12600_4bd_2025
[2327605] Skipping (exists): e_06001052_06_12600_4bd_2025
[2327605] Skipping (exists): e_06031052_06_12600_4bd_2025
[2327605] Skipping (exists): e_06061052_06_12600_4bd_2025
[2327605] Skipping (exists): e_06091052_06_12600_4bd_2025
[2327605] Skipping (exists): e_06121052_06_12600_4bd_2025
[2327605] Skipping (exists): e_06151052_06_12600_4bd_2025
[2327605] Skipping (exists): e_06181052_06_12600_4bd_2025
[2327605] Skipping (exists): e_06211052_06_12600_4bd_2025
[2327605] Skipping (exists): e_06241052_06_12600_4bd_2025
[2327605] Skipping (exists): e_06271052_06_12600_4bd_2025
[2327605] Skipping (exists): e_06301052_06_12600_4bd_2025
[2327605] Skipping (exists): e_06331052_06_12600_4bd_2025
[2327605] Skipping (exists): e_06361052_06_12600_4bd_2025
[2327605] Skipping (exists): e_06391052_06_12600_4bd_2025
[2327605] Skipping (exists): e_06421052_06_12600_4bd_2025
[2327605] Skipping (exists): e_06451052_06_12600_4bd_2025
[2327605] Skipping (exists): e_06481052_06_12600_4bd_2025
[2327605] Skipping (exists): e_06511052_06_12600_4bd_2025
[2327605] Skipping (exists): e_06541052_06_12600_4bd_2025
[2327605] Skipping (exists): e_06571052_06_12600_4bd_2025
[2327605] Skipping (exists): e_06601052_06_12600_4bd_2025
[2327605] Skipping (exists): e_06631052_06_12600_4bd_2025
[2327605] Skipping (exists): e_06661052_06_12600_4bd_2025
[2327605] Skipping (exists): e_06691052_06_12600_4bd_2025
[2327605] Skipping (exists): e_06721052_06_12600_4bd_2025
[2327605] Skipping (exists): e_06751052_06_12600_4bd_2025
[2327605] Skipping (exists): e_06781052_06_12600_4bd_2025
[2327605] Skipping (exists): e_06811052_06_12600_4bd_2025
[2327605] Skipping (exists): e_06841052_06_12600_4bd_2025
[2327605] Skipping (exists): e_06871052_06_12600_4bd_2025
[2327605] Skipping (exists): e_06901052_06_12600_4bd_2025
[2327605] Skipping (exists): e_05851054_06_12600_4bd_2025
[2327605] Skipping (exists): e_05881054_06_12600_4bd_2025
[2327605] Skipping (exists): e_05911054_06_12600_4bd_2025
[2327605] Skipping (exists): e_05941054_06_12600_4bd_2025
[2327605] Skipping (exists): e_05971054_06_12600_4bd_2025
[2327605] Skipping (exists): e_06001054_06_12600_4bd_2025
[2327605] Skipping (exists): e_06031054_06_12600_4bd_2025
[2327605] Skipping (exists): e_06061054_06_12600_4bd_2025
[2327605] Skipping (exists): e_06091054_06_12600_4bd_2025
[2327605] Skipping (exists): e_06121054_06_12600_4bd_2025
[2327605] Skipping (exists): e_06151054_06_12600_4bd_2025
[2327605] Skipping (exists): e_06181054_06_12600_4bd_2025
[2327605] Skipping (exists): e_06211054_06_12600_4bd_2025
[2327605] Skipping (exists): e_06241054_06_12600_4bd_2025
[2327605] Skipping (exists): e_06271054_06_12600_4bd_2025
[2327605] Skipping (exists): e_06301054_06_12600_4bd_2025
[2327605] Skipping (exists): e_06331054_06_12600_4bd_2025
[2327605] Skipping (exists): e_06361054_06_12600_4bd_2025
[2327605] Skipping (exists): e_06391054_06_12600_4bd_2025
[2327605] Skipping (exists): e_06421054_06_12600_4bd_2025
[2327605] Skipping (exists): e_06451054_06_12600_4bd_2025
[2327605] Skipping (exists): e_06481054_06_12600_4bd_2025
[2327605] Skipping (exists): e_06511054_06_12600_4bd_2025
[2327605] Skipping (exists): e_06541054_06_12600_4bd_2025
[2327605] Skipping (exists): e_06571054_06_12600_4bd_2025
[2327605] Skipping (exists): e_06601054_06_12600_4bd_2025
[2327605] Skipping (exists): e_06631054_06_12600_4bd_2025
[2327605] Skipping (exists): e_06661054_06_12600_4bd_2025
[2327605] Skipping (exists): e_06691054_06_12600_4bd_2025
[2327605] Skipping (exists): e_06721054_06_12600_4bd_2025
[2327605] Skipping (exists): e_06751054_06_12600_4bd_2025
[2327605] Skipping (exists): e_06781054_06_12600_4bd_2025
[2327605] Skipping (exists): e_06811054_06_12600_4bd_2025
[2327605] Skipping (exists): e_06841054_06_12600_4bd_2025
[2327605] Skipping (exists): e_06871054_06_12600_4bd_2025
[2327605] Skipping (exists): e_06901054_06_12600_4bd_2025
[2327605] Skipping (exists): e_06931054_06_12600_4bd_2025
[2327605] Skipping (exists): e_05851056_06_12600_4bd_2025
[2327605] Skipping (exists): e_05881056_06_12600_4bd_2025
[2327605] Skipping (exists): e_05911056_06_12600_4bd_2025
[2327605] Skipping (exists): e_05941056_06_12600_4bd_2025
[2327605] Skipping (exists): e_05971056_06_12600_4bd_2025
[2327605] Skipping (exists): e_06001056_06_12600_4bd_2025
[2327605] Skipping (exists): e_06031056_06_12600_4bd_2025
[2327605] Skipping (exists): e_06061056_06_12600_4bd_2025
[2327605] Skipping (exists): e_06091056_06_12600_4bd_2025
[2327605] Skipping (exists): e_06121056_06_12600_4bd_2025
[2327605] Skipping (exists): e_06151056_06_12600_4bd_2025
[2327605] Skipping (exists): e_06181056_06_12600_4bd_2025
[2327605] Skipping (exists): e_06211056_06_12600_4bd_2025
[2327605] Skipping (exists): e_06241056_06_12600_4bd_2025
[2327605] Skipping (exists): e_06271056_06_12600_4bd_2025
[2327605] Skipping (exists): e_06301056_06_12600_4bd_2025
[2327605] Skipping (exists): e_06331056_06_12600_4bd_2025
[2327605] Skipping (exists): e_06361056_06_12600_4bd_2025
[2327605] Skipping (exists): e_06391056_06_12600_4bd_2025
[2327605] Skipping (exists): e_06421056_06_12600_4bd_2025
[2327605] Skipping (exists): e_06451056_06_12600_4bd_2025
[2327605] Skipping (exists): e_06481056_06_12600_4bd_2025
[2327605] Skipping (exists): e_06511056_06_12600_4bd_2025
[2327605] Skipping (exists): e_06541056_06_12600_4bd_2025
[2327605] Skipping (exists): e_06571056_06_12600_4bd_2025
[2327605] Skipping (exists): e_06601056_06_12600_4bd_2025
[2327605] Skipping (exists): e_06631056_06_12600_4bd_2025
[2327605] Skipping (exists): e_06661056_06_12600_4bd_2025
[2327605] Skipping (exists): e_06691056_06_12600_4bd_2025
[2327605] Skipping (exists): e_06721056_06_12600_4bd_2025
[2327605] Skipping (exists): e_06751056_06_12600_4bd_2025
[2327605] Skipping (exists): e_06781056_06_12600_4bd_2025
[2327605] Skipping (exists): e_06811056_06_12600_4bd_2025
[2327605] Skipping (exists): e_06841056_06_12600_4bd_2025
[2327605] Skipping (exists): e_06871056_06_12600_4bd_2025
[2327605] Skipping (exists): e_06901056_06_12600_4bd_2025
[2327605] Skipping (exists): e_06931056_06_12600_4bd_2025
[2327605] Skipping (exists): e_05851058_06_12600_4bd_2025
[2327605] Skipping (exists): e_05881058_06_12600_4bd_2025
[2327605] Skipping (exists): e_05911058_06_12600_4bd_2025
[2327605] Skipping (exists): e_05941058_06_12600_4bd_2025
[2327605] Skipping (exists): e_05971058_06_12600_4bd_2025
[2327605] Skipping (exists): e_06001058_06_12600_4bd_2025
[2327605] Skipping (exists): e_06031058_06_12600_4bd_2025
[2327605] Skipping (exists): e_06061058_06_12600_4bd_2025
[2327605] Skipping (exists): e_06091058_06_12600_4bd_2025
[2327605] Skipping (exists): e_06121058_06_12600_4bd_2025
[2327605] Skipping (exists): e_06151058_06_12600_4bd_2025
[2327605] Skipping (exists): e_06181058_06_12600_4bd_2025
[2327605] Skipping (exists): e_06211058_06_12600_4bd_2025
[2327605] Skipping (exists): e_06241058_06_12600_4bd_2025
[2327605] Skipping (exists): e_06271058_06_12600_4bd_2025
[2327605] Skipping (exists): e_06301058_06_12600_4bd_2025
[2327605] Skipping (exists): e_06331058_06_12600_4bd_2025
[2327605] Skipping (exists): e_06361058_06_12600_4bd_2025
[2327605] Skipping (exists): e_06391058_06_12600_4bd_2025
[2327605] Skipping (exists): e_06421058_06_12600_4bd_2025
[2327605] Skipping (exists): e_06451058_06_12600_4bd_2025
[2327605] Skipping (exists): e_06481058_06_12600_4bd_2025
[2327605] Skipping (exists): e_06511058_06_12600_4bd_2025
[2327605] Skipping (exists): e_06541058_06_12600_4bd_2025
[2327605] Skipping (exists): e_06571058_06_12600_4bd_2025
[2327605] Skipping (exists): e_06601058_06_12600_4bd_2025
[2327605] Skipping (exists): e_06631058_06_12600_4bd_2025
[2327605] Skipping (exists): e_06661058_06_12600_4bd_2025
[2327605] Skipping (exists): e_06691058_06_12600_4bd_2025
[2327605] Skipping (exists): e_06721058_06_12600_4bd_2025
[2327605] Skipping (exists): e_06751058_06_12600_4bd_2025
[2327605] Skipping (exists): e_06781058_06_12600_4bd_2025
[2327605] Skipping (exists): e_06811058_06_12600_4bd_2025
[2327605] Skipping (exists): e_06841058_06_12600_4bd_2025
[2327605] Skipping (exists): e_06871058_06_12600_4bd_2025
[2327605] Skipping (exists): e_06901058_06_12600_4bd_2025
[2327605] Skipping (exists): e_06931058_06_12600_4bd_2025
[2327605] Skipping (exists): e_05851060_06_12600_4bd_2025
[2327605] Skipping (exists): e_05881060_06_12600_4bd_2025
[2327605] Skipping (exists): e_05911060_06_12600_4bd_2025
[2327605] Skipping (exists): e_05941060_06_12600_4bd_2025
[2327605] Skipping (exists): e_05971060_06_12600_4bd_2025
[2327605] Skipping (exists): e_06001060_06_12600_4bd_2025
[2327605] Skipping (exists): e_06031060_06_12600_4bd_2025
[2327605] Skipping (exists): e_06061060_06_12600_4bd_2025
[2327605] Skipping (exists): e_06091060_06_12600_4bd_2025
[2327605] Skipping (exists): e_06121060_06_12600_4bd_2025
[2327605] Skipping (exists): e_06151060_06_12600_4bd_2025
[2327605] Skipping (exists): e_06181060_06_12600_4bd_2025
[2327605] Skipping (exists): e_06211060_06_12600_4bd_2025
[2327605] Skipping (exists): e_06241060_06_12600_4bd_2025
[2327605] Skipping (exists): e_06271060_06_12600_4bd_2025
[2327605] Skipping (exists): e_06301060_06_12600_4bd_2025
[2327605] Skipping (exists): e_06331060_06_12600_4bd_2025
[2327605] Skipping (exists): e_06361060_06_12600_4bd_2025
[2327605] Skipping (exists): e_06391060_06_12600_4bd_2025
[2327605] Skipping (exists): e_06421060_06_12600_4bd_2025
[2327605] Skipping (exists): e_06451060_06_12600_4bd_2025
[2327605] Skipping (exists): e_06481060_06_12600_4bd_2025
[2327605] Skipping (exists): e_06511060_06_12600_4bd_2025
[2327605] Skipping (exists): e_06541060_06_12600_4bd_2025
[2327605] Skipping (exists): e_06571060_06_12600_4bd_2025
[2327605] Skipping (exists): e_06601060_06_12600_4bd_2025
[2327605] Skipping (exists): e_06631060_06_12600_4bd_2025
[2327605] Skipping (exists): e_06661060_06_12600_4bd_2025
[2327605] Skipping (exists): e_06691060_06_12600_4bd_2025
[2327605] Skipping (exists): e_06721060_06_12600_4bd_2025
[2327605] Skipping (exists): e_06751060_06_12600_4bd_2025
[2327605] Skipping (exists): e_06781060_06_12600_4bd_2025
[2327605] Skipping (exists): e_06811060_06_12600_4bd_2025
[2327605] Skipping (exists): e_06841060_06_12600_4bd_2025
[2327605] Skipping (exists): e_06871060_06_12600_4bd_2025
[2327605] Skipping (exists): e_06901060_06_12600_4bd_2025
[2327605] Skipping (exists): e_06931060_06_12600_4bd_2025
[2327605] Skipping (exists): e_05851062_06_12600_4bd_2025
[2327605] Skipping (exists): e_05881062_06_12600_4bd_2025
[2327605] Skipping (exists): e_05911062_06_12600_4bd_2025
[2327605] Skipping (exists): e_05941062_06_12600_4bd_2025
[2327605] Skipping (exists): e_05971062_06_12600_4bd_2025
[2327605] Skipping (exists): e_06001062_06_12600_4bd_2025
[2327605] Skipping (exists): e_06031062_06_12600_4bd_2025
[2327605] Skipping (exists): e_06061062_06_12600_4bd_2025
[2327605] Skipping (exists): e_06091062_06_12600_4bd_2025
[2327605] Skipping (exists): e_06121062_06_12600_4bd_2025
[2327605] Skipping (exists): e_06151062_06_12600_4bd_2025
[2327605] Skipping (exists): e_06181062_06_12600_4bd_2025
[2327605] Skipping (exists): e_06211062_06_12600_4bd_2025
[2327605] Skipping (exists): e_06241062_06_12600_4bd_2025
[2327605] Skipping (exists): e_06271062_06_12600_4bd_2025
[2327605] Skipping (exists): e_06301062_06_12600_4bd_2025
[2327605] Skipping (exists): e_06331062_06_12600_4bd_2025
[2327605] Skipping (exists): e_06361062_06_12600_4bd_2025
[2327605] Skipping (exists): e_06391062_06_12600_4bd_2025
[2327605] Skipping (exists): e_06421062_06_12600_4bd_2025
[2327605] Skipping (exists): e_06451062_06_12600_4bd_2025
[2327605] Skipping (exists): e_06481062_06_12600_4bd_2025
[2327605] Skipping (exists): e_06511062_06_12600_4bd_2025
[2327605] Skipping (exists): e_06541062_06_12600_4bd_2025
[2327605] Skipping (exists): e_06571062_06_12600_4bd_2025
[2327605] Skipping (exists): e_06601062_06_12600_4bd_2025
[2327605] Skipping (exists): e_06631062_06_12600_4bd_2025
[2327605] Skipping (exists): e_06661062_06_12600_4bd_2025
[2327605] Skipping (exists): e_06691062_06_12600_4bd_2025
[2327605] Skipping (exists): e_06721062_06_12600_4bd_2025
[2327605] Skipping (exists): e_06751062_06_12600_4bd_2025
[2327605] Skipping (exists): e_06781062_06_12600_4bd_2025
[2327605] Skipping (exists): e_06811062_06_12600_4bd_2025
[2327605] Skipping (exists): e_06841062_06_12600_4bd_2025
[2327605] Skipping (exists): e_06871062_06_12600_4bd_2025
[2327605] Skipping (exists): e_06901062_06_12600_4bd_2025
[2327605] Skipping (exists): e_06931062_06_12600_4bd_2025
[2327605] Skipping (exists): e_05851064_06_12600_4bd_2025
[2327605] Skipping (exists): e_05881064_06_12600_4bd_2025
[2327605] Skipping (exists): e_05911064_06_12600_4bd_2025
[2327605] Skipping (exists): e_05941064_06_12600_4bd_2025
[2327605] Skipping (exists): e_05971064_06_12600_4bd_2025
[2327605] Skipping (exists): e_06001064_06_12600_4bd_2025
[2327605] Skipping (exists): e_06031064_06_12600_4bd_2025
[2327605] Skipping (exists): e_06061064_06_12600_4bd_2025
[2327605] Skipping (exists): e_06091064_06_12600_4bd_2025
[2327605] Skipping (exists): e_06121064_06_12600_4bd_2025
[2327605] Skipping (exists): e_06151064_06_12600_4bd_2025
[2327605] Skipping (exists): e_06181064_06_12600_4bd_2025
[2327605] Skipping (exists): e_06211064_06_12600_4bd_2025
[2327605] Skipping (exists): e_06241064_06_12600_4bd_2025
[2327605] Skipping (exists): e_06271064_06_12600_4bd_2025
[2327605] Skipping (exists): e_06301064_06_12600_4bd_2025
[2327605] Skipping (exists): e_06331064_06_12600_4bd_2025
[2327605] Skipping (exists): e_06361064_06_12600_4bd_2025
[2327605] Skipping (exists): e_06391064_06_12600_4bd_2025
[2327605] Skipping (exists): e_06421064_06_12600_4bd_2025
[2327605] Skipping (exists): e_06451064_06_12600_4bd_2025
[2327605] Skipping (exists): e_06481064_06_12600_4bd_2025
[2327605] Skipping (exists): e_06511064_06_12600_4bd_2025
[2327605] Skipping (exists): e_06541064_06_12600_4bd_2025
[2327605] Skipping (exists): e_06571064_06_12600_4bd_2025
[2327605] Skipping (exists): e_06601064_06_12600_4bd_2025
[2327605] Skipping (exists): e_06631064_06_12600_4bd_2025
[2327605] Skipping (exists): e_06661064_06_12600_4bd_2025
[2327605] Skipping (exists): e_06691064_06_12600_4bd_2025
[2327605] Skipping (exists): e_06721064_06_12600_4bd_2025
[2327605] Skipping (exists): e_06751064_06_12600_4bd_2025
[2327605] Skipping (exists): e_06781064_06_12600_4bd_2025
[2327605] Skipping (exists): e_06811064_06_12600_4bd_2025
[2327605] Skipping (exists): e_06841064_06_12600_4bd_2025
[2327605] Skipping (exists): e_06871064_06_12600_4bd_2025
[2327605] Skipping (exists): e_06901064_06_12600_4bd_2025
[2327605] Skipping (exists): e_06931064_06_12600_4bd_2025
[2327605] Skipping (exists): e_05851066_06_12600_4bd_2025
[2327605] Skipping (exists): e_05881066_06_12600_4bd_2025
[2327605] Skipping (exists): e_05911066_06_12600_4bd_2025
[2327605] Skipping (exists): e_05941066_06_12600_4bd_2025
[2327605] Skipping (exists): e_05971066_06_12600_4bd_2025
[2327605] Skipping (exists): e_06001066_06_12600_4bd_2025
[2327605] Skipping (exists): e_06031066_06_12600_4bd_2025
[2327605] Skipping (exists): e_06061066_06_12600_4bd_2025
[2327605] Skipping (exists): e_06091066_06_12600_4bd_2025
[2327605] Skipping (exists): e_06121066_06_12600_4bd_2025
[2327605] Skipping (exists): e_06151066_06_12600_4bd_2025
[2327605] Skipping (exists): e_06181066_06_12600_4bd_2025
[2327605] Skipping (exists): e_06211066_06_12600_4bd_2025
[2327605] Skipping (exists): e_06241066_06_12600_4bd_2025
[2327605] Skipping (exists): e_06271066_06_12600_4bd_2025
[2327605] Skipping (exists): e_06301066_06_12600_4bd_2025
[2327605] Skipping (exists): e_06331066_06_12600_4bd_2025
[2327605] Skipping (exists): e_06361066_06_12600_4bd_2025
[2327605] Skipping (exists): e_06391066_06_12600_4bd_2025
[2327605] Skipping (exists): e_06421066_06_12600_4bd_2025
[2327605] Skipping (exists): e_06451066_06_12600_4bd_2025
[2327605] Skipping (exists): e_06481066_06_12600_4bd_2025
[2327605] Skipping (exists): e_06511066_06_12600_4bd_2025
[2327605] Skipping (exists): e_06541066_06_12600_4bd_2025
[2327605] Skipping (exists): e_06571066_06_12600_4bd_2025
[2327605] Skipping (exists): e_06601066_06_12600_4bd_2025
[2327605] Skipping (exists): e_06631066_06_12600_4bd_2025
[2327605] Skipping (exists): e_06661066_06_12600_4bd_2025
[2327605] Skipping (exists): e_06691066_06_12600_4bd_2025
[2327605] Skipping (exists): e_06721066_06_12600_4bd_2025
[2327605] Skipping (exists): e_06751066_06_12600_4bd_2025
[2327605] Skipping (exists): e_06781066_06_12600_4bd_2025
[2327605] Skipping (exists): e_06811066_06_12600_4bd_2025
[2327605] Skipping (exists): e_06841066_06_12600_4bd_2025
[2327605] Skipping (exists): e_06871066_06_12600_4bd_2025
[2327605] Skipping (exists): e_06901066_06_12600_4bd_2025
[2327605] Skipping (exists): e_06931066_06_12600_4bd_2025
[2327605] Skipping (exists): e_05851068_06_12600_4bd_2025
[2327605] Skipping (exists): e_05881068_06_12600_4bd_2025
[2327605] Skipping (exists): e_05911068_06_12600_4bd_2025
[2327605] Skipping (exists): e_05941068_06_12600_4bd_2025
[2327605] Skipping (exists): e_05971068_06_12600_4bd_2025
[2327605] Skipping (exists): e_06001068_06_12600_4bd_2025
[2327605] Skipping (exists): e_06031068_06_12600_4bd_2025
[2327605] Skipping (exists): e_06061068_06_12600_4bd_2025
[2327605] Skipping (exists): e_06091068_06_12600_4bd_2025
[2327605] Skipping (exists): e_06121068_06_12600_4bd_2025
[2327605] Skipping (exists): e_06151068_06_12600_4bd_2025
[2327605] Skipping (exists): e_06181068_06_12600_4bd_2025
[2327605] Skipping (exists): e_06211068_06_12600_4bd_2025
[2327605] Skipping (exists): e_06241068_06_12600_4bd_2025
[2327605] Skipping (exists): e_06271068_06_12600_4bd_2025
[2327605] Skipping (exists): e_06301068_06_12600_4bd_2025
[2327605] Skipping (exists): e_06331068_06_12600_4bd_2025
[2327605] Skipping (exists): e_06361068_06_12600_4bd_2025
[2327605] Skipping (exists): e_06391068_06_12600_4bd_2025
[2327605] Skipping (exists): e_06421068_06_12600_4bd_2025
[2327605] Skipping (exists): e_06451068_06_12600_4bd_2025
[2327605] Skipping (exists): e_06481068_06_12600_4bd_2025
[2327605] Skipping (exists): e_06511068_06_12600_4bd_2025
[2327605] Skipping (exists): e_06541068_06_12600_4bd_2025
[2327605] Skipping (exists): e_06571068_06_12600_4bd_2025
[2327605] Skipping (exists): e_06601068_06_12600_4bd_2025
[2327605] Skipping (exists): e_06631068_06_12600_4bd_2025
[2327605] Skipping (exists): e_06661068_06_12600_4bd_2025
[2327605] Skipping (exists): e_06691068_06_12600_4bd_2025
[2327605] Skipping (exists): e_06721068_06_12600_4bd_2025
[2327605] Skipping (exists): e_06751068_06_12600_4bd_2025
[2327605] Skipping (exists): e_06781068_06_12600_4bd_2025
[2327605] Skipping (exists): e_06811068_06_12600_4bd_2025
[2327605] Skipping (exists): e_06841068_06_12600_4bd_2025
[2327605] Skipping (exists): e_06871068_06_12600_4bd_2025
[2327605] Skipping (exists): e_06901068_06_12600_4bd_2025
[2327605] Skipping (exists): e_06931068_06_12600_4bd_2025
[2327605] Skipping (exists): e_05881070_06_12600_4bd_2025
[2327605] Skipping (exists): e_05911070_06_12600_4bd_2025
[2327605] Skipping (exists): e_05941070_06_12600_4bd_2025
[2327605] Skipping (exists): e_05971070_06_12600_4bd_2025
[2327605] Skipping (exists): e_06001070_06_12600_4bd_2025
[2327605] Skipping (exists): e_06031070_06_12600_4bd_2025
[2327605] Skipping (exists): e_06061070_06_12600_4bd_2025
[2327605] Skipping (exists): e_06091070_06_12600_4bd_2025
[2327605] Skipping (exists): e_06121070_06_12600_4bd_2025
[2327605] Skipping (exists): e_06151070_06_12600_4bd_2025
[2327605] Skipping (exists): e_06181070_06_12600_4bd_2025
[2327605] Skipping (exists): e_06211070_06_12600_4bd_2025
[2327605] Skipping (exists): e_06241070_06_12600_4bd_2025
[2327605] Skipping (exists): e_06271070_06_12600_4bd_2025
[2327605] Skipping (exists): e_06301070_06_12600_4bd_2025
[2327605] Skipping (exists): e_06331070_06_12600_4bd_2025
[2327605] Skipping (exists): e_06361070_06_12600_4bd_2025
[2327605] Skipping (exists): e_06391070_06_12600_4bd_2025
[2327605] Skipping (exists): e_06421070_06_12600_4bd_2025
[2327605] Skipping (exists): e_06451070_06_12600_4bd_2025
[2327605] Skipping (exists): e_06481070_06_12600_4bd_2025
[2327605] Skipping (exists): e_06511070_06_12600_4bd_2025
[2327605] Skipping (exists): e_06541070_06_12600_4bd_2025
[2327605] Skipping (exists): e_06571070_06_12600_4bd_2025
[2327605] Skipping (exists): e_06601070_06_12600_4bd_2025
[2327605] Skipping (exists): e_06631070_06_12600_4bd_2025
[2327605] Skipping (exists): e_06661070_06_12600_4bd_2025
[2327605] Skipping (exists): e_06691070_06_12600_4bd_2025
[2327605] Skipping (exists): e_06721070_06_12600_4bd_2025
[2327605] Skipping (exists): e_06751070_06_12600_4bd_2025
[2327605] Skipping (exists): e_06781070_06_12600_4bd_2025
[2327605] Skipping (exists): e_06811070_06_12600_4bd_2025
[2327605] Skipping (exists): e_06841070_06_12600_4bd_2025
[2327605] Skipping (exists): e_06871070_06_12600_4bd_2025
[2327605] Skipping (exists): e_06901070_06_12600_4bd_2025
[2327605] Skipping (exists): e_05881072_06_12600_4bd_2025
[2327605] Skipping (exists): e_05911072_06_12600_4bd_2025
[2327605] Skipping (exists): e_05941072_06_12600_4bd_2025
[2327605] Skipping (exists): e_05971072_06_12600_4bd_2025
[2327605] Skipping (exists): e_06001072_06_12600_4bd_2025
[2327605] Skipping (exists): e_06031072_06_12600_4bd_2025
[2327605] Skipping (exists): e_06061072_06_12600_4bd_2025
[2327605] Skipping (exists): e_06091072_06_12600_4bd_2025
[2327605] Skipping (exists): e_06121072_06_12600_4bd_2025
[2327605] Skipping (exists): e_06151072_06_12600_4bd_2025
[2327605] Skipping (exists): e_06181072_06_12600_4bd_2025
[2327605] Skipping (exists): e_06211072_06_12600_4bd_2025
[2327605] Skipping (exists): e_06241072_06_12600_4bd_2025
[2327605] Skipping (exists): e_06271072_06_12600_4bd_2025
[2327605] Skipping (exists): e_06301072_06_12600_4bd_2025
[2327605] Skipping (exists): e_06331072_06_12600_4bd_2025
[2327605] Skipping (exists): e_06361072_06_12600_4bd_2025
[2327605] Skipping (exists): e_06391072_06_12600_4bd_2025
[2327605] Skipping (exists): e_06421072_06_12600_4bd_2025
[2327605] Skipping (exists): e_06451072_06_12600_4bd_2025
[2327605] Skipping (exists): e_06481072_06_12600_4bd_2025
[2327605] Skipping (exists): e_06511072_06_12600_4bd_2025
[2327605] Skipping (exists): e_06541072_06_12600_4bd_2025
[2327605] Skipping (exists): e_06571072_06_12600_4bd_2025
[2327605] Skipping (exists): e_06601072_06_12600_4bd_2025
[2327605] Skipping (exists): e_06631072_06_12600_4bd_2025
[2327605] Skipping (exists): e_06661072_06_12600_4bd_2025
[2327605] Skipping (exists): e_06691072_06_12600_4bd_2025
[2327605] Skipping (exists): e_06721072_06_12600_4bd_2025
[2327605] Skipping (exists): e_06751072_06_12600_4bd_2025
[2327605] Skipping (exists): e_06781072_06_12600_4bd_2025
[2327605] Skipping (exists): e_06811072_06_12600_4bd_2025
[2327605] Skipping (exists): e_06841072_06_12600_4bd_2025
[2327605] Skipping (exists): e_06871072_06_12600_4bd_2025
[2327605] Skipping (exists): e_06901072_06_12600_4bd_2025
[2327605] Skipping (exists): e_05911074_06_12600_4bd_2025
[2327605] Skipping (exists): e_05941074_06_12600_4bd_2025
[2327605] Skipping (exists): e_05971074_06_12600_4bd_2025
[2327605] Skipping (exists): e_06001074_06_12600_4bd_2025
[2327605] Skipping (exists): e_06031074_06_12600_4bd_2025
[2327605] Skipping (exists): e_06061074_06_12600_4bd_2025
[2327605] Skipping (exists): e_06091074_06_12600_4bd_2025
[2327605] Skipping (exists): e_06121074_06_12600_4bd_2025
[2327605] Skipping (exists): e_06151074_06_12600_4bd_2025
[2327605] Skipping (exists): e_06181074_06_12600_4bd_2025
[2327605] Skipping (exists): e_06211074_06_12600_4bd_2025
[2327605] Skipping (exists): e_06241074_06_12600_4bd_2025
[2327605] Skipping (exists): e_06271074_06_12600_4bd_2025
[2327605] Skipping (exists): e_06301074_06_12600_4bd_2025
[2327605] Skipping (exists): e_06331074_06_12600_4bd_2025
[2327605] Skipping (exists): e_06361074_06_12600_4bd_2025
[2327605] Skipping (exists): e_06391074_06_12600_4bd_2025
[2327605] Skipping (exists): e_06421074_06_12600_4bd_2025
[2327605] Skipping (exists): e_06451074_06_12600_4bd_2025
[2327605] Skipping (exists): e_06481074_06_12600_4bd_2025
[2327605] Skipping (exists): e_06511074_06_12600_4bd_2025
[2327605] Skipping (exists): e_06541074_06_12600_4bd_2025
[2327605] Skipping (exists): e_06571074_06_12600_4bd_2025
[2327605] Skipping (exists): e_06601074_06_12600_4bd_2025
[2327605] Skipping (exists): e_06631074_06_12600_4bd_2025
[2327605] Skipping (exists): e_06661074_06_12600_4bd_2025
[2327605] Skipping (exists): e_06691074_06_12600_4bd_2025
[2327605] Skipping (exists): e_06721074_06_12600_4bd_2025
[2327605] Skipping (exists): e_06751074_06_12600_4bd_2025
[2327605] Skipping (exists): e_06781074_06_12600_4bd_2025
[2327605] Skipping (exists): e_06811074_06_12600_4bd_2025
[2327605] Skipping (exists): e_06841074_06_12600_4bd_2025
[2327605] Skipping (exists): e_06871074_06_12600_4bd_2025
[2327605] Skipping (exists): e_06901074_06_12600_4bd_2025
[2327605] Skipping (exists): e_05941076_06_12600_4bd_2025
[2327605] Skipping (exists): e_05971076_06_12600_4bd_2025
[2327605] Skipping (exists): e_06001076_06_12600_4bd_2025
[2327605] Skipping (exists): e_06031076_06_12600_4bd_2025
[2327605] Skipping (exists): e_06061076_06_12600_4bd_2025
[2327605] Skipping (exists): e_06091076_06_12600_4bd_2025
[2327605] Skipping (exists): e_06121076_06_12600_4bd_2025
[2327605] Skipping (exists): e_06151076_06_12600_4bd_2025
[2327605] Skipping (exists): e_06181076_06_12600_4bd_2025
[2327605] Skipping (exists): e_06211076_06_12600_4bd_2025
[2327605] Skipping (exists): e_06241076_06_12600_4bd_2025
[2327605] Skipping (exists): e_06271076_06_12600_4bd_2025
[2327605] Skipping (exists): e_06301076_06_12600_4bd_2025
[2327605] Skipping (exists): e_06331076_06_12600_4bd_2025
[2327605] Skipping (exists): e_06361076_06_12600_4bd_2025
[2327605] Skipping (exists): e_06391076_06_12600_4bd_2025
[2327605] Skipping (exists): e_06421076_06_12600_4bd_2025
[2327605] Skipping (exists): e_06511076_06_12600_4bd_2025
[2327605] Skipping (exists): e_06541076_06_12600_4bd_2025
[2327605] Skipping (exists): e_06571076_06_12600_4bd_2025
[2327605] Skipping (exists): e_06601076_06_12600_4bd_2025
[2327605] Skipping (exists): e_06631076_06_12600_4bd_2025
[2327605] Skipping (exists): e_06661076_06_12600_4bd_2025
[2327605] Skipping (exists): e_06691076_06_12600_4bd_2025
[2327605] Skipping (exists): e_06721076_06_12600_4bd_2025
[2327605] Skipping (exists): e_06751076_06_12600_4bd_2025
[2327605] Skipping (exists): e_06781076_06_12600_4bd_2025
[2327605] Skipping (exists): e_06811076_06_12600_4bd_2025
[2327605] Skipping (exists): e_06841076_06_12600_4bd_2025
[2327605] Skipping (exists): e_06871076_06_12600_4bd_2025
[2327605] Skipping (exists): e_06901076_06_12600_4bd_2025
[2327605] Skipping (exists): e_05941078_06_12600_4bd_2025
[2327605] Skipping (exists): e_05971078_06_12600_4bd_2025
[2327605] Skipping (exists): e_06001078_06_12600_4bd_2025
[2327605] Skipping (exists): e_06031078_06_12600_4bd_2025
[2327605] Skipping (exists): e_06061078_06_12600_4bd_2025
[2327605] Skipping (exists): e_06091078_06_12600_4bd_2025
[2327605] Skipping (exists): e_06121078_06_12600_4bd_2025
[2327605] Skipping (exists): e_06151078_06_12600_4bd_2025
[2327605] Skipping (exists): e_06181078_06_12600_4bd_2025
[2327605] Skipping (exists): e_06211078_06_12600_4bd_2025
[2327605] Skipping (exists): e_06241078_06_12600_4bd_2025
[2327605] Skipping (exists): e_06271078_06_12600_4bd_2025
[2327605] Skipping (exists): e_06301078_06_12600_4bd_2025
[2327605] Skipping (exists): e_06331078_06_12600_4bd_2025
[2327605] Skipping (exists): e_06361078_06_12600_4bd_2025
[2327605] Skipping (exists): e_06391078_06_12600_4bd_2025
[2327605] Skipping (exists): e_06421078_06_12600_4bd_2025
[2327605] Skipping (exists): e_06511078_06_12600_4bd_2025
[2327605] Skipping (exists): e_06541078_06_12600_4bd_2025
[2327605] Skipping (exists): e_06571078_06_12600_4bd_2025
[2327605] Skipping (exists): e_06601078_06_12600_4bd_2025
[2327605] Skipping (exists): e_06631078_06_12600_4bd_2025
[2327605] Skipping (exists): e_06661078_06_12600_4bd_2025
[2327605] Skipping (exists): e_06691078_06_12600_4bd_2025
[2327605] Skipping (exists): e_06721078_06_12600_4bd_2025
[2327605] Skipping (exists): e_06751078_06_12600_4bd_2025
[2327605] Skipping (exists): e_06781078_06_12600_4bd_2025
[2327605] Skipping (exists): e_06811078_06_12600_4bd_2025
[2327605] Skipping (exists): e_06841078_06_12600_4bd_2025
[2327605] Skipping (exists): e_06871078_06_12600_4bd_2025
[2327605] Skipping (exists): e_06901078_06_12600_4bd_2025
[2327605] Skipping (exists): e_05941080_06_12600_4bd_2025
[2327605] Skipping (exists): e_05971080_06_12600_4bd_2025
[2327605] Skipping (exists): e_06001080_06_12600_4bd_2025
[2327605] Skipping (exists): e_06031080_06_12600_4bd_2025
[2327605] Skipping (exists): e_06061080_06_12600_4bd_2025
[2327605] Skipping (exists): e_06091080_06_12600_4bd_2025
[2327605] Skipping (exists): e_06121080_06_12600_4bd_2025
[2327605] Skipping (exists): e_06151080_06_12600_4bd_2025
[2327605] Skipping (exists): e_06181080_06_12600_4bd_2025
[2327605] Skipping (exists): e_06211080_06_12600_4bd_2025
[2327605] Skipping (exists): e_06241080_06_12600_4bd_2025
[2327605] Skipping (exists): e_06271080_06_12600_4bd_2025
[2327605] Skipping (exists): e_06301080_06_12600_4bd_2025
[2327605] Skipping (exists): e_06331080_06_12600_4bd_2025
[2327605] Skipping (exists): e_06361080_06_12600_4bd_2025
[2327605] Skipping (exists): e_06391080_06_12600_4bd_2025
[2327605] Skipping (exists): e_06421080_06_12600_4bd_2025
[2327605] Skipping (exists): e_06451080_06_12600_4bd_2025
[2327605] Skipping (exists): e_06481080_06_12600_4bd_2025
[2327605] Skipping (exists): e_06511080_06_12600_4bd_2025
[2327605] Skipping (exists): e_06541080_06_12600_4bd_2025
[2327605] Skipping (exists): e_06571080_06_12600_4bd_2025
[2327605] Skipping (exists): e_06601080_06_12600_4bd_2025
[2327605] Skipping (exists): e_06631080_06_12600_4bd_2025
[2327605] Skipping (exists): e_06661080_06_12600_4bd_2025
[2327605] Skipping (exists): e_06691080_06_12600_4bd_2025
[2327605] Skipping (exists): e_06721080_06_12600_4bd_2025
[2327605] Skipping (exists): e_06751080_06_12600_4bd_2025
[2327605] Skipping (exists): e_06781080_06_12600_4bd_2025
[2327605] Skipping (exists): e_06811080_06_12600_4bd_2025
[2327605] Skipping (exists): e_06841080_06_12600_4bd_2025
[2327605] Skipping (exists): e_06871080_06_12600_4bd_2025
[2327605] Skipping (exists): e_06901080_06_12600_4bd_2025
[2327605] Skipping (exists): e_05971082_06_12600_4bd_2025
[2327605] Skipping (exists): e_06001082_06_12600_4bd_2025
[2327605] Skipping (exists): e_06031082_06_12600_4bd_2025
[2327605] Skipping (exists): e_06061082_06_12600_4bd_2025
[2327605] Skipping (exists): e_06091082_06_12600_4bd_2025
[2327605] Skipping (exists): e_06121082_06_12600_4bd_2025
[2327605] Skipping (exists): e_06151082_06_12600_4bd_2025
[2327605] Skipping (exists): e_06181082_06_12600_4bd_2025
[2327605] Skipping (exists): e_06211082_06_12600_4bd_2025
[2327605] Skipping (exists): e_06241082_06_12600_4bd_2025
[2327605] Skipping (exists): e_06271082_06_12600_4bd_2025
[2327605] Skipping (exists): e_06301082_06_12600_4bd_2025
[2327605] Skipping (exists): e_06331082_06_12600_4bd_2025
[2327605] Skipping (exists): e_06361082_06_12600_4bd_2025
[2327605] Skipping (exists): e_06391082_06_12600_4bd_2025
[2327605] Skipping (exists): e_06421082_06_12600_4bd_2025
[2327605] Skipping (exists): e_06451082_06_12600_4bd_2025
[2327605] Skipping (exists): e_06481082_06_12600_4bd_2025
[2327605] Skipping (exists): e_06541082_06_12600_4bd_2025
[2327605] Skipping (exists): e_06571082_06_12600_4bd_2025
[2327605] Skipping (exists): e_06601082_06_12600_4bd_2025
[2327605] Skipping (exists): e_06631082_06_12600_4bd_2025
[2327605] Skipping (exists): e_06661082_06_12600_4bd_2025
[2327605] Skipping (exists): e_06691082_06_12600_4bd_2025
[2327605] Skipping (exists): e_06721082_06_12600_4bd_2025
[2327605] Skipping (exists): e_06751082_06_12600_4bd_2025
[2327605] Skipping (exists): e_06781082_06_12600_4bd_2025
[2327605] Skipping (exists): e_06811082_06_12600_4bd_2025
[2327605] Skipping (exists): e_06871082_06_12600_4bd_2025
[2327605] Skipping (exists): e_06901082_06_12600_4bd_2025
[2327605] Skipping (exists): e_05971084_06_12600_4bd_2025
[2327605] Skipping (exists): e_06001084_06_12600_4bd_2025
[2327605] Skipping (exists): e_06031084_06_12600_4bd_2025
[2327605] Skipping (exists): e_06061084_06_12600_4bd_2025
[2327605] Skipping (exists): e_06091084_06_12600_4bd_2025
[2327605] Skipping (exists): e_06121084_06_12600_4bd_2025
[2327605] Skipping (exists): e_06151084_06_12600_4bd_2025
[2327605] Skipping (exists): e_06181084_06_12600_4bd_2025
[2327605] Skipping (exists): e_06211084_06_12600_4bd_2025
[2327605] Skipping (exists): e_06241084_06_12600_4bd_2025
[2327605] Skipping (exists): e_06271084_06_12600_4bd_2025
[2327605] Skipping (exists): e_06301084_06_12600_4bd_2025
[2327605] Skipping (exists): e_06331084_06_12600_4bd_2025
[2327605] Skipping (exists): e_06361084_06_12600_4bd_2025
[2327605] Skipping (exists): e_06391084_06_12600_4bd_2025
[2327605] Skipping (exists): e_06421084_06_12600_4bd_2025
[2327605] Skipping (exists): e_06451084_06_12600_4bd_2025
[2327605] Skipping (exists): e_06481084_06_12600_4bd_2025
[2327605] Skipping (exists): e_06541084_06_12600_4bd_2025
[2327605] Skipping (exists): e_06571084_06_12600_4bd_2025
[2327605] Skipping (exists): e_06601084_06_12600_4bd_2025
[2327605] Skipping (exists): e_06631084_06_12600_4bd_2025
[2327605] Skipping (exists): e_06661084_06_12600_4bd_2025
[2327605] Skipping (exists): e_06691084_06_12600_4bd_2025
[2327605] Skipping (exists): e_06721084_06_12600_4bd_2025
[2327605] Skipping (exists): e_06751084_06_12600_4bd_2025
[2327605] Skipping (exists): e_06781084_06_12600_4bd_2025
[2327605] Skipping (exists): e_06811084_06_12600_4bd_2025
[2327605] Skipping (exists): e_06001086_06_12600_4bd_2025
[2327605] Skipping (exists): e_06031086_06_12600_4bd_2025
[2327605] Skipping (exists): e_06061086_06_12600_4bd_2025
[2327605] Skipping (exists): e_06091086_06_12600_4bd_2025
[2327605] Skipping (exists): e_06121086_06_12600_4bd_2025
[2327605] Skipping (exists): e_06151086_06_12600_4bd_2025
[2327605] Skipping (exists): e_06181086_06_12600_4bd_2025
[2327605] Skipping (exists): e_06211086_06_12600_4bd_2025
[2327605] Skipping (exists): e_06241086_06_12600_4bd_2025
[2327605] Skipping (exists): e_06271086_06_12600_4bd_2025
[2327605] Skipping (exists): e_06301086_06_12600_4bd_2025
[2327605] Skipping (exists): e_06331086_06_12600_4bd_2025
[2327605] Skipping (exists): e_06361086_06_12600_4bd_2025
[2327605] Skipping (exists): e_06391086_06_12600_4bd_2025
[2327605] Skipping (exists): e_06421086_06_12600_4bd_2025
[2327605] Skipping (exists): e_06451086_06_12600_4bd_2025
[2327605] Skipping (exists): e_06481086_06_12600_4bd_2025
[2327605] Skipping (exists): e_06511086_06_12600_4bd_2025
[2327605] Skipping (exists): e_06571086_06_12600_4bd_2025
[2327605] Skipping (exists): e_06601086_06_12600_4bd_2025
[2327605] Skipping (exists): e_06631086_06_12600_4bd_2025
[2327605] Skipping (exists): e_06661086_06_12600_4bd_2025
[2327605] Skipping (exists): e_06691086_06_12600_4bd_2025
[2327605] Skipping (exists): e_06721086_06_12600_4bd_2025
[2327605] Skipping (exists): e_06751086_06_12600_4bd_2025
[2327605] Skipping (exists): e_06781086_06_12600_4bd_2025
[2327605] Skipping (exists): e_06001088_06_12600_4bd_2025
[2327605] Skipping (exists): e_06031088_06_12600_4bd_2025
[2327605] Skipping (exists): e_06061088_06_12600_4bd_2025
[2327605] Skipping (exists): e_06091088_06_12600_4bd_2025
[2327605] Skipping (exists): e_06121088_06_12600_4bd_2025
[2327605] Skipping (exists): e_06151088_06_12600_4bd_2025
[2327605] Skipping (exists): e_06181088_06_12600_4bd_2025
[2327605] Skipping (exists): e_06211088_06_12600_4bd_2025
[2327605] Skipping (exists): e_06241088_06_12600_4bd_2025
[2327605] Skipping (exists): e_06271088_06_12600_4bd_2025
[2327605] Skipping (exists): e_06301088_06_12600_4bd_2025
[2327605] Skipping (exists): e_06331088_06_12600_4bd_2025
[2327605] Skipping (exists): e_06361088_06_12600_4bd_2025
[2327605] Skipping (exists): e_06391088_06_12600_4bd_2025
[2327605] Skipping (exists): e_06421088_06_12600_4bd_2025
[2327605] Skipping (exists): e_06451088_06_12600_4bd_2025
[2327605] Skipping (exists): e_06481088_06_12600_4bd_2025
[2327605] Skipping (exists): e_06511088_06_12600_4bd_2025
[2327605] Skipping (exists): e_06571088_06_12600_4bd_2025
[2327605] Skipping (exists): e_06601088_06_12600_4bd_2025
[2327605] Skipping (exists): e_06631088_06_12600_4bd_2025
[2327605] Skipping (exists): e_06661088_06_12600_4bd_2025
[2327605] Skipping (exists): e_06691088_06_12600_4bd_2025
[2327605] Skipping (exists): e_06721088_06_12600_4bd_2025
[2327605] Skipping (exists): e_06751088_06_12600_4bd_2025
[2327605] Skipping (exists): e_06001090_06_12600_4bd_2025
[2327605] Skipping (exists): e_06031090_06_12600_4bd_2025
[2327605] Skipping (exists): e_06061090_06_12600_4bd_2025
[2327605] Skipping (exists): e_06091090_06_12600_4bd_2025
[2327605] Skipping (exists): e_06121090_06_12600_4bd_2025
[2327605] Skipping (exists): e_06151090_06_12600_4bd_2025
[2327605] Skipping (exists): e_06181090_06_12600_4bd_2025
[2327605] Skipping (exists): e_06211090_06_12600_4bd_2025
[2327605] Skipping (exists): e_06241090_06_12600_4bd_2025
[2327605] Skipping (exists): e_06271090_06_12600_4bd_2025
[2327605] Skipping (exists): e_06301090_06_12600_4bd_2025
[2327605] Skipping (exists): e_06331090_06_12600_4bd_2025
[2327605] Skipping (exists): e_06361090_06_12600_4bd_2025
[2327605] Skipping (exists): e_06391090_06_12600_4bd_2025
[2327605] Skipping (exists): e_06421090_06_12600_4bd_2025
[2327605] Skipping (exists): e_06451090_06_12600_4bd_2025
[2327605] Skipping (exists): e_06481090_06_12600_4bd_2025
[2327605] Skipping (exists): e_06511090_06_12600_4bd_2025
[2327605] Skipping (exists): e_06571090_06_12600_4bd_2025
[2327605] Skipping (exists): e_06601090_06_12600_4bd_2025
[2327605] Skipping (exists): e_06631090_06_12600_4bd_2025
[2327605] Skipping (exists): e_06661090_06_12600_4bd_2025
[2327605] Skipping (exists): e_06691090_06_12600_4bd_2025
[2327605] Skipping (exists): e_06721090_06_12600_4bd_2025
[2327605] Skipping (exists): e_06061092_06_12600_4bd_2025
[2327605] Skipping (exists): e_06091092_06_12600_4bd_2025
[2327605] Skipping (exists): e_06121092_06_12600_4bd_2025
[2327605] Skipping (exists): e_06151092_06_12600_4bd_2025
[2327605] Skipping (exists): e_06181092_06_12600_4bd_2025
[2327605] Skipping (exists): e_06211092_06_12600_4bd_2025
[2327605] Skipping (exists): e_06241092_06_12600_4bd_2025
[2327605] Skipping (exists): e_06271092_06_12600_4bd_2025
[2327605] Skipping (exists): e_06301092_06_12600_4bd_2025
[2327605] Skipping (exists): e_06331092_06_12600_4bd_2025
[2327605] Skipping (exists): e_06361092_06_12600_4bd_2025
[2327605] Skipping (exists): e_06391092_06_12600_4bd_2025
[2327605] Skipping (exists): e_06421092_06_12600_4bd_2025
[2327605] Skipping (exists): e_06451092_06_12600_4bd_2025
[2327605] Skipping (exists): e_06481092_06_12600_4bd_2025
[2327605] Skipping (exists): e_06511092_06_12600_4bd_2025
[2327605] Skipping (exists): e_06541092_06_12600_4bd_2025
[2327605] Skipping (exists): e_06571092_06_12600_4bd_2025
[2327605] Skipping (exists): e_06601092_06_12600_4bd_2025
[2327605] Skipping (exists): e_06631092_06_12600_4bd_2025
[2327605] Skipping (exists): e_06661092_06_12600_4bd_2025
[2327605] Skipping (exists): e_06691092_06_12600_4bd_2025
[2327605] Skipping (exists): e_06721092_06_12600_4bd_2025
[2327605] Skipping (exists): e_06091094_06_12600_4bd_2025
[2327605] Skipping (exists): e_06121094_06_12600_4bd_2025
[2327605] Skipping (exists): e_06151094_06_12600_4bd_2025
[2327605] Skipping (exists): e_06181094_06_12600_4bd_2025
[2327605] Skipping (exists): e_06211094_06_12600_4bd_2025
[2327605] Skipping (exists): e_06241094_06_12600_4bd_2025
[2327605] Skipping (exists): e_06271094_06_12600_4bd_2025
[2327605] Skipping (exists): e_06301094_06_12600_4bd_2025
[2327605] Skipping (exists): e_06331094_06_12600_4bd_2025
[2327605] Skipping (exists): e_06361094_06_12600_4bd_2025
[2327605] Skipping (exists): e_06391094_06_12600_4bd_2025
[2327605] Skipping (exists): e_06421094_06_12600_4bd_2025
[2327605] Skipping (exists): e_06451094_06_12600_4bd_2025
[2327605] Skipping (exists): e_06481094_06_12600_4bd_2025
[2327605] Skipping (exists): e_06511094_06_12600_4bd_2025
[2327605] Skipping (exists): e_06541094_06_12600_4bd_2025
[2327605] Skipping (exists): e_06571094_06_12600_4bd_2025
[2327605] Skipping (exists): e_06601094_06_12600_4bd_2025
[2327605] Skipping (exists): e_06631094_06_12600_4bd_2025
[2327605] Skipping (exists): e_06661094_06_12600_4bd_2025
[2327605] Skipping (exists): e_06691094_06_12600_4bd_2025
[2327605] Skipping (exists): e_06721094_06_12600_4bd_2025
[2327605] Skipping (exists): e_06751094_06_12600_4bd_2025
[2327605] Skipping (exists): e_06091096_06_12600_4bd_2025
[2327605] Skipping (exists): e_06121096_06_12600_4bd_2025
[2327605] Skipping (exists): e_06151096_06_12600_4bd_2025
[2327605] Skipping (exists): e_06181096_06_12600_4bd_2025
[2327605] Skipping (exists): e_06211096_06_12600_4bd_2025
[2327605] Skipping (exists): e_06241096_06_12600_4bd_2025
[2327605] Skipping (exists): e_06271096_06_12600_4bd_2025
[2327605] Skipping (exists): e_06301096_06_12600_4bd_2025
[2327605] Skipping (exists): e_06331096_06_12600_4bd_2025
[2327605] Skipping (exists): e_06361096_06_12600_4bd_2025
[2327605] Skipping (exists): e_06391096_06_12600_4bd_2025
[2327605] Skipping (exists): e_06421096_06_12600_4bd_2025
[2327605] Skipping (exists): e_06451096_06_12600_4bd_2025
[2327605] Skipping (exists): e_06481096_06_12600_4bd_2025
[2327605] Skipping (exists): e_06511096_06_12600_4bd_2025
[2327605] Skipping (exists): e_06541096_06_12600_4bd_2025
[2327605] Skipping (exists): e_06601096_06_12600_4bd_2025
[2327605] Skipping (exists): e_06631096_06_12600_4bd_2025
[2327605] Skipping (exists): e_06661096_06_12600_4bd_2025
[2327605] Skipping (exists): e_06691096_06_12600_4bd_2025
[2327605] Skipping (exists): e_06721096_06_12600_4bd_2025
[2327605] Skipping (exists): e_06121098_06_12600_4bd_2025
[2327605] Skipping (exists): e_06151098_06_12600_4bd_2025
[2327605] Skipping (exists): e_06181098_06_12600_4bd_2025
[2327605] Skipping (exists): e_06211098_06_12600_4bd_2025
[2327605] Skipping (exists): e_06241098_06_12600_4bd_2025
[2327605] Skipping (exists): e_06271098_06_12600_4bd_2025
[2327605] Skipping (exists): e_06301098_06_12600_4bd_2025
[2327605] Skipping (exists): e_06331098_06_12600_4bd_2025
[2327605] Skipping (exists): e_06361098_06_12600_4bd_2025
[2327605] Skipping (exists): e_06391098_06_12600_4bd_2025
[2327605] Skipping (exists): e_06421098_06_12600_4bd_2025
[2327605] Skipping (exists): e_06451098_06_12600_4bd_2025
[2327605] Skipping (exists): e_06481098_06_12600_4bd_2025
[2327605] Skipping (exists): e_06511098_06_12600_4bd_2025
[2327605] Skipping (exists): e_06541098_06_12600_4bd_2025
[2327605] Skipping (exists): e_06601098_06_12600_4bd_2025
[2327605] Skipping (exists): e_06631098_06_12600_4bd_2025
[2327605] Skipping (exists): e_06661098_06_12600_4bd_2025
[2327605] Skipping (exists): e_06691098_06_12600_4bd_2025
[2327605] Skipping (exists): e_06721098_06_12600_4bd_2025
[2327605] Skipping (exists): e_06121100_06_12600_4bd_2025
[2327605] Skipping (exists): e_06151100_06_12600_4bd_2025
[2327605] Skipping (exists): e_06181100_06_12600_4bd_2025
[2327605] Skipping (exists): e_06211100_06_12600_4bd_2025
[2327605] Skipping (exists): e_06241100_06_12600_4bd_2025
[2327605] Skipping (exists): e_06271100_06_12600_4bd_2025
[2327605] Skipping (exists): e_06301100_06_12600_4bd_2025
[2327605] Skipping (exists): e_06331100_06_12600_4bd_2025
[2327605] Skipping (exists): e_06361100_06_12600_4bd_2025
[2327605] Skipping (exists): e_06391100_06_12600_4bd_2025
[2327605] Skipping (exists): e_06421100_06_12600_4bd_2025
[2327605] Skipping (exists): e_06451100_06_12600_4bd_2025
[2327605] Skipping (exists): e_06481100_06_12600_4bd_2025
[2327605] Skipping (exists): e_06511100_06_12600_4bd_2025
[2327605] Skipping (exists): e_06541100_06_12600_4bd_2025
[2327605] Skipping (exists): e_06661100_06_12600_4bd_2025
[2327605] Skipping (exists): e_06691100_06_12600_4bd_2025
[2327605] Skipping (exists): e_06721100_06_12600_4bd_2025
[2327605] Skipping (exists): e_06151102_06_12600_4bd_2025
[2327605] Skipping (exists): e_06181102_06_12600_4bd_2025
[2327605] Skipping (exists): e_06211102_06_12600_4bd_2025
[2327605] Skipping (exists): e_06241102_06_12600_4bd_2025
[2327605] Skipping (exists): e_06271102_06_12600_4bd_2025
[2327605] Skipping (exists): e_06301102_06_12600_4bd_2025
[2327605] Skipping (exists): e_06331102_06_12600_4bd_2025
[2327605] Skipping (exists): e_06361102_06_12600_4bd_2025
[2327605] Skipping (exists): e_06391102_06_12600_4bd_2025
[2327605] Skipping (exists): e_06421102_06_12600_4bd_2025
[2327605] Skipping (exists): e_06451102_06_12600_4bd_2025
[2327605] Skipping (exists): e_06481102_06_12600_4bd_2025
[2327605] Skipping (exists): e_06511102_06_12600_4bd_2025
[2327605] Skipping (exists): e_06541102_06_12600_4bd_2025
[2327605] Skipping (exists): e_06691102_06_12600_4bd_2025
[2327605] Skipping (exists): e_06721102_06_12600_4bd_2025
[2327605] Skipping (exists): e_06181104_06_12600_4bd_2025
[2327605] Skipping (exists): e_06211104_06_12600_4bd_2025
[2327605] Skipping (exists): e_06241104_06_12600_4bd_2025
[2327605] Skipping (exists): e_06271104_06_12600_4bd_2025
[2327605] Skipping (exists): e_06301104_06_12600_4bd_2025
[2327605] Skipping (exists): e_06331104_06_12600_4bd_2025
[2327605] Skipping (exists): e_06361104_06_12600_4bd_2025
[2327605] Skipping (exists): e_06391104_06_12600_4bd_2025
[2327605] Skipping (exists): e_06421104_06_12600_4bd_2025
[2327605] Skipping (exists): e_06451104_06_12600_4bd_2025
[2327605] Skipping (exists): e_06481104_06_12600_4bd_2025
[2327605] Skipping (exists): e_06511104_06_12600_4bd_2025
[2327605] Skipping (exists): e_06541104_06_12600_4bd_2025
[2327605] Skipping (exists): e_06691104_06_12600_4bd_2025
[2327605] Skipping (exists): e_06721104_06_12600_4bd_2025
[2327605] Skipping (exists): e_06211106_06_12600_4bd_2025
[2327605] Skipping (exists): e_06241106_06_12600_4bd_2025
[2327605] Skipping (exists): e_06271106_06_12600_4bd_2025
[2327605] Skipping (exists): e_06301106_06_12600_4bd_2025
[2327605] Skipping (exists): e_06331106_06_12600_4bd_2025
[2327605] Skipping (exists): e_06361106_06_12600_4bd_2025
[2327605] Skipping (exists): e_06391106_06_12600_4bd_2025
[2327605] Skipping (exists): e_06421106_06_12600_4bd_2025
[2327605] Skipping (exists): e_06451106_06_12600_4bd_2025
[2327605] Skipping (exists): e_06481106_06_12600_4bd_2025
[2327605] Skipping (exists): e_06511106_06_12600_4bd_2025
[2327605] Skipping (exists): e_06541106_06_12600_4bd_2025
[2327605] Skipping (exists): e_06271108_06_12600_4bd_2025
[2327605] Skipping (exists): e_06331108_06_12600_4bd_2025
[2327605] Skipping (exists): e_06361108_06_12600_4bd_2025
[2327605] Skipping (exists): e_06391108_06_12600_4bd_2025
[2327605] Skipping (exists): e_06421108_06_12600_4bd_2025
[2327605] Skipping (exists): e_06451108_06_12600_4bd_2025
[2327605] Skipping (exists): e_06481108_06_12600_4bd_2025
[2327605] Skipping (exists): e_06511108_06_12600_4bd_2025
[2327605] Skipping (exists): e_06541108_06_12600_4bd_2025
[2327605] Skipping (exists): e_06331110_06_12600_4bd_2025
[2327605] Skipping (exists): e_06361110_06_12600_4bd_2025
[2327605] Skipping (exists): e_06391110_06_12600_4bd_2025
[2327605] Skipping (exists): e_06421110_06_12600_4bd_2025
[2327605] Skipping (exists): e_06451110_06_12600_4bd_2025
[2327605] Skipping (exists): e_06481110_06_12600_4bd_2025
[2327605] Skipping (exists): e_06511110_06_12600_4bd_2025
[2327605] Skipping (exists): e_06541110_06_12600_4bd_2025
[2327605] Skipping (exists): e_06571110_06_12600_4bd_2025
[2327605] Skipping (exists): e_06331112_06_12600_4bd_2025
[2327605] Skipping (exists): e_06361112_06_12600_4bd_2025
[2327605] Skipping (exists): e_06391112_06_12600_4bd_2025
[2327605] Skipping (exists): e_06421112_06_12600_4bd_2025
[2327605] Skipping (exists): e_06451112_06_12600_4bd_2025
[2327605] Skipping (exists): e_06481112_06_12600_4bd_2025
[2327605] Skipping (exists): e_06511112_06_12600_4bd_2025
[2327605] Skipping (exists): e_06541112_06_12600_4bd_2025
[2327605] Skipping (exists): e_06571112_06_12600_4bd_2025
[2327605] Skipping (exists): e_06601112_06_12600_4bd_2025
[2327605] Skipping (exists): e_06331114_06_12600_4bd_2025
[2327605] Skipping (exists): e_06361114_06_12600_4bd_2025
[2327605] Skipping (exists): e_06391114_06_12600_4bd_2025
[2327605] Skipping (exists): e_06421114_06_12600_4bd_2025
[2327605] Skipping (exists): e_06451114_06_12600_4bd_2025
[2327605] Skipping (exists): e_06481114_06_12600_4bd_2025
[2327605] Skipping (exists): e_06511114_06_12600_4bd_2025
[2327605] Skipping (exists): e_06541114_06_12600_4bd_2025
[2327605] Skipping (exists): e_06571114_06_12600_4bd_2025
[2327605] Skipping (exists): e_06601114_06_12600_4bd_2025
[2327605] Skipping (exists): e_06331116_06_12600_4bd_2025
[2327605] Skipping (exists): e_06361116_06_12600_4bd_2025
[2327605] Skipping (exists): e_06391116_06_12600_4bd_2025
[2327605] Skipping (exists): e_06421116_06_12600_4bd_2025
[2327605] Skipping (exists): e_06451116_06_12600_4bd_2025
[2327605] Skipping (exists): e_06481116_06_12600_4bd_2025
[2327605] Skipping (exists): e_06511116_06_12600_4bd_2025
[2327605] Skipping (exists): e_06541116_06_12600_4bd_2025
[2327605] Skipping (exists): e_06571116_06_12600_4bd_2025
[2327605] Skipping (exists): e_06601116_06_12600_4bd_2025
[2327605] Skipping (exists): e_06331118_06_12600_4bd_2025
[2327605] Skipping (exists): e_06361118_06_12600_4bd_2025
[2327605] Skipping (exists): e_06391118_06_12600_4bd_2025
[2327605] Skipping (exists): e_06421118_06_12600_4bd_2025
[2327605] Skipping (exists): e_06451118_06_12600_4bd_2025
[2327605] Skipping (exists): e_06511118_06_12600_4bd_2025
[2327605] Skipping (exists): e_06541118_06_12600_4bd_2025
[2327605] Skipping (exists): e_06571118_06_12600_4bd_2025
[2327605] Skipping (exists): e_06601118_06_12600_4bd_2025
[2327605] Skipping (exists): e_06331120_06_12600_4bd_2025
[2327605] Skipping (exists): e_06361120_06_12600_4bd_2025
[2327605] Skipping (exists): e_06391120_06_12600_4bd_2025
[2327605] Skipping (exists): e_06421120_06_12600_4bd_2025
[2327605] Skipping (exists): e_06451120_06_12600_4bd_2025
[2327605] Skipping (exists): e_06541120_06_12600_4bd_2025
[2327605] Skipping (exists): e_06571120_06_12600_4bd_2025
[2327605] Skipping (exists): e_06601120_06_12600_4bd_2025
[2327605] Skipping (exists): e_06331122_06_12600_4bd_2025
[2327605] Skipping (exists): e_06361122_06_12600_4bd_2025
[2327605] Skipping (exists): e_06391122_06_12600_4bd_2025
[2327605] Skipping (exists): e_06421122_06_12600_4bd_2025
[2327605] Skipping (exists): e_06451122_06_12600_4bd_2025
[2327605] Skipping (exists): e_06571122_06_12600_4bd_2025
[2327605] Skipping (exists): e_06601122_06_12600_4bd_2025
[2327605] Skipping (exists): e_06331124_06_12600_4bd_2025
[2327605] Skipping (exists): e_06361124_06_12600_4bd_2025
[2327605] Skipping (exists): e_06391124_06_12600_4bd_2025
[2327605] Skipping (exists): e_06421124_06_12600_4bd_2025
[2327605] Skipping (exists): e_06451124_06_12600_4bd_2025
[2327605] Skipping (exists): e_06361126_06_12600_4bd_2025
[2327605] Skipping (exists): e_06391126_06_12600_4bd_2025
[2327605] Skipping (exists): e_06421126_06_12600_4bd_2025

=== Done. 1352/1352 tiles processed. Imagery written to: Data/Ortho/Tiles ===
          used (Mb) gc trigger  (Mb) max used  (Mb)
Ncells 1609551 86.0    2885650 154.2  2885650 154.2
Vcells 2365706 18.1   12126898  92.6 11867300  90.6
