srun: Job 785069 step creation temporarily disabled, retrying (Requested nodes are busy)
srun: Job 785069 step creation still disabled, retrying (Requested nodes are busy)
srun: Job 785069 step creation still disabled, retrying (Requested nodes are busy)
srun: Step created for job 785069
Using libcurl 7.76.1 with OpenSSL/3.2.2
Linking to GEOS 3.13.1, GDAL 3.5.1, PROJ 8.2.0; sf_use_s2() is TRUE
WARNING: different compile-time and runtime versions for GEOS found:
Linked against: 3.13.1-CAPI-1.19.2 compiled against: 3.11.0-CAPI-1.17.0
It is probably a good idea to reinstall sf (and maybe lwgeom too)

Attaching package: ‘dplyr’

The following objects are masked from ‘package:stats’:

    filter, lag

The following objects are masked from ‘package:base’:

    intersect, setdiff, setequal, union

terra 1.9.27
WARNING: different compile-time and run-time versions of GEOS
Compiled with:3.11.0-CAPI-1.17.0
 Running with:3.13.1-CAPI-1.19.2

You should reinstall package 'terra'

=== NYS Orthoimagery Download Pipeline ===
  GPKG:     Data/NY_HUCS/NY_Cluster_Zones_250_CROP_NAomit_6347.gpkg
  Cluster:  56
  Year:     2024
  Bands:    4bd
  Output:   Data/Ortho/Tiles
  Workers:  1
  HUC12s in cluster: 5

Querying ortho tile indexes...
  Index years available for '4bd': 2008, 2009, 2010, 2011, 2012, 2013, 2014, 2015, 2016, 2017, 2018, 2020, 2021, 2022, 2023, 2024, 2025
  Querying year 2024 ...
  Matching index layers: ind24l_half_ft_4bd_nyc, ind24w_half_ft_4bd, ind24w_one_ft_4bd, ind24e_one_ft_4bd, ind24e_half_ft_4bd
  NOTE: source tiles span multiple native resolutions (half_ft, one_ft); all will be resampled to 1 m.
    layer 4: 2 bbox hits
    layer 8: 291 bbox hits
  Year 2024: 97 tiles selected
  Querying year 2025 ...
  Matching index layers: ind25e_one_ft_4bd, ind25e_half_ft_4bd, ind25c_half_ft_4bd, ind25c_one_ft_4bd
  NOTE: source tiles span multiple native resolutions (one_ft, half_ft); all will be resampled to 1 m.
    layer 1: 1365 bbox hits
  Year 2025: 497 tiles selected
  Years selected: 2024, 2025
Unique full-size tiles to process: 594
[1796783] Skipping (exists): e_06548220_06_12400_4bd_2024
[1796783] Skipping (exists): e_06578220_06_12400_4bd_2024
[1796783] Skipping (exists): e_06608220_06_12400_4bd_2024
[1796783] Skipping (exists): e_06638220_06_12400_4bd_2024
[1796783] Skipping (exists): e_06488240_06_12400_4bd_2024
[1796783] Skipping (exists): e_06518240_06_12400_4bd_2024
[1796783] Skipping (exists): e_06548240_06_12400_4bd_2024
[1796783] Skipping (exists): e_06578240_06_12400_4bd_2024
[1796783] Skipping (exists): e_06608240_06_12400_4bd_2024
[1796783] Skipping (exists): e_06638240_06_12400_4bd_2024
[1796783] Skipping (exists): e_06488260_06_12400_4bd_2024
[1796783] Skipping (exists): e_06518260_06_12400_4bd_2024
[1796783] Skipping (exists): e_06548260_06_12400_4bd_2024
[1796783] Skipping (exists): e_06578260_06_12400_4bd_2024
[1796783] Skipping (exists): e_06608260_06_12400_4bd_2024
[1796783] Skipping (exists): e_06638260_06_12400_4bd_2024
[1796783] Skipping (exists): e_06668260_06_12400_4bd_2024
[1796783] Skipping (exists): e_06458280_06_12400_4bd_2024
[1796783] Skipping (exists): e_06488280_06_12400_4bd_2024
[1796783] Skipping (exists): e_06518280_06_12400_4bd_2024
[1796783] Skipping (exists): e_06548280_06_12400_4bd_2024
[1796783] Skipping (exists): e_06578280_06_12400_4bd_2024
[1796783] Skipping (exists): e_06608280_06_12400_4bd_2024
[1796783] Skipping (exists): e_06638280_06_12400_4bd_2024
[1796783] Skipping (exists): e_06668280_06_12400_4bd_2024
[1796783] Skipping (exists): e_06488300_06_12400_4bd_2024
[1796783] Skipping (exists): e_06518300_06_12400_4bd_2024
[1796783] Skipping (exists): e_06548300_06_12400_4bd_2024
[1796783] Skipping (exists): e_06578300_06_12400_4bd_2024
[1796783] Skipping (exists): e_06608300_06_12400_4bd_2024
[1796783] Skipping (exists): e_06638300_06_12400_4bd_2024
[1796783] Skipping (exists): e_06668300_06_12400_4bd_2024
[1796783] Skipping (exists): e_06488320_06_12400_4bd_2024
[1796783] Skipping (exists): e_06518320_06_12400_4bd_2024
[1796783] Skipping (exists): e_06548320_06_12400_4bd_2024
[1796783] Skipping (exists): e_06578320_06_12400_4bd_2024
[1796783] Skipping (exists): e_06608320_06_12400_4bd_2024
[1796783] Skipping (exists): e_06638320_06_12400_4bd_2024
[1796783] Skipping (exists): e_06668320_06_12400_4bd_2024
[1796783] Skipping (exists): e_06518340_06_12400_4bd_2024
[1796783] Skipping (exists): e_06548340_06_12400_4bd_2024
[1796783] Skipping (exists): e_06578340_06_12400_4bd_2024
[1796783] Skipping (exists): e_06608340_06_12400_4bd_2024
[1796783] Skipping (exists): e_06638340_06_12400_4bd_2024
[1796783] Skipping (exists): e_06668340_06_12400_4bd_2024
[1796783] Skipping (exists): e_06548360_06_12400_4bd_2024
[1796783] Skipping (exists): e_06578360_06_12400_4bd_2024
[1796783] Skipping (exists): e_06608360_06_12400_4bd_2024
[1796783] Skipping (exists): e_06638360_06_12400_4bd_2024
[1796783] Skipping (exists): e_06668360_06_12400_4bd_2024
[1796783] Skipping (exists): e_06548380_06_12400_4bd_2024
[1796783] Skipping (exists): e_06578380_06_12400_4bd_2024
[1796783] Skipping (exists): e_06608380_06_12400_4bd_2024
[1796783] Skipping (exists): e_06638380_06_12400_4bd_2024
[1796783] Skipping (exists): e_06668380_06_12400_4bd_2024
[1796783] Skipping (exists): e_06518400_06_12400_4bd_2024
[1796783] Skipping (exists): e_06548400_06_12400_4bd_2024
[1796783] Skipping (exists): e_06578400_06_12400_4bd_2024
[1796783] Skipping (exists): e_06608400_06_12400_4bd_2024
[1796783] Skipping (exists): e_06638400_06_12400_4bd_2024
[1796783] Skipping (exists): e_06668400_06_12400_4bd_2024
[1796783] Skipping (exists): e_06518420_06_12400_4bd_2024
[1796783] Skipping (exists): e_06548420_06_12400_4bd_2024
[1796783] Skipping (exists): e_06578420_06_12400_4bd_2024
[1796783] Skipping (exists): e_06608420_06_12400_4bd_2024
[1796783] Skipping (exists): e_06638420_06_12400_4bd_2024
[1796783] Skipping (exists): e_06668420_06_12400_4bd_2024
[1796783] Skipping (exists): e_06518440_06_12400_4bd_2024
[1796783] Skipping (exists): e_06548440_06_12400_4bd_2024
[1796783] Skipping (exists): e_06578440_06_12400_4bd_2024
[1796783] Skipping (exists): e_06608440_06_12400_4bd_2024
[1796783] Skipping (exists): e_06638440_06_12400_4bd_2024
[1796783] Skipping (exists): e_06518460_06_12400_4bd_2024
[1796783] Skipping (exists): e_06548460_06_12400_4bd_2024
[1796783] Skipping (exists): e_06578460_06_12400_4bd_2024
[1796783] Skipping (exists): e_06608460_06_12400_4bd_2024
[1796783] Skipping (exists): e_06638460_06_12400_4bd_2024
[1796783] Skipping (exists): e_06518480_06_12400_4bd_2024
[1796783] Skipping (exists): e_06548480_06_12400_4bd_2024
[1796783] Skipping (exists): e_06578480_06_12400_4bd_2024
[1796783] Skipping (exists): e_06608480_06_12400_4bd_2024
[1796783] Skipping (exists): e_06638480_06_12400_4bd_2024
[1796783] Skipping (exists): e_06548500_06_12400_4bd_2024
[1796783] Skipping (exists): e_06578500_06_12400_4bd_2024
[1796783] Skipping (exists): e_06608500_06_12400_4bd_2024
[1796783] Skipping (exists): e_06638500_06_12400_4bd_2024
[1796783] Skipping (exists): e_06578520_06_12400_4bd_2024
[1796783] Skipping (exists): e_06608520_06_12400_4bd_2024
[1796783] Skipping (exists): e_06638520_06_12400_4bd_2024
[1796783] Skipping (exists): e_06578540_06_12400_4bd_2024
[1796783] Skipping (exists): e_06608540_06_12400_4bd_2024
[1796783] Skipping (exists): e_06638540_06_12400_4bd_2024
[1796783] Skipping (exists): e_06578560_06_12400_4bd_2024
[1796783] Skipping (exists): e_06608560_06_12400_4bd_2024
[1796783] Skipping (exists): e_06638560_06_12400_4bd_2024
[1796783] Skipping (exists): e_06608580_06_12400_4bd_2024
[1796783] Skipping (exists): e_06608600_06_12400_4bd_2024
[1796783] Skipping (exists): e_06570762_06_12600_4bd_2025
[1796783] Skipping (exists): e_06600762_06_12600_4bd_2025
[1796783] Skipping (exists): e_06570764_06_12600_4bd_2025
[1796783] Skipping (exists): e_06600764_06_12600_4bd_2025
[1796783] Skipping (exists): e_06630764_06_12600_4bd_2025
[1796783] Skipping (exists): e_06540766_06_12600_4bd_2025
[1796783] Skipping (exists): e_06570766_06_12600_4bd_2025
[1796783] Skipping (exists): e_06600766_06_12600_4bd_2025
[1796783] Skipping (exists): e_06630766_06_12600_4bd_2025
[1796783] Skipping (exists): e_06570768_06_12600_4bd_2025
[1796783] Skipping (exists): e_06600768_06_12600_4bd_2025
[1796783] Skipping (exists): e_06630768_06_12600_4bd_2025
[1796783] Skipping (exists): e_06660768_06_12600_4bd_2025
[1796783] Skipping (exists): e_06600770_06_12600_4bd_2025
[1796783] Skipping (exists): e_06630770_06_12600_4bd_2025
[1796783] Skipping (exists): e_06660770_06_12600_4bd_2025
[1796783] Skipping (exists): e_06600772_06_12600_4bd_2025
[1796783] Skipping (exists): e_06630772_06_12600_4bd_2025
[1796783] Skipping (exists): e_06660772_06_12600_4bd_2025
[1796783] Skipping (exists): e_06600774_06_12600_4bd_2025
[1796783] Skipping (exists): e_06630774_06_12600_4bd_2025
[1796783] Skipping (exists): e_06660774_06_12600_4bd_2025
[1796783] Skipping (exists): e_06600776_06_12600_4bd_2025
[1796783] Skipping (exists): e_06630776_06_12600_4bd_2025
[1796783] Skipping (exists): e_06660776_06_12600_4bd_2025
[1796783] Skipping (exists): e_06600778_06_12600_4bd_2025
[1796783] Skipping (exists): e_06630778_06_12600_4bd_2025
[1796783] Skipping (exists): e_06660778_06_12600_4bd_2025
[1796783] Skipping (exists): e_06600780_06_12600_4bd_2025
[1796783] Skipping (exists): e_06630780_06_12600_4bd_2025
[1796783] Skipping (exists): e_06660780_06_12600_4bd_2025
[1796783] Skipping (exists): e_06630782_06_12600_4bd_2025
[1796783] Skipping (exists): e_06660782_06_12600_4bd_2025
[1796783] Skipping (exists): e_06690782_06_12600_4bd_2025
[1796783] Skipping (exists): e_06630784_06_12600_4bd_2025
[1796783] Skipping (exists): e_06660784_06_12600_4bd_2025
[1796783] Skipping (exists): e_06690784_06_12600_4bd_2025
[1796783] Skipping (exists): e_06630786_06_12600_4bd_2025
[1796783] Skipping (exists): e_06660786_06_12600_4bd_2025
[1796783] Skipping (exists): e_06690786_06_12600_4bd_2025
[1796783] Skipping (exists): e_06660788_06_12600_4bd_2025
[1796783] Skipping (exists): e_06690788_06_12600_4bd_2025
[1796783] Skipping (exists): e_06720788_06_12600_4bd_2025
[1796783] Skipping (exists): e_06660790_06_12600_4bd_2025
[1796783] Skipping (exists): e_06690790_06_12600_4bd_2025
[1796783] Skipping (exists): e_06720790_06_12600_4bd_2025
[1796783] Skipping (exists): e_06660792_06_12600_4bd_2025
[1796783] Skipping (exists): e_06690792_06_12600_4bd_2025
[1796783] Skipping (exists): e_06720792_06_12600_4bd_2025
[1796783] Skipping (exists): e_06660794_06_12600_4bd_2025
[1796783] Skipping (exists): e_06690794_06_12600_4bd_2025
[1796783] Skipping (exists): e_06720794_06_12600_4bd_2025
[1796783] Skipping (exists): e_06750794_06_12600_4bd_2025
[1796783] Skipping (exists): e_06660796_06_12600_4bd_2025
[1796783] Skipping (exists): e_06690796_06_12600_4bd_2025
[1796783] Skipping (exists): e_06720796_06_12600_4bd_2025
[1796783] Skipping (exists): e_06750796_06_12600_4bd_2025
[1796783] Skipping (exists): e_06810796_06_12600_4bd_2025
[1796783] Skipping (exists): e_06690798_06_12600_4bd_2025
[1796783] Skipping (exists): e_06720798_06_12600_4bd_2025
[1796783] Skipping (exists): e_06750798_06_12600_4bd_2025
[1796783] Skipping (exists): e_06780798_06_12600_4bd_2025
[1796783] Skipping (exists): e_06810798_06_12600_4bd_2025
[1796783] Skipping (exists): e_06690800_06_12600_4bd_2025
[1796783] Skipping (exists): e_06720800_06_12600_4bd_2025
[1796783] Skipping (exists): e_06750800_06_12600_4bd_2025
[1796783] Skipping (exists): e_06780800_06_12600_4bd_2025
[1796783] Skipping (exists): e_06810800_06_12600_4bd_2025
[1796783] Skipping (exists): e_06720802_06_12600_4bd_2025
[1796783] Skipping (exists): e_06750802_06_12600_4bd_2025
[1796783] Skipping (exists): e_06780802_06_12600_4bd_2025
[1796783] Skipping (exists): e_06810802_06_12600_4bd_2025
[1796783] Skipping (exists): e_06720804_06_12600_4bd_2025
[1796783] Skipping (exists): e_06750804_06_12600_4bd_2025
[1796783] Skipping (exists): e_06780804_06_12600_4bd_2025
[1796783] Skipping (exists): e_06810804_06_12600_4bd_2025
[1796783] Skipping (exists): e_06720806_06_12600_4bd_2025
[1796783] Skipping (exists): e_06750806_06_12600_4bd_2025
[1796783] Skipping (exists): e_06780806_06_12600_4bd_2025
[1796783] Skipping (exists): e_06810806_06_12600_4bd_2025
[1796783] Skipping (exists): e_06750808_06_12600_4bd_2025
[1796783] Skipping (exists): e_06780808_06_12600_4bd_2025
[1796783] Skipping (exists): e_06810808_06_12600_4bd_2025
[1796783] Skipping (exists): e_06750810_06_12600_4bd_2025
[1796783] Skipping (exists): e_06780810_06_12600_4bd_2025
[1796783] Skipping (exists): e_06810810_06_12600_4bd_2025
[1796783] Skipping (exists): e_06840810_06_12600_4bd_2025
[1796783] Skipping (exists): e_07050810_06_12600_4bd_2025
[1796783] Skipping (exists): e_07080810_06_12600_4bd_2025
[1796783] Skipping (exists): e_06780812_06_12600_4bd_2025
[1796783] Skipping (exists): e_06810812_06_12600_4bd_2025
[1796783] Skipping (exists): e_06840812_06_12600_4bd_2025
[1796783] Skipping (exists): e_07020812_06_12600_4bd_2025
[1796783] Skipping (exists): e_07050812_06_12600_4bd_2025
[1796783] Skipping (exists): e_07080812_06_12600_4bd_2025
[1796783] Skipping (exists): e_06690814_06_12600_4bd_2025
[1796783] Skipping (exists): e_06720814_06_12600_4bd_2025
[1796783] Skipping (exists): e_06750814_06_12600_4bd_2025
[1796783] Skipping (exists): e_06780814_06_12600_4bd_2025
[1796783] Skipping (exists): e_06810814_06_12600_4bd_2025
[1796783] Skipping (exists): e_06840814_06_12600_4bd_2025
[1796783] Skipping (exists): e_06930814_06_12600_4bd_2025
[1796783] Skipping (exists): e_06960814_06_12600_4bd_2025
[1796783] Skipping (exists): e_06990814_06_12600_4bd_2025
[1796783] Skipping (exists): e_07020814_06_12600_4bd_2025
[1796783] Skipping (exists): e_07050814_06_12600_4bd_2025
[1796783] Skipping (exists): e_07080814_06_12600_4bd_2025
[1796783] Skipping (exists): e_06690816_06_12600_4bd_2025
[1796783] Skipping (exists): e_06720816_06_12600_4bd_2025
[1796783] Skipping (exists): e_06750816_06_12600_4bd_2025
[1796783] Skipping (exists): e_06780816_06_12600_4bd_2025
[1796783] Skipping (exists): e_06810816_06_12600_4bd_2025
[1796783] Skipping (exists): e_06840816_06_12600_4bd_2025
[1796783] Skipping (exists): e_06930816_06_12600_4bd_2025
[1796783] Skipping (exists): e_06960816_06_12600_4bd_2025
[1796783] Skipping (exists): e_06990816_06_12600_4bd_2025
[1796783] Skipping (exists): e_07020816_06_12600_4bd_2025
[1796783] Skipping (exists): e_07050816_06_12600_4bd_2025
[1796783] Skipping (exists): e_07080816_06_12600_4bd_2025
[1796783] Skipping (exists): e_06690818_06_12600_4bd_2025
[1796783] Skipping (exists): e_06720818_06_12600_4bd_2025
[1796783] Skipping (exists): e_06750818_06_12600_4bd_2025
[1796783] Skipping (exists): e_06780818_06_12600_4bd_2025
[1796783] Skipping (exists): e_06810818_06_12600_4bd_2025
[1796783] Skipping (exists): e_06840818_06_12600_4bd_2025
[1796783] Skipping (exists): e_06900818_06_12600_4bd_2025
[1796783] Skipping (exists): e_06930818_06_12600_4bd_2025
[1796783] Skipping (exists): e_06960818_06_12600_4bd_2025
[1796783] Skipping (exists): e_06990818_06_12600_4bd_2025
[1796783] Skipping (exists): e_07020818_06_12600_4bd_2025
[1796783] Skipping (exists): e_07050818_06_12600_4bd_2025
[1796783] Skipping (exists): e_07080818_06_12600_4bd_2025
[1796783] Skipping (exists): e_06660820_06_12600_4bd_2025
[1796783] Skipping (exists): e_06690820_06_12600_4bd_2025
[1796783] Skipping (exists): e_06720820_06_12600_4bd_2025
[1796783] Skipping (exists): e_06750820_06_12600_4bd_2025
[1796783] Skipping (exists): e_06780820_06_12600_4bd_2025
[1796783] Skipping (exists): e_06810820_06_12600_4bd_2025
[1796783] Skipping (exists): e_06840820_06_12600_4bd_2025
[1796783] Skipping (exists): e_06870820_06_12600_4bd_2025
[1796783] Skipping (exists): e_06900820_06_12600_4bd_2025
[1796783] Skipping (exists): e_06930820_06_12600_4bd_2025
[1796783] Skipping (exists): e_06960820_06_12600_4bd_2025
[1796783] Skipping (exists): e_06990820_06_12600_4bd_2025
[1796783] Skipping (exists): e_07020820_06_12600_4bd_2025
[1796783] Skipping (exists): e_07050820_06_12600_4bd_2025
[1796783] Skipping (exists): e_07080820_06_12600_4bd_2025
[1796783] Skipping (exists): e_06630822_06_12600_4bd_2025
[1796783] Skipping (exists): e_06660822_06_12600_4bd_2025
[1796783] Skipping (exists): e_06690822_06_12600_4bd_2025
[1796783] Skipping (exists): e_06720822_06_12600_4bd_2025
[1796783] Skipping (exists): e_06750822_06_12600_4bd_2025
[1796783] Skipping (exists): e_06780822_06_12600_4bd_2025
[1796783] Skipping (exists): e_06810822_06_12600_4bd_2025
[1796783] Skipping (exists): e_06840822_06_12600_4bd_2025
[1796783] Skipping (exists): e_06870822_06_12600_4bd_2025
[1796783] Skipping (exists): e_06900822_06_12600_4bd_2025
[1796783] Skipping (exists): e_06930822_06_12600_4bd_2025
[1796783] Skipping (exists): e_06960822_06_12600_4bd_2025
[1796783] Skipping (exists): e_06990822_06_12600_4bd_2025
[1796783] Skipping (exists): e_07020822_06_12600_4bd_2025
[1796783] Skipping (exists): e_07050822_06_12600_4bd_2025
[1796783] Skipping (exists): e_07080822_06_12600_4bd_2025
[1796783] Skipping (exists): e_06630824_06_12600_4bd_2025
[1796783] Skipping (exists): e_06660824_06_12600_4bd_2025
[1796783] Skipping (exists): e_06690824_06_12600_4bd_2025
[1796783] Skipping (exists): e_06720824_06_12600_4bd_2025
[1796783] Skipping (exists): e_06750824_06_12600_4bd_2025
[1796783] Skipping (exists): e_06780824_06_12600_4bd_2025
[1796783] Skipping (exists): e_06810824_06_12600_4bd_2025
[1796783] Skipping (exists): e_06840824_06_12600_4bd_2025
[1796783] Skipping (exists): e_06870824_06_12600_4bd_2025
[1796783] Skipping (exists): e_06900824_06_12600_4bd_2025
[1796783] Skipping (exists): e_06930824_06_12600_4bd_2025
[1796783] Skipping (exists): e_06960824_06_12600_4bd_2025
[1796783] Skipping (exists): e_06990824_06_12600_4bd_2025
[1796783] Skipping (exists): e_07020824_06_12600_4bd_2025
[1796783] Skipping (exists): e_07050824_06_12600_4bd_2025
[1796783] Skipping (exists): e_06630826_06_12600_4bd_2025
[1796783] Skipping (exists): e_06660826_06_12600_4bd_2025
[1796783] Skipping (exists): e_06690826_06_12600_4bd_2025
[1796783] Skipping (exists): e_06720826_06_12600_4bd_2025
[1796783] Skipping (exists): e_06750826_06_12600_4bd_2025
[1796783] Skipping (exists): e_06780826_06_12600_4bd_2025
[1796783] Skipping (exists): e_06810826_06_12600_4bd_2025
[1796783] Skipping (exists): e_06840826_06_12600_4bd_2025
[1796783] Skipping (exists): e_06870826_06_12600_4bd_2025
[1796783] Skipping (exists): e_06900826_06_12600_4bd_2025
[1796783] Skipping (exists): e_06930826_06_12600_4bd_2025
[1796783] Skipping (exists): e_06960826_06_12600_4bd_2025
[1796783] Skipping (exists): e_06990826_06_12600_4bd_2025
[1796783] Skipping (exists): e_07020826_06_12600_4bd_2025
[1796783] Skipping (exists): e_07050826_06_12600_4bd_2025
[1796783] Skipping (exists): e_06660828_06_12600_4bd_2025
[1796783] Skipping (exists): e_06690828_06_12600_4bd_2025
[1796783] Skipping (exists): e_06720828_06_12600_4bd_2025
[1796783] Skipping (exists): e_06750828_06_12600_4bd_2025
[1796783] Skipping (exists): e_06780828_06_12600_4bd_2025
[1796783] Skipping (exists): e_06810828_06_12600_4bd_2025
[1796783] Skipping (exists): e_06840828_06_12600_4bd_2025
[1796783] Skipping (exists): e_06870828_06_12600_4bd_2025
[1796783] Skipping (exists): e_06900828_06_12600_4bd_2025
[1796783] Skipping (exists): e_06930828_06_12600_4bd_2025
[1796783] Skipping (exists): e_06960828_06_12600_4bd_2025
[1796783] Skipping (exists): e_06990828_06_12600_4bd_2025
[1796783] Skipping (exists): e_07020828_06_12600_4bd_2025
[1796783] Skipping (exists): e_07050828_06_12600_4bd_2025
[1796783] Skipping (exists): e_06660830_06_12600_4bd_2025
[1796783] Skipping (exists): e_06690830_06_12600_4bd_2025
[1796783] Skipping (exists): e_06720830_06_12600_4bd_2025
[1796783] Skipping (exists): e_06750830_06_12600_4bd_2025
[1796783] Skipping (exists): e_06780830_06_12600_4bd_2025
[1796783] Skipping (exists): e_06810830_06_12600_4bd_2025
[1796783] Skipping (exists): e_06840830_06_12600_4bd_2025
[1796783] Skipping (exists): e_06870830_06_12600_4bd_2025
[1796783] Skipping (exists): e_06900830_06_12600_4bd_2025
[1796783] Skipping (exists): e_06930830_06_12600_4bd_2025
[1796783] Skipping (exists): e_06960830_06_12600_4bd_2025
[1796783] Skipping (exists): e_06990830_06_12600_4bd_2025
[1796783] Skipping (exists): e_07020830_06_12600_4bd_2025
[1796783] Skipping (exists): e_07050830_06_12600_4bd_2025
[1796783] Skipping (exists): e_06660832_06_12600_4bd_2025
[1796783] Skipping (exists): e_06690832_06_12600_4bd_2025
[1796783] Skipping (exists): e_06720832_06_12600_4bd_2025
[1796783] Skipping (exists): e_06750832_06_12600_4bd_2025
[1796783] Skipping (exists): e_06780832_06_12600_4bd_2025
[1796783] Skipping (exists): e_06810832_06_12600_4bd_2025
[1796783] Skipping (exists): e_06840832_06_12600_4bd_2025
[1796783] Skipping (exists): e_06870832_06_12600_4bd_2025
[1796783] Skipping (exists): e_06900832_06_12600_4bd_2025
[1796783] Skipping (exists): e_06930832_06_12600_4bd_2025
[1796783] Skipping (exists): e_06960832_06_12600_4bd_2025
[1796783] Skipping (exists): e_06990832_06_12600_4bd_2025
[1796783] Skipping (exists): e_07020832_06_12600_4bd_2025
[1796783] Skipping (exists): e_07050832_06_12600_4bd_2025
[1796783] Skipping (exists): e_07080832_06_12600_4bd_2025
[1796783] Skipping (exists): e_06660834_06_12600_4bd_2025
[1796783] Skipping (exists): e_06690834_06_12600_4bd_2025
[1796783] Skipping (exists): e_06720834_06_12600_4bd_2025
[1796783] Skipping (exists): e_06750834_06_12600_4bd_2025
[1796783] Skipping (exists): e_06780834_06_12600_4bd_2025
[1796783] Skipping (exists): e_06810834_06_12600_4bd_2025
[1796783] Skipping (exists): e_06840834_06_12600_4bd_2025
[1796783] Skipping (exists): e_06870834_06_12600_4bd_2025
[1796783] Skipping (exists): e_06900834_06_12600_4bd_2025
[1796783] Skipping (exists): e_06930834_06_12600_4bd_2025
[1796783] Skipping (exists): e_06960834_06_12600_4bd_2025
[1796783] Skipping (exists): e_06990834_06_12600_4bd_2025
[1796783] Skipping (exists): e_07020834_06_12600_4bd_2025
[1796783] Skipping (exists): e_07050834_06_12600_4bd_2025
[1796783] Skipping (exists): e_07080834_06_12600_4bd_2025
[1796783] Skipping (exists): e_06660836_06_12600_4bd_2025
[1796783] Skipping (exists): e_06690836_06_12600_4bd_2025
[1796783] Skipping (exists): e_06720836_06_12600_4bd_2025
[1796783] Skipping (exists): e_06750836_06_12600_4bd_2025
[1796783] Skipping (exists): e_06780836_06_12600_4bd_2025
[1796783] Skipping (exists): e_06810836_06_12600_4bd_2025
[1796783] Skipping (exists): e_06840836_06_12600_4bd_2025
[1796783] Skipping (exists): e_06870836_06_12600_4bd_2025
[1796783] Skipping (exists): e_06900836_06_12600_4bd_2025
[1796783] Skipping (exists): e_06930836_06_12600_4bd_2025
[1796783] Skipping (exists): e_06960836_06_12600_4bd_2025
[1796783] Skipping (exists): e_06990836_06_12600_4bd_2025
[1796783] Skipping (exists): e_07020836_06_12600_4bd_2025
[1796783] Skipping (exists): e_07050836_06_12600_4bd_2025
[1796783] Skipping (exists): e_06660838_06_12600_4bd_2025
[1796783] Skipping (exists): e_06690838_06_12600_4bd_2025
[1796783] Skipping (exists): e_06720838_06_12600_4bd_2025
[1796783] Skipping (exists): e_06750838_06_12600_4bd_2025
[1796783] Skipping (exists): e_06780838_06_12600_4bd_2025
[1796783] Skipping (exists): e_06810838_06_12600_4bd_2025
[1796783] Skipping (exists): e_06840838_06_12600_4bd_2025
[1796783] Skipping (exists): e_06870838_06_12600_4bd_2025
[1796783] Skipping (exists): e_06900838_06_12600_4bd_2025
[1796783] Skipping (exists): e_06930838_06_12600_4bd_2025
[1796783] Skipping (exists): e_06960838_06_12600_4bd_2025
[1796783] Skipping (exists): e_06990838_06_12600_4bd_2025
[1796783] Skipping (exists): e_07020838_06_12600_4bd_2025
[1796783] Skipping (exists): e_06660840_06_12600_4bd_2025
[1796783] Skipping (exists): e_06690840_06_12600_4bd_2025
[1796783] Skipping (exists): e_06720840_06_12600_4bd_2025
[1796783] Skipping (exists): e_06750840_06_12600_4bd_2025
[1796783] Skipping (exists): e_06780840_06_12600_4bd_2025
[1796783] Skipping (exists): e_06810840_06_12600_4bd_2025
[1796783] Skipping (exists): e_06840840_06_12600_4bd_2025
[1796783] Skipping (exists): e_06870840_06_12600_4bd_2025
[1796783] Skipping (exists): e_06900840_06_12600_4bd_2025
[1796783] Skipping (exists): e_06930840_06_12600_4bd_2025
[1796783] Skipping (exists): e_06960840_06_12600_4bd_2025
[1796783] Skipping (exists): e_06990840_06_12600_4bd_2025
[1796783] Skipping (exists): e_07020840_06_12600_4bd_2025
[1796783] Skipping (exists): e_06630842_06_12600_4bd_2025
[1796783] Skipping (exists): e_06660842_06_12600_4bd_2025
[1796783] Skipping (exists): e_06690842_06_12600_4bd_2025
[1796783] Skipping (exists): e_06720842_06_12600_4bd_2025
[1796783] Skipping (exists): e_06750842_06_12600_4bd_2025
[1796783] Skipping (exists): e_06780842_06_12600_4bd_2025
[1796783] Skipping (exists): e_06810842_06_12600_4bd_2025
[1796783] Skipping (exists): e_06840842_06_12600_4bd_2025
[1796783] Skipping (exists): e_06870842_06_12600_4bd_2025
[1796783] Skipping (exists): e_06900842_06_12600_4bd_2025
[1796783] Skipping (exists): e_06930842_06_12600_4bd_2025
[1796783] Skipping (exists): e_06960842_06_12600_4bd_2025
[1796783] Skipping (exists): e_06990842_06_12600_4bd_2025
[1796783] Skipping (exists): e_07020842_06_12600_4bd_2025
[1796783] Skipping (exists): e_06630844_06_12600_4bd_2025
[1796783] Skipping (exists): e_06660844_06_12600_4bd_2025
[1796783] Skipping (exists): e_06690844_06_12600_4bd_2025
[1796783] Skipping (exists): e_06720844_06_12600_4bd_2025
[1796783] Skipping (exists): e_06750844_06_12600_4bd_2025
[1796783] Skipping (exists): e_06780844_06_12600_4bd_2025
[1796783] Skipping (exists): e_06810844_06_12600_4bd_2025
[1796783] Skipping (exists): e_06840844_06_12600_4bd_2025
[1796783] Skipping (exists): e_06870844_06_12600_4bd_2025
[1796783] Skipping (exists): e_06900844_06_12600_4bd_2025
[1796783] Skipping (exists): e_06930844_06_12600_4bd_2025
[1796783] Skipping (exists): e_06960844_06_12600_4bd_2025
[1796783] Skipping (exists): e_06990844_06_12600_4bd_2025
[1796783] Skipping (exists): e_07020844_06_12600_4bd_2025
[1796783] Skipping (exists): e_07050844_06_12600_4bd_2025
[1796783] Skipping (exists): e_06630846_06_12600_4bd_2025
[1796783] Skipping (exists): e_06660846_06_12600_4bd_2025
[1796783] Skipping (exists): e_06690846_06_12600_4bd_2025
[1796783] Skipping (exists): e_06720846_06_12600_4bd_2025
[1796783] Skipping (exists): e_06750846_06_12600_4bd_2025
[1796783] Skipping (exists): e_06780846_06_12600_4bd_2025
[1796783] Skipping (exists): e_06810846_06_12600_4bd_2025
[1796783] Skipping (exists): e_06840846_06_12600_4bd_2025
[1796783] Skipping (exists): e_06870846_06_12600_4bd_2025
[1796783] Skipping (exists): e_06900846_06_12600_4bd_2025
[1796783] Skipping (exists): e_06930846_06_12600_4bd_2025
[1796783] Skipping (exists): e_06960846_06_12600_4bd_2025
[1796783] Skipping (exists): e_06990846_06_12600_4bd_2025
[1796783] Skipping (exists): e_07020846_06_12600_4bd_2025
[1796783] Skipping (exists): e_07050846_06_12600_4bd_2025
[1796783] Skipping (exists): e_07080846_06_12600_4bd_2025
[1796783] Skipping (exists): e_06630848_06_12600_4bd_2025
[1796783] Skipping (exists): e_06660848_06_12600_4bd_2025
[1796783] Skipping (exists): e_06690848_06_12600_4bd_2025
[1796783] Skipping (exists): e_06720848_06_12600_4bd_2025
[1796783] Skipping (exists): e_06750848_06_12600_4bd_2025
[1796783] Skipping (exists): e_06780848_06_12600_4bd_2025
[1796783] Skipping (exists): e_06810848_06_12600_4bd_2025
[1796783] Skipping (exists): e_06840848_06_12600_4bd_2025
[1796783] Skipping (exists): e_06870848_06_12600_4bd_2025
[1796783] Skipping (exists): e_06900848_06_12600_4bd_2025
[1796783] Skipping (exists): e_06930848_06_12600_4bd_2025
[1796783] Skipping (exists): e_06960848_06_12600_4bd_2025
[1796783] Skipping (exists): e_06990848_06_12600_4bd_2025
[1796783] Skipping (exists): e_07020848_06_12600_4bd_2025
[1796783] Skipping (exists): e_07050848_06_12600_4bd_2025
[1796783] Skipping (exists): e_07080848_06_12600_4bd_2025
[1796783] Skipping (exists): e_07110848_06_12600_4bd_2025
[1796783] Skipping (exists): e_06630850_06_12600_4bd_2025
[1796783] Skipping (exists): e_06660850_06_12600_4bd_2025
[1796783] Skipping (exists): e_06690850_06_12600_4bd_2025
[1796783] Skipping (exists): e_06720850_06_12600_4bd_2025
[1796783] Skipping (exists): e_06750850_06_12600_4bd_2025
[1796783] Skipping (exists): e_06780850_06_12600_4bd_2025
[1796783] Skipping (exists): e_06810850_06_12600_4bd_2025
[1796783] Skipping (exists): e_06840850_06_12600_4bd_2025
[1796783] Skipping (exists): e_06870850_06_12600_4bd_2025
[1796783] Skipping (exists): e_06900850_06_12600_4bd_2025
[1796783] Skipping (exists): e_06930850_06_12600_4bd_2025
[1796783] Skipping (exists): e_06960850_06_12600_4bd_2025
[1796783] Skipping (exists): e_06990850_06_12600_4bd_2025
[1796783] Skipping (exists): e_07020850_06_12600_4bd_2025
[1796783] Skipping (exists): e_07050850_06_12600_4bd_2025
[1796783] Skipping (exists): e_07080850_06_12600_4bd_2025
[1796783] Skipping (exists): e_07110850_06_12600_4bd_2025
[1796783] Skipping (exists): e_06630852_06_12600_4bd_2025
[1796783] Skipping (exists): e_06660852_06_12600_4bd_2025
[1796783] Skipping (exists): e_06690852_06_12600_4bd_2025
[1796783] Skipping (exists): e_06720852_06_12600_4bd_2025
[1796783] Skipping (exists): e_06750852_06_12600_4bd_2025
[1796783] Skipping (exists): e_06780852_06_12600_4bd_2025
[1796783] Skipping (exists): e_06810852_06_12600_4bd_2025
[1796783] Skipping (exists): e_06840852_06_12600_4bd_2025
[1796783] Skipping (exists): e_06870852_06_12600_4bd_2025
[1796783] Skipping (exists): e_06900852_06_12600_4bd_2025
[1796783] Skipping (exists): e_06930852_06_12600_4bd_2025
[1796783] Skipping (exists): e_06960852_06_12600_4bd_2025
[1796783] Skipping (exists): e_06990852_06_12600_4bd_2025
[1796783] Skipping (exists): e_07020852_06_12600_4bd_2025
[1796783] Skipping (exists): e_07050852_06_12600_4bd_2025
[1796783] Skipping (exists): e_07080852_06_12600_4bd_2025
[1796783] Skipping (exists): e_07110852_06_12600_4bd_2025
[1796783] Skipping (exists): e_06630854_06_12600_4bd_2025
[1796783] Skipping (exists): e_06660854_06_12600_4bd_2025
[1796783] Skipping (exists): e_06690854_06_12600_4bd_2025
[1796783] Skipping (exists): e_06720854_06_12600_4bd_2025
[1796783] Skipping (exists): e_06750854_06_12600_4bd_2025
[1796783] Skipping (exists): e_06780854_06_12600_4bd_2025
[1796783] Skipping (exists): e_06810854_06_12600_4bd_2025
[1796783] Skipping (exists): e_06840854_06_12600_4bd_2025
[1796783] Skipping (exists): e_06870854_06_12600_4bd_2025
[1796783] Skipping (exists): e_06900854_06_12600_4bd_2025
[1796783] Skipping (exists): e_06930854_06_12600_4bd_2025
[1796783] Skipping (exists): e_06960854_06_12600_4bd_2025
[1796783] Skipping (exists): e_06990854_06_12600_4bd_2025
[1796783] Skipping (exists): e_07020854_06_12600_4bd_2025
[1796783] Skipping (exists): e_07050854_06_12600_4bd_2025
[1796783] Skipping (exists): e_07080854_06_12600_4bd_2025
[1796783] Skipping (exists): e_07110854_06_12600_4bd_2025
[1796783] Skipping (exists): e_07140854_06_12600_4bd_2025
[1796783] Skipping (exists): e_06660856_06_12600_4bd_2025
[1796783] Skipping (exists): e_06690856_06_12600_4bd_2025
[1796783] Skipping (exists): e_06720856_06_12600_4bd_2025
[1796783] Skipping (exists): e_06750856_06_12600_4bd_2025
[1796783] Skipping (exists): e_06780856_06_12600_4bd_2025
[1796783] Skipping (exists): e_06810856_06_12600_4bd_2025
[1796783] Skipping (exists): e_06840856_06_12600_4bd_2025
[1796783] Skipping (exists): e_06870856_06_12600_4bd_2025
[1796783] Skipping (exists): e_06900856_06_12600_4bd_2025
[1796783] Skipping (exists): e_06930856_06_12600_4bd_2025
[1796783] Skipping (exists): e_06960856_06_12600_4bd_2025
[1796783] Skipping (exists): e_06990856_06_12600_4bd_2025
[1796783] Skipping (exists): e_07020856_06_12600_4bd_2025
[1796783] Skipping (exists): e_07050856_06_12600_4bd_2025
[1796783] Skipping (exists): e_07080856_06_12600_4bd_2025
[1796783] Skipping (exists): e_07110856_06_12600_4bd_2025
[1796783] Skipping (exists): e_07140856_06_12600_4bd_2025
[1796783] Skipping (exists): e_06690858_06_12600_4bd_2025
[1796783] Skipping (exists): e_06720858_06_12600_4bd_2025
[1796783] Skipping (exists): e_06750858_06_12600_4bd_2025
[1796783] Skipping (exists): e_06780858_06_12600_4bd_2025
[1796783] Skipping (exists): e_06810858_06_12600_4bd_2025
[1796783] Skipping (exists): e_06930858_06_12600_4bd_2025
[1796783] Skipping (exists): e_06960858_06_12600_4bd_2025
[1796783] Skipping (exists): e_06990858_06_12600_4bd_2025
[1796783] Skipping (exists): e_07020858_06_12600_4bd_2025
[1796783] Skipping (exists): e_07050858_06_12600_4bd_2025
[1796783] Skipping (exists): e_07080858_06_12600_4bd_2025
[1796783] Skipping (exists): e_07110858_06_12600_4bd_2025
[1796783] Skipping (exists): e_07140858_06_12600_4bd_2025
[1796783] Skipping (exists): e_06690860_06_12600_4bd_2025
[1796783] Skipping (exists): e_06720860_06_12600_4bd_2025
[1796783] Skipping (exists): e_06750860_06_12600_4bd_2025
[1796783] Skipping (exists): e_06780860_06_12600_4bd_2025
[1796783] Skipping (exists): e_06810860_06_12600_4bd_2025
[1796783] Skipping (exists): e_06930860_06_12600_4bd_2025
[1796783] Skipping (exists): e_06960860_06_12600_4bd_2025
[1796783] Skipping (exists): e_06990860_06_12600_4bd_2025
[1796783] Skipping (exists): e_07020860_06_12600_4bd_2025
[1796783] Skipping (exists): e_07050860_06_12600_4bd_2025
[1796783] Skipping (exists): e_07080860_06_12600_4bd_2025
[1796783] Skipping (exists): e_07110860_06_12600_4bd_2025
[1796783] Skipping (exists): e_07140860_06_12600_4bd_2025
[1796783] Skipping (exists): e_06750862_06_12600_4bd_2025
[1796783] Skipping (exists): e_06780862_06_12600_4bd_2025
[1796783] Skipping (exists): e_06960862_06_12600_4bd_2025
[1796783] Skipping (exists): e_06990862_06_12600_4bd_2025
[1796783] Skipping (exists): e_07020862_06_12600_4bd_2025
[1796783] Skipping (exists): e_07050862_06_12600_4bd_2025
[1796783] Skipping (exists): e_07080862_06_12600_4bd_2025
[1796783] Skipping (exists): e_07110862_06_12600_4bd_2025
[1796783] Skipping (exists): e_07140862_06_12600_4bd_2025
[1796783] Skipping (exists): e_06930864_06_12600_4bd_2025
[1796783] Skipping (exists): e_06960864_06_12600_4bd_2025
[1796783] Skipping (exists): e_06990864_06_12600_4bd_2025
[1796783] Skipping (exists): e_07020864_06_12600_4bd_2025
[1796783] Skipping (exists): e_07050864_06_12600_4bd_2025
[1796783] Skipping (exists): e_07080864_06_12600_4bd_2025
[1796783] Skipping (exists): e_07110864_06_12600_4bd_2025
[1796783] Skipping (exists): e_06930866_06_12600_4bd_2025
[1796783] Skipping (exists): e_06960866_06_12600_4bd_2025
[1796783] Skipping (exists): e_06990866_06_12600_4bd_2025
[1796783] Skipping (exists): e_07020866_06_12600_4bd_2025
[1796783] Skipping (exists): e_07050866_06_12600_4bd_2025
[1796783] Skipping (exists): e_07080866_06_12600_4bd_2025
[1796783] Skipping (exists): e_07110866_06_12600_4bd_2025
[1796783] Skipping (exists): e_06930868_06_12600_4bd_2025
[1796783] Skipping (exists): e_06960868_06_12600_4bd_2025
[1796783] Skipping (exists): e_06990868_06_12600_4bd_2025
[1796783] Skipping (exists): e_07020868_06_12600_4bd_2025
[1796783] Skipping (exists): e_07050868_06_12600_4bd_2025
[1796783] Skipping (exists): e_07080868_06_12600_4bd_2025
[1796783] Skipping (exists): e_07110868_06_12600_4bd_2025
[1796783] Skipping (exists): e_06930870_06_12600_4bd_2025
[1796783] Skipping (exists): e_06960870_06_12600_4bd_2025
[1796783] Skipping (exists): e_06990870_06_12600_4bd_2025
[1796783] Skipping (exists): e_07020870_06_12600_4bd_2025
[1796783] Skipping (exists): e_07050870_06_12600_4bd_2025
[1796783] Skipping (exists): e_07080870_06_12600_4bd_2025
[1796783] Skipping (exists): e_06960872_06_12600_4bd_2025
[1796783] Skipping (exists): e_06990872_06_12600_4bd_2025
[1796783] Skipping (exists): e_07020872_06_12600_4bd_2025
[1796783] Skipping (exists): e_07050872_06_12600_4bd_2025
[1796783] Skipping (exists): e_07080872_06_12600_4bd_2025
[1796783] Skipping (exists): e_06960874_06_12600_4bd_2025
[1796783] Skipping (exists): e_06990874_06_12600_4bd_2025
[1796783] Skipping (exists): e_07020874_06_12600_4bd_2025
[1796783] Skipping (exists): e_07050874_06_12600_4bd_2025
[1796783] Skipping (exists): e_07080874_06_12600_4bd_2025
[1796783] Skipping (exists): e_06960876_06_12600_4bd_2025
[1796783] Skipping (exists): e_06990876_06_12600_4bd_2025
[1796783] Skipping (exists): e_07020876_06_12600_4bd_2025

=== Done. 594/594 tiles processed. Imagery written to: Data/Ortho/Tiles ===
          used (Mb) gc trigger  (Mb) max used  (Mb)
Ncells 1600918 85.5    2839807 151.7  2839807 151.7
Vcells 2283283 17.5   12126903  92.6 11504325  87.8
