these are the arguments: 
- Path to cluster gpkg:Data/NY_HUCS/NY_Cluster_Zones_250_CROP_NAomit_6347.gpkg
- Cluster:116
- Imagery year:2024
- Ortho tile index gpkg:Data/Ortho/ortho_tiles.gpkg
- HUC DEM directory:Data/TerrainProcessed/HUC_DEMs
- Output path:Data/Ortho/HUC_Ortho/
- Target HUC12 (blank = all in cluster):

terra 1.9.27
WARNING: different compile-time and run-time versions of GEOS
Compiled with:3.11.0-CAPI-1.17.0
 Running with:3.13.1-CAPI-1.19.2

You should reinstall package 'terra'

Linking to GEOS 3.13.1, GDAL 3.5.1, PROJ 8.2.0; sf_use_s2() is TRUE
WARNING: different compile-time and runtime versions for GEOS found:
Linked against: 3.13.1-CAPI-1.19.2 compiled against: 3.11.0-CAPI-1.17.0
It is probably a good idea to reinstall sf (and maybe lwgeom too)
[1] "/ibstorage/anthony/NYS_Wetlands_GHG/tmp//Rtmpb931mL"
Ortho tile years available in index: 2020, 2021, 2022, 2023, 2024, 2025
Ortho tiles overlapping cluster 116: 2178
terra 1.9.27
WARNING: different compile-time and run-time versions of GEOS
Compiled with:3.11.0-CAPI-1.17.0
 Running with:3.13.1-CAPI-1.19.2

You should reinstall package 'terra'

Linking to GEOS 3.13.1, GDAL 3.5.1, PROJ 8.2.0; sf_use_s2() is TRUE
WARNING: different compile-time and runtime versions for GEOS found:
Linked against: 3.13.1-CAPI-1.19.2 compiled against: 3.11.0-CAPI-1.17.0
It is probably a good idea to reinstall sf (and maybe lwgeom too)
Ortho already processed for: Data/Ortho/HUC_Ortho/cluster_116_huc_020200080106_ortho_2024.tif
Ortho already processed for: Data/Ortho/HUC_Ortho/cluster_116_huc_020200080205_ortho_2024.tif
Ortho already processed for: Data/Ortho/HUC_Ortho/cluster_116_huc_020200070406_ortho_2024.tif
Ortho already processed for: Data/Ortho/HUC_Ortho/cluster_116_huc_020200070407_ortho_2024.tif
Ortho already processed for: Data/Ortho/HUC_Ortho/cluster_116_huc_020200080102_ortho_2024.tif
Ortho already processed for: Data/Ortho/HUC_Ortho/cluster_116_huc_020200080104_ortho_2024.tif
Ortho already processed for: Data/Ortho/HUC_Ortho/cluster_116_huc_020200080105_ortho_2024.tif
[[1]]
NULL

[[2]]
NULL

[[3]]
NULL

[[4]]
NULL

[[5]]
NULL

[[6]]
NULL

[[7]]
NULL

          used  (Mb) gc trigger  (Mb) max used  (Mb)
Ncells 2132684 113.9    3860950 206.2  2958638 158.1
Vcells 3953550  30.2   16652216 127.1 14044650 107.2
