srun: Job 785071 step creation temporarily disabled, retrying (Requested nodes are busy)
srun: Step created for job 785071
these are the arguments: 
- Path to cluster gpkg:Data/NY_HUCS/NY_Cluster_Zones_250_CROP_NAomit_6347.gpkg
- Cluster:12
- Imagery year:2024
- Ortho tile index gpkg:Data/Ortho/ortho_tiles.gpkg
- HUC DEM directory:Data/TerrainProcessed/HUC_DEMs
- Output path:Data/Ortho/HUC_Ortho/
- Target HUC12 (blank = all in cluster):

terra 1.9.27
WARNING: different compile-time and run-time versions of GEOS
Compiled with:3.11.0-CAPI-1.17.0
 Running with:3.13.1-CAPI-1.19.2

You should reinstall package 'terra'

Linking to GEOS 3.13.1, GDAL 3.5.1, PROJ 8.2.0; sf_use_s2() is TRUE
WARNING: different compile-time and runtime versions for GEOS found:
Linked against: 3.13.1-CAPI-1.19.2 compiled against: 3.11.0-CAPI-1.17.0
It is probably a good idea to reinstall sf (and maybe lwgeom too)
[1] "/ibstorage/anthony/NYS_Wetlands_GHG/tmp//Rtmp7SUhZi"
Ortho tile years available in index: 2020, 2021, 2022, 2023, 2024, 2025
Ortho tiles overlapping cluster 12: 1877
terra 1.9.27
WARNING: different compile-time and run-time versions of GEOS
Compiled with:3.11.0-CAPI-1.17.0
 Running with:3.13.1-CAPI-1.19.2

You should reinstall package 'terra'

Linking to GEOS 3.13.1, GDAL 3.5.1, PROJ 8.2.0; sf_use_s2() is TRUE
WARNING: different compile-time and runtime versions for GEOS found:
Linked against: 3.13.1-CAPI-1.19.2 compiled against: 3.11.0-CAPI-1.17.0
It is probably a good idea to reinstall sf (and maybe lwgeom too)
Ortho already processed for: Data/Ortho/HUC_Ortho/cluster_12_huc_043001040302_ortho_2024.tif
Ortho already processed for: Data/Ortho/HUC_Ortho/cluster_12_huc_043001081302_ortho_2024.tif
Ortho already processed for: Data/Ortho/HUC_Ortho/cluster_12_huc_043001081602_ortho_2024.tif
Ortho already processed for: Data/Ortho/HUC_Ortho/cluster_12_huc_043001060504_ortho_2024.tif
Ortho already processed for: Data/Ortho/HUC_Ortho/cluster_12_huc_043001081401_ortho_2024.tif
Ortho already processed for: Data/Ortho/HUC_Ortho/cluster_12_huc_043001081402_ortho_2024.tif
Ortho already processed for: Data/Ortho/HUC_Ortho/cluster_12_huc_043001060503_ortho_2024.tif
[[1]]
NULL

[[2]]
NULL

[[3]]
NULL

[[4]]
NULL

[[5]]
NULL

[[6]]
NULL

[[7]]
NULL

          used  (Mb) gc trigger  (Mb) max used  (Mb)
Ncells 2132715 113.9    3251080 173.7  3251080 173.7
Vcells 3945319  30.2   16658458 127.1 14052210 107.3
