srun: Job 785047 step creation temporarily disabled, retrying (Requested nodes are busy)
srun: Job 785047 step creation still disabled, retrying (Requested nodes are busy)
srun: Job 785047 step creation still disabled, retrying (Requested nodes are busy)
srun: Step created for job 785047
Using libcurl 7.76.1 with OpenSSL/3.2.2
Linking to GEOS 3.13.1, GDAL 3.5.1, PROJ 8.2.0; sf_use_s2() is TRUE
WARNING: different compile-time and runtime versions for GEOS found:
Linked against: 3.13.1-CAPI-1.19.2 compiled against: 3.11.0-CAPI-1.17.0
It is probably a good idea to reinstall sf (and maybe lwgeom too)

Attaching package: ‘dplyr’

The following objects are masked from ‘package:stats’:

    filter, lag

The following objects are masked from ‘package:base’:

    intersect, setdiff, setequal, union

terra 1.9.27
WARNING: different compile-time and run-time versions of GEOS
Compiled with:3.11.0-CAPI-1.17.0
 Running with:3.13.1-CAPI-1.19.2

You should reinstall package 'terra'

=== NYS Orthoimagery Download Pipeline ===
  GPKG:     Data/NY_HUCS/NY_Cluster_Zones_250_CROP_NAomit_6347.gpkg
  Cluster:  136
  Year:     2024
  Bands:    4bd
  Output:   Data/Ortho/Tiles
  Workers:  1
  HUC12s in cluster: 7

Querying ortho tile indexes...
  Index years available for '4bd': 2008, 2009, 2010, 2011, 2012, 2013, 2014, 2015, 2016, 2017, 2018, 2020, 2021, 2022, 2023, 2024, 2025
  Querying year 2024 ...
  Matching index layers: ind24l_half_ft_4bd_nyc, ind24w_half_ft_4bd, ind24w_one_ft_4bd, ind24e_one_ft_4bd, ind24e_half_ft_4bd
  NOTE: source tiles span multiple native resolutions (half_ft, one_ft); all will be resampled to 1 m.
    layer 7: 1204 bbox hits
    layer 8: 1598 bbox hits
  Year 2024: 1683 tiles selected
  Years selected: 2024
Unique full-size tiles to process: 1683
[2039287] Skipping (exists): e_06841338_12_22500_4bd_2024
[2039287] Skipping (exists): e_06901350_12_22500_4bd_2024
[2039287] Skipping (exists): e_06901352_12_22500_4bd_2024
[2039287] Skipping (exists): e_06901354_12_22500_4bd_2024
[2039287] Skipping (exists): e_06901356_12_22500_4bd_2024
[2039287] Skipping (exists): e_06901358_12_22500_4bd_2024
[2039287] Skipping (exists): e_06901360_12_22500_4bd_2024
[2039287] Skipping (exists): e_06151366_12_22500_4bd_2024
[2039287] Skipping (exists): e_06181366_12_22500_4bd_2024
[2039287] Skipping (exists): e_06151368_12_22500_4bd_2024
[2039287] Skipping (exists): e_06181368_12_22500_4bd_2024
[2039287] Skipping (exists): e_06211368_12_22500_4bd_2024
[2039287] Skipping (exists): e_06241368_12_22500_4bd_2024
[2039287] Skipping (exists): e_06151370_12_22500_4bd_2024
[2039287] Skipping (exists): e_06181370_12_22500_4bd_2024
[2039287] Skipping (exists): e_06211370_12_22500_4bd_2024
[2039287] Skipping (exists): e_06241370_12_22500_4bd_2024
[2039287] Skipping (exists): e_06181372_12_22500_4bd_2024
[2039287] Skipping (exists): e_06211372_12_22500_4bd_2024
[2039287] Skipping (exists): e_06241372_12_22500_4bd_2024
[2039287] Skipping (exists): e_06181374_12_22500_4bd_2024
[2039287] Skipping (exists): e_06211374_12_22500_4bd_2024
[2039287] Skipping (exists): e_06241374_12_22500_4bd_2024
[2039287] Skipping (exists): e_06901374_12_22500_4bd_2024
[2039287] Skipping (exists): e_06181376_12_22500_4bd_2024
[2039287] Skipping (exists): e_06211376_12_22500_4bd_2024
[2039287] Skipping (exists): e_06241376_12_22500_4bd_2024
[2039287] Skipping (exists): e_06901376_12_22500_4bd_2024
[2039287] Skipping (exists): e_06181378_12_22500_4bd_2024
[2039287] Skipping (exists): e_06211378_12_22500_4bd_2024
[2039287] Skipping (exists): e_06901378_12_22500_4bd_2024
[2039287] Skipping (exists): e_06181380_12_22500_4bd_2024
[2039287] Skipping (exists): e_06211380_12_22500_4bd_2024
[2039287] Skipping (exists): e_06901380_12_22500_4bd_2024
[2039287] Skipping (exists): e_06181382_12_22500_4bd_2024
[2039287] Skipping (exists): e_06211382_12_22500_4bd_2024
[2039287] Skipping (exists): e_06901382_12_22500_4bd_2024
[2039287] Skipping (exists): e_06961386_12_22500_4bd_2024
[2039287] Skipping (exists): e_06991386_12_22500_4bd_2024
[2039287] Skipping (exists): e_07021386_12_22500_4bd_2024
[2039287] Skipping (exists): e_07081386_12_22500_4bd_2024
[2039287] Skipping (exists): e_06931388_12_22500_4bd_2024
[2039287] Skipping (exists): e_06961388_12_22500_4bd_2024
[2039287] Skipping (exists): e_06991388_12_22500_4bd_2024
[2039287] Skipping (exists): e_07021388_12_22500_4bd_2024
[2039287] Skipping (exists): e_07051388_12_22500_4bd_2024
[2039287] Skipping (exists): e_07081388_12_22500_4bd_2024
[2039287] Skipping (exists): e_07111388_12_22500_4bd_2024
[2039287] Skipping (exists): e_06931390_12_22500_4bd_2024
[2039287] Skipping (exists): e_06961390_12_22500_4bd_2024
[2039287] Skipping (exists): e_06991390_12_22500_4bd_2024
[2039287] Skipping (exists): e_07021390_12_22500_4bd_2024
[2039287] Skipping (exists): e_07051390_12_22500_4bd_2024
[2039287] Skipping (exists): e_07081390_12_22500_4bd_2024
[2039287] Skipping (exists): e_07111390_12_22500_4bd_2024
[2039287] Skipping (exists): e_07141390_12_22500_4bd_2024
[2039287] Skipping (exists): e_06931392_12_22500_4bd_2024
[2039287] Skipping (exists): e_06961392_12_22500_4bd_2024
[2039287] Skipping (exists): e_06991392_12_22500_4bd_2024
[2039287] Skipping (exists): e_07021392_12_22500_4bd_2024
[2039287] Skipping (exists): e_07051392_12_22500_4bd_2024
[2039287] Skipping (exists): e_07081392_12_22500_4bd_2024
[2039287] Skipping (exists): e_07111392_12_22500_4bd_2024
[2039287] Skipping (exists): e_07141392_12_22500_4bd_2024
[2039287] Skipping (exists): e_06961394_12_22500_4bd_2024
[2039287] Skipping (exists): e_06991394_12_22500_4bd_2024
[2039287] Skipping (exists): e_07021394_12_22500_4bd_2024
[2039287] Skipping (exists): e_07051394_12_22500_4bd_2024
[2039287] Skipping (exists): e_07081394_12_22500_4bd_2024
[2039287] Skipping (exists): e_07111394_12_22500_4bd_2024
[2039287] Skipping (exists): e_07141394_12_22500_4bd_2024
[2039287] Skipping (exists): e_06961396_12_22500_4bd_2024
[2039287] Skipping (exists): e_06991396_12_22500_4bd_2024
[2039287] Skipping (exists): e_07021396_12_22500_4bd_2024
[2039287] Skipping (exists): e_07051396_12_22500_4bd_2024
[2039287] Skipping (exists): e_07081396_12_22500_4bd_2024
[2039287] Skipping (exists): e_07111396_12_22500_4bd_2024
[2039287] Skipping (exists): e_07141396_12_22500_4bd_2024
[2039287] Skipping (exists): e_06991398_12_22500_4bd_2024
[2039287] Skipping (exists): e_07021398_12_22500_4bd_2024
[2039287] Skipping (exists): e_07051398_12_22500_4bd_2024
[2039287] Skipping (exists): e_07081398_12_22500_4bd_2024
[2039287] Skipping (exists): e_07111398_12_22500_4bd_2024
[2039287] Skipping (exists): e_07141398_12_22500_4bd_2024
[2039287] Skipping (exists): e_06991400_12_22500_4bd_2024
[2039287] Skipping (exists): e_07021400_12_22500_4bd_2024
[2039287] Skipping (exists): e_07051400_12_22500_4bd_2024
[2039287] Skipping (exists): e_07081400_12_22500_4bd_2024
[2039287] Skipping (exists): e_07111400_12_22500_4bd_2024
[2039287] Skipping (exists): e_07141400_12_22500_4bd_2024
[2039287] Skipping (exists): e_06991402_12_22500_4bd_2024
[2039287] Skipping (exists): e_07021402_12_22500_4bd_2024
[2039287] Skipping (exists): e_07051402_12_22500_4bd_2024
[2039287] Skipping (exists): e_07081402_12_22500_4bd_2024
[2039287] Skipping (exists): e_07111402_12_22500_4bd_2024
[2039287] Skipping (exists): e_07141402_12_22500_4bd_2024
[2039287] Skipping (exists): e_07021404_12_22500_4bd_2024
[2039287] Skipping (exists): e_07051404_12_22500_4bd_2024
[2039287] Skipping (exists): e_07081404_12_22500_4bd_2024
[2039287] Skipping (exists): e_07111404_12_22500_4bd_2024
[2039287] Skipping (exists): e_07141404_12_22500_4bd_2024
[2039287] Skipping (exists): e_07021406_12_22500_4bd_2024
[2039287] Skipping (exists): e_07051406_12_22500_4bd_2024
[2039287] Skipping (exists): e_07081406_12_22500_4bd_2024
[2039287] Skipping (exists): e_07111406_12_22500_4bd_2024
[2039287] Skipping (exists): e_07141406_12_22500_4bd_2024
[2039287] Skipping (exists): e_07051408_12_22500_4bd_2024
[2039287] Skipping (exists): e_07081408_12_22500_4bd_2024
[2039287] Skipping (exists): e_07111408_12_22500_4bd_2024
[2039287] Skipping (exists): e_07051410_12_22500_4bd_2024
[2039287] Skipping (exists): e_07081410_12_22500_4bd_2024
[2039287] Skipping (exists): e_07051412_12_22500_4bd_2024
[2039287] Skipping (exists): e_07081412_12_22500_4bd_2024
[2039287] Skipping (exists): e_07111412_12_22500_4bd_2024
[2039287] Skipping (exists): e_07051414_12_22500_4bd_2024
[2039287] Skipping (exists): e_07081414_12_22500_4bd_2024
[2039287] Skipping (exists): e_07111414_12_22500_4bd_2024
[2039287] Skipping (exists): e_07051416_12_22500_4bd_2024
[2039287] Skipping (exists): e_07081416_12_22500_4bd_2024
[2039287] Skipping (exists): e_07051418_12_22500_4bd_2024
[2039287] Skipping (exists): e_07081418_12_22500_4bd_2024
[2039287] Skipping (exists): e_07111418_12_22500_4bd_2024
[2039287] Skipping (exists): e_07051420_12_22500_4bd_2024
[2039287] Skipping (exists): e_07081420_12_22500_4bd_2024
[2039287] Skipping (exists): e_07111420_12_22500_4bd_2024
[2039287] Skipping (exists): e_07081422_12_22500_4bd_2024
[2039287] Skipping (exists): e_07081424_12_22500_4bd_2024
[2039287] Skipping (exists): e_07081426_12_22500_4bd_2024
[2039287] Skipping (exists): e_06361428_12_22500_4bd_2024
[2039287] Skipping (exists): e_07081428_12_22500_4bd_2024
[2039287] Skipping (exists): e_06361430_12_22500_4bd_2024
[2039287] Skipping (exists): e_06391430_12_22500_4bd_2024
[2039287] Skipping (exists): e_06421430_12_22500_4bd_2024
[2039287] Skipping (exists): e_06451430_12_22500_4bd_2024
[2039287] Skipping (exists): e_06481430_12_22500_4bd_2024
[2039287] Skipping (exists): e_07081430_12_22500_4bd_2024
[2039287] Skipping (exists): e_06361432_12_22500_4bd_2024
[2039287] Skipping (exists): e_06391432_12_22500_4bd_2024
[2039287] Skipping (exists): e_06421432_12_22500_4bd_2024
[2039287] Skipping (exists): e_06451432_12_22500_4bd_2024
[2039287] Skipping (exists): e_06481432_12_22500_4bd_2024
[2039287] Skipping (exists): e_06511432_12_22500_4bd_2024
[2039287] Skipping (exists): e_06541432_12_22500_4bd_2024
[2039287] Skipping (exists): e_06571432_12_22500_4bd_2024
[2039287] Skipping (exists): e_06601432_12_22500_4bd_2024
[2039287] Skipping (exists): e_07081432_12_22500_4bd_2024
[2039287] Skipping (exists): e_06421434_12_22500_4bd_2024
[2039287] Skipping (exists): e_06451434_12_22500_4bd_2024
[2039287] Skipping (exists): e_06481434_12_22500_4bd_2024
[2039287] Skipping (exists): e_06511434_12_22500_4bd_2024
[2039287] Skipping (exists): e_06541434_12_22500_4bd_2024
[2039287] Skipping (exists): e_06571434_12_22500_4bd_2024
[2039287] Skipping (exists): e_06601434_12_22500_4bd_2024
[2039287] Skipping (exists): e_06631434_12_22500_4bd_2024
[2039287] Skipping (exists): e_06661434_12_22500_4bd_2024
[2039287] Skipping (exists): e_06691434_12_22500_4bd_2024
[2039287] Skipping (exists): e_06721434_12_22500_4bd_2024
[2039287] Skipping (exists): e_06451436_12_22500_4bd_2024
[2039287] Skipping (exists): e_06481436_12_22500_4bd_2024
[2039287] Skipping (exists): e_06511436_12_22500_4bd_2024
[2039287] Skipping (exists): e_06541436_12_22500_4bd_2024
[2039287] Skipping (exists): e_06571436_12_22500_4bd_2024
[2039287] Skipping (exists): e_06601436_12_22500_4bd_2024
[2039287] Skipping (exists): e_06631436_12_22500_4bd_2024
[2039287] Skipping (exists): e_06661436_12_22500_4bd_2024
[2039287] Skipping (exists): e_06691436_12_22500_4bd_2024
[2039287] Skipping (exists): e_06721436_12_22500_4bd_2024
[2039287] Skipping (exists): e_06751436_12_22500_4bd_2024
[2039287] Skipping (exists): e_06781436_12_22500_4bd_2024
[2039287] Skipping (exists): e_07051436_12_22500_4bd_2024
[2039287] Skipping (exists): e_07081436_12_22500_4bd_2024
[2039287] Skipping (exists): e_07111436_12_22500_4bd_2024
[2039287] Skipping (exists): e_06451438_12_22500_4bd_2024
[2039287] Skipping (exists): e_06481438_12_22500_4bd_2024
[2039287] Skipping (exists): e_06511438_12_22500_4bd_2024
[2039287] Skipping (exists): e_06541438_12_22500_4bd_2024
[2039287] Skipping (exists): e_06571438_12_22500_4bd_2024
[2039287] Skipping (exists): e_06601438_12_22500_4bd_2024
[2039287] Skipping (exists): e_06631438_12_22500_4bd_2024
[2039287] Skipping (exists): e_06661438_12_22500_4bd_2024
[2039287] Skipping (exists): e_06691438_12_22500_4bd_2024
[2039287] Skipping (exists): e_06721438_12_22500_4bd_2024
[2039287] Skipping (exists): e_06751438_12_22500_4bd_2024
[2039287] Skipping (exists): e_06781438_12_22500_4bd_2024
[2039287] Skipping (exists): e_06811438_12_22500_4bd_2024
[2039287] Skipping (exists): e_07051438_12_22500_4bd_2024
[2039287] Skipping (exists): e_07081438_12_22500_4bd_2024
[2039287] Skipping (exists): e_07111438_12_22500_4bd_2024
[2039287] Skipping (exists): e_06481440_12_22500_4bd_2024
[2039287] Skipping (exists): e_06511440_12_22500_4bd_2024
[2039287] Skipping (exists): e_06541440_12_22500_4bd_2024
[2039287] Skipping (exists): e_06571440_12_22500_4bd_2024
[2039287] Skipping (exists): e_06601440_12_22500_4bd_2024
[2039287] Skipping (exists): e_06631440_12_22500_4bd_2024
[2039287] Skipping (exists): e_06661440_12_22500_4bd_2024
[2039287] Skipping (exists): e_06691440_12_22500_4bd_2024
[2039287] Skipping (exists): e_06721440_12_22500_4bd_2024
[2039287] Skipping (exists): e_06751440_12_22500_4bd_2024
[2039287] Skipping (exists): e_06781440_12_22500_4bd_2024
[2039287] Skipping (exists): e_06811440_12_22500_4bd_2024
[2039287] Skipping (exists): e_06841440_12_22500_4bd_2024
[2039287] Skipping (exists): e_06871440_12_22500_4bd_2024
[2039287] Skipping (exists): e_06901440_12_22500_4bd_2024
[2039287] Skipping (exists): e_07021440_12_22500_4bd_2024
[2039287] Skipping (exists): e_07051440_12_22500_4bd_2024
[2039287] Skipping (exists): e_07081440_12_22500_4bd_2024
[2039287] Skipping (exists): e_07111440_12_22500_4bd_2024
[2039287] Skipping (exists): e_06481442_12_22500_4bd_2024
[2039287] Skipping (exists): e_06511442_12_22500_4bd_2024
[2039287] Skipping (exists): e_06541442_12_22500_4bd_2024
[2039287] Skipping (exists): e_06571442_12_22500_4bd_2024
[2039287] Skipping (exists): e_06601442_12_22500_4bd_2024
[2039287] Skipping (exists): e_06631442_12_22500_4bd_2024
[2039287] Skipping (exists): e_06661442_12_22500_4bd_2024
[2039287] Skipping (exists): e_06691442_12_22500_4bd_2024
[2039287] Skipping (exists): e_06721442_12_22500_4bd_2024
[2039287] Skipping (exists): e_06751442_12_22500_4bd_2024
[2039287] Skipping (exists): e_06781442_12_22500_4bd_2024
[2039287] Skipping (exists): e_06811442_12_22500_4bd_2024
[2039287] Skipping (exists): e_06841442_12_22500_4bd_2024
[2039287] Skipping (exists): e_06871442_12_22500_4bd_2024
[2039287] Skipping (exists): e_06901442_12_22500_4bd_2024
[2039287] Skipping (exists): e_07021442_12_22500_4bd_2024
[2039287] Skipping (exists): e_07051442_12_22500_4bd_2024
[2039287] Skipping (exists): e_07081442_12_22500_4bd_2024
[2039287] Skipping (exists): e_07111442_12_22500_4bd_2024
[2039287] Skipping (exists): e_06541444_12_22500_4bd_2024
[2039287] Skipping (exists): e_06571444_12_22500_4bd_2024
[2039287] Skipping (exists): e_06601444_12_22500_4bd_2024
[2039287] Skipping (exists): e_06631444_12_22500_4bd_2024
[2039287] Skipping (exists): e_06661444_12_22500_4bd_2024
[2039287] Skipping (exists): e_06691444_12_22500_4bd_2024
[2039287] Skipping (exists): e_06721444_12_22500_4bd_2024
[2039287] Skipping (exists): e_06751444_12_22500_4bd_2024
[2039287] Skipping (exists): e_06781444_12_22500_4bd_2024
[2039287] Skipping (exists): e_06811444_12_22500_4bd_2024
[2039287] Skipping (exists): e_06841444_12_22500_4bd_2024
[2039287] Skipping (exists): e_06871444_12_22500_4bd_2024
[2039287] Skipping (exists): e_06901444_12_22500_4bd_2024
[2039287] Skipping (exists): e_06931444_12_22500_4bd_2024
[2039287] Skipping (exists): e_06991444_12_22500_4bd_2024
[2039287] Skipping (exists): e_07021444_12_22500_4bd_2024
[2039287] Skipping (exists): e_07051444_12_22500_4bd_2024
[2039287] Skipping (exists): e_07081444_12_22500_4bd_2024
[2039287] Skipping (exists): e_07111444_12_22500_4bd_2024
[2039287] Skipping (exists): e_06541446_12_22500_4bd_2024
[2039287] Skipping (exists): e_06571446_12_22500_4bd_2024
[2039287] Skipping (exists): e_06601446_12_22500_4bd_2024
[2039287] Skipping (exists): e_06631446_12_22500_4bd_2024
[2039287] Skipping (exists): e_06661446_12_22500_4bd_2024
[2039287] Skipping (exists): e_06691446_12_22500_4bd_2024
[2039287] Skipping (exists): e_06721446_12_22500_4bd_2024
[2039287] Skipping (exists): e_06751446_12_22500_4bd_2024
[2039287] Skipping (exists): e_06781446_12_22500_4bd_2024
[2039287] Skipping (exists): e_06811446_12_22500_4bd_2024
[2039287] Skipping (exists): e_06841446_12_22500_4bd_2024
[2039287] Skipping (exists): e_06871446_12_22500_4bd_2024
[2039287] Skipping (exists): e_06901446_12_22500_4bd_2024
[2039287] Skipping (exists): e_06931446_12_22500_4bd_2024
[2039287] Skipping (exists): e_06991446_12_22500_4bd_2024
[2039287] Skipping (exists): e_07021446_12_22500_4bd_2024
[2039287] Skipping (exists): e_07051446_12_22500_4bd_2024
[2039287] Skipping (exists): e_07081446_12_22500_4bd_2024
[2039287] Skipping (exists): e_07111446_12_22500_4bd_2024
[2039287] Skipping (exists): e_07141446_12_22500_4bd_2024
[2039287] Skipping (exists): e_06541448_12_22500_4bd_2024
[2039287] Skipping (exists): e_06571448_12_22500_4bd_2024
[2039287] Skipping (exists): e_06601448_12_22500_4bd_2024
[2039287] Skipping (exists): e_06631448_12_22500_4bd_2024
[2039287] Skipping (exists): e_06661448_12_22500_4bd_2024
[2039287] Skipping (exists): e_06691448_12_22500_4bd_2024
[2039287] Skipping (exists): e_06721448_12_22500_4bd_2024
[2039287] Skipping (exists): e_06751448_12_22500_4bd_2024
[2039287] Skipping (exists): e_06781448_12_22500_4bd_2024
[2039287] Skipping (exists): e_06811448_12_22500_4bd_2024
[2039287] Skipping (exists): e_06841448_12_22500_4bd_2024
[2039287] Skipping (exists): e_06871448_12_22500_4bd_2024
[2039287] Skipping (exists): e_06901448_12_22500_4bd_2024
[2039287] Skipping (exists): e_06931448_12_22500_4bd_2024
[2039287] Skipping (exists): e_06991448_12_22500_4bd_2024
[2039287] Skipping (exists): e_07021448_12_22500_4bd_2024
[2039287] Skipping (exists): e_07051448_12_22500_4bd_2024
[2039287] Skipping (exists): e_07081448_12_22500_4bd_2024
[2039287] Skipping (exists): e_07111448_12_22500_4bd_2024
[2039287] Skipping (exists): e_06541450_12_22500_4bd_2024
[2039287] Skipping (exists): e_06571450_12_22500_4bd_2024
[2039287] Skipping (exists): e_06601450_12_22500_4bd_2024
[2039287] Skipping (exists): e_06631450_12_22500_4bd_2024
[2039287] Skipping (exists): e_06661450_12_22500_4bd_2024
[2039287] Skipping (exists): e_06691450_12_22500_4bd_2024
[2039287] Skipping (exists): e_06721450_12_22500_4bd_2024
[2039287] Skipping (exists): e_06751450_12_22500_4bd_2024
[2039287] Skipping (exists): e_06781450_12_22500_4bd_2024
[2039287] Skipping (exists): e_06811450_12_22500_4bd_2024
[2039287] Skipping (exists): e_06841450_12_22500_4bd_2024
[2039287] Skipping (exists): e_06871450_12_22500_4bd_2024
[2039287] Skipping (exists): e_06901450_12_22500_4bd_2024
[2039287] Skipping (exists): e_06931450_12_22500_4bd_2024
[2039287] Skipping (exists): e_06961450_12_22500_4bd_2024
[2039287] Skipping (exists): e_06991450_12_22500_4bd_2024
[2039287] Skipping (exists): e_07021450_12_22500_4bd_2024
[2039287] Skipping (exists): e_07051450_12_22500_4bd_2024
[2039287] Skipping (exists): e_07081450_12_22500_4bd_2024
[2039287] Skipping (exists): e_07111450_12_22500_4bd_2024
[2039287] Skipping (exists): e_06511452_12_22500_4bd_2024
[2039287] Skipping (exists): e_06541452_12_22500_4bd_2024
[2039287] Skipping (exists): e_06571452_12_22500_4bd_2024
[2039287] Skipping (exists): e_06601452_12_22500_4bd_2024
[2039287] Skipping (exists): e_06631452_12_22500_4bd_2024
[2039287] Skipping (exists): e_06661452_12_22500_4bd_2024
[2039287] Skipping (exists): e_06691452_12_22500_4bd_2024
[2039287] Skipping (exists): e_06721452_12_22500_4bd_2024
[2039287] Skipping (exists): e_06751452_12_22500_4bd_2024
[2039287] Skipping (exists): e_06781452_12_22500_4bd_2024
[2039287] Skipping (exists): e_06811452_12_22500_4bd_2024
[2039287] Skipping (exists): e_06841452_12_22500_4bd_2024
[2039287] Skipping (exists): e_06871452_12_22500_4bd_2024
[2039287] Skipping (exists): e_06901452_12_22500_4bd_2024
[2039287] Skipping (exists): e_06931452_12_22500_4bd_2024
[2039287] Skipping (exists): e_06961452_12_22500_4bd_2024
[2039287] Skipping (exists): e_06991452_12_22500_4bd_2024
[2039287] Skipping (exists): e_07021452_12_22500_4bd_2024
[2039287] Skipping (exists): e_07051452_12_22500_4bd_2024
[2039287] Skipping (exists): e_06511454_12_22500_4bd_2024
[2039287] Skipping (exists): e_06541454_12_22500_4bd_2024
[2039287] Skipping (exists): e_06571454_12_22500_4bd_2024
[2039287] Skipping (exists): e_06601454_12_22500_4bd_2024
[2039287] Skipping (exists): e_06631454_12_22500_4bd_2024
[2039287] Skipping (exists): e_06661454_12_22500_4bd_2024
[2039287] Skipping (exists): e_06691454_12_22500_4bd_2024
[2039287] Skipping (exists): e_06721454_12_22500_4bd_2024
[2039287] Skipping (exists): e_06751454_12_22500_4bd_2024
[2039287] Skipping (exists): e_06781454_12_22500_4bd_2024
[2039287] Skipping (exists): e_06811454_12_22500_4bd_2024
[2039287] Skipping (exists): e_06841454_12_22500_4bd_2024
[2039287] Skipping (exists): e_06871454_12_22500_4bd_2024
[2039287] Skipping (exists): e_06901454_12_22500_4bd_2024
[2039287] Skipping (exists): e_06931454_12_22500_4bd_2024
[2039287] Skipping (exists): e_06961454_12_22500_4bd_2024
[2039287] Skipping (exists): e_06991454_12_22500_4bd_2024
[2039287] Skipping (exists): e_07021454_12_22500_4bd_2024
[2039287] Skipping (exists): e_07051454_12_22500_4bd_2024
[2039287] Skipping (exists): e_06481456_12_22500_4bd_2024
[2039287] Skipping (exists): e_06511456_12_22500_4bd_2024
[2039287] Skipping (exists): e_06541456_12_22500_4bd_2024
[2039287] Skipping (exists): e_06571456_12_22500_4bd_2024
[2039287] Skipping (exists): e_06601456_12_22500_4bd_2024
[2039287] Skipping (exists): e_06631456_12_22500_4bd_2024
[2039287] Skipping (exists): e_06661456_12_22500_4bd_2024
[2039287] Skipping (exists): e_06691456_12_22500_4bd_2024
[2039287] Skipping (exists): e_06721456_12_22500_4bd_2024
[2039287] Skipping (exists): e_06751456_12_22500_4bd_2024
[2039287] Skipping (exists): e_06781456_12_22500_4bd_2024
[2039287] Skipping (exists): e_06811456_12_22500_4bd_2024
[2039287] Skipping (exists): e_06841456_12_22500_4bd_2024
[2039287] Skipping (exists): e_06871456_12_22500_4bd_2024
[2039287] Skipping (exists): e_06901456_12_22500_4bd_2024
[2039287] Skipping (exists): e_06931456_12_22500_4bd_2024
[2039287] Skipping (exists): e_06961456_12_22500_4bd_2024
[2039287] Skipping (exists): e_06991456_12_22500_4bd_2024
[2039287] Skipping (exists): e_07021456_12_22500_4bd_2024
[2039287] Skipping (exists): e_07051456_12_22500_4bd_2024
[2039287] Skipping (exists): e_06511458_12_22500_4bd_2024
[2039287] Skipping (exists): e_06541458_12_22500_4bd_2024
[2039287] Skipping (exists): e_06571458_12_22500_4bd_2024
[2039287] Skipping (exists): e_06601458_12_22500_4bd_2024
[2039287] Skipping (exists): e_06631458_12_22500_4bd_2024
[2039287] Skipping (exists): e_06661458_12_22500_4bd_2024
[2039287] Skipping (exists): e_06691458_12_22500_4bd_2024
[2039287] Skipping (exists): e_06721458_12_22500_4bd_2024
[2039287] Skipping (exists): e_06751458_12_22500_4bd_2024
[2039287] Skipping (exists): e_06781458_12_22500_4bd_2024
[2039287] Skipping (exists): e_06811458_12_22500_4bd_2024
[2039287] Skipping (exists): e_06841458_12_22500_4bd_2024
[2039287] Skipping (exists): e_06871458_12_22500_4bd_2024
[2039287] Skipping (exists): e_06901458_12_22500_4bd_2024
[2039287] Skipping (exists): e_06931458_12_22500_4bd_2024
[2039287] Skipping (exists): e_06961458_12_22500_4bd_2024
[2039287] Skipping (exists): e_06511460_12_22500_4bd_2024
[2039287] Skipping (exists): e_06541460_12_22500_4bd_2024
[2039287] Skipping (exists): e_06571460_12_22500_4bd_2024
[2039287] Skipping (exists): e_06601460_12_22500_4bd_2024
[2039287] Skipping (exists): e_06631460_12_22500_4bd_2024
[2039287] Skipping (exists): e_06661460_12_22500_4bd_2024
[2039287] Skipping (exists): e_06691460_12_22500_4bd_2024
[2039287] Skipping (exists): e_06721460_12_22500_4bd_2024
[2039287] Skipping (exists): e_06751460_12_22500_4bd_2024
[2039287] Skipping (exists): e_06781460_12_22500_4bd_2024
[2039287] Skipping (exists): e_06811460_12_22500_4bd_2024
[2039287] Skipping (exists): e_06841460_12_22500_4bd_2024
[2039287] Skipping (exists): e_06871460_12_22500_4bd_2024
[2039287] Skipping (exists): e_06901460_12_22500_4bd_2024
[2039287] Skipping (exists): e_06931460_12_22500_4bd_2024
[2039287] Skipping (exists): e_06961460_12_22500_4bd_2024
[2039287] Skipping (exists): e_06511462_12_22500_4bd_2024
[2039287] Skipping (exists): e_06541462_12_22500_4bd_2024
[2039287] Skipping (exists): e_06571462_12_22500_4bd_2024
[2039287] Skipping (exists): e_06601462_12_22500_4bd_2024
[2039287] Skipping (exists): e_06631462_12_22500_4bd_2024
[2039287] Skipping (exists): e_06661462_12_22500_4bd_2024
[2039287] Skipping (exists): e_06691462_12_22500_4bd_2024
[2039287] Skipping (exists): e_06721462_12_22500_4bd_2024
[2039287] Skipping (exists): e_06751462_12_22500_4bd_2024
[2039287] Skipping (exists): e_06781462_12_22500_4bd_2024
[2039287] Skipping (exists): e_06811462_12_22500_4bd_2024
[2039287] Skipping (exists): e_06841462_12_22500_4bd_2024
[2039287] Skipping (exists): e_06871462_12_22500_4bd_2024
[2039287] Skipping (exists): e_06901462_12_22500_4bd_2024
[2039287] Skipping (exists): e_06931462_12_22500_4bd_2024
[2039287] Skipping (exists): e_06961462_12_22500_4bd_2024
[2039287] Skipping (exists): e_06511464_12_22500_4bd_2024
[2039287] Skipping (exists): e_06541464_12_22500_4bd_2024
[2039287] Skipping (exists): e_06571464_12_22500_4bd_2024
[2039287] Skipping (exists): e_06601464_12_22500_4bd_2024
[2039287] Skipping (exists): e_06631464_12_22500_4bd_2024
[2039287] Skipping (exists): e_06661464_12_22500_4bd_2024
[2039287] Skipping (exists): e_06691464_12_22500_4bd_2024
[2039287] Skipping (exists): e_06721464_12_22500_4bd_2024
[2039287] Skipping (exists): e_06751464_12_22500_4bd_2024
[2039287] Skipping (exists): e_06781464_12_22500_4bd_2024
[2039287] Skipping (exists): e_06811464_12_22500_4bd_2024
[2039287] Skipping (exists): e_06841464_12_22500_4bd_2024
[2039287] Skipping (exists): e_06871464_12_22500_4bd_2024
[2039287] Skipping (exists): e_06901464_12_22500_4bd_2024
[2039287] Skipping (exists): e_06931464_12_22500_4bd_2024
[2039287] Skipping (exists): e_06511466_12_22500_4bd_2024
[2039287] Skipping (exists): e_06541466_12_22500_4bd_2024
[2039287] Skipping (exists): e_06571466_12_22500_4bd_2024
[2039287] Skipping (exists): e_06601466_12_22500_4bd_2024
[2039287] Skipping (exists): e_06631466_12_22500_4bd_2024
[2039287] Skipping (exists): e_06661466_12_22500_4bd_2024
[2039287] Skipping (exists): e_06691466_12_22500_4bd_2024
[2039287] Skipping (exists): e_06721466_12_22500_4bd_2024
[2039287] Skipping (exists): e_06751466_12_22500_4bd_2024
[2039287] Skipping (exists): e_06781466_12_22500_4bd_2024
[2039287] Skipping (exists): e_06811466_12_22500_4bd_2024
[2039287] Skipping (exists): e_06841466_12_22500_4bd_2024
[2039287] Skipping (exists): e_06871466_12_22500_4bd_2024
[2039287] Skipping (exists): e_06901466_12_22500_4bd_2024
[2039287] Skipping (exists): e_06931466_12_22500_4bd_2024
[2039287] Skipping (exists): e_06541468_12_22500_4bd_2024
[2039287] Skipping (exists): e_06571468_12_22500_4bd_2024
[2039287] Skipping (exists): e_06601468_12_22500_4bd_2024
[2039287] Skipping (exists): e_06631468_12_22500_4bd_2024
[2039287] Skipping (exists): e_06661468_12_22500_4bd_2024
[2039287] Skipping (exists): e_06691468_12_22500_4bd_2024
[2039287] Skipping (exists): e_06721468_12_22500_4bd_2024
[2039287] Skipping (exists): e_06751468_12_22500_4bd_2024
[2039287] Skipping (exists): e_06781468_12_22500_4bd_2024
[2039287] Skipping (exists): e_06811468_12_22500_4bd_2024
[2039287] Skipping (exists): e_06841468_12_22500_4bd_2024
[2039287] Skipping (exists): e_06871468_12_22500_4bd_2024
[2039287] Skipping (exists): e_06901468_12_22500_4bd_2024
[2039287] Skipping (exists): e_06541470_12_22500_4bd_2024
[2039287] Skipping (exists): e_06571470_12_22500_4bd_2024
[2039287] Skipping (exists): e_06631470_12_22500_4bd_2024
[2039287] Skipping (exists): e_06751470_12_22500_4bd_2024
[2039287] Skipping (exists): e_06841470_12_22500_4bd_2024
[2039287] Skipping (exists): e_06871470_12_22500_4bd_2024
[2039287] Skipping (exists): e_06901470_12_22500_4bd_2024
[2039287] Skipping (exists): e_06721324_06_12400_4bd_2024
[2039287] Skipping (exists): e_06751324_06_12400_4bd_2024
[2039287] Skipping (exists): e_06721326_06_12400_4bd_2024
[2039287] Skipping (exists): e_06751326_06_12400_4bd_2024
[2039287] Skipping (exists): e_06781326_06_12400_4bd_2024
[2039287] Skipping (exists): e_06811326_06_12400_4bd_2024
[2039287] Skipping (exists): e_06691328_06_12400_4bd_2024
[2039287] Skipping (exists): e_06721328_06_12400_4bd_2024
[2039287] Skipping (exists): e_06751328_06_12400_4bd_2024
[2039287] Skipping (exists): e_06781328_06_12400_4bd_2024
[2039287] Skipping (exists): e_06811328_06_12400_4bd_2024
[2039287] Skipping (exists): e_06691330_06_12400_4bd_2024
[2039287] Skipping (exists): e_06721330_06_12400_4bd_2024
[2039287] Skipping (exists): e_06751330_06_12400_4bd_2024
[2039287] Skipping (exists): e_06781330_06_12400_4bd_2024
[2039287] Skipping (exists): e_06811330_06_12400_4bd_2024
[2039287] Skipping (exists): e_06661332_06_12400_4bd_2024
[2039287] Skipping (exists): e_06691332_06_12400_4bd_2024
[2039287] Skipping (exists): e_06721332_06_12400_4bd_2024
[2039287] Skipping (exists): e_06751332_06_12400_4bd_2024
[2039287] Skipping (exists): e_06781332_06_12400_4bd_2024
[2039287] Skipping (exists): e_06811332_06_12400_4bd_2024
[2039287] Skipping (exists): e_06631334_06_12400_4bd_2024
[2039287] Skipping (exists): e_06661334_06_12400_4bd_2024
[2039287] Skipping (exists): e_06691334_06_12400_4bd_2024
[2039287] Skipping (exists): e_06721334_06_12400_4bd_2024
[2039287] Skipping (exists): e_06751334_06_12400_4bd_2024
[2039287] Skipping (exists): e_06781334_06_12400_4bd_2024
[2039287] Skipping (exists): e_06811334_06_12400_4bd_2024
[2039287] Skipping (exists): e_06511336_06_12400_4bd_2024
[2039287] Skipping (exists): e_06631336_06_12400_4bd_2024
[2039287] Skipping (exists): e_06661336_06_12400_4bd_2024
[2039287] Skipping (exists): e_06691336_06_12400_4bd_2024
[2039287] Skipping (exists): e_06721336_06_12400_4bd_2024
[2039287] Skipping (exists): e_06751336_06_12400_4bd_2024
[2039287] Skipping (exists): e_06781336_06_12400_4bd_2024
[2039287] Skipping (exists): e_06811336_06_12400_4bd_2024
[2039287] Skipping (exists): e_06481338_06_12400_4bd_2024
[2039287] Skipping (exists): e_06511338_06_12400_4bd_2024
[2039287] Skipping (exists): e_06541338_06_12400_4bd_2024
[2039287] Skipping (exists): e_06631338_06_12400_4bd_2024
[2039287] Skipping (exists): e_06661338_06_12400_4bd_2024
[2039287] Skipping (exists): e_06691338_06_12400_4bd_2024
[2039287] Skipping (exists): e_06721338_06_12400_4bd_2024
[2039287] Skipping (exists): e_06751338_06_12400_4bd_2024
[2039287] Skipping (exists): e_06781338_06_12400_4bd_2024
[2039287] Skipping (exists): e_06811338_06_12400_4bd_2024
[2039287] Skipping (exists): e_06841338_06_12400_4bd_2024
[2039287] Skipping (exists): e_06451340_06_12400_4bd_2024
[2039287] Skipping (exists): e_06481340_06_12400_4bd_2024
[2039287] Skipping (exists): e_06511340_06_12400_4bd_2024
[2039287] Skipping (exists): e_06541340_06_12400_4bd_2024
[2039287] Skipping (exists): e_06571340_06_12400_4bd_2024
[2039287] Skipping (exists): e_06601340_06_12400_4bd_2024
[2039287] Skipping (exists): e_06631340_06_12400_4bd_2024
[2039287] Skipping (exists): e_06661340_06_12400_4bd_2024
[2039287] Skipping (exists): e_06691340_06_12400_4bd_2024
[2039287] Skipping (exists): e_06721340_06_12400_4bd_2024
[2039287] Skipping (exists): e_06751340_06_12400_4bd_2024
[2039287] Skipping (exists): e_06781340_06_12400_4bd_2024
[2039287] Skipping (exists): e_06811340_06_12400_4bd_2024
[2039287] Skipping (exists): e_06841340_06_12400_4bd_2024
[2039287] Skipping (exists): e_06451342_06_12400_4bd_2024
[2039287] Skipping (exists): e_06481342_06_12400_4bd_2024
[2039287] Skipping (exists): e_06511342_06_12400_4bd_2024
[2039287] Skipping (exists): e_06541342_06_12400_4bd_2024
[2039287] Skipping (exists): e_06571342_06_12400_4bd_2024
[2039287] Skipping (exists): e_06601342_06_12400_4bd_2024
[2039287] Skipping (exists): e_06631342_06_12400_4bd_2024
[2039287] Skipping (exists): e_06661342_06_12400_4bd_2024
[2039287] Skipping (exists): e_06691342_06_12400_4bd_2024
[2039287] Skipping (exists): e_06721342_06_12400_4bd_2024
[2039287] Skipping (exists): e_06751342_06_12400_4bd_2024
[2039287] Skipping (exists): e_06781342_06_12400_4bd_2024
[2039287] Skipping (exists): e_06811342_06_12400_4bd_2024
[2039287] Skipping (exists): e_06841342_06_12400_4bd_2024
[2039287] Skipping (exists): e_06421344_06_12400_4bd_2024
[2039287] Skipping (exists): e_06451344_06_12400_4bd_2024
[2039287] Skipping (exists): e_06481344_06_12400_4bd_2024
[2039287] Skipping (exists): e_06511344_06_12400_4bd_2024
[2039287] Skipping (exists): e_06541344_06_12400_4bd_2024
[2039287] Skipping (exists): e_06571344_06_12400_4bd_2024
[2039287] Skipping (exists): e_06601344_06_12400_4bd_2024
[2039287] Skipping (exists): e_06631344_06_12400_4bd_2024
[2039287] Skipping (exists): e_06661344_06_12400_4bd_2024
[2039287] Skipping (exists): e_06691344_06_12400_4bd_2024
[2039287] Skipping (exists): e_06721344_06_12400_4bd_2024
[2039287] Skipping (exists): e_06751344_06_12400_4bd_2024
[2039287] Skipping (exists): e_06781344_06_12400_4bd_2024
[2039287] Skipping (exists): e_06811344_06_12400_4bd_2024
[2039287] Skipping (exists): e_06841344_06_12400_4bd_2024
[2039287] Skipping (exists): e_06391346_06_12400_4bd_2024
[2039287] Skipping (exists): e_06421346_06_12400_4bd_2024
[2039287] Skipping (exists): e_06451346_06_12400_4bd_2024
[2039287] Skipping (exists): e_06481346_06_12400_4bd_2024
[2039287] Skipping (exists): e_06511346_06_12400_4bd_2024
[2039287] Skipping (exists): e_06541346_06_12400_4bd_2024
[2039287] Skipping (exists): e_06571346_06_12400_4bd_2024
[2039287] Skipping (exists): e_06601346_06_12400_4bd_2024
[2039287] Skipping (exists): e_06631346_06_12400_4bd_2024
[2039287] Skipping (exists): e_06661346_06_12400_4bd_2024
[2039287] Skipping (exists): e_06691346_06_12400_4bd_2024
[2039287] Skipping (exists): e_06721346_06_12400_4bd_2024
[2039287] Skipping (exists): e_06751346_06_12400_4bd_2024
[2039287] Skipping (exists): e_06781346_06_12400_4bd_2024
[2039287] Skipping (exists): e_06811346_06_12400_4bd_2024
[2039287] Skipping (exists): e_06841346_06_12400_4bd_2024
[2039287] Skipping (exists): e_06361348_06_12400_4bd_2024
[2039287] Skipping (exists): e_06391348_06_12400_4bd_2024
[2039287] Skipping (exists): e_06421348_06_12400_4bd_2024
[2039287] Skipping (exists): e_06451348_06_12400_4bd_2024
[2039287] Skipping (exists): e_06481348_06_12400_4bd_2024
[2039287] Skipping (exists): e_06511348_06_12400_4bd_2024
[2039287] Skipping (exists): e_06541348_06_12400_4bd_2024
[2039287] Skipping (exists): e_06571348_06_12400_4bd_2024
[2039287] Skipping (exists): e_06601348_06_12400_4bd_2024
[2039287] Skipping (exists): e_06631348_06_12400_4bd_2024
[2039287] Skipping (exists): e_06661348_06_12400_4bd_2024
[2039287] Skipping (exists): e_06691348_06_12400_4bd_2024
[2039287] Skipping (exists): e_06721348_06_12400_4bd_2024
[2039287] Skipping (exists): e_06751348_06_12400_4bd_2024
[2039287] Skipping (exists): e_06781348_06_12400_4bd_2024
[2039287] Skipping (exists): e_06811348_06_12400_4bd_2024
[2039287] Skipping (exists): e_06841348_06_12400_4bd_2024
[2039287] Skipping (exists): e_06301350_06_12400_4bd_2024
[2039287] Skipping (exists): e_06331350_06_12400_4bd_2024
[2039287] Skipping (exists): e_06361350_06_12400_4bd_2024
[2039287] Skipping (exists): e_06391350_06_12400_4bd_2024
[2039287] Skipping (exists): e_06421350_06_12400_4bd_2024
[2039287] Skipping (exists): e_06451350_06_12400_4bd_2024
[2039287] Skipping (exists): e_06481350_06_12400_4bd_2024
[2039287] Skipping (exists): e_06511350_06_12400_4bd_2024
[2039287] Skipping (exists): e_06541350_06_12400_4bd_2024
[2039287] Skipping (exists): e_06571350_06_12400_4bd_2024
[2039287] Skipping (exists): e_06601350_06_12400_4bd_2024
[2039287] Skipping (exists): e_06631350_06_12400_4bd_2024
[2039287] Skipping (exists): e_06661350_06_12400_4bd_2024
[2039287] Skipping (exists): e_06691350_06_12400_4bd_2024
[2039287] Skipping (exists): e_06721350_06_12400_4bd_2024
[2039287] Skipping (exists): e_06751350_06_12400_4bd_2024
[2039287] Skipping (exists): e_06781350_06_12400_4bd_2024
[2039287] Skipping (exists): e_06811350_06_12400_4bd_2024
[2039287] Skipping (exists): e_06841350_06_12400_4bd_2024
[2039287] Skipping (exists): e_06871350_06_12400_4bd_2024
[2039287] Skipping (exists): e_06901350_06_12400_4bd_2024
[2039287] Skipping (exists): e_06301352_06_12400_4bd_2024
[2039287] Skipping (exists): e_06331352_06_12400_4bd_2024
[2039287] Skipping (exists): e_06391352_06_12400_4bd_2024
[2039287] Skipping (exists): e_06421352_06_12400_4bd_2024
[2039287] Skipping (exists): e_06451352_06_12400_4bd_2024
[2039287] Skipping (exists): e_06481352_06_12400_4bd_2024
[2039287] Skipping (exists): e_06511352_06_12400_4bd_2024
[2039287] Skipping (exists): e_06541352_06_12400_4bd_2024
[2039287] Skipping (exists): e_06571352_06_12400_4bd_2024
[2039287] Skipping (exists): e_06601352_06_12400_4bd_2024
[2039287] Skipping (exists): e_06631352_06_12400_4bd_2024
[2039287] Skipping (exists): e_06661352_06_12400_4bd_2024
[2039287] Skipping (exists): e_06691352_06_12400_4bd_2024
[2039287] Skipping (exists): e_06721352_06_12400_4bd_2024
[2039287] Skipping (exists): e_06751352_06_12400_4bd_2024
[2039287] Skipping (exists): e_06781352_06_12400_4bd_2024
[2039287] Skipping (exists): e_06811352_06_12400_4bd_2024
[2039287] Skipping (exists): e_06841352_06_12400_4bd_2024
[2039287] Skipping (exists): e_06871352_06_12400_4bd_2024
[2039287] Skipping (exists): e_06901352_06_12400_4bd_2024
[2039287] Skipping (exists): e_06301354_06_12400_4bd_2024
[2039287] Skipping (exists): e_06331354_06_12400_4bd_2024
[2039287] Skipping (exists): e_06361354_06_12400_4bd_2024
[2039287] Skipping (exists): e_06391354_06_12400_4bd_2024
[2039287] Skipping (exists): e_06421354_06_12400_4bd_2024
[2039287] Skipping (exists): e_06451354_06_12400_4bd_2024
[2039287] Skipping (exists): e_06481354_06_12400_4bd_2024
[2039287] Skipping (exists): e_06511354_06_12400_4bd_2024
[2039287] Skipping (exists): e_06541354_06_12400_4bd_2024
[2039287] Skipping (exists): e_06571354_06_12400_4bd_2024
[2039287] Skipping (exists): e_06601354_06_12400_4bd_2024
[2039287] Skipping (exists): e_06631354_06_12400_4bd_2024
[2039287] Skipping (exists): e_06661354_06_12400_4bd_2024
[2039287] Skipping (exists): e_06691354_06_12400_4bd_2024
[2039287] Skipping (exists): e_06721354_06_12400_4bd_2024
[2039287] Skipping (exists): e_06751354_06_12400_4bd_2024
[2039287] Skipping (exists): e_06781354_06_12400_4bd_2024
[2039287] Skipping (exists): e_06811354_06_12400_4bd_2024
[2039287] Skipping (exists): e_06841354_06_12400_4bd_2024
[2039287] Skipping (exists): e_06871354_06_12400_4bd_2024
[2039287] Skipping (exists): e_06901354_06_12400_4bd_2024
[2039287] Skipping (exists): e_06301356_06_12400_4bd_2024
[2039287] Skipping (exists): e_06331356_06_12400_4bd_2024
[2039287] Skipping (exists): e_06361356_06_12400_4bd_2024
[2039287] Skipping (exists): e_06421356_06_12400_4bd_2024
[2039287] Skipping (exists): e_06451356_06_12400_4bd_2024
[2039287] Skipping (exists): e_06481356_06_12400_4bd_2024
[2039287] Skipping (exists): e_06511356_06_12400_4bd_2024
[2039287] Skipping (exists): e_06541356_06_12400_4bd_2024
[2039287] Skipping (exists): e_06571356_06_12400_4bd_2024
[2039287] Skipping (exists): e_06601356_06_12400_4bd_2024
[2039287] Skipping (exists): e_06631356_06_12400_4bd_2024
[2039287] Skipping (exists): e_06661356_06_12400_4bd_2024
[2039287] Skipping (exists): e_06691356_06_12400_4bd_2024
[2039287] Skipping (exists): e_06721356_06_12400_4bd_2024
[2039287] Skipping (exists): e_06751356_06_12400_4bd_2024
[2039287] Skipping (exists): e_06781356_06_12400_4bd_2024
[2039287] Skipping (exists): e_06811356_06_12400_4bd_2024
[2039287] Skipping (exists): e_06841356_06_12400_4bd_2024
[2039287] Skipping (exists): e_06871356_06_12400_4bd_2024
[2039287] Skipping (exists): e_06901356_06_12400_4bd_2024
[2039287] Skipping (exists): e_06301358_06_12400_4bd_2024
[2039287] Skipping (exists): e_06331358_06_12400_4bd_2024
[2039287] Skipping (exists): e_06361358_06_12400_4bd_2024
[2039287] Skipping (exists): e_06391358_06_12400_4bd_2024
[2039287] Skipping (exists): e_06421358_06_12400_4bd_2024
[2039287] Skipping (exists): e_06451358_06_12400_4bd_2024
[2039287] Skipping (exists): e_06481358_06_12400_4bd_2024
[2039287] Skipping (exists): e_06511358_06_12400_4bd_2024
[2039287] Skipping (exists): e_06541358_06_12400_4bd_2024
[2039287] Skipping (exists): e_06571358_06_12400_4bd_2024
[2039287] Skipping (exists): e_06601358_06_12400_4bd_2024
[2039287] Skipping (exists): e_06631358_06_12400_4bd_2024
[2039287] Skipping (exists): e_06661358_06_12400_4bd_2024
[2039287] Skipping (exists): e_06691358_06_12400_4bd_2024
[2039287] Skipping (exists): e_06721358_06_12400_4bd_2024
[2039287] Skipping (exists): e_06751358_06_12400_4bd_2024
[2039287] Skipping (exists): e_06781358_06_12400_4bd_2024
[2039287] Skipping (exists): e_06811358_06_12400_4bd_2024
[2039287] Skipping (exists): e_06841358_06_12400_4bd_2024
[2039287] Skipping (exists): e_06871358_06_12400_4bd_2024
[2039287] Skipping (exists): e_06901358_06_12400_4bd_2024
[2039287] Skipping (exists): e_06271360_06_12400_4bd_2024
[2039287] Skipping (exists): e_06301360_06_12400_4bd_2024
[2039287] Skipping (exists): e_06331360_06_12400_4bd_2024
[2039287] Skipping (exists): e_06361360_06_12400_4bd_2024
[2039287] Skipping (exists): e_06391360_06_12400_4bd_2024
[2039287] Skipping (exists): e_06421360_06_12400_4bd_2024
[2039287] Skipping (exists): e_06451360_06_12400_4bd_2024
[2039287] Skipping (exists): e_06481360_06_12400_4bd_2024
[2039287] Skipping (exists): e_06511360_06_12400_4bd_2024
[2039287] Skipping (exists): e_06541360_06_12400_4bd_2024
[2039287] Skipping (exists): e_06571360_06_12400_4bd_2024
[2039287] Skipping (exists): e_06601360_06_12400_4bd_2024
[2039287] Skipping (exists): e_06631360_06_12400_4bd_2024
[2039287] Skipping (exists): e_06661360_06_12400_4bd_2024
[2039287] Skipping (exists): e_06691360_06_12400_4bd_2024
[2039287] Skipping (exists): e_06721360_06_12400_4bd_2024
[2039287] Skipping (exists): e_06751360_06_12400_4bd_2024
[2039287] Skipping (exists): e_06781360_06_12400_4bd_2024
[2039287] Skipping (exists): e_06811360_06_12400_4bd_2024
[2039287] Skipping (exists): e_06841360_06_12400_4bd_2024
[2039287] Skipping (exists): e_06871360_06_12400_4bd_2024
[2039287] Skipping (exists): e_06901360_06_12400_4bd_2024
[2039287] Skipping (exists): e_06271362_06_12400_4bd_2024
[2039287] Skipping (exists): e_06301362_06_12400_4bd_2024
[2039287] Skipping (exists): e_06331362_06_12400_4bd_2024
[2039287] Skipping (exists): e_06361362_06_12400_4bd_2024
[2039287] Skipping (exists): e_06391362_06_12400_4bd_2024
[2039287] Skipping (exists): e_06421362_06_12400_4bd_2024
[2039287] Skipping (exists): e_06451362_06_12400_4bd_2024
[2039287] Skipping (exists): e_06481362_06_12400_4bd_2024
[2039287] Skipping (exists): e_06511362_06_12400_4bd_2024
[2039287] Skipping (exists): e_06541362_06_12400_4bd_2024
[2039287] Skipping (exists): e_06571362_06_12400_4bd_2024
[2039287] Skipping (exists): e_06601362_06_12400_4bd_2024
[2039287] Skipping (exists): e_06631362_06_12400_4bd_2024
[2039287] Skipping (exists): e_06661362_06_12400_4bd_2024
[2039287] Skipping (exists): e_06691362_06_12400_4bd_2024
[2039287] Skipping (exists): e_06721362_06_12400_4bd_2024
[2039287] Skipping (exists): e_06751362_06_12400_4bd_2024
[2039287] Skipping (exists): e_06781362_06_12400_4bd_2024
[2039287] Skipping (exists): e_06811362_06_12400_4bd_2024
[2039287] Skipping (exists): e_06841362_06_12400_4bd_2024
[2039287] Skipping (exists): e_06271364_06_12400_4bd_2024
[2039287] Skipping (exists): e_06301364_06_12400_4bd_2024
[2039287] Skipping (exists): e_06331364_06_12400_4bd_2024
[2039287] Skipping (exists): e_06361364_06_12400_4bd_2024
[2039287] Skipping (exists): e_06391364_06_12400_4bd_2024
[2039287] Skipping (exists): e_06421364_06_12400_4bd_2024
[2039287] Skipping (exists): e_06451364_06_12400_4bd_2024
[2039287] Skipping (exists): e_06481364_06_12400_4bd_2024
[2039287] Skipping (exists): e_06511364_06_12400_4bd_2024
[2039287] Skipping (exists): e_06541364_06_12400_4bd_2024
[2039287] Skipping (exists): e_06571364_06_12400_4bd_2024
[2039287] Skipping (exists): e_06601364_06_12400_4bd_2024
[2039287] Skipping (exists): e_06631364_06_12400_4bd_2024
[2039287] Skipping (exists): e_06661364_06_12400_4bd_2024
[2039287] Skipping (exists): e_06691364_06_12400_4bd_2024
[2039287] Skipping (exists): e_06721364_06_12400_4bd_2024
[2039287] Skipping (exists): e_06751364_06_12400_4bd_2024
[2039287] Skipping (exists): e_06781364_06_12400_4bd_2024
[2039287] Skipping (exists): e_06811364_06_12400_4bd_2024
[2039287] Skipping (exists): e_06841364_06_12400_4bd_2024
[2039287] Skipping (exists): e_06271366_06_12400_4bd_2024
[2039287] Skipping (exists): e_06301366_06_12400_4bd_2024
[2039287] Skipping (exists): e_06331366_06_12400_4bd_2024
[2039287] Skipping (exists): e_06361366_06_12400_4bd_2024
[2039287] Skipping (exists): e_06391366_06_12400_4bd_2024
[2039287] Skipping (exists): e_06421366_06_12400_4bd_2024
[2039287] Skipping (exists): e_06451366_06_12400_4bd_2024
[2039287] Skipping (exists): e_06481366_06_12400_4bd_2024
[2039287] Skipping (exists): e_06511366_06_12400_4bd_2024
[2039287] Skipping (exists): e_06541366_06_12400_4bd_2024
[2039287] Skipping (exists): e_06571366_06_12400_4bd_2024
[2039287] Skipping (exists): e_06601366_06_12400_4bd_2024
[2039287] Skipping (exists): e_06631366_06_12400_4bd_2024
[2039287] Skipping (exists): e_06661366_06_12400_4bd_2024
[2039287] Skipping (exists): e_06691366_06_12400_4bd_2024
[2039287] Skipping (exists): e_06721366_06_12400_4bd_2024
[2039287] Skipping (exists): e_06751366_06_12400_4bd_2024
[2039287] Skipping (exists): e_06781366_06_12400_4bd_2024
[2039287] Skipping (exists): e_06811366_06_12400_4bd_2024
[2039287] Skipping (exists): e_06841366_06_12400_4bd_2024
[2039287] Skipping (exists): e_06211368_06_12400_4bd_2024
[2039287] Skipping (exists): e_06241368_06_12400_4bd_2024
[2039287] Skipping (exists): e_06271368_06_12400_4bd_2024
[2039287] Skipping (exists): e_06301368_06_12400_4bd_2024
[2039287] Skipping (exists): e_06331368_06_12400_4bd_2024
[2039287] Skipping (exists): e_06361368_06_12400_4bd_2024
[2039287] Skipping (exists): e_06391368_06_12400_4bd_2024
[2039287] Skipping (exists): e_06421368_06_12400_4bd_2024
[2039287] Skipping (exists): e_06451368_06_12400_4bd_2024
[2039287] Skipping (exists): e_06481368_06_12400_4bd_2024
[2039287] Skipping (exists): e_06511368_06_12400_4bd_2024
[2039287] Skipping (exists): e_06541368_06_12400_4bd_2024
[2039287] Skipping (exists): e_06571368_06_12400_4bd_2024
[2039287] Skipping (exists): e_06601368_06_12400_4bd_2024
[2039287] Skipping (exists): e_06631368_06_12400_4bd_2024
[2039287] Skipping (exists): e_06661368_06_12400_4bd_2024
[2039287] Skipping (exists): e_06691368_06_12400_4bd_2024
[2039287] Skipping (exists): e_06721368_06_12400_4bd_2024
[2039287] Skipping (exists): e_06751368_06_12400_4bd_2024
[2039287] Skipping (exists): e_06781368_06_12400_4bd_2024
[2039287] Skipping (exists): e_06811368_06_12400_4bd_2024
[2039287] Skipping (exists): e_06841368_06_12400_4bd_2024
[2039287] Skipping (exists): e_06211370_06_12400_4bd_2024
[2039287] Skipping (exists): e_06241370_06_12400_4bd_2024
[2039287] Skipping (exists): e_06271370_06_12400_4bd_2024
[2039287] Skipping (exists): e_06301370_06_12400_4bd_2024
[2039287] Skipping (exists): e_06331370_06_12400_4bd_2024
[2039287] Skipping (exists): e_06361370_06_12400_4bd_2024
[2039287] Skipping (exists): e_06391370_06_12400_4bd_2024
[2039287] Skipping (exists): e_06421370_06_12400_4bd_2024
[2039287] Skipping (exists): e_06451370_06_12400_4bd_2024
[2039287] Skipping (exists): e_06481370_06_12400_4bd_2024
[2039287] Skipping (exists): e_06511370_06_12400_4bd_2024
[2039287] Skipping (exists): e_06541370_06_12400_4bd_2024
[2039287] Skipping (exists): e_06571370_06_12400_4bd_2024
[2039287] Skipping (exists): e_06601370_06_12400_4bd_2024
[2039287] Skipping (exists): e_06631370_06_12400_4bd_2024
[2039287] Skipping (exists): e_06661370_06_12400_4bd_2024
[2039287] Skipping (exists): e_06691370_06_12400_4bd_2024
[2039287] Skipping (exists): e_06721370_06_12400_4bd_2024
[2039287] Skipping (exists): e_06751370_06_12400_4bd_2024
[2039287] Skipping (exists): e_06781370_06_12400_4bd_2024
[2039287] Skipping (exists): e_06811370_06_12400_4bd_2024
[2039287] Skipping (exists): e_06841370_06_12400_4bd_2024
[2039287] Skipping (exists): e_06871370_06_12400_4bd_2024
[2039287] Skipping (exists): e_06211372_06_12400_4bd_2024
[2039287] Skipping (exists): e_06241372_06_12400_4bd_2024
[2039287] Skipping (exists): e_06271372_06_12400_4bd_2024
[2039287] Skipping (exists): e_06301372_06_12400_4bd_2024
[2039287] Skipping (exists): e_06331372_06_12400_4bd_2024
[2039287] Skipping (exists): e_06361372_06_12400_4bd_2024
[2039287] Skipping (exists): e_06391372_06_12400_4bd_2024
[2039287] Skipping (exists): e_06421372_06_12400_4bd_2024
[2039287] Skipping (exists): e_06451372_06_12400_4bd_2024
[2039287] Skipping (exists): e_06481372_06_12400_4bd_2024
[2039287] Skipping (exists): e_06511372_06_12400_4bd_2024
[2039287] Skipping (exists): e_06541372_06_12400_4bd_2024
[2039287] Skipping (exists): e_06571372_06_12400_4bd_2024
[2039287] Skipping (exists): e_06601372_06_12400_4bd_2024
[2039287] Skipping (exists): e_06631372_06_12400_4bd_2024
[2039287] Skipping (exists): e_06661372_06_12400_4bd_2024
[2039287] Skipping (exists): e_06691372_06_12400_4bd_2024
[2039287] Skipping (exists): e_06721372_06_12400_4bd_2024
[2039287] Skipping (exists): e_06751372_06_12400_4bd_2024
[2039287] Skipping (exists): e_06781372_06_12400_4bd_2024
[2039287] Skipping (exists): e_06811372_06_12400_4bd_2024
[2039287] Skipping (exists): e_06841372_06_12400_4bd_2024
[2039287] Skipping (exists): e_06871372_06_12400_4bd_2024
[2039287] Skipping (exists): e_06211374_06_12400_4bd_2024
[2039287] Skipping (exists): e_06241374_06_12400_4bd_2024
[2039287] Skipping (exists): e_06271374_06_12400_4bd_2024
[2039287] Skipping (exists): e_06301374_06_12400_4bd_2024
[2039287] Skipping (exists): e_06331374_06_12400_4bd_2024
[2039287] Skipping (exists): e_06361374_06_12400_4bd_2024
[2039287] Skipping (exists): e_06391374_06_12400_4bd_2024
[2039287] Skipping (exists): e_06421374_06_12400_4bd_2024
[2039287] Skipping (exists): e_06451374_06_12400_4bd_2024
[2039287] Skipping (exists): e_06481374_06_12400_4bd_2024
[2039287] Skipping (exists): e_06511374_06_12400_4bd_2024
[2039287] Skipping (exists): e_06541374_06_12400_4bd_2024
[2039287] Skipping (exists): e_06571374_06_12400_4bd_2024
[2039287] Skipping (exists): e_06601374_06_12400_4bd_2024
[2039287] Skipping (exists): e_06631374_06_12400_4bd_2024
[2039287] Skipping (exists): e_06661374_06_12400_4bd_2024
[2039287] Skipping (exists): e_06691374_06_12400_4bd_2024
[2039287] Skipping (exists): e_06721374_06_12400_4bd_2024
[2039287] Skipping (exists): e_06751374_06_12400_4bd_2024
[2039287] Skipping (exists): e_06781374_06_12400_4bd_2024
[2039287] Skipping (exists): e_06811374_06_12400_4bd_2024
[2039287] Skipping (exists): e_06841374_06_12400_4bd_2024
[2039287] Skipping (exists): e_06871374_06_12400_4bd_2024
[2039287] Skipping (exists): e_06901374_06_12400_4bd_2024
[2039287] Skipping (exists): e_06211376_06_12400_4bd_2024
[2039287] Skipping (exists): e_06241376_06_12400_4bd_2024
[2039287] Skipping (exists): e_06271376_06_12400_4bd_2024
[2039287] Skipping (exists): e_06301376_06_12400_4bd_2024
[2039287] Skipping (exists): e_06331376_06_12400_4bd_2024
[2039287] Skipping (exists): e_06361376_06_12400_4bd_2024
[2039287] Skipping (exists): e_06391376_06_12400_4bd_2024
[2039287] Skipping (exists): e_06421376_06_12400_4bd_2024
[2039287] Skipping (exists): e_06451376_06_12400_4bd_2024
[2039287] Skipping (exists): e_06481376_06_12400_4bd_2024
[2039287] Skipping (exists): e_06511376_06_12400_4bd_2024
[2039287] Skipping (exists): e_06541376_06_12400_4bd_2024
[2039287] Skipping (exists): e_06571376_06_12400_4bd_2024
[2039287] Skipping (exists): e_06601376_06_12400_4bd_2024
[2039287] Skipping (exists): e_06631376_06_12400_4bd_2024
[2039287] Skipping (exists): e_06661376_06_12400_4bd_2024
[2039287] Skipping (exists): e_06691376_06_12400_4bd_2024
[2039287] Skipping (exists): e_06721376_06_12400_4bd_2024
[2039287] Skipping (exists): e_06751376_06_12400_4bd_2024
[2039287] Skipping (exists): e_06781376_06_12400_4bd_2024
[2039287] Skipping (exists): e_06811376_06_12400_4bd_2024
[2039287] Skipping (exists): e_06841376_06_12400_4bd_2024
[2039287] Skipping (exists): e_06871376_06_12400_4bd_2024
[2039287] Skipping (exists): e_06901376_06_12400_4bd_2024
[2039287] Skipping (exists): e_06211378_06_12400_4bd_2024
[2039287] Skipping (exists): e_06241378_06_12400_4bd_2024
[2039287] Skipping (exists): e_06271378_06_12400_4bd_2024
[2039287] Skipping (exists): e_06301378_06_12400_4bd_2024
[2039287] Skipping (exists): e_06331378_06_12400_4bd_2024
[2039287] Skipping (exists): e_06361378_06_12400_4bd_2024
[2039287] Skipping (exists): e_06391378_06_12400_4bd_2024
[2039287] Skipping (exists): e_06421378_06_12400_4bd_2024
[2039287] Skipping (exists): e_06451378_06_12400_4bd_2024
[2039287] Skipping (exists): e_06481378_06_12400_4bd_2024
[2039287] Skipping (exists): e_06511378_06_12400_4bd_2024
[2039287] Skipping (exists): e_06541378_06_12400_4bd_2024
[2039287] Skipping (exists): e_06571378_06_12400_4bd_2024
[2039287] Skipping (exists): e_06601378_06_12400_4bd_2024
[2039287] Skipping (exists): e_06631378_06_12400_4bd_2024
[2039287] Skipping (exists): e_06661378_06_12400_4bd_2024
[2039287] Skipping (exists): e_06691378_06_12400_4bd_2024
[2039287] Skipping (exists): e_06721378_06_12400_4bd_2024
[2039287] Skipping (exists): e_06751378_06_12400_4bd_2024
[2039287] Skipping (exists): e_06781378_06_12400_4bd_2024
[2039287] Skipping (exists): e_06811378_06_12400_4bd_2024
[2039287] Skipping (exists): e_06841378_06_12400_4bd_2024
[2039287] Skipping (exists): e_06871378_06_12400_4bd_2024
[2039287] Skipping (exists): e_06901378_06_12400_4bd_2024
[2039287] Skipping (exists): e_06211380_06_12400_4bd_2024
[2039287] Skipping (exists): e_06241380_06_12400_4bd_2024
[2039287] Skipping (exists): e_06271380_06_12400_4bd_2024
[2039287] Skipping (exists): e_06301380_06_12400_4bd_2024
[2039287] Skipping (exists): e_06331380_06_12400_4bd_2024
[2039287] Skipping (exists): e_06361380_06_12400_4bd_2024
[2039287] Skipping (exists): e_06391380_06_12400_4bd_2024
[2039287] Skipping (exists): e_06421380_06_12400_4bd_2024
[2039287] Skipping (exists): e_06451380_06_12400_4bd_2024
[2039287] Skipping (exists): e_06481380_06_12400_4bd_2024
[2039287] Skipping (exists): e_06511380_06_12400_4bd_2024
[2039287] Skipping (exists): e_06541380_06_12400_4bd_2024
[2039287] Skipping (exists): e_06571380_06_12400_4bd_2024
[2039287] Skipping (exists): e_06601380_06_12400_4bd_2024
[2039287] Skipping (exists): e_06631380_06_12400_4bd_2024
[2039287] Skipping (exists): e_06661380_06_12400_4bd_2024
[2039287] Skipping (exists): e_06691380_06_12400_4bd_2024
[2039287] Skipping (exists): e_06721380_06_12400_4bd_2024
[2039287] Skipping (exists): e_06751380_06_12400_4bd_2024
[2039287] Skipping (exists): e_06781380_06_12400_4bd_2024
[2039287] Skipping (exists): e_06811380_06_12400_4bd_2024
[2039287] Skipping (exists): e_06841380_06_12400_4bd_2024
[2039287] Skipping (exists): e_06871380_06_12400_4bd_2024
[2039287] Skipping (exists): e_06901380_06_12400_4bd_2024
[2039287] Skipping (exists): e_06211382_06_12400_4bd_2024
[2039287] Skipping (exists): e_06241382_06_12400_4bd_2024
[2039287] Skipping (exists): e_06271382_06_12400_4bd_2024
[2039287] Skipping (exists): e_06301382_06_12400_4bd_2024
[2039287] Skipping (exists): e_06331382_06_12400_4bd_2024
[2039287] Skipping (exists): e_06361382_06_12400_4bd_2024
[2039287] Skipping (exists): e_06391382_06_12400_4bd_2024
[2039287] Skipping (exists): e_06421382_06_12400_4bd_2024
[2039287] Skipping (exists): e_06451382_06_12400_4bd_2024
[2039287] Skipping (exists): e_06481382_06_12400_4bd_2024
[2039287] Skipping (exists): e_06511382_06_12400_4bd_2024
[2039287] Skipping (exists): e_06541382_06_12400_4bd_2024
[2039287] Skipping (exists): e_06571382_06_12400_4bd_2024
[2039287] Skipping (exists): e_06601382_06_12400_4bd_2024
[2039287] Skipping (exists): e_06631382_06_12400_4bd_2024
[2039287] Skipping (exists): e_06661382_06_12400_4bd_2024
[2039287] Skipping (exists): e_06691382_06_12400_4bd_2024
[2039287] Skipping (exists): e_06721382_06_12400_4bd_2024
[2039287] Skipping (exists): e_06751382_06_12400_4bd_2024
[2039287] Skipping (exists): e_06781382_06_12400_4bd_2024
[2039287] Skipping (exists): e_06811382_06_12400_4bd_2024
[2039287] Skipping (exists): e_06841382_06_12400_4bd_2024
[2039287] Skipping (exists): e_06871382_06_12400_4bd_2024
[2039287] Skipping (exists): e_06901382_06_12400_4bd_2024
[2039287] Skipping (exists): e_06241384_06_12400_4bd_2024
[2039287] Skipping (exists): e_06271384_06_12400_4bd_2024
[2039287] Skipping (exists): e_06301384_06_12400_4bd_2024
[2039287] Skipping (exists): e_06331384_06_12400_4bd_2024
[2039287] Skipping (exists): e_06361384_06_12400_4bd_2024
[2039287] Skipping (exists): e_06391384_06_12400_4bd_2024
[2039287] Skipping (exists): e_06421384_06_12400_4bd_2024
[2039287] Skipping (exists): e_06451384_06_12400_4bd_2024
[2039287] Skipping (exists): e_06481384_06_12400_4bd_2024
[2039287] Skipping (exists): e_06511384_06_12400_4bd_2024
[2039287] Skipping (exists): e_06541384_06_12400_4bd_2024
[2039287] Skipping (exists): e_06571384_06_12400_4bd_2024
[2039287] Skipping (exists): e_06601384_06_12400_4bd_2024
[2039287] Skipping (exists): e_06631384_06_12400_4bd_2024
[2039287] Skipping (exists): e_06661384_06_12400_4bd_2024
[2039287] Skipping (exists): e_06691384_06_12400_4bd_2024
[2039287] Skipping (exists): e_06721384_06_12400_4bd_2024
[2039287] Skipping (exists): e_06751384_06_12400_4bd_2024
[2039287] Skipping (exists): e_06781384_06_12400_4bd_2024
[2039287] Skipping (exists): e_06811384_06_12400_4bd_2024
[2039287] Skipping (exists): e_06841384_06_12400_4bd_2024
[2039287] Skipping (exists): e_06871384_06_12400_4bd_2024
[2039287] Skipping (exists): e_06901384_06_12400_4bd_2024
[2039287] Skipping (exists): e_06241386_06_12400_4bd_2024
[2039287] Skipping (exists): e_06271386_06_12400_4bd_2024
[2039287] Skipping (exists): e_06301386_06_12400_4bd_2024
[2039287] Skipping (exists): e_06331386_06_12400_4bd_2024
[2039287] Skipping (exists): e_06361386_06_12400_4bd_2024
[2039287] Skipping (exists): e_06391386_06_12400_4bd_2024
[2039287] Skipping (exists): e_06421386_06_12400_4bd_2024
[2039287] Skipping (exists): e_06451386_06_12400_4bd_2024
[2039287] Skipping (exists): e_06481386_06_12400_4bd_2024
[2039287] Skipping (exists): e_06511386_06_12400_4bd_2024
[2039287] Skipping (exists): e_06541386_06_12400_4bd_2024
[2039287] Skipping (exists): e_06571386_06_12400_4bd_2024
[2039287] Skipping (exists): e_06601386_06_12400_4bd_2024
[2039287] Skipping (exists): e_06631386_06_12400_4bd_2024
[2039287] Skipping (exists): e_06661386_06_12400_4bd_2024
[2039287] Skipping (exists): e_06691386_06_12400_4bd_2024
[2039287] Skipping (exists): e_06721386_06_12400_4bd_2024
[2039287] Skipping (exists): e_06751386_06_12400_4bd_2024
[2039287] Skipping (exists): e_06781386_06_12400_4bd_2024
[2039287] Skipping (exists): e_06811386_06_12400_4bd_2024
[2039287] Skipping (exists): e_06841386_06_12400_4bd_2024
[2039287] Skipping (exists): e_06871386_06_12400_4bd_2024
[2039287] Skipping (exists): e_06901386_06_12400_4bd_2024
[2039287] Skipping (exists): e_06961386_06_12400_4bd_2024
[2039287] Skipping (exists): e_06241388_06_12400_4bd_2024
[2039287] Skipping (exists): e_06271388_06_12400_4bd_2024
[2039287] Skipping (exists): e_06301388_06_12400_4bd_2024
[2039287] Skipping (exists): e_06331388_06_12400_4bd_2024
[2039287] Skipping (exists): e_06361388_06_12400_4bd_2024
[2039287] Skipping (exists): e_06391388_06_12400_4bd_2024
[2039287] Skipping (exists): e_06421388_06_12400_4bd_2024
[2039287] Skipping (exists): e_06451388_06_12400_4bd_2024
[2039287] Skipping (exists): e_06481388_06_12400_4bd_2024
[2039287] Skipping (exists): e_06511388_06_12400_4bd_2024
[2039287] Skipping (exists): e_06541388_06_12400_4bd_2024
[2039287] Skipping (exists): e_06571388_06_12400_4bd_2024
[2039287] Skipping (exists): e_06601388_06_12400_4bd_2024
[2039287] Skipping (exists): e_06631388_06_12400_4bd_2024
[2039287] Skipping (exists): e_06661388_06_12400_4bd_2024
[2039287] Skipping (exists): e_06691388_06_12400_4bd_2024
[2039287] Skipping (exists): e_06721388_06_12400_4bd_2024
[2039287] Skipping (exists): e_06751388_06_12400_4bd_2024
[2039287] Skipping (exists): e_06781388_06_12400_4bd_2024
[2039287] Skipping (exists): e_06811388_06_12400_4bd_2024
[2039287] Skipping (exists): e_06841388_06_12400_4bd_2024
[2039287] Skipping (exists): e_06871388_06_12400_4bd_2024
[2039287] Skipping (exists): e_06901388_06_12400_4bd_2024
[2039287] Skipping (exists): e_06931388_06_12400_4bd_2024
[2039287] Skipping (exists): e_06961388_06_12400_4bd_2024
[2039287] Skipping (exists): e_06241390_06_12400_4bd_2024
[2039287] Skipping (exists): e_06271390_06_12400_4bd_2024
[2039287] Skipping (exists): e_06301390_06_12400_4bd_2024
[2039287] Skipping (exists): e_06331390_06_12400_4bd_2024
[2039287] Skipping (exists): e_06361390_06_12400_4bd_2024
[2039287] Skipping (exists): e_06391390_06_12400_4bd_2024
[2039287] Skipping (exists): e_06421390_06_12400_4bd_2024
[2039287] Skipping (exists): e_06451390_06_12400_4bd_2024
[2039287] Skipping (exists): e_06481390_06_12400_4bd_2024
[2039287] Skipping (exists): e_06511390_06_12400_4bd_2024
[2039287] Skipping (exists): e_06541390_06_12400_4bd_2024
[2039287] Skipping (exists): e_06571390_06_12400_4bd_2024
[2039287] Skipping (exists): e_06601390_06_12400_4bd_2024
[2039287] Skipping (exists): e_06631390_06_12400_4bd_2024
[2039287] Skipping (exists): e_06661390_06_12400_4bd_2024
[2039287] Skipping (exists): e_06691390_06_12400_4bd_2024
[2039287] Skipping (exists): e_06721390_06_12400_4bd_2024
[2039287] Skipping (exists): e_06751390_06_12400_4bd_2024
[2039287] Skipping (exists): e_06781390_06_12400_4bd_2024
[2039287] Skipping (exists): e_06811390_06_12400_4bd_2024
[2039287] Skipping (exists): e_06841390_06_12400_4bd_2024
[2039287] Skipping (exists): e_06871390_06_12400_4bd_2024
[2039287] Skipping (exists): e_06901390_06_12400_4bd_2024
[2039287] Skipping (exists): e_06931390_06_12400_4bd_2024
[2039287] Skipping (exists): e_06961390_06_12400_4bd_2024
[2039287] Skipping (exists): e_06271392_06_12400_4bd_2024
[2039287] Skipping (exists): e_06301392_06_12400_4bd_2024
[2039287] Skipping (exists): e_06331392_06_12400_4bd_2024
[2039287] Skipping (exists): e_06361392_06_12400_4bd_2024
[2039287] Skipping (exists): e_06391392_06_12400_4bd_2024
[2039287] Skipping (exists): e_06421392_06_12400_4bd_2024
[2039287] Skipping (exists): e_06451392_06_12400_4bd_2024
[2039287] Skipping (exists): e_06481392_06_12400_4bd_2024
[2039287] Skipping (exists): e_06511392_06_12400_4bd_2024
[2039287] Skipping (exists): e_06541392_06_12400_4bd_2024
[2039287] Skipping (exists): e_06571392_06_12400_4bd_2024
[2039287] Skipping (exists): e_06601392_06_12400_4bd_2024
[2039287] Skipping (exists): e_06631392_06_12400_4bd_2024
[2039287] Skipping (exists): e_06661392_06_12400_4bd_2024
[2039287] Skipping (exists): e_06691392_06_12400_4bd_2024
[2039287] Skipping (exists): e_06721392_06_12400_4bd_2024
[2039287] Skipping (exists): e_06751392_06_12400_4bd_2024
[2039287] Skipping (exists): e_06781392_06_12400_4bd_2024
[2039287] Skipping (exists): e_06811392_06_12400_4bd_2024
[2039287] Skipping (exists): e_06841392_06_12400_4bd_2024
[2039287] Skipping (exists): e_06871392_06_12400_4bd_2024
[2039287] Skipping (exists): e_06901392_06_12400_4bd_2024
[2039287] Skipping (exists): e_06931392_06_12400_4bd_2024
[2039287] Skipping (exists): e_06961392_06_12400_4bd_2024
[2039287] Skipping (exists): e_06271394_06_12400_4bd_2024
[2039287] Skipping (exists): e_06301394_06_12400_4bd_2024
[2039287] Skipping (exists): e_06361394_06_12400_4bd_2024
[2039287] Skipping (exists): e_06391394_06_12400_4bd_2024
[2039287] Skipping (exists): e_06421394_06_12400_4bd_2024
[2039287] Skipping (exists): e_06451394_06_12400_4bd_2024
[2039287] Skipping (exists): e_06481394_06_12400_4bd_2024
[2039287] Skipping (exists): e_06511394_06_12400_4bd_2024
[2039287] Skipping (exists): e_06541394_06_12400_4bd_2024
[2039287] Skipping (exists): e_06571394_06_12400_4bd_2024
[2039287] Skipping (exists): e_06601394_06_12400_4bd_2024
[2039287] Skipping (exists): e_06631394_06_12400_4bd_2024
[2039287] Skipping (exists): e_06661394_06_12400_4bd_2024
[2039287] Skipping (exists): e_06691394_06_12400_4bd_2024
[2039287] Skipping (exists): e_06721394_06_12400_4bd_2024
[2039287] Skipping (exists): e_06751394_06_12400_4bd_2024
[2039287] Skipping (exists): e_06781394_06_12400_4bd_2024
[2039287] Skipping (exists): e_06811394_06_12400_4bd_2024
[2039287] Skipping (exists): e_06841394_06_12400_4bd_2024
[2039287] Skipping (exists): e_06871394_06_12400_4bd_2024
[2039287] Skipping (exists): e_06901394_06_12400_4bd_2024
[2039287] Skipping (exists): e_06931394_06_12400_4bd_2024
[2039287] Skipping (exists): e_06961394_06_12400_4bd_2024
[2039287] Skipping (exists): e_06991394_06_12400_4bd_2024
[2039287] Skipping (exists): e_06391396_06_12400_4bd_2024
[2039287] Skipping (exists): e_06421396_06_12400_4bd_2024
[2039287] Skipping (exists): e_06451396_06_12400_4bd_2024
[2039287] Skipping (exists): e_06481396_06_12400_4bd_2024
[2039287] Skipping (exists): e_06511396_06_12400_4bd_2024
[2039287] Skipping (exists): e_06541396_06_12400_4bd_2024
[2039287] Skipping (exists): e_06571396_06_12400_4bd_2024
[2039287] Skipping (exists): e_06601396_06_12400_4bd_2024
[2039287] Skipping (exists): e_06631396_06_12400_4bd_2024
[2039287] Skipping (exists): e_06661396_06_12400_4bd_2024
[2039287] Skipping (exists): e_06691396_06_12400_4bd_2024
[2039287] Skipping (exists): e_06721396_06_12400_4bd_2024
[2039287] Skipping (exists): e_06751396_06_12400_4bd_2024
[2039287] Skipping (exists): e_06781396_06_12400_4bd_2024
[2039287] Skipping (exists): e_06811396_06_12400_4bd_2024
[2039287] Skipping (exists): e_06841396_06_12400_4bd_2024
[2039287] Skipping (exists): e_06871396_06_12400_4bd_2024
[2039287] Skipping (exists): e_06901396_06_12400_4bd_2024
[2039287] Skipping (exists): e_06931396_06_12400_4bd_2024
[2039287] Skipping (exists): e_06961396_06_12400_4bd_2024
[2039287] Skipping (exists): e_06991396_06_12400_4bd_2024
[2039287] Skipping (exists): e_06421398_06_12400_4bd_2024
[2039287] Skipping (exists): e_06451398_06_12400_4bd_2024
[2039287] Skipping (exists): e_06481398_06_12400_4bd_2024
[2039287] Skipping (exists): e_06511398_06_12400_4bd_2024
[2039287] Skipping (exists): e_06541398_06_12400_4bd_2024
[2039287] Skipping (exists): e_06571398_06_12400_4bd_2024
[2039287] Skipping (exists): e_06601398_06_12400_4bd_2024
[2039287] Skipping (exists): e_06631398_06_12400_4bd_2024
[2039287] Skipping (exists): e_06661398_06_12400_4bd_2024
[2039287] Skipping (exists): e_06691398_06_12400_4bd_2024
[2039287] Skipping (exists): e_06721398_06_12400_4bd_2024
[2039287] Skipping (exists): e_06751398_06_12400_4bd_2024
[2039287] Skipping (exists): e_06781398_06_12400_4bd_2024
[2039287] Skipping (exists): e_06811398_06_12400_4bd_2024
[2039287] Skipping (exists): e_06841398_06_12400_4bd_2024
[2039287] Skipping (exists): e_06871398_06_12400_4bd_2024
[2039287] Skipping (exists): e_06901398_06_12400_4bd_2024
[2039287] Skipping (exists): e_06931398_06_12400_4bd_2024
[2039287] Skipping (exists): e_06961398_06_12400_4bd_2024
[2039287] Skipping (exists): e_06991398_06_12400_4bd_2024
[2039287] Skipping (exists): e_06391400_06_12400_4bd_2024
[2039287] Skipping (exists): e_06421400_06_12400_4bd_2024
[2039287] Skipping (exists): e_06451400_06_12400_4bd_2024
[2039287] Skipping (exists): e_06481400_06_12400_4bd_2024
[2039287] Skipping (exists): e_06511400_06_12400_4bd_2024
[2039287] Skipping (exists): e_06541400_06_12400_4bd_2024
[2039287] Skipping (exists): e_06571400_06_12400_4bd_2024
[2039287] Skipping (exists): e_06601400_06_12400_4bd_2024
[2039287] Skipping (exists): e_06631400_06_12400_4bd_2024
[2039287] Skipping (exists): e_06661400_06_12400_4bd_2024
[2039287] Skipping (exists): e_06691400_06_12400_4bd_2024
[2039287] Skipping (exists): e_06721400_06_12400_4bd_2024
[2039287] Skipping (exists): e_06751400_06_12400_4bd_2024
[2039287] Skipping (exists): e_06781400_06_12400_4bd_2024
[2039287] Skipping (exists): e_06811400_06_12400_4bd_2024
[2039287] Skipping (exists): e_06841400_06_12400_4bd_2024
[2039287] Skipping (exists): e_06871400_06_12400_4bd_2024
[2039287] Skipping (exists): e_06901400_06_12400_4bd_2024
[2039287] Skipping (exists): e_06931400_06_12400_4bd_2024
[2039287] Skipping (exists): e_06961400_06_12400_4bd_2024
[2039287] Skipping (exists): e_06991400_06_12400_4bd_2024
[2039287] Skipping (exists): e_07021400_06_12400_4bd_2024
[2039287] Skipping (exists): e_06391402_06_12400_4bd_2024
[2039287] Skipping (exists): e_06421402_06_12400_4bd_2024
[2039287] Skipping (exists): e_06451402_06_12400_4bd_2024
[2039287] Skipping (exists): e_06481402_06_12400_4bd_2024
[2039287] Skipping (exists): e_06511402_06_12400_4bd_2024
[2039287] Skipping (exists): e_06541402_06_12400_4bd_2024
[2039287] Skipping (exists): e_06571402_06_12400_4bd_2024
[2039287] Skipping (exists): e_06601402_06_12400_4bd_2024
[2039287] Skipping (exists): e_06631402_06_12400_4bd_2024
[2039287] Skipping (exists): e_06661402_06_12400_4bd_2024
[2039287] Skipping (exists): e_06691402_06_12400_4bd_2024
[2039287] Skipping (exists): e_06721402_06_12400_4bd_2024
[2039287] Skipping (exists): e_06751402_06_12400_4bd_2024
[2039287] Skipping (exists): e_06781402_06_12400_4bd_2024
[2039287] Skipping (exists): e_06811402_06_12400_4bd_2024
[2039287] Skipping (exists): e_06841402_06_12400_4bd_2024
[2039287] Skipping (exists): e_06871402_06_12400_4bd_2024
[2039287] Skipping (exists): e_06901402_06_12400_4bd_2024
[2039287] Skipping (exists): e_06931402_06_12400_4bd_2024
[2039287] Skipping (exists): e_06961402_06_12400_4bd_2024
[2039287] Skipping (exists): e_06991402_06_12400_4bd_2024
[2039287] Skipping (exists): e_07021402_06_12400_4bd_2024
[2039287] Skipping (exists): e_06391404_06_12400_4bd_2024
[2039287] Skipping (exists): e_06421404_06_12400_4bd_2024
[2039287] Skipping (exists): e_06451404_06_12400_4bd_2024
[2039287] Skipping (exists): e_06481404_06_12400_4bd_2024
[2039287] Skipping (exists): e_06511404_06_12400_4bd_2024
[2039287] Skipping (exists): e_06541404_06_12400_4bd_2024
[2039287] Skipping (exists): e_06571404_06_12400_4bd_2024
[2039287] Skipping (exists): e_06601404_06_12400_4bd_2024
[2039287] Skipping (exists): e_06631404_06_12400_4bd_2024
[2039287] Skipping (exists): e_06661404_06_12400_4bd_2024
[2039287] Skipping (exists): e_06691404_06_12400_4bd_2024
[2039287] Skipping (exists): e_06721404_06_12400_4bd_2024
[2039287] Skipping (exists): e_06751404_06_12400_4bd_2024
[2039287] Skipping (exists): e_06781404_06_12400_4bd_2024
[2039287] Skipping (exists): e_06811404_06_12400_4bd_2024
[2039287] Skipping (exists): e_06841404_06_12400_4bd_2024
[2039287] Skipping (exists): e_06871404_06_12400_4bd_2024
[2039287] Skipping (exists): e_06901404_06_12400_4bd_2024
[2039287] Skipping (exists): e_06931404_06_12400_4bd_2024
[2039287] Skipping (exists): e_06961404_06_12400_4bd_2024
[2039287] Skipping (exists): e_06991404_06_12400_4bd_2024
[2039287] Skipping (exists): e_07021404_06_12400_4bd_2024
[2039287] Skipping (exists): e_06391406_06_12400_4bd_2024
[2039287] Skipping (exists): e_06421406_06_12400_4bd_2024
[2039287] Skipping (exists): e_06451406_06_12400_4bd_2024
[2039287] Skipping (exists): e_06481406_06_12400_4bd_2024
[2039287] Skipping (exists): e_06511406_06_12400_4bd_2024
[2039287] Skipping (exists): e_06541406_06_12400_4bd_2024
[2039287] Skipping (exists): e_06571406_06_12400_4bd_2024
[2039287] Skipping (exists): e_06601406_06_12400_4bd_2024
[2039287] Skipping (exists): e_06631406_06_12400_4bd_2024
[2039287] Skipping (exists): e_06661406_06_12400_4bd_2024
[2039287] Skipping (exists): e_06691406_06_12400_4bd_2024
[2039287] Skipping (exists): e_06721406_06_12400_4bd_2024
[2039287] Skipping (exists): e_06751406_06_12400_4bd_2024
[2039287] Skipping (exists): e_06781406_06_12400_4bd_2024
[2039287] Skipping (exists): e_06811406_06_12400_4bd_2024
[2039287] Skipping (exists): e_06841406_06_12400_4bd_2024
[2039287] Skipping (exists): e_06871406_06_12400_4bd_2024
[2039287] Skipping (exists): e_06901406_06_12400_4bd_2024
[2039287] Skipping (exists): e_06931406_06_12400_4bd_2024
[2039287] Skipping (exists): e_06961406_06_12400_4bd_2024
[2039287] Skipping (exists): e_06991406_06_12400_4bd_2024
[2039287] Skipping (exists): e_07021406_06_12400_4bd_2024
[2039287] Skipping (exists): e_07051406_06_12400_4bd_2024
[2039287] Skipping (exists): e_06361408_06_12400_4bd_2024
[2039287] Skipping (exists): e_06391408_06_12400_4bd_2024
[2039287] Skipping (exists): e_06421408_06_12400_4bd_2024
[2039287] Skipping (exists): e_06451408_06_12400_4bd_2024
[2039287] Skipping (exists): e_06481408_06_12400_4bd_2024
[2039287] Skipping (exists): e_06511408_06_12400_4bd_2024
[2039287] Skipping (exists): e_06541408_06_12400_4bd_2024
[2039287] Skipping (exists): e_06571408_06_12400_4bd_2024
[2039287] Skipping (exists): e_06601408_06_12400_4bd_2024
[2039287] Skipping (exists): e_06631408_06_12400_4bd_2024
[2039287] Skipping (exists): e_06661408_06_12400_4bd_2024
[2039287] Skipping (exists): e_06691408_06_12400_4bd_2024
[2039287] Skipping (exists): e_06721408_06_12400_4bd_2024
[2039287] Skipping (exists): e_06751408_06_12400_4bd_2024
[2039287] Skipping (exists): e_06781408_06_12400_4bd_2024
[2039287] Skipping (exists): e_06811408_06_12400_4bd_2024
[2039287] Skipping (exists): e_06841408_06_12400_4bd_2024
[2039287] Skipping (exists): e_06871408_06_12400_4bd_2024
[2039287] Skipping (exists): e_06901408_06_12400_4bd_2024
[2039287] Skipping (exists): e_06931408_06_12400_4bd_2024
[2039287] Skipping (exists): e_06961408_06_12400_4bd_2024
[2039287] Skipping (exists): e_06991408_06_12400_4bd_2024
[2039287] Skipping (exists): e_07021408_06_12400_4bd_2024
[2039287] Skipping (exists): e_07051408_06_12400_4bd_2024
[2039287] Skipping (exists): e_06331410_06_12400_4bd_2024
[2039287] Skipping (exists): e_06361410_06_12400_4bd_2024
[2039287] Skipping (exists): e_06391410_06_12400_4bd_2024
[2039287] Skipping (exists): e_06421410_06_12400_4bd_2024
[2039287] Skipping (exists): e_06451410_06_12400_4bd_2024
[2039287] Skipping (exists): e_06481410_06_12400_4bd_2024
[2039287] Skipping (exists): e_06511410_06_12400_4bd_2024
[2039287] Skipping (exists): e_06541410_06_12400_4bd_2024
[2039287] Skipping (exists): e_06571410_06_12400_4bd_2024
[2039287] Skipping (exists): e_06601410_06_12400_4bd_2024
[2039287] Skipping (exists): e_06631410_06_12400_4bd_2024
[2039287] Skipping (exists): e_06661410_06_12400_4bd_2024
[2039287] Skipping (exists): e_06691410_06_12400_4bd_2024
[2039287] Skipping (exists): e_06721410_06_12400_4bd_2024
[2039287] Skipping (exists): e_06751410_06_12400_4bd_2024
[2039287] Skipping (exists): e_06781410_06_12400_4bd_2024
[2039287] Skipping (exists): e_06811410_06_12400_4bd_2024
[2039287] Skipping (exists): e_06841410_06_12400_4bd_2024
[2039287] Skipping (exists): e_06871410_06_12400_4bd_2024
[2039287] Skipping (exists): e_06901410_06_12400_4bd_2024
[2039287] Skipping (exists): e_06931410_06_12400_4bd_2024
[2039287] Skipping (exists): e_06961410_06_12400_4bd_2024
[2039287] Skipping (exists): e_06991410_06_12400_4bd_2024
[2039287] Skipping (exists): e_07021410_06_12400_4bd_2024
[2039287] Skipping (exists): e_07051410_06_12400_4bd_2024
[2039287] Skipping (exists): e_06301412_06_12400_4bd_2024
[2039287] Skipping (exists): e_06331412_06_12400_4bd_2024
[2039287] Skipping (exists): e_06361412_06_12400_4bd_2024
[2039287] Skipping (exists): e_06391412_06_12400_4bd_2024
[2039287] Skipping (exists): e_06421412_06_12400_4bd_2024
[2039287] Skipping (exists): e_06451412_06_12400_4bd_2024
[2039287] Skipping (exists): e_06481412_06_12400_4bd_2024
[2039287] Skipping (exists): e_06511412_06_12400_4bd_2024
[2039287] Skipping (exists): e_06541412_06_12400_4bd_2024
[2039287] Skipping (exists): e_06571412_06_12400_4bd_2024
[2039287] Skipping (exists): e_06601412_06_12400_4bd_2024
[2039287] Skipping (exists): e_06631412_06_12400_4bd_2024
[2039287] Skipping (exists): e_06661412_06_12400_4bd_2024
[2039287] Skipping (exists): e_06691412_06_12400_4bd_2024
[2039287] Skipping (exists): e_06721412_06_12400_4bd_2024
[2039287] Skipping (exists): e_06751412_06_12400_4bd_2024
[2039287] Skipping (exists): e_06781412_06_12400_4bd_2024
[2039287] Skipping (exists): e_06811412_06_12400_4bd_2024
[2039287] Skipping (exists): e_06841412_06_12400_4bd_2024
[2039287] Skipping (exists): e_06871412_06_12400_4bd_2024
[2039287] Skipping (exists): e_06901412_06_12400_4bd_2024
[2039287] Skipping (exists): e_06931412_06_12400_4bd_2024
[2039287] Skipping (exists): e_06961412_06_12400_4bd_2024
[2039287] Skipping (exists): e_06991412_06_12400_4bd_2024
[2039287] Skipping (exists): e_07021412_06_12400_4bd_2024
[2039287] Skipping (exists): e_07051412_06_12400_4bd_2024
[2039287] Skipping (exists): e_06271414_06_12400_4bd_2024
[2039287] Skipping (exists): e_06301414_06_12400_4bd_2024
[2039287] Skipping (exists): e_06331414_06_12400_4bd_2024
[2039287] Skipping (exists): e_06361414_06_12400_4bd_2024
[2039287] Skipping (exists): e_06391414_06_12400_4bd_2024
[2039287] Skipping (exists): e_06421414_06_12400_4bd_2024
[2039287] Skipping (exists): e_06451414_06_12400_4bd_2024
[2039287] Skipping (exists): e_06481414_06_12400_4bd_2024
[2039287] Skipping (exists): e_06511414_06_12400_4bd_2024
[2039287] Skipping (exists): e_06541414_06_12400_4bd_2024
[2039287] Skipping (exists): e_06571414_06_12400_4bd_2024
[2039287] Skipping (exists): e_06601414_06_12400_4bd_2024
[2039287] Skipping (exists): e_06631414_06_12400_4bd_2024
[2039287] Skipping (exists): e_06661414_06_12400_4bd_2024
[2039287] Skipping (exists): e_06691414_06_12400_4bd_2024
[2039287] Skipping (exists): e_06721414_06_12400_4bd_2024
[2039287] Skipping (exists): e_06751414_06_12400_4bd_2024
[2039287] Skipping (exists): e_06781414_06_12400_4bd_2024
[2039287] Skipping (exists): e_06811414_06_12400_4bd_2024
[2039287] Skipping (exists): e_06841414_06_12400_4bd_2024
[2039287] Skipping (exists): e_06871414_06_12400_4bd_2024
[2039287] Skipping (exists): e_06901414_06_12400_4bd_2024
[2039287] Skipping (exists): e_06931414_06_12400_4bd_2024
[2039287] Skipping (exists): e_06961414_06_12400_4bd_2024
[2039287] Skipping (exists): e_06991414_06_12400_4bd_2024
[2039287] Skipping (exists): e_07021414_06_12400_4bd_2024
[2039287] Skipping (exists): e_07051414_06_12400_4bd_2024
[2039287] Skipping (exists): e_06271416_06_12400_4bd_2024
[2039287] Skipping (exists): e_06301416_06_12400_4bd_2024
[2039287] Skipping (exists): e_06331416_06_12400_4bd_2024
[2039287] Skipping (exists): e_06361416_06_12400_4bd_2024
[2039287] Skipping (exists): e_06391416_06_12400_4bd_2024
[2039287] Skipping (exists): e_06421416_06_12400_4bd_2024
[2039287] Skipping (exists): e_06451416_06_12400_4bd_2024
[2039287] Skipping (exists): e_06481416_06_12400_4bd_2024
[2039287] Skipping (exists): e_06511416_06_12400_4bd_2024
[2039287] Skipping (exists): e_06541416_06_12400_4bd_2024
[2039287] Skipping (exists): e_06571416_06_12400_4bd_2024
[2039287] Skipping (exists): e_06601416_06_12400_4bd_2024
[2039287] Skipping (exists): e_06631416_06_12400_4bd_2024
[2039287] Skipping (exists): e_06661416_06_12400_4bd_2024
[2039287] Skipping (exists): e_06691416_06_12400_4bd_2024
[2039287] Skipping (exists): e_06721416_06_12400_4bd_2024
[2039287] Skipping (exists): e_06751416_06_12400_4bd_2024
[2039287] Skipping (exists): e_06781416_06_12400_4bd_2024
[2039287] Skipping (exists): e_06811416_06_12400_4bd_2024
[2039287] Skipping (exists): e_06841416_06_12400_4bd_2024
[2039287] Skipping (exists): e_06871416_06_12400_4bd_2024
[2039287] Skipping (exists): e_06901416_06_12400_4bd_2024
[2039287] Skipping (exists): e_06931416_06_12400_4bd_2024
[2039287] Skipping (exists): e_06961416_06_12400_4bd_2024
[2039287] Skipping (exists): e_06991416_06_12400_4bd_2024
[2039287] Skipping (exists): e_07021416_06_12400_4bd_2024
[2039287] Skipping (exists): e_07051416_06_12400_4bd_2024
[2039287] Skipping (exists): e_06241418_06_12400_4bd_2024
[2039287] Skipping (exists): e_06271418_06_12400_4bd_2024
[2039287] Skipping (exists): e_06301418_06_12400_4bd_2024
[2039287] Skipping (exists): e_06331418_06_12400_4bd_2024
[2039287] Skipping (exists): e_06361418_06_12400_4bd_2024
[2039287] Skipping (exists): e_06391418_06_12400_4bd_2024
[2039287] Skipping (exists): e_06421418_06_12400_4bd_2024
[2039287] Skipping (exists): e_06451418_06_12400_4bd_2024
[2039287] Skipping (exists): e_06481418_06_12400_4bd_2024
[2039287] Skipping (exists): e_06511418_06_12400_4bd_2024
[2039287] Skipping (exists): e_06541418_06_12400_4bd_2024
[2039287] Skipping (exists): e_06571418_06_12400_4bd_2024
[2039287] Skipping (exists): e_06601418_06_12400_4bd_2024
[2039287] Skipping (exists): e_06631418_06_12400_4bd_2024
[2039287] Skipping (exists): e_06661418_06_12400_4bd_2024
[2039287] Skipping (exists): e_06691418_06_12400_4bd_2024
[2039287] Skipping (exists): e_06721418_06_12400_4bd_2024
[2039287] Skipping (exists): e_06751418_06_12400_4bd_2024
[2039287] Skipping (exists): e_06781418_06_12400_4bd_2024
[2039287] Skipping (exists): e_06811418_06_12400_4bd_2024
[2039287] Skipping (exists): e_06841418_06_12400_4bd_2024
[2039287] Skipping (exists): e_06871418_06_12400_4bd_2024
[2039287] Skipping (exists): e_06901418_06_12400_4bd_2024
[2039287] Skipping (exists): e_06931418_06_12400_4bd_2024
[2039287] Skipping (exists): e_06961418_06_12400_4bd_2024
[2039287] Skipping (exists): e_06991418_06_12400_4bd_2024
[2039287] Skipping (exists): e_07021418_06_12400_4bd_2024
[2039287] Skipping (exists): e_07051418_06_12400_4bd_2024
[2039287] Skipping (exists): e_07081418_06_12400_4bd_2024
[2039287] Skipping (exists): e_06241420_06_12400_4bd_2024
[2039287] Skipping (exists): e_06271420_06_12400_4bd_2024
[2039287] Skipping (exists): e_06301420_06_12400_4bd_2024
[2039287] Skipping (exists): e_06331420_06_12400_4bd_2024
[2039287] Skipping (exists): e_06361420_06_12400_4bd_2024
[2039287] Skipping (exists): e_06391420_06_12400_4bd_2024
[2039287] Skipping (exists): e_06421420_06_12400_4bd_2024
[2039287] Skipping (exists): e_06451420_06_12400_4bd_2024
[2039287] Skipping (exists): e_06481420_06_12400_4bd_2024
[2039287] Skipping (exists): e_06511420_06_12400_4bd_2024
[2039287] Skipping (exists): e_06541420_06_12400_4bd_2024
[2039287] Skipping (exists): e_06571420_06_12400_4bd_2024
[2039287] Skipping (exists): e_06601420_06_12400_4bd_2024
[2039287] Skipping (exists): e_06631420_06_12400_4bd_2024
[2039287] Skipping (exists): e_06661420_06_12400_4bd_2024
[2039287] Skipping (exists): e_06691420_06_12400_4bd_2024
[2039287] Skipping (exists): e_06721420_06_12400_4bd_2024
[2039287] Skipping (exists): e_06751420_06_12400_4bd_2024
[2039287] Skipping (exists): e_06781420_06_12400_4bd_2024
[2039287] Skipping (exists): e_06811420_06_12400_4bd_2024
[2039287] Skipping (exists): e_06841420_06_12400_4bd_2024
[2039287] Skipping (exists): e_06871420_06_12400_4bd_2024
[2039287] Skipping (exists): e_06901420_06_12400_4bd_2024
[2039287] Skipping (exists): e_06931420_06_12400_4bd_2024
[2039287] Skipping (exists): e_06961420_06_12400_4bd_2024
[2039287] Skipping (exists): e_06991420_06_12400_4bd_2024
[2039287] Skipping (exists): e_07021420_06_12400_4bd_2024
[2039287] Skipping (exists): e_07051420_06_12400_4bd_2024
[2039287] Skipping (exists): e_07081420_06_12400_4bd_2024
[2039287] Skipping (exists): e_06301422_06_12400_4bd_2024
[2039287] Skipping (exists): e_06331422_06_12400_4bd_2024
[2039287] Skipping (exists): e_06361422_06_12400_4bd_2024
[2039287] Skipping (exists): e_06391422_06_12400_4bd_2024
[2039287] Skipping (exists): e_06421422_06_12400_4bd_2024
[2039287] Skipping (exists): e_06451422_06_12400_4bd_2024
[2039287] Skipping (exists): e_06481422_06_12400_4bd_2024
[2039287] Skipping (exists): e_06511422_06_12400_4bd_2024
[2039287] Skipping (exists): e_06541422_06_12400_4bd_2024
[2039287] Skipping (exists): e_06571422_06_12400_4bd_2024
[2039287] Skipping (exists): e_06601422_06_12400_4bd_2024
[2039287] Skipping (exists): e_06631422_06_12400_4bd_2024
[2039287] Skipping (exists): e_06661422_06_12400_4bd_2024
[2039287] Skipping (exists): e_06691422_06_12400_4bd_2024
[2039287] Skipping (exists): e_06721422_06_12400_4bd_2024
[2039287] Skipping (exists): e_06751422_06_12400_4bd_2024
[2039287] Skipping (exists): e_06781422_06_12400_4bd_2024
[2039287] Skipping (exists): e_06811422_06_12400_4bd_2024
[2039287] Skipping (exists): e_06841422_06_12400_4bd_2024
[2039287] Skipping (exists): e_06871422_06_12400_4bd_2024
[2039287] Skipping (exists): e_06901422_06_12400_4bd_2024
[2039287] Skipping (exists): e_06931422_06_12400_4bd_2024
[2039287] Skipping (exists): e_06961422_06_12400_4bd_2024
[2039287] Skipping (exists): e_06991422_06_12400_4bd_2024
[2039287] Skipping (exists): e_07021422_06_12400_4bd_2024
[2039287] Skipping (exists): e_07051422_06_12400_4bd_2024
[2039287] Skipping (exists): e_07081422_06_12400_4bd_2024
[2039287] Skipping (exists): e_06301424_06_12400_4bd_2024
[2039287] Skipping (exists): e_06331424_06_12400_4bd_2024
[2039287] Skipping (exists): e_06361424_06_12400_4bd_2024
[2039287] Skipping (exists): e_06391424_06_12400_4bd_2024
[2039287] Skipping (exists): e_06421424_06_12400_4bd_2024
[2039287] Skipping (exists): e_06451424_06_12400_4bd_2024
[2039287] Skipping (exists): e_06481424_06_12400_4bd_2024
[2039287] Skipping (exists): e_06511424_06_12400_4bd_2024
[2039287] Skipping (exists): e_06541424_06_12400_4bd_2024
[2039287] Skipping (exists): e_06571424_06_12400_4bd_2024
[2039287] Skipping (exists): e_06601424_06_12400_4bd_2024
[2039287] Skipping (exists): e_06631424_06_12400_4bd_2024
[2039287] Skipping (exists): e_06661424_06_12400_4bd_2024
[2039287] Skipping (exists): e_06691424_06_12400_4bd_2024
[2039287] Skipping (exists): e_06721424_06_12400_4bd_2024
[2039287] Skipping (exists): e_06751424_06_12400_4bd_2024
[2039287] Skipping (exists): e_06781424_06_12400_4bd_2024
[2039287] Skipping (exists): e_06811424_06_12400_4bd_2024
[2039287] Skipping (exists): e_06841424_06_12400_4bd_2024
[2039287] Skipping (exists): e_06871424_06_12400_4bd_2024
[2039287] Skipping (exists): e_06901424_06_12400_4bd_2024
[2039287] Skipping (exists): e_06931424_06_12400_4bd_2024
[2039287] Skipping (exists): e_06961424_06_12400_4bd_2024
[2039287] Skipping (exists): e_06991424_06_12400_4bd_2024
[2039287] Skipping (exists): e_07021424_06_12400_4bd_2024
[2039287] Skipping (exists): e_07051424_06_12400_4bd_2024
[2039287] Skipping (exists): e_07081424_06_12400_4bd_2024
[2039287] Skipping (exists): e_06331426_06_12400_4bd_2024
[2039287] Skipping (exists): e_06361426_06_12400_4bd_2024
[2039287] Skipping (exists): e_06391426_06_12400_4bd_2024
[2039287] Skipping (exists): e_06421426_06_12400_4bd_2024
[2039287] Skipping (exists): e_06451426_06_12400_4bd_2024
[2039287] Skipping (exists): e_06481426_06_12400_4bd_2024
[2039287] Skipping (exists): e_06511426_06_12400_4bd_2024
[2039287] Skipping (exists): e_06541426_06_12400_4bd_2024
[2039287] Skipping (exists): e_06571426_06_12400_4bd_2024
[2039287] Skipping (exists): e_06601426_06_12400_4bd_2024
[2039287] Skipping (exists): e_06631426_06_12400_4bd_2024
[2039287] Skipping (exists): e_06661426_06_12400_4bd_2024
[2039287] Skipping (exists): e_06691426_06_12400_4bd_2024
[2039287] Skipping (exists): e_06721426_06_12400_4bd_2024
[2039287] Skipping (exists): e_06751426_06_12400_4bd_2024
[2039287] Skipping (exists): e_06781426_06_12400_4bd_2024
[2039287] Skipping (exists): e_06811426_06_12400_4bd_2024
[2039287] Skipping (exists): e_06841426_06_12400_4bd_2024
[2039287] Skipping (exists): e_06871426_06_12400_4bd_2024
[2039287] Skipping (exists): e_06901426_06_12400_4bd_2024
[2039287] Skipping (exists): e_06931426_06_12400_4bd_2024
[2039287] Skipping (exists): e_06961426_06_12400_4bd_2024
[2039287] Skipping (exists): e_06991426_06_12400_4bd_2024
[2039287] Skipping (exists): e_07021426_06_12400_4bd_2024
[2039287] Skipping (exists): e_07051426_06_12400_4bd_2024
[2039287] Skipping (exists): e_07081426_06_12400_4bd_2024
[2039287] Skipping (exists): e_06361428_06_12400_4bd_2024
[2039287] Skipping (exists): e_06391428_06_12400_4bd_2024
[2039287] Skipping (exists): e_06421428_06_12400_4bd_2024
[2039287] Skipping (exists): e_06451428_06_12400_4bd_2024
[2039287] Skipping (exists): e_06481428_06_12400_4bd_2024
[2039287] Skipping (exists): e_06511428_06_12400_4bd_2024
[2039287] Skipping (exists): e_06541428_06_12400_4bd_2024
[2039287] Skipping (exists): e_06571428_06_12400_4bd_2024
[2039287] Skipping (exists): e_06601428_06_12400_4bd_2024
[2039287] Skipping (exists): e_06631428_06_12400_4bd_2024
[2039287] Skipping (exists): e_06661428_06_12400_4bd_2024
[2039287] Skipping (exists): e_06691428_06_12400_4bd_2024
[2039287] Skipping (exists): e_06721428_06_12400_4bd_2024
[2039287] Skipping (exists): e_06751428_06_12400_4bd_2024
[2039287] Skipping (exists): e_06781428_06_12400_4bd_2024
[2039287] Skipping (exists): e_06811428_06_12400_4bd_2024
[2039287] Skipping (exists): e_06841428_06_12400_4bd_2024
[2039287] Skipping (exists): e_06871428_06_12400_4bd_2024
[2039287] Skipping (exists): e_06901428_06_12400_4bd_2024
[2039287] Skipping (exists): e_06931428_06_12400_4bd_2024
[2039287] Skipping (exists): e_06961428_06_12400_4bd_2024
[2039287] Skipping (exists): e_06991428_06_12400_4bd_2024
[2039287] Skipping (exists): e_07021428_06_12400_4bd_2024
[2039287] Skipping (exists): e_07051428_06_12400_4bd_2024
[2039287] Skipping (exists): e_07081428_06_12400_4bd_2024
[2039287] Skipping (exists): e_06361430_06_12400_4bd_2024
[2039287] Skipping (exists): e_06391430_06_12400_4bd_2024
[2039287] Skipping (exists): e_06421430_06_12400_4bd_2024
[2039287] Skipping (exists): e_06451430_06_12400_4bd_2024
[2039287] Skipping (exists): e_06481430_06_12400_4bd_2024
[2039287] Skipping (exists): e_06511430_06_12400_4bd_2024
[2039287] Skipping (exists): e_06541430_06_12400_4bd_2024
[2039287] Skipping (exists): e_06571430_06_12400_4bd_2024
[2039287] Skipping (exists): e_06601430_06_12400_4bd_2024
[2039287] Skipping (exists): e_06631430_06_12400_4bd_2024
[2039287] Skipping (exists): e_06661430_06_12400_4bd_2024
[2039287] Skipping (exists): e_06691430_06_12400_4bd_2024
[2039287] Skipping (exists): e_06721430_06_12400_4bd_2024
[2039287] Skipping (exists): e_06751430_06_12400_4bd_2024
[2039287] Skipping (exists): e_06781430_06_12400_4bd_2024
[2039287] Skipping (exists): e_06811430_06_12400_4bd_2024
[2039287] Skipping (exists): e_06841430_06_12400_4bd_2024
[2039287] Skipping (exists): e_06871430_06_12400_4bd_2024
[2039287] Skipping (exists): e_06901430_06_12400_4bd_2024
[2039287] Skipping (exists): e_06931430_06_12400_4bd_2024
[2039287] Skipping (exists): e_06961430_06_12400_4bd_2024
[2039287] Skipping (exists): e_06991430_06_12400_4bd_2024
[2039287] Skipping (exists): e_07021430_06_12400_4bd_2024
[2039287] Skipping (exists): e_07051430_06_12400_4bd_2024
[2039287] Skipping (exists): e_07081430_06_12400_4bd_2024
[2039287] Skipping (exists): e_06451432_06_12400_4bd_2024
[2039287] Skipping (exists): e_06481432_06_12400_4bd_2024
[2039287] Skipping (exists): e_06511432_06_12400_4bd_2024
[2039287] Skipping (exists): e_06541432_06_12400_4bd_2024
[2039287] Skipping (exists): e_06571432_06_12400_4bd_2024
[2039287] Skipping (exists): e_06601432_06_12400_4bd_2024
[2039287] Skipping (exists): e_06631432_06_12400_4bd_2024
[2039287] Skipping (exists): e_06661432_06_12400_4bd_2024
[2039287] Skipping (exists): e_06691432_06_12400_4bd_2024
[2039287] Skipping (exists): e_06721432_06_12400_4bd_2024
[2039287] Skipping (exists): e_06751432_06_12400_4bd_2024
[2039287] Skipping (exists): e_06781432_06_12400_4bd_2024
[2039287] Skipping (exists): e_06811432_06_12400_4bd_2024
[2039287] Skipping (exists): e_06841432_06_12400_4bd_2024
[2039287] Skipping (exists): e_06871432_06_12400_4bd_2024
[2039287] Skipping (exists): e_06901432_06_12400_4bd_2024
[2039287] Skipping (exists): e_06931432_06_12400_4bd_2024
[2039287] Skipping (exists): e_06961432_06_12400_4bd_2024
[2039287] Skipping (exists): e_06991432_06_12400_4bd_2024
[2039287] Skipping (exists): e_07021432_06_12400_4bd_2024
[2039287] Skipping (exists): e_07051432_06_12400_4bd_2024
[2039287] Skipping (exists): e_07081432_06_12400_4bd_2024
[2039287] Skipping (exists): e_06601434_06_12400_4bd_2024
[2039287] Skipping (exists): e_06631434_06_12400_4bd_2024
[2039287] Skipping (exists): e_06661434_06_12400_4bd_2024
[2039287] Skipping (exists): e_06691434_06_12400_4bd_2024
[2039287] Skipping (exists): e_06721434_06_12400_4bd_2024
[2039287] Skipping (exists): e_06751434_06_12400_4bd_2024
[2039287] Skipping (exists): e_06781434_06_12400_4bd_2024
[2039287] Skipping (exists): e_06811434_06_12400_4bd_2024
[2039287] Skipping (exists): e_06841434_06_12400_4bd_2024
[2039287] Skipping (exists): e_06871434_06_12400_4bd_2024
[2039287] Skipping (exists): e_06901434_06_12400_4bd_2024
[2039287] Skipping (exists): e_06931434_06_12400_4bd_2024
[2039287] Skipping (exists): e_06961434_06_12400_4bd_2024
[2039287] Skipping (exists): e_06991434_06_12400_4bd_2024
[2039287] Skipping (exists): e_07021434_06_12400_4bd_2024
[2039287] Skipping (exists): e_07051434_06_12400_4bd_2024
[2039287] Skipping (exists): e_07081434_06_12400_4bd_2024
[2039287] Skipping (exists): e_06691436_06_12400_4bd_2024
[2039287] Skipping (exists): e_06721436_06_12400_4bd_2024
[2039287] Skipping (exists): e_06751436_06_12400_4bd_2024
[2039287] Skipping (exists): e_06781436_06_12400_4bd_2024
[2039287] Skipping (exists): e_06811436_06_12400_4bd_2024
[2039287] Skipping (exists): e_06841436_06_12400_4bd_2024
[2039287] Skipping (exists): e_06871436_06_12400_4bd_2024
[2039287] Skipping (exists): e_06901436_06_12400_4bd_2024
[2039287] Skipping (exists): e_06931436_06_12400_4bd_2024
[2039287] Skipping (exists): e_06961436_06_12400_4bd_2024
[2039287] Skipping (exists): e_06991436_06_12400_4bd_2024
[2039287] Skipping (exists): e_07021436_06_12400_4bd_2024
[2039287] Skipping (exists): e_07051436_06_12400_4bd_2024
[2039287] Skipping (exists): e_07081436_06_12400_4bd_2024
[2039287] Skipping (exists): e_07111436_06_12400_4bd_2024
[2039287] Skipping (exists): e_06691438_06_12400_4bd_2024
[2039287] Skipping (exists): e_06721438_06_12400_4bd_2024
[2039287] Skipping (exists): e_06751438_06_12400_4bd_2024
[2039287] Skipping (exists): e_06781438_06_12400_4bd_2024
[2039287] Skipping (exists): e_06811438_06_12400_4bd_2024
[2039287] Skipping (exists): e_06841438_06_12400_4bd_2024
[2039287] Skipping (exists): e_06871438_06_12400_4bd_2024
[2039287] Skipping (exists): e_06901438_06_12400_4bd_2024
[2039287] Skipping (exists): e_06931438_06_12400_4bd_2024
[2039287] Skipping (exists): e_06961438_06_12400_4bd_2024
[2039287] Skipping (exists): e_06991438_06_12400_4bd_2024
[2039287] Skipping (exists): e_07021438_06_12400_4bd_2024
[2039287] Skipping (exists): e_07051438_06_12400_4bd_2024
[2039287] Skipping (exists): e_07081438_06_12400_4bd_2024
[2039287] Skipping (exists): e_07111438_06_12400_4bd_2024
[2039287] Skipping (exists): e_06691440_06_12400_4bd_2024
[2039287] Skipping (exists): e_06721440_06_12400_4bd_2024
[2039287] Skipping (exists): e_06751440_06_12400_4bd_2024
[2039287] Skipping (exists): e_06781440_06_12400_4bd_2024
[2039287] Skipping (exists): e_06811440_06_12400_4bd_2024
[2039287] Skipping (exists): e_06841440_06_12400_4bd_2024
[2039287] Skipping (exists): e_06871440_06_12400_4bd_2024
[2039287] Skipping (exists): e_06901440_06_12400_4bd_2024
[2039287] Skipping (exists): e_06931440_06_12400_4bd_2024
[2039287] Skipping (exists): e_06961440_06_12400_4bd_2024
[2039287] Skipping (exists): e_06991440_06_12400_4bd_2024
[2039287] Skipping (exists): e_07021440_06_12400_4bd_2024
[2039287] Skipping (exists): e_07051440_06_12400_4bd_2024
[2039287] Skipping (exists): e_07081440_06_12400_4bd_2024
[2039287] Skipping (exists): e_07111440_06_12400_4bd_2024
[2039287] Skipping (exists): e_06691442_06_12400_4bd_2024
[2039287] Skipping (exists): e_06721442_06_12400_4bd_2024
[2039287] Skipping (exists): e_06751442_06_12400_4bd_2024
[2039287] Skipping (exists): e_06781442_06_12400_4bd_2024
[2039287] Skipping (exists): e_06811442_06_12400_4bd_2024
[2039287] Skipping (exists): e_06841442_06_12400_4bd_2024
[2039287] Skipping (exists): e_06871442_06_12400_4bd_2024
[2039287] Skipping (exists): e_06901442_06_12400_4bd_2024
[2039287] Skipping (exists): e_06931442_06_12400_4bd_2024
[2039287] Skipping (exists): e_06961442_06_12400_4bd_2024
[2039287] Skipping (exists): e_06991442_06_12400_4bd_2024
[2039287] Skipping (exists): e_07021442_06_12400_4bd_2024
[2039287] Skipping (exists): e_07051442_06_12400_4bd_2024
[2039287] Skipping (exists): e_07081442_06_12400_4bd_2024
[2039287] Skipping (exists): e_07111442_06_12400_4bd_2024
[2039287] Skipping (exists): e_06811444_06_12400_4bd_2024
[2039287] Skipping (exists): e_06841444_06_12400_4bd_2024
[2039287] Skipping (exists): e_06871444_06_12400_4bd_2024
[2039287] Skipping (exists): e_06901444_06_12400_4bd_2024
[2039287] Skipping (exists): e_06931444_06_12400_4bd_2024
[2039287] Skipping (exists): e_06961444_06_12400_4bd_2024
[2039287] Skipping (exists): e_06991444_06_12400_4bd_2024
[2039287] Skipping (exists): e_07021444_06_12400_4bd_2024
[2039287] Skipping (exists): e_07051444_06_12400_4bd_2024
[2039287] Skipping (exists): e_07081444_06_12400_4bd_2024
[2039287] Skipping (exists): e_07111444_06_12400_4bd_2024
[2039287] Skipping (exists): e_06901446_06_12400_4bd_2024
[2039287] Skipping (exists): e_06931446_06_12400_4bd_2024
[2039287] Skipping (exists): e_06961446_06_12400_4bd_2024
[2039287] Skipping (exists): e_06991446_06_12400_4bd_2024
[2039287] Skipping (exists): e_07021446_06_12400_4bd_2024
[2039287] Skipping (exists): e_07051446_06_12400_4bd_2024
[2039287] Skipping (exists): e_07081446_06_12400_4bd_2024
[2039287] Skipping (exists): e_07111446_06_12400_4bd_2024
[2039287] Skipping (exists): e_06901448_06_12400_4bd_2024
[2039287] Skipping (exists): e_06931448_06_12400_4bd_2024
[2039287] Skipping (exists): e_06961448_06_12400_4bd_2024
[2039287] Skipping (exists): e_06991448_06_12400_4bd_2024
[2039287] Skipping (exists): e_07021448_06_12400_4bd_2024
[2039287] Skipping (exists): e_07051448_06_12400_4bd_2024
[2039287] Skipping (exists): e_07081448_06_12400_4bd_2024
[2039287] Skipping (exists): e_07111448_06_12400_4bd_2024
[2039287] Skipping (exists): e_06931450_06_12400_4bd_2024
[2039287] Skipping (exists): e_06961450_06_12400_4bd_2024
[2039287] Skipping (exists): e_06991450_06_12400_4bd_2024
[2039287] Skipping (exists): e_06931452_06_12400_4bd_2024
[2039287] Skipping (exists): e_06961452_06_12400_4bd_2024
[2039287] Skipping (exists): e_06991452_06_12400_4bd_2024
[2039287] Skipping (exists): e_06961454_06_12400_4bd_2024
[2039287] Skipping (exists): e_06991454_06_12400_4bd_2024

=== Done. 1683/1683 tiles processed. Imagery written to: Data/Ortho/Tiles ===
          used (Mb) gc trigger  (Mb) max used  (Mb)
Ncells 1613528 86.2    2862637 152.9  2862637 152.9
Vcells 2392204 18.3   12126903  92.6 11734521  89.6
