Using libcurl 7.76.1 with OpenSSL/3.2.2
Linking to GEOS 3.13.1, GDAL 3.5.1, PROJ 8.2.0; sf_use_s2() is TRUE
WARNING: different compile-time and runtime versions for GEOS found:
Linked against: 3.13.1-CAPI-1.19.2 compiled against: 3.11.0-CAPI-1.17.0
It is probably a good idea to reinstall sf (and maybe lwgeom too)

Attaching package: ‘dplyr’

The following objects are masked from ‘package:stats’:

    filter, lag

The following objects are masked from ‘package:base’:

    intersect, setdiff, setequal, union

terra 1.9.27
WARNING: different compile-time and run-time versions of GEOS
Compiled with:3.11.0-CAPI-1.17.0
 Running with:3.13.1-CAPI-1.19.2

You should reinstall package 'terra'

=== NYS Orthoimagery Download Pipeline ===
  GPKG:     Data/NY_HUCS/NY_Cluster_Zones_250_CROP_NAomit_6347.gpkg
  Cluster:  86
  Year:     2024
  Bands:    4bd
  Output:   Data/Ortho/Tiles
  Workers:  1
  HUC12s in cluster: 6

Querying ortho tile indexes...
  Index years available for '4bd': 2008, 2009, 2010, 2011, 2012, 2013, 2014, 2015, 2016, 2017, 2018, 2020, 2021, 2022, 2023, 2024, 2025
  Querying year 2024 ...
  Matching index layers: ind24l_half_ft_4bd_nyc, ind24w_half_ft_4bd, ind24w_one_ft_4bd, ind24e_one_ft_4bd, ind24e_half_ft_4bd
  NOTE: source tiles span multiple native resolutions (half_ft, one_ft); all will be resampled to 1 m.
    layer 8: 318 bbox hits
  Year 2024: 208 tiles selected
  Querying year 2025 ...
  Matching index layers: ind25e_one_ft_4bd, ind25e_half_ft_4bd, ind25c_half_ft_4bd, ind25c_one_ft_4bd
  NOTE: source tiles span multiple native resolutions (one_ft, half_ft); all will be resampled to 1 m.
    layer 1: 1851 bbox hits
  Year 2025: 1133 tiles selected
  Years selected: 2024, 2025
Unique full-size tiles to process: 1341
[2318178] Skipping (exists): e_06518460_06_12400_4bd_2024
[2318178] Skipping (exists): e_06488480_06_12400_4bd_2024
[2318178] Skipping (exists): e_06518480_06_12400_4bd_2024
[2318178] Skipping (exists): e_06548480_06_12400_4bd_2024
[2318178] Skipping (exists): e_06458500_06_12400_4bd_2024
[2318178] Skipping (exists): e_06488500_06_12400_4bd_2024
[2318178] Skipping (exists): e_06518500_06_12400_4bd_2024
[2318178] Skipping (exists): e_06548500_06_12400_4bd_2024
[2318178] Skipping (exists): e_06578500_06_12400_4bd_2024
[2318178] Skipping (exists): e_06428520_06_12400_4bd_2024
[2318178] Skipping (exists): e_06458520_06_12400_4bd_2024
[2318178] Skipping (exists): e_06488520_06_12400_4bd_2024
[2318178] Skipping (exists): e_06518520_06_12400_4bd_2024
[2318178] Skipping (exists): e_06548520_06_12400_4bd_2024
[2318178] Skipping (exists): e_06578520_06_12400_4bd_2024
[2318178] Skipping (exists): e_06398540_06_12400_4bd_2024
[2318178] Skipping (exists): e_06428540_06_12400_4bd_2024
[2318178] Skipping (exists): e_06458540_06_12400_4bd_2024
[2318178] Skipping (exists): e_06488540_06_12400_4bd_2024
[2318178] Skipping (exists): e_06518540_06_12400_4bd_2024
[2318178] Skipping (exists): e_06548540_06_12400_4bd_2024
[2318178] Skipping (exists): e_06578540_06_12400_4bd_2024
[2318178] Skipping (exists): e_06638540_06_12400_4bd_2024
[2318178] Skipping (exists): e_06398560_06_12400_4bd_2024
[2318178] Skipping (exists): e_06428560_06_12400_4bd_2024
[2318178] Skipping (exists): e_06458560_06_12400_4bd_2024
[2318178] Skipping (exists): e_06488560_06_12400_4bd_2024
[2318178] Skipping (exists): e_06518560_06_12400_4bd_2024
[2318178] Skipping (exists): e_06548560_06_12400_4bd_2024
[2318178] Skipping (exists): e_06578560_06_12400_4bd_2024
[2318178] Skipping (exists): e_06608560_06_12400_4bd_2024
[2318178] Skipping (exists): e_06638560_06_12400_4bd_2024
[2318178] Skipping (exists): e_06368580_06_12400_4bd_2024
[2318178] Skipping (exists): e_06398580_06_12400_4bd_2024
[2318178] Skipping (exists): e_06428580_06_12400_4bd_2024
[2318178] Skipping (exists): e_06458580_06_12400_4bd_2024
[2318178] Skipping (exists): e_06488580_06_12400_4bd_2024
[2318178] Skipping (exists): e_06518580_06_12400_4bd_2024
[2318178] Skipping (exists): e_06548580_06_12400_4bd_2024
[2318178] Skipping (exists): e_06578580_06_12400_4bd_2024
[2318178] Skipping (exists): e_06608580_06_12400_4bd_2024
[2318178] Skipping (exists): e_06368600_06_12400_4bd_2024
[2318178] Skipping (exists): e_06398600_06_12400_4bd_2024
[2318178] Skipping (exists): e_06428600_06_12400_4bd_2024
[2318178] Skipping (exists): e_06458600_06_12400_4bd_2024
[2318178] Skipping (exists): e_06488600_06_12400_4bd_2024
[2318178] Skipping (exists): e_06518600_06_12400_4bd_2024
[2318178] Skipping (exists): e_06548600_06_12400_4bd_2024
[2318178] Skipping (exists): e_06578600_06_12400_4bd_2024
[2318178] Skipping (exists): e_06608600_06_12400_4bd_2024
[2318178] Skipping (exists): e_06368620_06_12400_4bd_2024
[2318178] Skipping (exists): e_06398620_06_12400_4bd_2024
[2318178] Skipping (exists): e_06428620_06_12400_4bd_2024
[2318178] Skipping (exists): e_06458620_06_12400_4bd_2024
[2318178] Skipping (exists): e_06488620_06_12400_4bd_2024
[2318178] Skipping (exists): e_06518620_06_12400_4bd_2024
[2318178] Skipping (exists): e_06548620_06_12400_4bd_2024
[2318178] Skipping (exists): e_06578620_06_12400_4bd_2024
[2318178] Skipping (exists): e_06608620_06_12400_4bd_2024
[2318178] Skipping (exists): e_06308640_06_12400_4bd_2024
[2318178] Skipping (exists): e_06338640_06_12400_4bd_2024
[2318178] Skipping (exists): e_06368640_06_12400_4bd_2024
[2318178] Skipping (exists): e_06398640_06_12400_4bd_2024
[2318178] Skipping (exists): e_06428640_06_12400_4bd_2024
[2318178] Skipping (exists): e_06458640_06_12400_4bd_2024
[2318178] Skipping (exists): e_06488640_06_12400_4bd_2024
[2318178] Skipping (exists): e_06518640_06_12400_4bd_2024
[2318178] Skipping (exists): e_06548640_06_12400_4bd_2024
[2318178] Skipping (exists): e_06578640_06_12400_4bd_2024
[2318178] Skipping (exists): e_06308660_06_12400_4bd_2024
[2318178] Skipping (exists): e_06338660_06_12400_4bd_2024
[2318178] Skipping (exists): e_06368660_06_12400_4bd_2024
[2318178] Skipping (exists): e_06398660_06_12400_4bd_2024
[2318178] Skipping (exists): e_06428660_06_12400_4bd_2024
[2318178] Skipping (exists): e_06458660_06_12400_4bd_2024
[2318178] Skipping (exists): e_06488660_06_12400_4bd_2024
[2318178] Skipping (exists): e_06518660_06_12400_4bd_2024
[2318178] Skipping (exists): e_06548660_06_12400_4bd_2024
[2318178] Skipping (exists): e_06308680_06_12400_4bd_2024
[2318178] Skipping (exists): e_06338680_06_12400_4bd_2024
[2318178] Skipping (exists): e_06368680_06_12400_4bd_2024
[2318178] Skipping (exists): e_06398680_06_12400_4bd_2024
[2318178] Skipping (exists): e_06428680_06_12400_4bd_2024
[2318178] Skipping (exists): e_06458680_06_12400_4bd_2024
[2318178] Skipping (exists): e_06488680_06_12400_4bd_2024
[2318178] Skipping (exists): e_06518680_06_12400_4bd_2024
[2318178] Skipping (exists): e_06548680_06_12400_4bd_2024
[2318178] Skipping (exists): e_06338700_06_12400_4bd_2024
[2318178] Skipping (exists): e_06368700_06_12400_4bd_2024
[2318178] Skipping (exists): e_06398700_06_12400_4bd_2024
[2318178] Skipping (exists): e_06428700_06_12400_4bd_2024
[2318178] Skipping (exists): e_06458700_06_12400_4bd_2024
[2318178] Skipping (exists): e_06488700_06_12400_4bd_2024
[2318178] Skipping (exists): e_06518700_06_12400_4bd_2024
[2318178] Skipping (exists): e_06308720_06_12400_4bd_2024
[2318178] Skipping (exists): e_06338720_06_12400_4bd_2024
[2318178] Skipping (exists): e_06368720_06_12400_4bd_2024
[2318178] Skipping (exists): e_06398720_06_12400_4bd_2024
[2318178] Skipping (exists): e_06428720_06_12400_4bd_2024
[2318178] Skipping (exists): e_06458720_06_12400_4bd_2024
[2318178] Skipping (exists): e_06488720_06_12400_4bd_2024
[2318178] Skipping (exists): e_06308740_06_12400_4bd_2024
[2318178] Skipping (exists): e_06338740_06_12400_4bd_2024
[2318178] Skipping (exists): e_06368740_06_12400_4bd_2024
[2318178] Skipping (exists): e_06398740_06_12400_4bd_2024
[2318178] Skipping (exists): e_06428740_06_12400_4bd_2024
[2318178] Skipping (exists): e_06458740_06_12400_4bd_2024
[2318178] Skipping (exists): e_06488740_06_12400_4bd_2024
[2318178] Skipping (exists): e_06278760_06_12400_4bd_2024
[2318178] Skipping (exists): e_06308760_06_12400_4bd_2024
[2318178] Skipping (exists): e_06338760_06_12400_4bd_2024
[2318178] Skipping (exists): e_06368760_06_12400_4bd_2024
[2318178] Skipping (exists): e_06398760_06_12400_4bd_2024
[2318178] Skipping (exists): e_06428760_06_12400_4bd_2024
[2318178] Skipping (exists): e_06248780_06_12400_4bd_2024
[2318178] Skipping (exists): e_06278780_06_12400_4bd_2024
[2318178] Skipping (exists): e_06308780_06_12400_4bd_2024
[2318178] Skipping (exists): e_06338780_06_12400_4bd_2024
[2318178] Skipping (exists): e_06368780_06_12400_4bd_2024
[2318178] Skipping (exists): e_06398780_06_12400_4bd_2024
[2318178] Skipping (exists): e_06428780_06_12400_4bd_2024
[2318178] Skipping (exists): e_06248800_06_12400_4bd_2024
[2318178] Skipping (exists): e_06278800_06_12400_4bd_2024
[2318178] Skipping (exists): e_06308800_06_12400_4bd_2024
[2318178] Skipping (exists): e_06338800_06_12400_4bd_2024
[2318178] Skipping (exists): e_06368800_06_12400_4bd_2024
[2318178] Skipping (exists): e_06398800_06_12400_4bd_2024
[2318178] Skipping (exists): e_06428800_06_12400_4bd_2024
[2318178] Skipping (exists): e_06278820_06_12400_4bd_2024
[2318178] Skipping (exists): e_06308820_06_12400_4bd_2024
[2318178] Skipping (exists): e_06338820_06_12400_4bd_2024
[2318178] Skipping (exists): e_06368820_06_12400_4bd_2024
[2318178] Skipping (exists): e_06398820_06_12400_4bd_2024
[2318178] Skipping (exists): e_06278840_06_12400_4bd_2024
[2318178] Skipping (exists): e_06308840_06_12400_4bd_2024
[2318178] Skipping (exists): e_06338840_06_12400_4bd_2024
[2318178] Skipping (exists): e_06368840_06_12400_4bd_2024
[2318178] Skipping (exists): e_06398840_06_12400_4bd_2024
[2318178] Skipping (exists): e_06308860_06_12400_4bd_2024
[2318178] Skipping (exists): e_06338860_06_12400_4bd_2024
[2318178] Skipping (exists): e_06368860_06_12400_4bd_2024
[2318178] Skipping (exists): e_06398860_06_12400_4bd_2024
[2318178] Skipping (exists): e_06428860_06_12400_4bd_2024
[2318178] Skipping (exists): e_06278880_06_12400_4bd_2024
[2318178] Skipping (exists): e_06308880_06_12400_4bd_2024
[2318178] Skipping (exists): e_06338880_06_12400_4bd_2024
[2318178] Skipping (exists): e_06368880_06_12400_4bd_2024
[2318178] Skipping (exists): e_06398880_06_12400_4bd_2024
[2318178] Skipping (exists): e_06428880_06_12400_4bd_2024
[2318178] Skipping (exists): e_06458880_06_12400_4bd_2024
[2318178] Skipping (exists): e_06248900_06_12400_4bd_2024
[2318178] Skipping (exists): e_06278900_06_12400_4bd_2024
[2318178] Skipping (exists): e_06308900_06_12400_4bd_2024
[2318178] Skipping (exists): e_06338900_06_12400_4bd_2024
[2318178] Skipping (exists): e_06368900_06_12400_4bd_2024
[2318178] Skipping (exists): e_06398900_06_12400_4bd_2024
[2318178] Skipping (exists): e_06428900_06_12400_4bd_2024
[2318178] Skipping (exists): e_06458900_06_12400_4bd_2024
[2318178] Skipping (exists): e_06248920_06_12400_4bd_2024
[2318178] Skipping (exists): e_06278920_06_12400_4bd_2024
[2318178] Skipping (exists): e_06308920_06_12400_4bd_2024
[2318178] Skipping (exists): e_06338920_06_12400_4bd_2024
[2318178] Skipping (exists): e_06368920_06_12400_4bd_2024
[2318178] Skipping (exists): e_06398920_06_12400_4bd_2024
[2318178] Skipping (exists): e_06428920_06_12400_4bd_2024
[2318178] Skipping (exists): e_06458920_06_12400_4bd_2024
[2318178] Skipping (exists): e_06488920_06_12400_4bd_2024
[2318178] Skipping (exists): e_06248940_06_12400_4bd_2024
[2318178] Skipping (exists): e_06278940_06_12400_4bd_2024
[2318178] Skipping (exists): e_06308940_06_12400_4bd_2024
[2318178] Skipping (exists): e_06338940_06_12400_4bd_2024
[2318178] Skipping (exists): e_06368940_06_12400_4bd_2024
[2318178] Skipping (exists): e_06398940_06_12400_4bd_2024
[2318178] Skipping (exists): e_06428940_06_12400_4bd_2024
[2318178] Skipping (exists): e_06458940_06_12400_4bd_2024
[2318178] Skipping (exists): e_06488940_06_12400_4bd_2024
[2318178] Skipping (exists): e_06248960_06_12400_4bd_2024
[2318178] Skipping (exists): e_06278960_06_12400_4bd_2024
[2318178] Skipping (exists): e_06308960_06_12400_4bd_2024
[2318178] Skipping (exists): e_06338960_06_12400_4bd_2024
[2318178] Skipping (exists): e_06368960_06_12400_4bd_2024
[2318178] Skipping (exists): e_06398960_06_12400_4bd_2024
[2318178] Skipping (exists): e_06428960_06_12400_4bd_2024
[2318178] Skipping (exists): e_06458960_06_12400_4bd_2024
[2318178] Skipping (exists): e_06248980_06_12400_4bd_2024
[2318178] Skipping (exists): e_06278980_06_12400_4bd_2024
[2318178] Skipping (exists): e_06308980_06_12400_4bd_2024
[2318178] Skipping (exists): e_06338980_06_12400_4bd_2024
[2318178] Skipping (exists): e_06368980_06_12400_4bd_2024
[2318178] Skipping (exists): e_06398980_06_12400_4bd_2024
[2318178] Skipping (exists): e_06428980_06_12400_4bd_2024
[2318178] Skipping (exists): e_06249000_06_12400_4bd_2024
[2318178] Skipping (exists): e_06279000_06_12400_4bd_2024
[2318178] Skipping (exists): e_06309000_06_12400_4bd_2024
[2318178] Skipping (exists): e_06339000_06_12400_4bd_2024
[2318178] Skipping (exists): e_06369000_06_12400_4bd_2024
[2318178] Skipping (exists): e_06399000_06_12400_4bd_2024
[2318178] Skipping (exists): e_06279020_06_12400_4bd_2024
[2318178] Skipping (exists): e_06309020_06_12400_4bd_2024
[2318178] Skipping (exists): e_06339020_06_12400_4bd_2024
[2318178] Skipping (exists): e_06369020_06_12400_4bd_2024
[2318178] Skipping (exists): e_06309040_06_12400_4bd_2024
[2318178] Skipping (exists): e_06339040_06_12400_4bd_2024
[2318178] Skipping (exists): e_06369040_06_12400_4bd_2024
[2318178] Skipping (exists): e_06309060_06_12400_4bd_2024
[2318178] Skipping (exists): e_06339060_06_12400_4bd_2024
[2318178] Skipping (exists): e_06339080_06_12400_4bd_2024
[2318178] Skipping (exists): e_06369080_06_12400_4bd_2024
[2318178] Skipping (exists): e_06630854_06_12600_4bd_2025
[2318178] Skipping (exists): e_06660854_06_12600_4bd_2025
[2318178] Skipping (exists): e_06810854_06_12600_4bd_2025
[2318178] Skipping (exists): e_06840854_06_12600_4bd_2025
[2318178] Skipping (exists): e_06870854_06_12600_4bd_2025
[2318178] Skipping (exists): e_06900854_06_12600_4bd_2025
[2318178] Skipping (exists): e_06600856_06_12600_4bd_2025
[2318178] Skipping (exists): e_06630856_06_12600_4bd_2025
[2318178] Skipping (exists): e_06660856_06_12600_4bd_2025
[2318178] Skipping (exists): e_06690856_06_12600_4bd_2025
[2318178] Skipping (exists): e_06810856_06_12600_4bd_2025
[2318178] Skipping (exists): e_06840856_06_12600_4bd_2025
[2318178] Skipping (exists): e_06870856_06_12600_4bd_2025
[2318178] Skipping (exists): e_06900856_06_12600_4bd_2025
[2318178] Skipping (exists): e_06930856_06_12600_4bd_2025
[2318178] Skipping (exists): e_06600858_06_12600_4bd_2025
[2318178] Skipping (exists): e_06630858_06_12600_4bd_2025
[2318178] Skipping (exists): e_06660858_06_12600_4bd_2025
[2318178] Skipping (exists): e_06690858_06_12600_4bd_2025
[2318178] Skipping (exists): e_06750858_06_12600_4bd_2025
[2318178] Skipping (exists): e_06810858_06_12600_4bd_2025
[2318178] Skipping (exists): e_06840858_06_12600_4bd_2025
[2318178] Skipping (exists): e_06870858_06_12600_4bd_2025
[2318178] Skipping (exists): e_06900858_06_12600_4bd_2025
[2318178] Skipping (exists): e_06930858_06_12600_4bd_2025
[2318178] Skipping (exists): e_06600860_06_12600_4bd_2025
[2318178] Skipping (exists): e_06630860_06_12600_4bd_2025
[2318178] Skipping (exists): e_06660860_06_12600_4bd_2025
[2318178] Skipping (exists): e_06690860_06_12600_4bd_2025
[2318178] Skipping (exists): e_06720860_06_12600_4bd_2025
[2318178] Skipping (exists): e_06750860_06_12600_4bd_2025
[2318178] Skipping (exists): e_06780860_06_12600_4bd_2025
[2318178] Skipping (exists): e_06810860_06_12600_4bd_2025
[2318178] Skipping (exists): e_06840860_06_12600_4bd_2025
[2318178] Skipping (exists): e_06870860_06_12600_4bd_2025
[2318178] Skipping (exists): e_06900860_06_12600_4bd_2025
[2318178] Skipping (exists): e_06930860_06_12600_4bd_2025
[2318178] Skipping (exists): e_06960860_06_12600_4bd_2025
[2318178] Skipping (exists): e_06570862_06_12600_4bd_2025
[2318178] Skipping (exists): e_06600862_06_12600_4bd_2025
[2318178] Skipping (exists): e_06630862_06_12600_4bd_2025
[2318178] Skipping (exists): e_06660862_06_12600_4bd_2025
[2318178] Skipping (exists): e_06690862_06_12600_4bd_2025
[2318178] Skipping (exists): e_06720862_06_12600_4bd_2025
[2318178] Skipping (exists): e_06750862_06_12600_4bd_2025
[2318178] Skipping (exists): e_06780862_06_12600_4bd_2025
[2318178] Skipping (exists): e_06810862_06_12600_4bd_2025
[2318178] Skipping (exists): e_06840862_06_12600_4bd_2025
[2318178] Skipping (exists): e_06870862_06_12600_4bd_2025
[2318178] Skipping (exists): e_06900862_06_12600_4bd_2025
[2318178] Skipping (exists): e_06930862_06_12600_4bd_2025
[2318178] Skipping (exists): e_06960862_06_12600_4bd_2025
[2318178] Skipping (exists): e_06540864_06_12600_4bd_2025
[2318178] Skipping (exists): e_06570864_06_12600_4bd_2025
[2318178] Skipping (exists): e_06600864_06_12600_4bd_2025
[2318178] Skipping (exists): e_06630864_06_12600_4bd_2025
[2318178] Skipping (exists): e_06660864_06_12600_4bd_2025
[2318178] Skipping (exists): e_06690864_06_12600_4bd_2025
[2318178] Skipping (exists): e_06720864_06_12600_4bd_2025
[2318178] Skipping (exists): e_06750864_06_12600_4bd_2025
[2318178] Skipping (exists): e_06780864_06_12600_4bd_2025
[2318178] Skipping (exists): e_06810864_06_12600_4bd_2025
[2318178] Skipping (exists): e_06840864_06_12600_4bd_2025
[2318178] Skipping (exists): e_06870864_06_12600_4bd_2025
[2318178] Skipping (exists): e_06900864_06_12600_4bd_2025
[2318178] Skipping (exists): e_06930864_06_12600_4bd_2025
[2318178] Skipping (exists): e_06960864_06_12600_4bd_2025
[2318178] Skipping (exists): e_06540866_06_12600_4bd_2025
[2318178] Skipping (exists): e_06570866_06_12600_4bd_2025
[2318178] Skipping (exists): e_06600866_06_12600_4bd_2025
[2318178] Skipping (exists): e_06630866_06_12600_4bd_2025
[2318178] Skipping (exists): e_06660866_06_12600_4bd_2025
[2318178] Skipping (exists): e_06690866_06_12600_4bd_2025
[2318178] Skipping (exists): e_06720866_06_12600_4bd_2025
[2318178] Skipping (exists): e_06750866_06_12600_4bd_2025
[2318178] Skipping (exists): e_06780866_06_12600_4bd_2025
[2318178] Skipping (exists): e_06810866_06_12600_4bd_2025
[2318178] Skipping (exists): e_06840866_06_12600_4bd_2025
[2318178] Skipping (exists): e_06870866_06_12600_4bd_2025
[2318178] Skipping (exists): e_06900866_06_12600_4bd_2025
[2318178] Skipping (exists): e_06930866_06_12600_4bd_2025
[2318178] Skipping (exists): e_06510868_06_12600_4bd_2025
[2318178] Skipping (exists): e_06540868_06_12600_4bd_2025
[2318178] Skipping (exists): e_06570868_06_12600_4bd_2025
[2318178] Skipping (exists): e_06600868_06_12600_4bd_2025
[2318178] Skipping (exists): e_06630868_06_12600_4bd_2025
[2318178] Skipping (exists): e_06660868_06_12600_4bd_2025
[2318178] Skipping (exists): e_06690868_06_12600_4bd_2025
[2318178] Skipping (exists): e_06720868_06_12600_4bd_2025
[2318178] Skipping (exists): e_06750868_06_12600_4bd_2025
[2318178] Skipping (exists): e_06780868_06_12600_4bd_2025
[2318178] Skipping (exists): e_06810868_06_12600_4bd_2025
[2318178] Skipping (exists): e_06840868_06_12600_4bd_2025
[2318178] Skipping (exists): e_06870868_06_12600_4bd_2025
[2318178] Skipping (exists): e_06900868_06_12600_4bd_2025
[2318178] Skipping (exists): e_06930868_06_12600_4bd_2025
[2318178] Skipping (exists): e_06480870_06_12600_4bd_2025
[2318178] Skipping (exists): e_06510870_06_12600_4bd_2025
[2318178] Skipping (exists): e_06540870_06_12600_4bd_2025
[2318178] Skipping (exists): e_06570870_06_12600_4bd_2025
[2318178] Skipping (exists): e_06600870_06_12600_4bd_2025
[2318178] Skipping (exists): e_06630870_06_12600_4bd_2025
[2318178] Skipping (exists): e_06660870_06_12600_4bd_2025
[2318178] Skipping (exists): e_06690870_06_12600_4bd_2025
[2318178] Skipping (exists): e_06720870_06_12600_4bd_2025
[2318178] Skipping (exists): e_06750870_06_12600_4bd_2025
[2318178] Skipping (exists): e_06780870_06_12600_4bd_2025
[2318178] Skipping (exists): e_06810870_06_12600_4bd_2025
[2318178] Skipping (exists): e_06840870_06_12600_4bd_2025
[2318178] Skipping (exists): e_06870870_06_12600_4bd_2025
[2318178] Skipping (exists): e_06900870_06_12600_4bd_2025
[2318178] Skipping (exists): e_06930870_06_12600_4bd_2025
[2318178] Skipping (exists): e_06960870_06_12600_4bd_2025
[2318178] Skipping (exists): e_06480872_06_12600_4bd_2025
[2318178] Skipping (exists): e_06510872_06_12600_4bd_2025
[2318178] Skipping (exists): e_06540872_06_12600_4bd_2025
[2318178] Skipping (exists): e_06570872_06_12600_4bd_2025
[2318178] Skipping (exists): e_06600872_06_12600_4bd_2025
[2318178] Skipping (exists): e_06630872_06_12600_4bd_2025
[2318178] Skipping (exists): e_06660872_06_12600_4bd_2025
[2318178] Skipping (exists): e_06690872_06_12600_4bd_2025
[2318178] Skipping (exists): e_06720872_06_12600_4bd_2025
[2318178] Skipping (exists): e_06750872_06_12600_4bd_2025
[2318178] Skipping (exists): e_06780872_06_12600_4bd_2025
[2318178] Skipping (exists): e_06810872_06_12600_4bd_2025
[2318178] Skipping (exists): e_06840872_06_12600_4bd_2025
[2318178] Skipping (exists): e_06870872_06_12600_4bd_2025
[2318178] Skipping (exists): e_06900872_06_12600_4bd_2025
[2318178] Skipping (exists): e_06930872_06_12600_4bd_2025
[2318178] Skipping (exists): e_06960872_06_12600_4bd_2025
[2318178] Skipping (exists): e_06420874_06_12600_4bd_2025
[2318178] Skipping (exists): e_06450874_06_12600_4bd_2025
[2318178] Skipping (exists): e_06480874_06_12600_4bd_2025
[2318178] Skipping (exists): e_06510874_06_12600_4bd_2025
[2318178] Skipping (exists): e_06540874_06_12600_4bd_2025
[2318178] Skipping (exists): e_06570874_06_12600_4bd_2025
[2318178] Skipping (exists): e_06600874_06_12600_4bd_2025
[2318178] Skipping (exists): e_06630874_06_12600_4bd_2025
[2318178] Skipping (exists): e_06660874_06_12600_4bd_2025
[2318178] Skipping (exists): e_06690874_06_12600_4bd_2025
[2318178] Skipping (exists): e_06720874_06_12600_4bd_2025
[2318178] Skipping (exists): e_06750874_06_12600_4bd_2025
[2318178] Skipping (exists): e_06780874_06_12600_4bd_2025
[2318178] Skipping (exists): e_06810874_06_12600_4bd_2025
[2318178] Skipping (exists): e_06840874_06_12600_4bd_2025
[2318178] Skipping (exists): e_06870874_06_12600_4bd_2025
[2318178] Skipping (exists): e_06900874_06_12600_4bd_2025
[2318178] Skipping (exists): e_06930874_06_12600_4bd_2025
[2318178] Skipping (exists): e_06960874_06_12600_4bd_2025
[2318178] Skipping (exists): e_07020874_06_12600_4bd_2025
[2318178] Skipping (exists): e_07050874_06_12600_4bd_2025
[2318178] Skipping (exists): e_07080874_06_12600_4bd_2025
[2318178] Skipping (exists): e_06420876_06_12600_4bd_2025
[2318178] Skipping (exists): e_06450876_06_12600_4bd_2025
[2318178] Skipping (exists): e_06480876_06_12600_4bd_2025
[2318178] Skipping (exists): e_06510876_06_12600_4bd_2025
[2318178] Skipping (exists): e_06540876_06_12600_4bd_2025
[2318178] Skipping (exists): e_06570876_06_12600_4bd_2025
[2318178] Skipping (exists): e_06600876_06_12600_4bd_2025
[2318178] Skipping (exists): e_06630876_06_12600_4bd_2025
[2318178] Skipping (exists): e_06660876_06_12600_4bd_2025
[2318178] Skipping (exists): e_06690876_06_12600_4bd_2025
[2318178] Skipping (exists): e_06720876_06_12600_4bd_2025
[2318178] Skipping (exists): e_06750876_06_12600_4bd_2025
[2318178] Skipping (exists): e_06780876_06_12600_4bd_2025
[2318178] Skipping (exists): e_06810876_06_12600_4bd_2025
[2318178] Skipping (exists): e_06840876_06_12600_4bd_2025
[2318178] Skipping (exists): e_06870876_06_12600_4bd_2025
[2318178] Skipping (exists): e_06900876_06_12600_4bd_2025
[2318178] Skipping (exists): e_06930876_06_12600_4bd_2025
[2318178] Skipping (exists): e_06960876_06_12600_4bd_2025
[2318178] Skipping (exists): e_06990876_06_12600_4bd_2025
[2318178] Skipping (exists): e_07020876_06_12600_4bd_2025
[2318178] Skipping (exists): e_07050876_06_12600_4bd_2025
[2318178] Skipping (exists): e_07080876_06_12600_4bd_2025
[2318178] Skipping (exists): e_06420878_06_12600_4bd_2025
[2318178] Skipping (exists): e_06450878_06_12600_4bd_2025
[2318178] Skipping (exists): e_06480878_06_12600_4bd_2025
[2318178] Skipping (exists): e_06510878_06_12600_4bd_2025
[2318178] Skipping (exists): e_06540878_06_12600_4bd_2025
[2318178] Skipping (exists): e_06570878_06_12600_4bd_2025
[2318178] Skipping (exists): e_06600878_06_12600_4bd_2025
[2318178] Skipping (exists): e_06630878_06_12600_4bd_2025
[2318178] Skipping (exists): e_06660878_06_12600_4bd_2025
[2318178] Skipping (exists): e_06690878_06_12600_4bd_2025
[2318178] Skipping (exists): e_06720878_06_12600_4bd_2025
[2318178] Skipping (exists): e_06750878_06_12600_4bd_2025
[2318178] Skipping (exists): e_06780878_06_12600_4bd_2025
[2318178] Skipping (exists): e_06810878_06_12600_4bd_2025
[2318178] Skipping (exists): e_06840878_06_12600_4bd_2025
[2318178] Skipping (exists): e_06870878_06_12600_4bd_2025
[2318178] Skipping (exists): e_06900878_06_12600_4bd_2025
[2318178] Skipping (exists): e_06930878_06_12600_4bd_2025
[2318178] Skipping (exists): e_06960878_06_12600_4bd_2025
[2318178] Skipping (exists): e_06990878_06_12600_4bd_2025
[2318178] Skipping (exists): e_07020878_06_12600_4bd_2025
[2318178] Skipping (exists): e_07050878_06_12600_4bd_2025
[2318178] Skipping (exists): e_07080878_06_12600_4bd_2025
[2318178] Skipping (exists): e_07110878_06_12600_4bd_2025
[2318178] Skipping (exists): e_06390880_06_12600_4bd_2025
[2318178] Skipping (exists): e_06420880_06_12600_4bd_2025
[2318178] Skipping (exists): e_06450880_06_12600_4bd_2025
[2318178] Skipping (exists): e_06480880_06_12600_4bd_2025
[2318178] Skipping (exists): e_06510880_06_12600_4bd_2025
[2318178] Skipping (exists): e_06540880_06_12600_4bd_2025
[2318178] Skipping (exists): e_06570880_06_12600_4bd_2025
[2318178] Skipping (exists): e_06600880_06_12600_4bd_2025
[2318178] Skipping (exists): e_06630880_06_12600_4bd_2025
[2318178] Skipping (exists): e_06660880_06_12600_4bd_2025
[2318178] Skipping (exists): e_06690880_06_12600_4bd_2025
[2318178] Skipping (exists): e_06720880_06_12600_4bd_2025
[2318178] Skipping (exists): e_06750880_06_12600_4bd_2025
[2318178] Skipping (exists): e_06780880_06_12600_4bd_2025
[2318178] Skipping (exists): e_06810880_06_12600_4bd_2025
[2318178] Skipping (exists): e_06840880_06_12600_4bd_2025
[2318178] Skipping (exists): e_06870880_06_12600_4bd_2025
[2318178] Skipping (exists): e_06900880_06_12600_4bd_2025
[2318178] Skipping (exists): e_06930880_06_12600_4bd_2025
[2318178] Skipping (exists): e_06960880_06_12600_4bd_2025
[2318178] Skipping (exists): e_06990880_06_12600_4bd_2025
[2318178] Skipping (exists): e_07020880_06_12600_4bd_2025
[2318178] Skipping (exists): e_07050880_06_12600_4bd_2025
[2318178] Skipping (exists): e_07080880_06_12600_4bd_2025
[2318178] Skipping (exists): e_06390882_06_12600_4bd_2025
[2318178] Skipping (exists): e_06420882_06_12600_4bd_2025
[2318178] Skipping (exists): e_06450882_06_12600_4bd_2025
[2318178] Skipping (exists): e_06480882_06_12600_4bd_2025
[2318178] Skipping (exists): e_06510882_06_12600_4bd_2025
[2318178] Skipping (exists): e_06540882_06_12600_4bd_2025
[2318178] Skipping (exists): e_06570882_06_12600_4bd_2025
[2318178] Skipping (exists): e_06600882_06_12600_4bd_2025
[2318178] Skipping (exists): e_06630882_06_12600_4bd_2025
[2318178] Skipping (exists): e_06660882_06_12600_4bd_2025
[2318178] Skipping (exists): e_06690882_06_12600_4bd_2025
[2318178] Skipping (exists): e_06720882_06_12600_4bd_2025
[2318178] Skipping (exists): e_06750882_06_12600_4bd_2025
[2318178] Skipping (exists): e_06780882_06_12600_4bd_2025
[2318178] Skipping (exists): e_06810882_06_12600_4bd_2025
[2318178] Skipping (exists): e_06840882_06_12600_4bd_2025
[2318178] Skipping (exists): e_06870882_06_12600_4bd_2025
[2318178] Skipping (exists): e_06900882_06_12600_4bd_2025
[2318178] Skipping (exists): e_06930882_06_12600_4bd_2025
[2318178] Skipping (exists): e_06960882_06_12600_4bd_2025
[2318178] Skipping (exists): e_06990882_06_12600_4bd_2025
[2318178] Skipping (exists): e_07020882_06_12600_4bd_2025
[2318178] Skipping (exists): e_07050882_06_12600_4bd_2025
[2318178] Skipping (exists): e_07080882_06_12600_4bd_2025
[2318178] Skipping (exists): e_07110882_06_12600_4bd_2025
[2318178] Skipping (exists): e_06390884_06_12600_4bd_2025
[2318178] Skipping (exists): e_06420884_06_12600_4bd_2025
[2318178] Skipping (exists): e_06450884_06_12600_4bd_2025
[2318178] Skipping (exists): e_06480884_06_12600_4bd_2025
[2318178] Skipping (exists): e_06510884_06_12600_4bd_2025
[2318178] Skipping (exists): e_06540884_06_12600_4bd_2025
[2318178] Skipping (exists): e_06570884_06_12600_4bd_2025
[2318178] Skipping (exists): e_06600884_06_12600_4bd_2025
[2318178] Skipping (exists): e_06630884_06_12600_4bd_2025
[2318178] Skipping (exists): e_06660884_06_12600_4bd_2025
[2318178] Skipping (exists): e_06690884_06_12600_4bd_2025
[2318178] Skipping (exists): e_06720884_06_12600_4bd_2025
[2318178] Skipping (exists): e_06750884_06_12600_4bd_2025
[2318178] Skipping (exists): e_06780884_06_12600_4bd_2025
[2318178] Skipping (exists): e_06810884_06_12600_4bd_2025
[2318178] Skipping (exists): e_06840884_06_12600_4bd_2025
[2318178] Skipping (exists): e_06870884_06_12600_4bd_2025
[2318178] Skipping (exists): e_06900884_06_12600_4bd_2025
[2318178] Skipping (exists): e_06930884_06_12600_4bd_2025
[2318178] Skipping (exists): e_06960884_06_12600_4bd_2025
[2318178] Skipping (exists): e_06990884_06_12600_4bd_2025
[2318178] Skipping (exists): e_07020884_06_12600_4bd_2025
[2318178] Skipping (exists): e_07050884_06_12600_4bd_2025
[2318178] Skipping (exists): e_07080884_06_12600_4bd_2025
[2318178] Skipping (exists): e_07110884_06_12600_4bd_2025
[2318178] Skipping (exists): e_06390886_06_12600_4bd_2025
[2318178] Skipping (exists): e_06420886_06_12600_4bd_2025
[2318178] Skipping (exists): e_06450886_06_12600_4bd_2025
[2318178] Skipping (exists): e_06480886_06_12600_4bd_2025
[2318178] Skipping (exists): e_06510886_06_12600_4bd_2025
[2318178] Skipping (exists): e_06540886_06_12600_4bd_2025
[2318178] Skipping (exists): e_06570886_06_12600_4bd_2025
[2318178] Skipping (exists): e_06600886_06_12600_4bd_2025
[2318178] Skipping (exists): e_06630886_06_12600_4bd_2025
[2318178] Skipping (exists): e_06660886_06_12600_4bd_2025
[2318178] Skipping (exists): e_06690886_06_12600_4bd_2025
[2318178] Skipping (exists): e_06720886_06_12600_4bd_2025
[2318178] Skipping (exists): e_06750886_06_12600_4bd_2025
[2318178] Skipping (exists): e_06780886_06_12600_4bd_2025
[2318178] Skipping (exists): e_06810886_06_12600_4bd_2025
[2318178] Skipping (exists): e_06840886_06_12600_4bd_2025
[2318178] Skipping (exists): e_06870886_06_12600_4bd_2025
[2318178] Skipping (exists): e_06900886_06_12600_4bd_2025
[2318178] Skipping (exists): e_06930886_06_12600_4bd_2025
[2318178] Skipping (exists): e_06960886_06_12600_4bd_2025
[2318178] Skipping (exists): e_06990886_06_12600_4bd_2025
[2318178] Skipping (exists): e_07020886_06_12600_4bd_2025
[2318178] Skipping (exists): e_07050886_06_12600_4bd_2025
[2318178] Skipping (exists): e_07080886_06_12600_4bd_2025
[2318178] Skipping (exists): e_07110886_06_12600_4bd_2025
[2318178] Skipping (exists): e_06420888_06_12600_4bd_2025
[2318178] Skipping (exists): e_06450888_06_12600_4bd_2025
[2318178] Skipping (exists): e_06480888_06_12600_4bd_2025
[2318178] Skipping (exists): e_06510888_06_12600_4bd_2025
[2318178] Skipping (exists): e_06540888_06_12600_4bd_2025
[2318178] Skipping (exists): e_06570888_06_12600_4bd_2025
[2318178] Skipping (exists): e_06600888_06_12600_4bd_2025
[2318178] Skipping (exists): e_06630888_06_12600_4bd_2025
[2318178] Skipping (exists): e_06660888_06_12600_4bd_2025
[2318178] Skipping (exists): e_06690888_06_12600_4bd_2025
[2318178] Skipping (exists): e_06720888_06_12600_4bd_2025
[2318178] Skipping (exists): e_06750888_06_12600_4bd_2025
[2318178] Skipping (exists): e_06780888_06_12600_4bd_2025
[2318178] Skipping (exists): e_06810888_06_12600_4bd_2025
[2318178] Skipping (exists): e_06840888_06_12600_4bd_2025
[2318178] Skipping (exists): e_06870888_06_12600_4bd_2025
[2318178] Skipping (exists): e_06900888_06_12600_4bd_2025
[2318178] Skipping (exists): e_06930888_06_12600_4bd_2025
[2318178] Skipping (exists): e_06960888_06_12600_4bd_2025
[2318178] Skipping (exists): e_06990888_06_12600_4bd_2025
[2318178] Skipping (exists): e_07020888_06_12600_4bd_2025
[2318178] Skipping (exists): e_07050888_06_12600_4bd_2025
[2318178] Skipping (exists): e_07080888_06_12600_4bd_2025
[2318178] Skipping (exists): e_07110888_06_12600_4bd_2025
[2318178] Skipping (exists): e_06450890_06_12600_4bd_2025
[2318178] Skipping (exists): e_06480890_06_12600_4bd_2025
[2318178] Skipping (exists): e_06510890_06_12600_4bd_2025
[2318178] Skipping (exists): e_06540890_06_12600_4bd_2025
[2318178] Skipping (exists): e_06570890_06_12600_4bd_2025
[2318178] Skipping (exists): e_06600890_06_12600_4bd_2025
[2318178] Skipping (exists): e_06630890_06_12600_4bd_2025
[2318178] Skipping (exists): e_06660890_06_12600_4bd_2025
[2318178] Skipping (exists): e_06690890_06_12600_4bd_2025
[2318178] Skipping (exists): e_06720890_06_12600_4bd_2025
[2318178] Skipping (exists): e_06750890_06_12600_4bd_2025
[2318178] Skipping (exists): e_06780890_06_12600_4bd_2025
[2318178] Skipping (exists): e_06810890_06_12600_4bd_2025
[2318178] Skipping (exists): e_06840890_06_12600_4bd_2025
[2318178] Skipping (exists): e_06870890_06_12600_4bd_2025
[2318178] Skipping (exists): e_06900890_06_12600_4bd_2025
[2318178] Skipping (exists): e_06930890_06_12600_4bd_2025
[2318178] Skipping (exists): e_06960890_06_12600_4bd_2025
[2318178] Skipping (exists): e_06990890_06_12600_4bd_2025
[2318178] Skipping (exists): e_07020890_06_12600_4bd_2025
[2318178] Skipping (exists): e_07050890_06_12600_4bd_2025
[2318178] Skipping (exists): e_07080890_06_12600_4bd_2025
[2318178] Skipping (exists): e_07110890_06_12600_4bd_2025
[2318178] Skipping (exists): e_06450892_06_12600_4bd_2025
[2318178] Skipping (exists): e_06480892_06_12600_4bd_2025
[2318178] Skipping (exists): e_06510892_06_12600_4bd_2025
[2318178] Skipping (exists): e_06540892_06_12600_4bd_2025
[2318178] Skipping (exists): e_06570892_06_12600_4bd_2025
[2318178] Skipping (exists): e_06600892_06_12600_4bd_2025
[2318178] Skipping (exists): e_06630892_06_12600_4bd_2025
[2318178] Skipping (exists): e_06660892_06_12600_4bd_2025
[2318178] Skipping (exists): e_06690892_06_12600_4bd_2025
[2318178] Skipping (exists): e_06720892_06_12600_4bd_2025
[2318178] Skipping (exists): e_06750892_06_12600_4bd_2025
[2318178] Skipping (exists): e_06780892_06_12600_4bd_2025
[2318178] Skipping (exists): e_06810892_06_12600_4bd_2025
[2318178] Skipping (exists): e_06840892_06_12600_4bd_2025
[2318178] Skipping (exists): e_06870892_06_12600_4bd_2025
[2318178] Skipping (exists): e_06900892_06_12600_4bd_2025
[2318178] Skipping (exists): e_06930892_06_12600_4bd_2025
[2318178] Skipping (exists): e_06960892_06_12600_4bd_2025
[2318178] Skipping (exists): e_06990892_06_12600_4bd_2025
[2318178] Skipping (exists): e_07020892_06_12600_4bd_2025
[2318178] Skipping (exists): e_07050892_06_12600_4bd_2025
[2318178] Skipping (exists): e_07080892_06_12600_4bd_2025
[2318178] Skipping (exists): e_07110892_06_12600_4bd_2025
[2318178] Skipping (exists): e_06450894_06_12600_4bd_2025
[2318178] Skipping (exists): e_06480894_06_12600_4bd_2025
[2318178] Skipping (exists): e_06510894_06_12600_4bd_2025
[2318178] Skipping (exists): e_06540894_06_12600_4bd_2025
[2318178] Skipping (exists): e_06570894_06_12600_4bd_2025
[2318178] Skipping (exists): e_06600894_06_12600_4bd_2025
[2318178] Skipping (exists): e_06630894_06_12600_4bd_2025
[2318178] Skipping (exists): e_06660894_06_12600_4bd_2025
[2318178] Skipping (exists): e_06690894_06_12600_4bd_2025
[2318178] Skipping (exists): e_06720894_06_12600_4bd_2025
[2318178] Skipping (exists): e_06750894_06_12600_4bd_2025
[2318178] Skipping (exists): e_06780894_06_12600_4bd_2025
[2318178] Skipping (exists): e_06810894_06_12600_4bd_2025
[2318178] Skipping (exists): e_06840894_06_12600_4bd_2025
[2318178] Skipping (exists): e_06870894_06_12600_4bd_2025
[2318178] Skipping (exists): e_06900894_06_12600_4bd_2025
[2318178] Skipping (exists): e_06930894_06_12600_4bd_2025
[2318178] Skipping (exists): e_06960894_06_12600_4bd_2025
[2318178] Skipping (exists): e_06990894_06_12600_4bd_2025
[2318178] Skipping (exists): e_07020894_06_12600_4bd_2025
[2318178] Skipping (exists): e_07050894_06_12600_4bd_2025
[2318178] Skipping (exists): e_07080894_06_12600_4bd_2025
[2318178] Skipping (exists): e_07110894_06_12600_4bd_2025
[2318178] Skipping (exists): e_06420896_06_12600_4bd_2025
[2318178] Skipping (exists): e_06450896_06_12600_4bd_2025
[2318178] Skipping (exists): e_06480896_06_12600_4bd_2025
[2318178] Skipping (exists): e_06510896_06_12600_4bd_2025
[2318178] Skipping (exists): e_06540896_06_12600_4bd_2025
[2318178] Skipping (exists): e_06570896_06_12600_4bd_2025
[2318178] Skipping (exists): e_06600896_06_12600_4bd_2025
[2318178] Skipping (exists): e_06630896_06_12600_4bd_2025
[2318178] Skipping (exists): e_06660896_06_12600_4bd_2025
[2318178] Skipping (exists): e_06690896_06_12600_4bd_2025
[2318178] Skipping (exists): e_06720896_06_12600_4bd_2025
[2318178] Skipping (exists): e_06750896_06_12600_4bd_2025
[2318178] Skipping (exists): e_06780896_06_12600_4bd_2025
[2318178] Skipping (exists): e_06810896_06_12600_4bd_2025
[2318178] Skipping (exists): e_06840896_06_12600_4bd_2025
[2318178] Skipping (exists): e_06870896_06_12600_4bd_2025
[2318178] Skipping (exists): e_06900896_06_12600_4bd_2025
[2318178] Skipping (exists): e_06930896_06_12600_4bd_2025
[2318178] Skipping (exists): e_06960896_06_12600_4bd_2025
[2318178] Skipping (exists): e_06990896_06_12600_4bd_2025
[2318178] Skipping (exists): e_07020896_06_12600_4bd_2025
[2318178] Skipping (exists): e_07050896_06_12600_4bd_2025
[2318178] Skipping (exists): e_07080896_06_12600_4bd_2025
[2318178] Skipping (exists): e_06390898_06_12600_4bd_2025
[2318178] Skipping (exists): e_06420898_06_12600_4bd_2025
[2318178] Skipping (exists): e_06450898_06_12600_4bd_2025
[2318178] Skipping (exists): e_06480898_06_12600_4bd_2025
[2318178] Skipping (exists): e_06510898_06_12600_4bd_2025
[2318178] Skipping (exists): e_06540898_06_12600_4bd_2025
[2318178] Skipping (exists): e_06570898_06_12600_4bd_2025
[2318178] Skipping (exists): e_06600898_06_12600_4bd_2025
[2318178] Skipping (exists): e_06630898_06_12600_4bd_2025
[2318178] Skipping (exists): e_06660898_06_12600_4bd_2025
[2318178] Skipping (exists): e_06690898_06_12600_4bd_2025
[2318178] Skipping (exists): e_06720898_06_12600_4bd_2025
[2318178] Skipping (exists): e_06750898_06_12600_4bd_2025
[2318178] Skipping (exists): e_06780898_06_12600_4bd_2025
[2318178] Skipping (exists): e_06810898_06_12600_4bd_2025
[2318178] Skipping (exists): e_06840898_06_12600_4bd_2025
[2318178] Skipping (exists): e_06870898_06_12600_4bd_2025
[2318178] Skipping (exists): e_06900898_06_12600_4bd_2025
[2318178] Skipping (exists): e_06930898_06_12600_4bd_2025
[2318178] Skipping (exists): e_06960898_06_12600_4bd_2025
[2318178] Skipping (exists): e_06990898_06_12600_4bd_2025
[2318178] Skipping (exists): e_07020898_06_12600_4bd_2025
[2318178] Skipping (exists): e_07050898_06_12600_4bd_2025
[2318178] Skipping (exists): e_07080898_06_12600_4bd_2025
[2318178] Skipping (exists): e_06240900_06_12600_4bd_2025
[2318178] Skipping (exists): e_06270900_06_12600_4bd_2025
[2318178] Skipping (exists): e_06360900_06_12600_4bd_2025
[2318178] Skipping (exists): e_06390900_06_12600_4bd_2025
[2318178] Skipping (exists): e_06420900_06_12600_4bd_2025
[2318178] Skipping (exists): e_06450900_06_12600_4bd_2025
[2318178] Skipping (exists): e_06480900_06_12600_4bd_2025
[2318178] Skipping (exists): e_06510900_06_12600_4bd_2025
[2318178] Skipping (exists): e_06540900_06_12600_4bd_2025
[2318178] Skipping (exists): e_06570900_06_12600_4bd_2025
[2318178] Skipping (exists): e_06600900_06_12600_4bd_2025
[2318178] Skipping (exists): e_06630900_06_12600_4bd_2025
[2318178] Skipping (exists): e_06660900_06_12600_4bd_2025
[2318178] Skipping (exists): e_06690900_06_12600_4bd_2025
[2318178] Skipping (exists): e_06720900_06_12600_4bd_2025
[2318178] Skipping (exists): e_06750900_06_12600_4bd_2025
[2318178] Skipping (exists): e_06780900_06_12600_4bd_2025
[2318178] Skipping (exists): e_06810900_06_12600_4bd_2025
[2318178] Skipping (exists): e_06840900_06_12600_4bd_2025
[2318178] Skipping (exists): e_06870900_06_12600_4bd_2025
[2318178] Skipping (exists): e_06900900_06_12600_4bd_2025
[2318178] Skipping (exists): e_06930900_06_12600_4bd_2025
[2318178] Skipping (exists): e_06960900_06_12600_4bd_2025
[2318178] Skipping (exists): e_06990900_06_12600_4bd_2025
[2318178] Skipping (exists): e_07020900_06_12600_4bd_2025
[2318178] Skipping (exists): e_07050900_06_12600_4bd_2025
[2318178] Skipping (exists): e_07080900_06_12600_4bd_2025
[2318178] Skipping (exists): e_06240902_06_12600_4bd_2025
[2318178] Skipping (exists): e_06270902_06_12600_4bd_2025
[2318178] Skipping (exists): e_06300902_06_12600_4bd_2025
[2318178] Skipping (exists): e_06360902_06_12600_4bd_2025
[2318178] Skipping (exists): e_06390902_06_12600_4bd_2025
[2318178] Skipping (exists): e_06420902_06_12600_4bd_2025
[2318178] Skipping (exists): e_06450902_06_12600_4bd_2025
[2318178] Skipping (exists): e_06480902_06_12600_4bd_2025
[2318178] Skipping (exists): e_06510902_06_12600_4bd_2025
[2318178] Skipping (exists): e_06540902_06_12600_4bd_2025
[2318178] Skipping (exists): e_06570902_06_12600_4bd_2025
[2318178] Skipping (exists): e_06600902_06_12600_4bd_2025
[2318178] Skipping (exists): e_06630902_06_12600_4bd_2025
[2318178] Skipping (exists): e_06660902_06_12600_4bd_2025
[2318178] Skipping (exists): e_06690902_06_12600_4bd_2025
[2318178] Skipping (exists): e_06720902_06_12600_4bd_2025
[2318178] Skipping (exists): e_06750902_06_12600_4bd_2025
[2318178] Skipping (exists): e_06780902_06_12600_4bd_2025
[2318178] Skipping (exists): e_06810902_06_12600_4bd_2025
[2318178] Skipping (exists): e_06840902_06_12600_4bd_2025
[2318178] Skipping (exists): e_06870902_06_12600_4bd_2025
[2318178] Skipping (exists): e_06900902_06_12600_4bd_2025
[2318178] Skipping (exists): e_06930902_06_12600_4bd_2025
[2318178] Skipping (exists): e_06960902_06_12600_4bd_2025
[2318178] Skipping (exists): e_06990902_06_12600_4bd_2025
[2318178] Skipping (exists): e_07020902_06_12600_4bd_2025
[2318178] Skipping (exists): e_07050902_06_12600_4bd_2025
[2318178] Skipping (exists): e_07080902_06_12600_4bd_2025
[2318178] Skipping (exists): e_06270904_06_12600_4bd_2025
[2318178] Skipping (exists): e_06300904_06_12600_4bd_2025
[2318178] Skipping (exists): e_06330904_06_12600_4bd_2025
[2318178] Skipping (exists): e_06360904_06_12600_4bd_2025
[2318178] Skipping (exists): e_06390904_06_12600_4bd_2025
[2318178] Skipping (exists): e_06420904_06_12600_4bd_2025
[2318178] Skipping (exists): e_06450904_06_12600_4bd_2025
[2318178] Skipping (exists): e_06480904_06_12600_4bd_2025
[2318178] Skipping (exists): e_06510904_06_12600_4bd_2025
[2318178] Skipping (exists): e_06540904_06_12600_4bd_2025
[2318178] Skipping (exists): e_06570904_06_12600_4bd_2025
[2318178] Skipping (exists): e_06600904_06_12600_4bd_2025
[2318178] Skipping (exists): e_06630904_06_12600_4bd_2025
[2318178] Skipping (exists): e_06660904_06_12600_4bd_2025
[2318178] Skipping (exists): e_06690904_06_12600_4bd_2025
[2318178] Skipping (exists): e_06720904_06_12600_4bd_2025
[2318178] Skipping (exists): e_06750904_06_12600_4bd_2025
[2318178] Skipping (exists): e_06780904_06_12600_4bd_2025
[2318178] Skipping (exists): e_06810904_06_12600_4bd_2025
[2318178] Skipping (exists): e_06840904_06_12600_4bd_2025
[2318178] Skipping (exists): e_06870904_06_12600_4bd_2025
[2318178] Skipping (exists): e_06900904_06_12600_4bd_2025
[2318178] Skipping (exists): e_06930904_06_12600_4bd_2025
[2318178] Skipping (exists): e_06960904_06_12600_4bd_2025
[2318178] Skipping (exists): e_06990904_06_12600_4bd_2025
[2318178] Skipping (exists): e_07020904_06_12600_4bd_2025
[2318178] Skipping (exists): e_07050904_06_12600_4bd_2025
[2318178] Skipping (exists): e_06270906_06_12600_4bd_2025
[2318178] Skipping (exists): e_06300906_06_12600_4bd_2025
[2318178] Skipping (exists): e_06330906_06_12600_4bd_2025
[2318178] Skipping (exists): e_06360906_06_12600_4bd_2025
[2318178] Skipping (exists): e_06390906_06_12600_4bd_2025
[2318178] Skipping (exists): e_06420906_06_12600_4bd_2025
[2318178] Skipping (exists): e_06450906_06_12600_4bd_2025
[2318178] Skipping (exists): e_06480906_06_12600_4bd_2025
[2318178] Skipping (exists): e_06510906_06_12600_4bd_2025
[2318178] Skipping (exists): e_06540906_06_12600_4bd_2025
[2318178] Skipping (exists): e_06570906_06_12600_4bd_2025
[2318178] Skipping (exists): e_06600906_06_12600_4bd_2025
[2318178] Skipping (exists): e_06630906_06_12600_4bd_2025
[2318178] Skipping (exists): e_06660906_06_12600_4bd_2025
[2318178] Skipping (exists): e_06690906_06_12600_4bd_2025
[2318178] Skipping (exists): e_06720906_06_12600_4bd_2025
[2318178] Skipping (exists): e_06750906_06_12600_4bd_2025
[2318178] Skipping (exists): e_06780906_06_12600_4bd_2025
[2318178] Skipping (exists): e_06810906_06_12600_4bd_2025
[2318178] Skipping (exists): e_06840906_06_12600_4bd_2025
[2318178] Skipping (exists): e_06870906_06_12600_4bd_2025
[2318178] Skipping (exists): e_06900906_06_12600_4bd_2025
[2318178] Skipping (exists): e_06930906_06_12600_4bd_2025
[2318178] Skipping (exists): e_06960906_06_12600_4bd_2025
[2318178] Skipping (exists): e_06990906_06_12600_4bd_2025
[2318178] Skipping (exists): e_07020906_06_12600_4bd_2025
[2318178] Skipping (exists): e_06270908_06_12600_4bd_2025
[2318178] Skipping (exists): e_06300908_06_12600_4bd_2025
[2318178] Skipping (exists): e_06330908_06_12600_4bd_2025
[2318178] Skipping (exists): e_06360908_06_12600_4bd_2025
[2318178] Skipping (exists): e_06390908_06_12600_4bd_2025
[2318178] Skipping (exists): e_06420908_06_12600_4bd_2025
[2318178] Skipping (exists): e_06450908_06_12600_4bd_2025
[2318178] Skipping (exists): e_06480908_06_12600_4bd_2025
[2318178] Skipping (exists): e_06510908_06_12600_4bd_2025
[2318178] Skipping (exists): e_06540908_06_12600_4bd_2025
[2318178] Skipping (exists): e_06570908_06_12600_4bd_2025
[2318178] Skipping (exists): e_06600908_06_12600_4bd_2025
[2318178] Skipping (exists): e_06630908_06_12600_4bd_2025
[2318178] Skipping (exists): e_06660908_06_12600_4bd_2025
[2318178] Skipping (exists): e_06690908_06_12600_4bd_2025
[2318178] Skipping (exists): e_06720908_06_12600_4bd_2025
[2318178] Skipping (exists): e_06750908_06_12600_4bd_2025
[2318178] Skipping (exists): e_06780908_06_12600_4bd_2025
[2318178] Skipping (exists): e_06810908_06_12600_4bd_2025
[2318178] Skipping (exists): e_06840908_06_12600_4bd_2025
[2318178] Skipping (exists): e_06870908_06_12600_4bd_2025
[2318178] Skipping (exists): e_06900908_06_12600_4bd_2025
[2318178] Skipping (exists): e_06930908_06_12600_4bd_2025
[2318178] Skipping (exists): e_06960908_06_12600_4bd_2025
[2318178] Skipping (exists): e_06990908_06_12600_4bd_2025
[2318178] Skipping (exists): e_07020908_06_12600_4bd_2025
[2318178] Skipping (exists): e_06270910_06_12600_4bd_2025
[2318178] Skipping (exists): e_06300910_06_12600_4bd_2025
[2318178] Skipping (exists): e_06330910_06_12600_4bd_2025
[2318178] Skipping (exists): e_06360910_06_12600_4bd_2025
[2318178] Skipping (exists): e_06390910_06_12600_4bd_2025
[2318178] Skipping (exists): e_06420910_06_12600_4bd_2025
[2318178] Skipping (exists): e_06450910_06_12600_4bd_2025
[2318178] Skipping (exists): e_06480910_06_12600_4bd_2025
[2318178] Skipping (exists): e_06510910_06_12600_4bd_2025
[2318178] Skipping (exists): e_06540910_06_12600_4bd_2025
[2318178] Skipping (exists): e_06570910_06_12600_4bd_2025
[2318178] Skipping (exists): e_06600910_06_12600_4bd_2025
[2318178] Skipping (exists): e_06630910_06_12600_4bd_2025
[2318178] Skipping (exists): e_06660910_06_12600_4bd_2025
[2318178] Skipping (exists): e_06690910_06_12600_4bd_2025
[2318178] Skipping (exists): e_06720910_06_12600_4bd_2025
[2318178] Skipping (exists): e_06750910_06_12600_4bd_2025
[2318178] Skipping (exists): e_06780910_06_12600_4bd_2025
[2318178] Skipping (exists): e_06810910_06_12600_4bd_2025
[2318178] Skipping (exists): e_06840910_06_12600_4bd_2025
[2318178] Skipping (exists): e_06870910_06_12600_4bd_2025
[2318178] Skipping (exists): e_06900910_06_12600_4bd_2025
[2318178] Skipping (exists): e_06930910_06_12600_4bd_2025
[2318178] Skipping (exists): e_06960910_06_12600_4bd_2025
[2318178] Skipping (exists): e_06990910_06_12600_4bd_2025
[2318178] Skipping (exists): e_06270912_06_12600_4bd_2025
[2318178] Skipping (exists): e_06300912_06_12600_4bd_2025
[2318178] Skipping (exists): e_06330912_06_12600_4bd_2025
[2318178] Skipping (exists): e_06360912_06_12600_4bd_2025
[2318178] Skipping (exists): e_06390912_06_12600_4bd_2025
[2318178] Skipping (exists): e_06420912_06_12600_4bd_2025
[2318178] Skipping (exists): e_06450912_06_12600_4bd_2025
[2318178] Skipping (exists): e_06480912_06_12600_4bd_2025
[2318178] Skipping (exists): e_06510912_06_12600_4bd_2025
[2318178] Skipping (exists): e_06540912_06_12600_4bd_2025
[2318178] Skipping (exists): e_06570912_06_12600_4bd_2025
[2318178] Skipping (exists): e_06600912_06_12600_4bd_2025
[2318178] Skipping (exists): e_06630912_06_12600_4bd_2025
[2318178] Skipping (exists): e_06660912_06_12600_4bd_2025
[2318178] Skipping (exists): e_06690912_06_12600_4bd_2025
[2318178] Skipping (exists): e_06720912_06_12600_4bd_2025
[2318178] Skipping (exists): e_06750912_06_12600_4bd_2025
[2318178] Skipping (exists): e_06780912_06_12600_4bd_2025
[2318178] Skipping (exists): e_06810912_06_12600_4bd_2025
[2318178] Skipping (exists): e_06840912_06_12600_4bd_2025
[2318178] Skipping (exists): e_06870912_06_12600_4bd_2025
[2318178] Skipping (exists): e_06900912_06_12600_4bd_2025
[2318178] Skipping (exists): e_06930912_06_12600_4bd_2025
[2318178] Skipping (exists): e_06960912_06_12600_4bd_2025
[2318178] Skipping (exists): e_06990912_06_12600_4bd_2025
[2318178] Skipping (exists): e_06270914_06_12600_4bd_2025
[2318178] Skipping (exists): e_06300914_06_12600_4bd_2025
[2318178] Skipping (exists): e_06330914_06_12600_4bd_2025
[2318178] Skipping (exists): e_06360914_06_12600_4bd_2025
[2318178] Skipping (exists): e_06390914_06_12600_4bd_2025
[2318178] Skipping (exists): e_06420914_06_12600_4bd_2025
[2318178] Skipping (exists): e_06450914_06_12600_4bd_2025
[2318178] Skipping (exists): e_06480914_06_12600_4bd_2025
[2318178] Skipping (exists): e_06510914_06_12600_4bd_2025
[2318178] Skipping (exists): e_06540914_06_12600_4bd_2025
[2318178] Skipping (exists): e_06570914_06_12600_4bd_2025
[2318178] Skipping (exists): e_06600914_06_12600_4bd_2025
[2318178] Skipping (exists): e_06630914_06_12600_4bd_2025
[2318178] Skipping (exists): e_06660914_06_12600_4bd_2025
[2318178] Skipping (exists): e_06690914_06_12600_4bd_2025
[2318178] Skipping (exists): e_06720914_06_12600_4bd_2025
[2318178] Skipping (exists): e_06750914_06_12600_4bd_2025
[2318178] Skipping (exists): e_06780914_06_12600_4bd_2025
[2318178] Skipping (exists): e_06810914_06_12600_4bd_2025
[2318178] Skipping (exists): e_06840914_06_12600_4bd_2025
[2318178] Skipping (exists): e_06870914_06_12600_4bd_2025
[2318178] Skipping (exists): e_06900914_06_12600_4bd_2025
[2318178] Skipping (exists): e_06930914_06_12600_4bd_2025
[2318178] Skipping (exists): e_06960914_06_12600_4bd_2025
[2318178] Skipping (exists): e_06990914_06_12600_4bd_2025
[2318178] Skipping (exists): e_06270916_06_12600_4bd_2025
[2318178] Skipping (exists): e_06300916_06_12600_4bd_2025
[2318178] Skipping (exists): e_06330916_06_12600_4bd_2025
[2318178] Skipping (exists): e_06360916_06_12600_4bd_2025
[2318178] Skipping (exists): e_06390916_06_12600_4bd_2025
[2318178] Skipping (exists): e_06420916_06_12600_4bd_2025
[2318178] Skipping (exists): e_06450916_06_12600_4bd_2025
[2318178] Skipping (exists): e_06480916_06_12600_4bd_2025
[2318178] Skipping (exists): e_06510916_06_12600_4bd_2025
[2318178] Skipping (exists): e_06540916_06_12600_4bd_2025
[2318178] Skipping (exists): e_06570916_06_12600_4bd_2025
[2318178] Skipping (exists): e_06600916_06_12600_4bd_2025
[2318178] Skipping (exists): e_06630916_06_12600_4bd_2025
[2318178] Skipping (exists): e_06660916_06_12600_4bd_2025
[2318178] Skipping (exists): e_06690916_06_12600_4bd_2025
[2318178] Skipping (exists): e_06720916_06_12600_4bd_2025
[2318178] Skipping (exists): e_06750916_06_12600_4bd_2025
[2318178] Skipping (exists): e_06780916_06_12600_4bd_2025
[2318178] Skipping (exists): e_06810916_06_12600_4bd_2025
[2318178] Skipping (exists): e_06840916_06_12600_4bd_2025
[2318178] Skipping (exists): e_06870916_06_12600_4bd_2025
[2318178] Skipping (exists): e_06900916_06_12600_4bd_2025
[2318178] Skipping (exists): e_06930916_06_12600_4bd_2025
[2318178] Skipping (exists): e_06960916_06_12600_4bd_2025
[2318178] Skipping (exists): e_06990916_06_12600_4bd_2025
[2318178] Skipping (exists): e_06270918_06_12600_4bd_2025
[2318178] Skipping (exists): e_06300918_06_12600_4bd_2025
[2318178] Skipping (exists): e_06330918_06_12600_4bd_2025
[2318178] Skipping (exists): e_06360918_06_12600_4bd_2025
[2318178] Skipping (exists): e_06390918_06_12600_4bd_2025
[2318178] Skipping (exists): e_06420918_06_12600_4bd_2025
[2318178] Skipping (exists): e_06450918_06_12600_4bd_2025
[2318178] Skipping (exists): e_06480918_06_12600_4bd_2025
[2318178] Skipping (exists): e_06510918_06_12600_4bd_2025
[2318178] Skipping (exists): e_06540918_06_12600_4bd_2025
[2318178] Skipping (exists): e_06570918_06_12600_4bd_2025
[2318178] Skipping (exists): e_06600918_06_12600_4bd_2025
[2318178] Skipping (exists): e_06630918_06_12600_4bd_2025
[2318178] Skipping (exists): e_06660918_06_12600_4bd_2025
[2318178] Skipping (exists): e_06690918_06_12600_4bd_2025
[2318178] Skipping (exists): e_06720918_06_12600_4bd_2025
[2318178] Skipping (exists): e_06750918_06_12600_4bd_2025
[2318178] Skipping (exists): e_06780918_06_12600_4bd_2025
[2318178] Skipping (exists): e_06810918_06_12600_4bd_2025
[2318178] Skipping (exists): e_06840918_06_12600_4bd_2025
[2318178] Skipping (exists): e_06870918_06_12600_4bd_2025
[2318178] Skipping (exists): e_06900918_06_12600_4bd_2025
[2318178] Skipping (exists): e_06930918_06_12600_4bd_2025
[2318178] Skipping (exists): e_06960918_06_12600_4bd_2025
[2318178] Skipping (exists): e_06270920_06_12600_4bd_2025
[2318178] Skipping (exists): e_06300920_06_12600_4bd_2025
[2318178] Skipping (exists): e_06330920_06_12600_4bd_2025
[2318178] Skipping (exists): e_06360920_06_12600_4bd_2025
[2318178] Skipping (exists): e_06390920_06_12600_4bd_2025
[2318178] Skipping (exists): e_06420920_06_12600_4bd_2025
[2318178] Skipping (exists): e_06450920_06_12600_4bd_2025
[2318178] Skipping (exists): e_06480920_06_12600_4bd_2025
[2318178] Skipping (exists): e_06510920_06_12600_4bd_2025
[2318178] Skipping (exists): e_06540920_06_12600_4bd_2025
[2318178] Skipping (exists): e_06570920_06_12600_4bd_2025
[2318178] Skipping (exists): e_06600920_06_12600_4bd_2025
[2318178] Skipping (exists): e_06630920_06_12600_4bd_2025
[2318178] Skipping (exists): e_06660920_06_12600_4bd_2025
[2318178] Skipping (exists): e_06690920_06_12600_4bd_2025
[2318178] Skipping (exists): e_06720920_06_12600_4bd_2025
[2318178] Skipping (exists): e_06750920_06_12600_4bd_2025
[2318178] Skipping (exists): e_06780920_06_12600_4bd_2025
[2318178] Skipping (exists): e_06810920_06_12600_4bd_2025
[2318178] Skipping (exists): e_06840920_06_12600_4bd_2025
[2318178] Skipping (exists): e_06870920_06_12600_4bd_2025
[2318178] Skipping (exists): e_06900920_06_12600_4bd_2025
[2318178] Skipping (exists): e_06930920_06_12600_4bd_2025
[2318178] Skipping (exists): e_06960920_06_12600_4bd_2025
[2318178] Skipping (exists): e_06270922_06_12600_4bd_2025
[2318178] Skipping (exists): e_06300922_06_12600_4bd_2025
[2318178] Skipping (exists): e_06330922_06_12600_4bd_2025
[2318178] Skipping (exists): e_06360922_06_12600_4bd_2025
[2318178] Skipping (exists): e_06390922_06_12600_4bd_2025
[2318178] Skipping (exists): e_06420922_06_12600_4bd_2025
[2318178] Skipping (exists): e_06450922_06_12600_4bd_2025
[2318178] Skipping (exists): e_06480922_06_12600_4bd_2025
[2318178] Skipping (exists): e_06510922_06_12600_4bd_2025
[2318178] Skipping (exists): e_06540922_06_12600_4bd_2025
[2318178] Skipping (exists): e_06570922_06_12600_4bd_2025
[2318178] Skipping (exists): e_06600922_06_12600_4bd_2025
[2318178] Skipping (exists): e_06630922_06_12600_4bd_2025
[2318178] Skipping (exists): e_06660922_06_12600_4bd_2025
[2318178] Skipping (exists): e_06690922_06_12600_4bd_2025
[2318178] Skipping (exists): e_06720922_06_12600_4bd_2025
[2318178] Skipping (exists): e_06750922_06_12600_4bd_2025
[2318178] Skipping (exists): e_06780922_06_12600_4bd_2025
[2318178] Skipping (exists): e_06810922_06_12600_4bd_2025
[2318178] Skipping (exists): e_06840922_06_12600_4bd_2025
[2318178] Skipping (exists): e_06870922_06_12600_4bd_2025
[2318178] Skipping (exists): e_06900922_06_12600_4bd_2025
[2318178] Skipping (exists): e_06930922_06_12600_4bd_2025
[2318178] Skipping (exists): e_06960922_06_12600_4bd_2025
[2318178] Skipping (exists): e_06990922_06_12600_4bd_2025
[2318178] Skipping (exists): e_07020922_06_12600_4bd_2025
[2318178] Skipping (exists): e_06240924_06_12600_4bd_2025
[2318178] Skipping (exists): e_06270924_06_12600_4bd_2025
[2318178] Skipping (exists): e_06300924_06_12600_4bd_2025
[2318178] Skipping (exists): e_06330924_06_12600_4bd_2025
[2318178] Skipping (exists): e_06360924_06_12600_4bd_2025
[2318178] Skipping (exists): e_06390924_06_12600_4bd_2025
[2318178] Skipping (exists): e_06420924_06_12600_4bd_2025
[2318178] Skipping (exists): e_06450924_06_12600_4bd_2025
[2318178] Skipping (exists): e_06480924_06_12600_4bd_2025
[2318178] Skipping (exists): e_06510924_06_12600_4bd_2025
[2318178] Skipping (exists): e_06540924_06_12600_4bd_2025
[2318178] Skipping (exists): e_06570924_06_12600_4bd_2025
[2318178] Skipping (exists): e_06600924_06_12600_4bd_2025
[2318178] Skipping (exists): e_06630924_06_12600_4bd_2025
[2318178] Skipping (exists): e_06660924_06_12600_4bd_2025
[2318178] Skipping (exists): e_06690924_06_12600_4bd_2025
[2318178] Skipping (exists): e_06720924_06_12600_4bd_2025
[2318178] Skipping (exists): e_06750924_06_12600_4bd_2025
[2318178] Skipping (exists): e_06780924_06_12600_4bd_2025
[2318178] Skipping (exists): e_06810924_06_12600_4bd_2025
[2318178] Skipping (exists): e_06840924_06_12600_4bd_2025
[2318178] Skipping (exists): e_06870924_06_12600_4bd_2025
[2318178] Skipping (exists): e_06900924_06_12600_4bd_2025
[2318178] Skipping (exists): e_06930924_06_12600_4bd_2025
[2318178] Skipping (exists): e_06960924_06_12600_4bd_2025
[2318178] Skipping (exists): e_06990924_06_12600_4bd_2025
[2318178] Skipping (exists): e_07020924_06_12600_4bd_2025
[2318178] Skipping (exists): e_06210926_06_12600_4bd_2025
[2318178] Skipping (exists): e_06240926_06_12600_4bd_2025
[2318178] Skipping (exists): e_06270926_06_12600_4bd_2025
[2318178] Skipping (exists): e_06300926_06_12600_4bd_2025
[2318178] Skipping (exists): e_06330926_06_12600_4bd_2025
[2318178] Skipping (exists): e_06360926_06_12600_4bd_2025
[2318178] Skipping (exists): e_06390926_06_12600_4bd_2025
[2318178] Skipping (exists): e_06420926_06_12600_4bd_2025
[2318178] Skipping (exists): e_06450926_06_12600_4bd_2025
[2318178] Skipping (exists): e_06480926_06_12600_4bd_2025
[2318178] Skipping (exists): e_06510926_06_12600_4bd_2025
[2318178] Skipping (exists): e_06540926_06_12600_4bd_2025
[2318178] Skipping (exists): e_06570926_06_12600_4bd_2025
[2318178] Skipping (exists): e_06600926_06_12600_4bd_2025
[2318178] Skipping (exists): e_06630926_06_12600_4bd_2025
[2318178] Skipping (exists): e_06660926_06_12600_4bd_2025
[2318178] Skipping (exists): e_06690926_06_12600_4bd_2025
[2318178] Skipping (exists): e_06720926_06_12600_4bd_2025
[2318178] Skipping (exists): e_06750926_06_12600_4bd_2025
[2318178] Skipping (exists): e_06780926_06_12600_4bd_2025
[2318178] Skipping (exists): e_06810926_06_12600_4bd_2025
[2318178] Skipping (exists): e_06840926_06_12600_4bd_2025
[2318178] Skipping (exists): e_06870926_06_12600_4bd_2025
[2318178] Skipping (exists): e_06900926_06_12600_4bd_2025
[2318178] Skipping (exists): e_06930926_06_12600_4bd_2025
[2318178] Skipping (exists): e_06960926_06_12600_4bd_2025
[2318178] Skipping (exists): e_06990926_06_12600_4bd_2025
[2318178] Skipping (exists): e_07020926_06_12600_4bd_2025
[2318178] Skipping (exists): e_06210928_06_12600_4bd_2025
[2318178] Skipping (exists): e_06240928_06_12600_4bd_2025
[2318178] Skipping (exists): e_06270928_06_12600_4bd_2025
[2318178] Skipping (exists): e_06300928_06_12600_4bd_2025
[2318178] Skipping (exists): e_06330928_06_12600_4bd_2025
[2318178] Skipping (exists): e_06360928_06_12600_4bd_2025
[2318178] Skipping (exists): e_06390928_06_12600_4bd_2025
[2318178] Skipping (exists): e_06420928_06_12600_4bd_2025
[2318178] Skipping (exists): e_06450928_06_12600_4bd_2025
[2318178] Skipping (exists): e_06480928_06_12600_4bd_2025
[2318178] Skipping (exists): e_06510928_06_12600_4bd_2025
[2318178] Skipping (exists): e_06540928_06_12600_4bd_2025
[2318178] Skipping (exists): e_06570928_06_12600_4bd_2025
[2318178] Skipping (exists): e_06600928_06_12600_4bd_2025
[2318178] Skipping (exists): e_06630928_06_12600_4bd_2025
[2318178] Skipping (exists): e_06660928_06_12600_4bd_2025
[2318178] Skipping (exists): e_06690928_06_12600_4bd_2025
[2318178] Skipping (exists): e_06720928_06_12600_4bd_2025
[2318178] Skipping (exists): e_06750928_06_12600_4bd_2025
[2318178] Skipping (exists): e_06780928_06_12600_4bd_2025
[2318178] Skipping (exists): e_06810928_06_12600_4bd_2025
[2318178] Skipping (exists): e_06840928_06_12600_4bd_2025
[2318178] Skipping (exists): e_06870928_06_12600_4bd_2025
[2318178] Skipping (exists): e_06900928_06_12600_4bd_2025
[2318178] Skipping (exists): e_06930928_06_12600_4bd_2025
[2318178] Skipping (exists): e_06960928_06_12600_4bd_2025
[2318178] Skipping (exists): e_06990928_06_12600_4bd_2025
[2318178] Skipping (exists): e_07020928_06_12600_4bd_2025
[2318178] Skipping (exists): e_06210930_06_12600_4bd_2025
[2318178] Skipping (exists): e_06240930_06_12600_4bd_2025
[2318178] Skipping (exists): e_06270930_06_12600_4bd_2025
[2318178] Skipping (exists): e_06300930_06_12600_4bd_2025
[2318178] Skipping (exists): e_06330930_06_12600_4bd_2025
[2318178] Skipping (exists): e_06360930_06_12600_4bd_2025
[2318178] Skipping (exists): e_06390930_06_12600_4bd_2025
[2318178] Skipping (exists): e_06420930_06_12600_4bd_2025
[2318178] Skipping (exists): e_06450930_06_12600_4bd_2025
[2318178] Skipping (exists): e_06480930_06_12600_4bd_2025
[2318178] Skipping (exists): e_06510930_06_12600_4bd_2025
[2318178] Skipping (exists): e_06540930_06_12600_4bd_2025
[2318178] Skipping (exists): e_06570930_06_12600_4bd_2025
[2318178] Skipping (exists): e_06600930_06_12600_4bd_2025
[2318178] Skipping (exists): e_06630930_06_12600_4bd_2025
[2318178] Skipping (exists): e_06660930_06_12600_4bd_2025
[2318178] Skipping (exists): e_06690930_06_12600_4bd_2025
[2318178] Skipping (exists): e_06720930_06_12600_4bd_2025
[2318178] Skipping (exists): e_06750930_06_12600_4bd_2025
[2318178] Skipping (exists): e_06780930_06_12600_4bd_2025
[2318178] Skipping (exists): e_06810930_06_12600_4bd_2025
[2318178] Skipping (exists): e_06840930_06_12600_4bd_2025
[2318178] Skipping (exists): e_06870930_06_12600_4bd_2025
[2318178] Skipping (exists): e_06900930_06_12600_4bd_2025
[2318178] Skipping (exists): e_06930930_06_12600_4bd_2025
[2318178] Skipping (exists): e_06960930_06_12600_4bd_2025
[2318178] Skipping (exists): e_06990930_06_12600_4bd_2025
[2318178] Skipping (exists): e_07020930_06_12600_4bd_2025
[2318178] Skipping (exists): e_06240932_06_12600_4bd_2025
[2318178] Skipping (exists): e_06270932_06_12600_4bd_2025
[2318178] Skipping (exists): e_06300932_06_12600_4bd_2025
[2318178] Skipping (exists): e_06330932_06_12600_4bd_2025
[2318178] Skipping (exists): e_06360932_06_12600_4bd_2025
[2318178] Skipping (exists): e_06390932_06_12600_4bd_2025
[2318178] Skipping (exists): e_06420932_06_12600_4bd_2025
[2318178] Skipping (exists): e_06450932_06_12600_4bd_2025
[2318178] Skipping (exists): e_06480932_06_12600_4bd_2025
[2318178] Skipping (exists): e_06510932_06_12600_4bd_2025
[2318178] Skipping (exists): e_06540932_06_12600_4bd_2025
[2318178] Skipping (exists): e_06570932_06_12600_4bd_2025
[2318178] Skipping (exists): e_06600932_06_12600_4bd_2025
[2318178] Skipping (exists): e_06630932_06_12600_4bd_2025
[2318178] Skipping (exists): e_06660932_06_12600_4bd_2025
[2318178] Skipping (exists): e_06690932_06_12600_4bd_2025
[2318178] Skipping (exists): e_06720932_06_12600_4bd_2025
[2318178] Skipping (exists): e_06750932_06_12600_4bd_2025
[2318178] Skipping (exists): e_06780932_06_12600_4bd_2025
[2318178] Skipping (exists): e_06810932_06_12600_4bd_2025
[2318178] Skipping (exists): e_06840932_06_12600_4bd_2025
[2318178] Skipping (exists): e_06870932_06_12600_4bd_2025
[2318178] Skipping (exists): e_06900932_06_12600_4bd_2025
[2318178] Skipping (exists): e_06930932_06_12600_4bd_2025
[2318178] Skipping (exists): e_06960932_06_12600_4bd_2025
[2318178] Skipping (exists): e_06990932_06_12600_4bd_2025
[2318178] Skipping (exists): e_07020932_06_12600_4bd_2025
[2318178] Skipping (exists): e_06240934_06_12600_4bd_2025
[2318178] Skipping (exists): e_06270934_06_12600_4bd_2025
[2318178] Skipping (exists): e_06300934_06_12600_4bd_2025
[2318178] Skipping (exists): e_06330934_06_12600_4bd_2025
[2318178] Skipping (exists): e_06360934_06_12600_4bd_2025
[2318178] Skipping (exists): e_06390934_06_12600_4bd_2025
[2318178] Skipping (exists): e_06420934_06_12600_4bd_2025
[2318178] Skipping (exists): e_06450934_06_12600_4bd_2025
[2318178] Skipping (exists): e_06480934_06_12600_4bd_2025
[2318178] Skipping (exists): e_06510934_06_12600_4bd_2025
[2318178] Skipping (exists): e_06540934_06_12600_4bd_2025
[2318178] Skipping (exists): e_06570934_06_12600_4bd_2025
[2318178] Skipping (exists): e_06600934_06_12600_4bd_2025
[2318178] Skipping (exists): e_06630934_06_12600_4bd_2025
[2318178] Skipping (exists): e_06660934_06_12600_4bd_2025
[2318178] Skipping (exists): e_06690934_06_12600_4bd_2025
[2318178] Skipping (exists): e_06720934_06_12600_4bd_2025
[2318178] Skipping (exists): e_06750934_06_12600_4bd_2025
[2318178] Skipping (exists): e_06780934_06_12600_4bd_2025
[2318178] Skipping (exists): e_06810934_06_12600_4bd_2025
[2318178] Skipping (exists): e_06840934_06_12600_4bd_2025
[2318178] Skipping (exists): e_06870934_06_12600_4bd_2025
[2318178] Skipping (exists): e_06900934_06_12600_4bd_2025
[2318178] Skipping (exists): e_06930934_06_12600_4bd_2025
[2318178] Skipping (exists): e_06960934_06_12600_4bd_2025
[2318178] Skipping (exists): e_06990934_06_12600_4bd_2025
[2318178] Skipping (exists): e_07020934_06_12600_4bd_2025
[2318178] Skipping (exists): e_06240936_06_12600_4bd_2025
[2318178] Skipping (exists): e_06270936_06_12600_4bd_2025
[2318178] Skipping (exists): e_06300936_06_12600_4bd_2025
[2318178] Skipping (exists): e_06330936_06_12600_4bd_2025
[2318178] Skipping (exists): e_06360936_06_12600_4bd_2025
[2318178] Skipping (exists): e_06390936_06_12600_4bd_2025
[2318178] Skipping (exists): e_06420936_06_12600_4bd_2025
[2318178] Skipping (exists): e_06450936_06_12600_4bd_2025
[2318178] Skipping (exists): e_06480936_06_12600_4bd_2025
[2318178] Skipping (exists): e_06510936_06_12600_4bd_2025
[2318178] Skipping (exists): e_06540936_06_12600_4bd_2025
[2318178] Skipping (exists): e_06570936_06_12600_4bd_2025
[2318178] Skipping (exists): e_06600936_06_12600_4bd_2025
[2318178] Skipping (exists): e_06630936_06_12600_4bd_2025
[2318178] Skipping (exists): e_06660936_06_12600_4bd_2025
[2318178] Skipping (exists): e_06690936_06_12600_4bd_2025
[2318178] Skipping (exists): e_06720936_06_12600_4bd_2025
[2318178] Skipping (exists): e_06750936_06_12600_4bd_2025
[2318178] Skipping (exists): e_06780936_06_12600_4bd_2025
[2318178] Skipping (exists): e_06810936_06_12600_4bd_2025
[2318178] Skipping (exists): e_06840936_06_12600_4bd_2025
[2318178] Skipping (exists): e_06870936_06_12600_4bd_2025
[2318178] Skipping (exists): e_06900936_06_12600_4bd_2025
[2318178] Skipping (exists): e_06930936_06_12600_4bd_2025
[2318178] Skipping (exists): e_06960936_06_12600_4bd_2025
[2318178] Skipping (exists): e_06990936_06_12600_4bd_2025
[2318178] Skipping (exists): e_07020936_06_12600_4bd_2025
[2318178] Skipping (exists): e_06300938_06_12600_4bd_2025
[2318178] Skipping (exists): e_06330938_06_12600_4bd_2025
[2318178] Skipping (exists): e_06360938_06_12600_4bd_2025
[2318178] Skipping (exists): e_06390938_06_12600_4bd_2025
[2318178] Skipping (exists): e_06420938_06_12600_4bd_2025
[2318178] Skipping (exists): e_06450938_06_12600_4bd_2025
[2318178] Skipping (exists): e_06480938_06_12600_4bd_2025
[2318178] Skipping (exists): e_06510938_06_12600_4bd_2025
[2318178] Skipping (exists): e_06540938_06_12600_4bd_2025
[2318178] Skipping (exists): e_06570938_06_12600_4bd_2025
[2318178] Skipping (exists): e_06600938_06_12600_4bd_2025
[2318178] Skipping (exists): e_06630938_06_12600_4bd_2025
[2318178] Skipping (exists): e_06660938_06_12600_4bd_2025
[2318178] Skipping (exists): e_06690938_06_12600_4bd_2025
[2318178] Skipping (exists): e_06720938_06_12600_4bd_2025
[2318178] Skipping (exists): e_06750938_06_12600_4bd_2025
[2318178] Skipping (exists): e_06780938_06_12600_4bd_2025
[2318178] Skipping (exists): e_06810938_06_12600_4bd_2025
[2318178] Skipping (exists): e_06840938_06_12600_4bd_2025
[2318178] Skipping (exists): e_06870938_06_12600_4bd_2025
[2318178] Skipping (exists): e_06900938_06_12600_4bd_2025
[2318178] Skipping (exists): e_06930938_06_12600_4bd_2025
[2318178] Skipping (exists): e_06960938_06_12600_4bd_2025
[2318178] Skipping (exists): e_06990938_06_12600_4bd_2025
[2318178] Skipping (exists): e_06360940_06_12600_4bd_2025
[2318178] Skipping (exists): e_06390940_06_12600_4bd_2025
[2318178] Skipping (exists): e_06420940_06_12600_4bd_2025
[2318178] Skipping (exists): e_06450940_06_12600_4bd_2025
[2318178] Skipping (exists): e_06480940_06_12600_4bd_2025
[2318178] Skipping (exists): e_06510940_06_12600_4bd_2025
[2318178] Skipping (exists): e_06540940_06_12600_4bd_2025
[2318178] Skipping (exists): e_06570940_06_12600_4bd_2025
[2318178] Skipping (exists): e_06600940_06_12600_4bd_2025
[2318178] Skipping (exists): e_06630940_06_12600_4bd_2025
[2318178] Skipping (exists): e_06660940_06_12600_4bd_2025
[2318178] Skipping (exists): e_06690940_06_12600_4bd_2025
[2318178] Skipping (exists): e_06720940_06_12600_4bd_2025
[2318178] Skipping (exists): e_06750940_06_12600_4bd_2025
[2318178] Skipping (exists): e_06780940_06_12600_4bd_2025
[2318178] Skipping (exists): e_06810940_06_12600_4bd_2025
[2318178] Skipping (exists): e_06840940_06_12600_4bd_2025
[2318178] Skipping (exists): e_06870940_06_12600_4bd_2025
[2318178] Skipping (exists): e_06900940_06_12600_4bd_2025
[2318178] Skipping (exists): e_06930940_06_12600_4bd_2025
[2318178] Skipping (exists): e_06960940_06_12600_4bd_2025
[2318178] Skipping (exists): e_06990940_06_12600_4bd_2025
[2318178] Skipping (exists): e_06390942_06_12600_4bd_2025
[2318178] Skipping (exists): e_06420942_06_12600_4bd_2025
[2318178] Skipping (exists): e_06450942_06_12600_4bd_2025
[2318178] Skipping (exists): e_06480942_06_12600_4bd_2025
[2318178] Skipping (exists): e_06510942_06_12600_4bd_2025
[2318178] Skipping (exists): e_06540942_06_12600_4bd_2025
[2318178] Skipping (exists): e_06570942_06_12600_4bd_2025
[2318178] Skipping (exists): e_06600942_06_12600_4bd_2025
[2318178] Skipping (exists): e_06630942_06_12600_4bd_2025
[2318178] Skipping (exists): e_06660942_06_12600_4bd_2025
[2318178] Skipping (exists): e_06690942_06_12600_4bd_2025
[2318178] Skipping (exists): e_06720942_06_12600_4bd_2025
[2318178] Skipping (exists): e_06750942_06_12600_4bd_2025
[2318178] Skipping (exists): e_06780942_06_12600_4bd_2025
[2318178] Skipping (exists): e_06810942_06_12600_4bd_2025
[2318178] Skipping (exists): e_06840942_06_12600_4bd_2025
[2318178] Skipping (exists): e_06870942_06_12600_4bd_2025
[2318178] Skipping (exists): e_06900942_06_12600_4bd_2025
[2318178] Skipping (exists): e_06930942_06_12600_4bd_2025
[2318178] Skipping (exists): e_06960942_06_12600_4bd_2025
[2318178] Skipping (exists): e_06390944_06_12600_4bd_2025
[2318178] Skipping (exists): e_06420944_06_12600_4bd_2025
[2318178] Skipping (exists): e_06450944_06_12600_4bd_2025
[2318178] Skipping (exists): e_06480944_06_12600_4bd_2025
[2318178] Skipping (exists): e_06510944_06_12600_4bd_2025
[2318178] Skipping (exists): e_06540944_06_12600_4bd_2025
[2318178] Skipping (exists): e_06570944_06_12600_4bd_2025
[2318178] Skipping (exists): e_06600944_06_12600_4bd_2025
[2318178] Skipping (exists): e_06630944_06_12600_4bd_2025
[2318178] Skipping (exists): e_06660944_06_12600_4bd_2025
[2318178] Skipping (exists): e_06690944_06_12600_4bd_2025
[2318178] Skipping (exists): e_06720944_06_12600_4bd_2025
[2318178] Skipping (exists): e_06750944_06_12600_4bd_2025
[2318178] Skipping (exists): e_06780944_06_12600_4bd_2025
[2318178] Skipping (exists): e_06810944_06_12600_4bd_2025
[2318178] Skipping (exists): e_06840944_06_12600_4bd_2025
[2318178] Skipping (exists): e_06870944_06_12600_4bd_2025
[2318178] Skipping (exists): e_06900944_06_12600_4bd_2025
[2318178] Skipping (exists): e_06930944_06_12600_4bd_2025
[2318178] Skipping (exists): e_06960944_06_12600_4bd_2025
[2318178] Skipping (exists): e_06390946_06_12600_4bd_2025
[2318178] Skipping (exists): e_06420946_06_12600_4bd_2025
[2318178] Skipping (exists): e_06450946_06_12600_4bd_2025
[2318178] Skipping (exists): e_06480946_06_12600_4bd_2025
[2318178] Skipping (exists): e_06510946_06_12600_4bd_2025
[2318178] Skipping (exists): e_06540946_06_12600_4bd_2025
[2318178] Skipping (exists): e_06570946_06_12600_4bd_2025
[2318178] Skipping (exists): e_06600946_06_12600_4bd_2025
[2318178] Skipping (exists): e_06630946_06_12600_4bd_2025
[2318178] Skipping (exists): e_06660946_06_12600_4bd_2025
[2318178] Skipping (exists): e_06690946_06_12600_4bd_2025
[2318178] Skipping (exists): e_06720946_06_12600_4bd_2025
[2318178] Skipping (exists): e_06750946_06_12600_4bd_2025
[2318178] Skipping (exists): e_06780946_06_12600_4bd_2025
[2318178] Skipping (exists): e_06810946_06_12600_4bd_2025
[2318178] Skipping (exists): e_06840946_06_12600_4bd_2025
[2318178] Skipping (exists): e_06870946_06_12600_4bd_2025
[2318178] Skipping (exists): e_06900946_06_12600_4bd_2025
[2318178] Skipping (exists): e_06930946_06_12600_4bd_2025
[2318178] Skipping (exists): e_06960946_06_12600_4bd_2025
[2318178] Skipping (exists): e_06390948_06_12600_4bd_2025
[2318178] Skipping (exists): e_06420948_06_12600_4bd_2025
[2318178] Skipping (exists): e_06450948_06_12600_4bd_2025
[2318178] Skipping (exists): e_06480948_06_12600_4bd_2025
[2318178] Skipping (exists): e_06510948_06_12600_4bd_2025
[2318178] Skipping (exists): e_06540948_06_12600_4bd_2025
[2318178] Skipping (exists): e_06570948_06_12600_4bd_2025
[2318178] Skipping (exists): e_06600948_06_12600_4bd_2025
[2318178] Skipping (exists): e_06630948_06_12600_4bd_2025
[2318178] Skipping (exists): e_06660948_06_12600_4bd_2025
[2318178] Skipping (exists): e_06690948_06_12600_4bd_2025
[2318178] Skipping (exists): e_06720948_06_12600_4bd_2025
[2318178] Skipping (exists): e_06750948_06_12600_4bd_2025
[2318178] Skipping (exists): e_06780948_06_12600_4bd_2025
[2318178] Skipping (exists): e_06810948_06_12600_4bd_2025
[2318178] Skipping (exists): e_06840948_06_12600_4bd_2025
[2318178] Skipping (exists): e_06870948_06_12600_4bd_2025
[2318178] Skipping (exists): e_06900948_06_12600_4bd_2025
[2318178] Skipping (exists): e_06930948_06_12600_4bd_2025
[2318178] Skipping (exists): e_06960948_06_12600_4bd_2025
[2318178] Skipping (exists): e_06390950_06_12600_4bd_2025
[2318178] Skipping (exists): e_06420950_06_12600_4bd_2025
[2318178] Skipping (exists): e_06450950_06_12600_4bd_2025
[2318178] Skipping (exists): e_06480950_06_12600_4bd_2025
[2318178] Skipping (exists): e_06510950_06_12600_4bd_2025
[2318178] Skipping (exists): e_06630950_06_12600_4bd_2025
[2318178] Skipping (exists): e_06660950_06_12600_4bd_2025
[2318178] Skipping (exists): e_06690950_06_12600_4bd_2025
[2318178] Skipping (exists): e_06720950_06_12600_4bd_2025
[2318178] Skipping (exists): e_06750950_06_12600_4bd_2025
[2318178] Skipping (exists): e_06780950_06_12600_4bd_2025
[2318178] Skipping (exists): e_06810950_06_12600_4bd_2025
[2318178] Skipping (exists): e_06840950_06_12600_4bd_2025
[2318178] Skipping (exists): e_06870950_06_12600_4bd_2025
[2318178] Skipping (exists): e_06900950_06_12600_4bd_2025
[2318178] Skipping (exists): e_06930950_06_12600_4bd_2025
[2318178] Skipping (exists): e_06960950_06_12600_4bd_2025
[2318178] Skipping (exists): e_06420952_06_12600_4bd_2025
[2318178] Skipping (exists): e_06450952_06_12600_4bd_2025
[2318178] Skipping (exists): e_06480952_06_12600_4bd_2025
[2318178] Skipping (exists): e_06510952_06_12600_4bd_2025
[2318178] Skipping (exists): e_06660952_06_12600_4bd_2025
[2318178] Skipping (exists): e_06690952_06_12600_4bd_2025
[2318178] Skipping (exists): e_06720952_06_12600_4bd_2025
[2318178] Skipping (exists): e_06750952_06_12600_4bd_2025
[2318178] Skipping (exists): e_06780952_06_12600_4bd_2025
[2318178] Skipping (exists): e_06810952_06_12600_4bd_2025
[2318178] Skipping (exists): e_06840952_06_12600_4bd_2025
[2318178] Skipping (exists): e_06870952_06_12600_4bd_2025
[2318178] Skipping (exists): e_06900952_06_12600_4bd_2025
[2318178] Skipping (exists): e_06930952_06_12600_4bd_2025
[2318178] Skipping (exists): e_06960952_06_12600_4bd_2025
[2318178] Skipping (exists): e_06420954_06_12600_4bd_2025
[2318178] Skipping (exists): e_06450954_06_12600_4bd_2025
[2318178] Skipping (exists): e_06480954_06_12600_4bd_2025
[2318178] Skipping (exists): e_06690954_06_12600_4bd_2025
[2318178] Skipping (exists): e_06720954_06_12600_4bd_2025
[2318178] Skipping (exists): e_06750954_06_12600_4bd_2025
[2318178] Skipping (exists): e_06780954_06_12600_4bd_2025
[2318178] Skipping (exists): e_06810954_06_12600_4bd_2025
[2318178] Skipping (exists): e_06840954_06_12600_4bd_2025
[2318178] Skipping (exists): e_06870954_06_12600_4bd_2025
[2318178] Skipping (exists): e_06900954_06_12600_4bd_2025
[2318178] Skipping (exists): e_06930954_06_12600_4bd_2025
[2318178] Skipping (exists): e_06420956_06_12600_4bd_2025
[2318178] Skipping (exists): e_06450956_06_12600_4bd_2025
[2318178] Skipping (exists): e_06480956_06_12600_4bd_2025
[2318178] Skipping (exists): e_06690956_06_12600_4bd_2025
[2318178] Skipping (exists): e_06720956_06_12600_4bd_2025
[2318178] Skipping (exists): e_06750956_06_12600_4bd_2025
[2318178] Skipping (exists): e_06780956_06_12600_4bd_2025
[2318178] Skipping (exists): e_06810956_06_12600_4bd_2025
[2318178] Skipping (exists): e_06870956_06_12600_4bd_2025
[2318178] Skipping (exists): e_06900956_06_12600_4bd_2025
[2318178] Skipping (exists): e_06390958_06_12600_4bd_2025
[2318178] Skipping (exists): e_06420958_06_12600_4bd_2025
[2318178] Skipping (exists): e_06450958_06_12600_4bd_2025
[2318178] Skipping (exists): e_06480958_06_12600_4bd_2025
[2318178] Skipping (exists): e_06720958_06_12600_4bd_2025
[2318178] Skipping (exists): e_06750958_06_12600_4bd_2025
[2318178] Skipping (exists): e_06390960_06_12600_4bd_2025
[2318178] Skipping (exists): e_06420960_06_12600_4bd_2025
[2318178] Skipping (exists): e_06450960_06_12600_4bd_2025
[2318178] Skipping (exists): e_06720960_06_12600_4bd_2025
[2318178] Skipping (exists): e_06750960_06_12600_4bd_2025
[2318178] Skipping (exists): e_06420962_06_12600_4bd_2025
[2318178] Skipping (exists): e_06450962_06_12600_4bd_2025
[2318178] Skipping (exists): e_06750962_06_12600_4bd_2025
[2318178] Skipping (exists): e_06450964_06_12600_4bd_2025

=== Done. 1341/1341 tiles processed. Imagery written to: Data/Ortho/Tiles ===
          used (Mb) gc trigger  (Mb) max used  (Mb)
Ncells 1610609 86.1    2855804 152.6  2855804 152.6
Vcells 2357998 18.0   12126903  92.6 11601191  88.6
