srun: Job 785071 step creation temporarily disabled, retrying (Requested nodes are busy)
srun: Job 785071 step creation still disabled, retrying (Requested nodes are busy)
srun: Job 785071 step creation still disabled, retrying (Requested nodes are busy)
srun: Job 785071 step creation still disabled, retrying (Requested nodes are busy)
srun: Job 785071 step creation still disabled, retrying (Requested nodes are busy)
srun: Step created for job 785071
these are the arguments: 
- Path to cluster gpkg:Data/NY_HUCS/NY_Cluster_Zones_250_CROP_NAomit_6347.gpkg
- Cluster:51
- Imagery year:2024
- Ortho tile index gpkg:Data/Ortho/ortho_tiles.gpkg
- HUC DEM directory:Data/TerrainProcessed/HUC_DEMs
- Output path:Data/Ortho/HUC_Ortho/
- Target HUC12 (blank = all in cluster):

terra 1.9.27
WARNING: different compile-time and run-time versions of GEOS
Compiled with:3.11.0-CAPI-1.17.0
 Running with:3.13.1-CAPI-1.19.2

You should reinstall package 'terra'

Linking to GEOS 3.13.1, GDAL 3.5.1, PROJ 8.2.0; sf_use_s2() is TRUE
WARNING: different compile-time and runtime versions for GEOS found:
Linked against: 3.13.1-CAPI-1.19.2 compiled against: 3.11.0-CAPI-1.17.0
It is probably a good idea to reinstall sf (and maybe lwgeom too)
[1] "/ibstorage/anthony/NYS_Wetlands_GHG/tmp//RtmpWGuLny"
Ortho tile years available in index: 2020, 2021, 2022, 2023, 2024, 2025
Ortho tiles overlapping cluster 51: 1583
terra 1.9.27
WARNING: different compile-time and run-time versions of GEOS
Compiled with:3.11.0-CAPI-1.17.0
 Running with:3.13.1-CAPI-1.19.2

You should reinstall package 'terra'

Linking to GEOS 3.13.1, GDAL 3.5.1, PROJ 8.2.0; sf_use_s2() is TRUE
WARNING: different compile-time and runtime versions for GEOS found:
Linked against: 3.13.1-CAPI-1.19.2 compiled against: 3.11.0-CAPI-1.17.0
It is probably a good idea to reinstall sf (and maybe lwgeom too)
Ortho already processed for: Data/Ortho/HUC_Ortho/cluster_51_huc_042900060102_ortho_2024.tif
Ortho already processed for: Data/Ortho/HUC_Ortho/cluster_51_huc_042900070103_ortho_2024.tif
Ortho already processed for: Data/Ortho/HUC_Ortho/cluster_51_huc_042900070102_ortho_2024.tif
Ortho already processed for: Data/Ortho/HUC_Ortho/cluster_51_huc_042900070101_ortho_2024.tif
Ortho already processed for: Data/Ortho/HUC_Ortho/cluster_51_huc_043001060302_ortho_2024.tif
Ortho already processed for: Data/Ortho/HUC_Ortho/cluster_51_huc_043001060303_ortho_2024.tif
Ortho already processed for: Data/Ortho/HUC_Ortho/cluster_51_huc_042900060101_ortho_2024.tif
Ortho already processed for: Data/Ortho/HUC_Ortho/cluster_51_huc_042900060301_ortho_2024.tif
Ortho already processed for: Data/Ortho/HUC_Ortho/cluster_51_huc_043001060301_ortho_2024.tif
[[1]]
NULL

[[2]]
NULL

[[3]]
NULL

[[4]]
NULL

[[5]]
NULL

[[6]]
NULL

[[7]]
NULL

[[8]]
NULL

[[9]]
NULL

          used  (Mb) gc trigger  (Mb) max used  (Mb)
Ncells 2132707 113.9    3861007 206.3  2958655 158.1
Vcells 3951231  30.2   16652211 127.1 14042887 107.2
