srun: Job 785069 step creation temporarily disabled, retrying (Requested nodes are busy)
srun: Job 785069 step creation still disabled, retrying (Requested nodes are busy)
srun: Job 785069 step creation still disabled, retrying (Requested nodes are busy)
srun: Job 785069 step creation still disabled, retrying (Requested nodes are busy)
srun: Job 785069 step creation still disabled, retrying (Requested nodes are busy)
srun: Step created for job 785069
Using libcurl 7.76.1 with OpenSSL/3.2.2
Linking to GEOS 3.13.1, GDAL 3.5.1, PROJ 8.2.0; sf_use_s2() is TRUE
WARNING: different compile-time and runtime versions for GEOS found:
Linked against: 3.13.1-CAPI-1.19.2 compiled against: 3.11.0-CAPI-1.17.0
It is probably a good idea to reinstall sf (and maybe lwgeom too)

Attaching package: ‘dplyr’

The following objects are masked from ‘package:stats’:

    filter, lag

The following objects are masked from ‘package:base’:

    intersect, setdiff, setequal, union

terra 1.9.27
WARNING: different compile-time and run-time versions of GEOS
Compiled with:3.11.0-CAPI-1.17.0
 Running with:3.13.1-CAPI-1.19.2

You should reinstall package 'terra'

=== NYS Orthoimagery Download Pipeline ===
  GPKG:     Data/NY_HUCS/NY_Cluster_Zones_250_CROP_NAomit_6347.gpkg
  Cluster:  60
  Year:     2024
  Bands:    4bd
  Output:   Data/Ortho/Tiles
  Workers:  1
  HUC12s in cluster: 9

Querying ortho tile indexes...
  Index years available for '4bd': 2008, 2009, 2010, 2011, 2012, 2013, 2014, 2015, 2016, 2017, 2018, 2020, 2021, 2022, 2023, 2024, 2025
  Querying year 2024 ...
  Matching index layers: ind24l_half_ft_4bd_nyc, ind24w_half_ft_4bd, ind24w_one_ft_4bd, ind24e_one_ft_4bd, ind24e_half_ft_4bd
  NOTE: source tiles span multiple native resolutions (half_ft, one_ft); all will be resampled to 1 m.
    layer 8: 1417 bbox hits
  Year 2024: 673 tiles selected
  Querying year 2025 ...
  Matching index layers: ind25e_one_ft_4bd, ind25e_half_ft_4bd, ind25c_half_ft_4bd, ind25c_one_ft_4bd
  NOTE: source tiles span multiple native resolutions (one_ft, half_ft); all will be resampled to 1 m.
  Querying year 2023 ...
  Matching index layers: ind23e_half_ft_4bd, ind23w_one_ft_4bd, ind23c_one_ft_4bd, ind23l_half_ft_4bd, ind23w_half_ft_4bd
  NOTE: source tiles span multiple native resolutions (half_ft, one_ft); all will be resampled to 1 m.
    layer 11: 1138 bbox hits
  Year 2023: 636 tiles selected
  Querying year 2022 ...
  Matching index layers: ind22c_one_ft_4bd, ind22e_half_ft_4bd, ind22e_one_ft_4bd, ind22c_half_ft_4bd, ind22l_half_ft_4bd_nyc
  NOTE: source tiles span multiple native resolutions (one_ft, half_ft); all will be resampled to 1 m.
    layer 16: 304 bbox hits
  Year 2022: 107 tiles selected
  Years selected: 2024, 2023, 2022
Unique full-size tiles to process: 1416
[2327556] Skipping (exists): e_03361900_06_12400_4bd_2024
[2327556] Skipping (exists): e_03391900_06_12400_4bd_2024
[2327556] Skipping (exists): e_03421900_06_12400_4bd_2024
[2327556] Skipping (exists): e_03451900_06_12400_4bd_2024
[2327556] Skipping (exists): e_03481900_06_12400_4bd_2024
[2327556] Skipping (exists): e_03511900_06_12400_4bd_2024
[2327556] Skipping (exists): e_03541900_06_12400_4bd_2024
[2327556] Skipping (exists): e_03361902_06_12400_4bd_2024
[2327556] Skipping (exists): e_03391902_06_12400_4bd_2024
[2327556] Skipping (exists): e_03421902_06_12400_4bd_2024
[2327556] Skipping (exists): e_03451902_06_12400_4bd_2024
[2327556] Skipping (exists): e_03481902_06_12400_4bd_2024
[2327556] Skipping (exists): e_03511902_06_12400_4bd_2024
[2327556] Skipping (exists): e_03541902_06_12400_4bd_2024
[2327556] Skipping (exists): e_03301904_06_12400_4bd_2024
[2327556] Skipping (exists): e_03331904_06_12400_4bd_2024
[2327556] Skipping (exists): e_03361904_06_12400_4bd_2024
[2327556] Skipping (exists): e_03391904_06_12400_4bd_2024
[2327556] Skipping (exists): e_03421904_06_12400_4bd_2024
[2327556] Skipping (exists): e_03451904_06_12400_4bd_2024
[2327556] Skipping (exists): e_03481904_06_12400_4bd_2024
[2327556] Skipping (exists): e_03511904_06_12400_4bd_2024
[2327556] Skipping (exists): e_03541904_06_12400_4bd_2024
[2327556] Skipping (exists): e_03301906_06_12400_4bd_2024
[2327556] Skipping (exists): e_03331906_06_12400_4bd_2024
[2327556] Skipping (exists): e_03361906_06_12400_4bd_2024
[2327556] Skipping (exists): e_03391906_06_12400_4bd_2024
[2327556] Skipping (exists): e_03421906_06_12400_4bd_2024
[2327556] Skipping (exists): e_03451906_06_12400_4bd_2024
[2327556] Skipping (exists): e_03481906_06_12400_4bd_2024
[2327556] Skipping (exists): e_03511906_06_12400_4bd_2024
[2327556] Skipping (exists): e_03541906_06_12400_4bd_2024
[2327556] Skipping (exists): e_03241908_06_12400_4bd_2024
[2327556] Skipping (exists): e_03271908_06_12400_4bd_2024
[2327556] Skipping (exists): e_03301908_06_12400_4bd_2024
[2327556] Skipping (exists): e_03331908_06_12400_4bd_2024
[2327556] Skipping (exists): e_03361908_06_12400_4bd_2024
[2327556] Skipping (exists): e_03391908_06_12400_4bd_2024
[2327556] Skipping (exists): e_03421908_06_12400_4bd_2024
[2327556] Skipping (exists): e_03451908_06_12400_4bd_2024
[2327556] Skipping (exists): e_03481908_06_12400_4bd_2024
[2327556] Skipping (exists): e_03241910_06_12400_4bd_2024
[2327556] Skipping (exists): e_03271910_06_12400_4bd_2024
[2327556] Skipping (exists): e_03301910_06_12400_4bd_2024
[2327556] Skipping (exists): e_03331910_06_12400_4bd_2024
[2327556] Skipping (exists): e_03361910_06_12400_4bd_2024
[2327556] Skipping (exists): e_03391910_06_12400_4bd_2024
[2327556] Skipping (exists): e_03421910_06_12400_4bd_2024
[2327556] Skipping (exists): e_03451910_06_12400_4bd_2024
[2327556] Skipping (exists): e_03481910_06_12400_4bd_2024
[2327556] Skipping (exists): e_03181912_06_12400_4bd_2024
[2327556] Skipping (exists): e_03211912_06_12400_4bd_2024
[2327556] Skipping (exists): e_03241912_06_12400_4bd_2024
[2327556] Skipping (exists): e_03271912_06_12400_4bd_2024
[2327556] Skipping (exists): e_03301912_06_12400_4bd_2024
[2327556] Skipping (exists): e_03331912_06_12400_4bd_2024
[2327556] Skipping (exists): e_03361912_06_12400_4bd_2024
[2327556] Skipping (exists): e_03391912_06_12400_4bd_2024
[2327556] Skipping (exists): e_03421912_06_12400_4bd_2024
[2327556] Skipping (exists): e_03451912_06_12400_4bd_2024
[2327556] Skipping (exists): e_03181914_06_12400_4bd_2024
[2327556] Skipping (exists): e_03211914_06_12400_4bd_2024
[2327556] Skipping (exists): e_03241914_06_12400_4bd_2024
[2327556] Skipping (exists): e_03271914_06_12400_4bd_2024
[2327556] Skipping (exists): e_03301914_06_12400_4bd_2024
[2327556] Skipping (exists): e_03331914_06_12400_4bd_2024
[2327556] Skipping (exists): e_03361914_06_12400_4bd_2024
[2327556] Skipping (exists): e_03391914_06_12400_4bd_2024
[2327556] Skipping (exists): e_03421914_06_12400_4bd_2024
[2327556] Skipping (exists): e_03121916_06_12400_4bd_2024
[2327556] Skipping (exists): e_03151916_06_12400_4bd_2024
[2327556] Skipping (exists): e_03181916_06_12400_4bd_2024
[2327556] Skipping (exists): e_03211916_06_12400_4bd_2024
[2327556] Skipping (exists): e_03241916_06_12400_4bd_2024
[2327556] Skipping (exists): e_03271916_06_12400_4bd_2024
[2327556] Skipping (exists): e_03301916_06_12400_4bd_2024
[2327556] Skipping (exists): e_03331916_06_12400_4bd_2024
[2327556] Skipping (exists): e_03361916_06_12400_4bd_2024
[2327556] Skipping (exists): e_03391916_06_12400_4bd_2024
[2327556] Skipping (exists): e_03121918_06_12400_4bd_2024
[2327556] Skipping (exists): e_03151918_06_12400_4bd_2024
[2327556] Skipping (exists): e_03181918_06_12400_4bd_2024
[2327556] Skipping (exists): e_03211918_06_12400_4bd_2024
[2327556] Skipping (exists): e_03241918_06_12400_4bd_2024
[2327556] Skipping (exists): e_03271918_06_12400_4bd_2024
[2327556] Skipping (exists): e_03301918_06_12400_4bd_2024
[2327556] Skipping (exists): e_03331918_06_12400_4bd_2024
[2327556] Skipping (exists): e_03361918_06_12400_4bd_2024
[2327556] Skipping (exists): e_03391918_06_12400_4bd_2024
[2327556] Skipping (exists): e_03061920_06_12400_4bd_2024
[2327556] Skipping (exists): e_03091920_06_12400_4bd_2024
[2327556] Skipping (exists): e_03121920_06_12400_4bd_2024
[2327556] Skipping (exists): e_03151920_06_12400_4bd_2024
[2327556] Skipping (exists): e_03181920_06_12400_4bd_2024
[2327556] Skipping (exists): e_03211920_06_12400_4bd_2024
[2327556] Skipping (exists): e_03241920_06_12400_4bd_2024
[2327556] Skipping (exists): e_03271920_06_12400_4bd_2024
[2327556] Skipping (exists): e_03301920_06_12400_4bd_2024
[2327556] Skipping (exists): e_03331920_06_12400_4bd_2024
[2327556] Skipping (exists): e_03361920_06_12400_4bd_2024
[2327556] Skipping (exists): e_03061922_06_12400_4bd_2024
[2327556] Skipping (exists): e_03091922_06_12400_4bd_2024
[2327556] Skipping (exists): e_03121922_06_12400_4bd_2024
[2327556] Skipping (exists): e_03151922_06_12400_4bd_2024
[2327556] Skipping (exists): e_03181922_06_12400_4bd_2024
[2327556] Skipping (exists): e_03211922_06_12400_4bd_2024
[2327556] Skipping (exists): e_03241922_06_12400_4bd_2024
[2327556] Skipping (exists): e_03301922_06_12400_4bd_2024
[2327556] Skipping (exists): e_03001924_06_12400_4bd_2024
[2327556] Skipping (exists): e_03031924_06_12400_4bd_2024
[2327556] Skipping (exists): e_03061924_06_12400_4bd_2024
[2327556] Skipping (exists): e_03091924_06_12400_4bd_2024
[2327556] Skipping (exists): e_03121924_06_12400_4bd_2024
[2327556] Skipping (exists): e_03151924_06_12400_4bd_2024
[2327556] Skipping (exists): e_03181924_06_12400_4bd_2024
[2327556] Skipping (exists): e_03211924_06_12400_4bd_2024
[2327556] Skipping (exists): e_03241924_06_12400_4bd_2024
[2327556] Skipping (exists): e_03001926_06_12400_4bd_2024
[2327556] Skipping (exists): e_03031926_06_12400_4bd_2024
[2327556] Skipping (exists): e_03061926_06_12400_4bd_2024
[2327556] Skipping (exists): e_03091926_06_12400_4bd_2024
[2327556] Skipping (exists): e_03121926_06_12400_4bd_2024
[2327556] Skipping (exists): e_03151926_06_12400_4bd_2024
[2327556] Skipping (exists): e_03181926_06_12400_4bd_2024
[2327556] Skipping (exists): e_03211926_06_12400_4bd_2024
[2327556] Skipping (exists): e_02881928_06_12400_4bd_2024
[2327556] Skipping (exists): e_02911928_06_12400_4bd_2024
[2327556] Skipping (exists): e_02941928_06_12400_4bd_2024
[2327556] Skipping (exists): e_02971928_06_12400_4bd_2024
[2327556] Skipping (exists): e_03001928_06_12400_4bd_2024
[2327556] Skipping (exists): e_03031928_06_12400_4bd_2024
[2327556] Skipping (exists): e_03061928_06_12400_4bd_2024
[2327556] Skipping (exists): e_03091928_06_12400_4bd_2024
[2327556] Skipping (exists): e_03121928_06_12400_4bd_2024
[2327556] Skipping (exists): e_03151928_06_12400_4bd_2024
[2327556] Skipping (exists): e_03181928_06_12400_4bd_2024
[2327556] Skipping (exists): e_03211928_06_12400_4bd_2024
[2327556] Skipping (exists): e_02881930_06_12400_4bd_2024
[2327556] Skipping (exists): e_02911930_06_12400_4bd_2024
[2327556] Skipping (exists): e_02941930_06_12400_4bd_2024
[2327556] Skipping (exists): e_02971930_06_12400_4bd_2024
[2327556] Skipping (exists): e_03001930_06_12400_4bd_2024
[2327556] Skipping (exists): e_03031930_06_12400_4bd_2024
[2327556] Skipping (exists): e_03061930_06_12400_4bd_2024
[2327556] Skipping (exists): e_03091930_06_12400_4bd_2024
[2327556] Skipping (exists): e_03121930_06_12400_4bd_2024
[2327556] Skipping (exists): e_03151930_06_12400_4bd_2024
[2327556] Skipping (exists): e_03181930_06_12400_4bd_2024
[2327556] Skipping (exists): e_03211930_06_12400_4bd_2024
[2327556] Skipping (exists): e_03241930_06_12400_4bd_2024
[2327556] Skipping (exists): e_02821932_06_12400_4bd_2024
[2327556] Skipping (exists): e_02851932_06_12400_4bd_2024
[2327556] Skipping (exists): e_02881932_06_12400_4bd_2024
[2327556] Skipping (exists): e_02911932_06_12400_4bd_2024
[2327556] Skipping (exists): e_02941932_06_12400_4bd_2024
[2327556] Skipping (exists): e_02971932_06_12400_4bd_2024
[2327556] Skipping (exists): e_03001932_06_12400_4bd_2024
[2327556] Skipping (exists): e_03031932_06_12400_4bd_2024
[2327556] Skipping (exists): e_03061932_06_12400_4bd_2024
[2327556] Skipping (exists): e_03091932_06_12400_4bd_2024
[2327556] Skipping (exists): e_03121932_06_12400_4bd_2024
[2327556] Skipping (exists): e_03151932_06_12400_4bd_2024
[2327556] Skipping (exists): e_03181932_06_12400_4bd_2024
[2327556] Skipping (exists): e_03211932_06_12400_4bd_2024
[2327556] Skipping (exists): e_03241932_06_12400_4bd_2024
[2327556] Skipping (exists): e_02821934_06_12400_4bd_2024
[2327556] Skipping (exists): e_02851934_06_12400_4bd_2024
[2327556] Skipping (exists): e_02881934_06_12400_4bd_2024
[2327556] Skipping (exists): e_02911934_06_12400_4bd_2024
[2327556] Skipping (exists): e_02941934_06_12400_4bd_2024
[2327556] Skipping (exists): e_02971934_06_12400_4bd_2024
[2327556] Skipping (exists): e_03001934_06_12400_4bd_2024
[2327556] Skipping (exists): e_03031934_06_12400_4bd_2024
[2327556] Skipping (exists): e_03061934_06_12400_4bd_2024
[2327556] Skipping (exists): e_03091934_06_12400_4bd_2024
[2327556] Skipping (exists): e_03121934_06_12400_4bd_2024
[2327556] Skipping (exists): e_03151934_06_12400_4bd_2024
[2327556] Skipping (exists): e_03181934_06_12400_4bd_2024
[2327556] Skipping (exists): e_03211934_06_12400_4bd_2024
[2327556] Skipping (exists): e_03241934_06_12400_4bd_2024
[2327556] Skipping (exists): e_02731936_06_12400_4bd_2024
[2327556] Skipping (exists): e_02761936_06_12400_4bd_2024
[2327556] Skipping (exists): e_02791936_06_12400_4bd_2024
[2327556] Skipping (exists): e_02821936_06_12400_4bd_2024
[2327556] Skipping (exists): e_02851936_06_12400_4bd_2024
[2327556] Skipping (exists): e_02881936_06_12400_4bd_2024
[2327556] Skipping (exists): e_02911936_06_12400_4bd_2024
[2327556] Skipping (exists): e_02941936_06_12400_4bd_2024
[2327556] Skipping (exists): e_02971936_06_12400_4bd_2024
[2327556] Skipping (exists): e_03001936_06_12400_4bd_2024
[2327556] Skipping (exists): e_03031936_06_12400_4bd_2024
[2327556] Skipping (exists): e_03061936_06_12400_4bd_2024
[2327556] Skipping (exists): e_03091936_06_12400_4bd_2024
[2327556] Skipping (exists): e_03121936_06_12400_4bd_2024
[2327556] Skipping (exists): e_03151936_06_12400_4bd_2024
[2327556] Skipping (exists): e_03181936_06_12400_4bd_2024
[2327556] Skipping (exists): e_03211936_06_12400_4bd_2024
[2327556] Skipping (exists): e_03241936_06_12400_4bd_2024
[2327556] Skipping (exists): e_03271936_06_12400_4bd_2024
[2327556] Skipping (exists): e_02731938_06_12400_4bd_2024
[2327556] Skipping (exists): e_02761938_06_12400_4bd_2024
[2327556] Skipping (exists): e_02791938_06_12400_4bd_2024
[2327556] Skipping (exists): e_02821938_06_12400_4bd_2024
[2327556] Skipping (exists): e_02851938_06_12400_4bd_2024
[2327556] Skipping (exists): e_02881938_06_12400_4bd_2024
[2327556] Skipping (exists): e_02911938_06_12400_4bd_2024
[2327556] Skipping (exists): e_02941938_06_12400_4bd_2024
[2327556] Skipping (exists): e_02971938_06_12400_4bd_2024
[2327556] Skipping (exists): e_03001938_06_12400_4bd_2024
[2327556] Skipping (exists): e_03031938_06_12400_4bd_2024
[2327556] Skipping (exists): e_03061938_06_12400_4bd_2024
[2327556] Skipping (exists): e_03091938_06_12400_4bd_2024
[2327556] Skipping (exists): e_03121938_06_12400_4bd_2024
[2327556] Skipping (exists): e_03151938_06_12400_4bd_2024
[2327556] Skipping (exists): e_03181938_06_12400_4bd_2024
[2327556] Skipping (exists): e_03211938_06_12400_4bd_2024
[2327556] Skipping (exists): e_03241938_06_12400_4bd_2024
[2327556] Skipping (exists): e_03271938_06_12400_4bd_2024
[2327556] Skipping (exists): e_02701940_06_12400_4bd_2024
[2327556] Skipping (exists): e_02731940_06_12400_4bd_2024
[2327556] Skipping (exists): e_02761940_06_12400_4bd_2024
[2327556] Skipping (exists): e_02791940_06_12400_4bd_2024
[2327556] Skipping (exists): e_02821940_06_12400_4bd_2024
[2327556] Skipping (exists): e_02851940_06_12400_4bd_2024
[2327556] Skipping (exists): e_02881940_06_12400_4bd_2024
[2327556] Skipping (exists): e_02911940_06_12400_4bd_2024
[2327556] Skipping (exists): e_02941940_06_12400_4bd_2024
[2327556] Skipping (exists): e_02971940_06_12400_4bd_2024
[2327556] Skipping (exists): e_03001940_06_12400_4bd_2024
[2327556] Skipping (exists): e_03031940_06_12400_4bd_2024
[2327556] Skipping (exists): e_03061940_06_12400_4bd_2024
[2327556] Skipping (exists): e_03091940_06_12400_4bd_2024
[2327556] Skipping (exists): e_03121940_06_12400_4bd_2024
[2327556] Skipping (exists): e_03151940_06_12400_4bd_2024
[2327556] Skipping (exists): e_03181940_06_12400_4bd_2024
[2327556] Skipping (exists): e_03211940_06_12400_4bd_2024
[2327556] Skipping (exists): e_03241940_06_12400_4bd_2024
[2327556] Skipping (exists): e_03271940_06_12400_4bd_2024
[2327556] Skipping (exists): e_02701942_06_12400_4bd_2024
[2327556] Skipping (exists): e_02731942_06_12400_4bd_2024
[2327556] Skipping (exists): e_02761942_06_12400_4bd_2024
[2327556] Skipping (exists): e_02791942_06_12400_4bd_2024
[2327556] Skipping (exists): e_02821942_06_12400_4bd_2024
[2327556] Skipping (exists): e_02851942_06_12400_4bd_2024
[2327556] Skipping (exists): e_02881942_06_12400_4bd_2024
[2327556] Skipping (exists): e_02911942_06_12400_4bd_2024
[2327556] Skipping (exists): e_02941942_06_12400_4bd_2024
[2327556] Skipping (exists): e_02971942_06_12400_4bd_2024
[2327556] Skipping (exists): e_03001942_06_12400_4bd_2024
[2327556] Skipping (exists): e_03031942_06_12400_4bd_2024
[2327556] Skipping (exists): e_03061942_06_12400_4bd_2024
[2327556] Skipping (exists): e_03091942_06_12400_4bd_2024
[2327556] Skipping (exists): e_03121942_06_12400_4bd_2024
[2327556] Skipping (exists): e_03151942_06_12400_4bd_2024
[2327556] Skipping (exists): e_03181942_06_12400_4bd_2024
[2327556] Skipping (exists): e_03211942_06_12400_4bd_2024
[2327556] Skipping (exists): e_03241942_06_12400_4bd_2024
[2327556] Skipping (exists): e_03271942_06_12400_4bd_2024
[2327556] Skipping (exists): e_02641944_06_12400_4bd_2024
[2327556] Skipping (exists): e_02671944_06_12400_4bd_2024
[2327556] Skipping (exists): e_02701944_06_12400_4bd_2024
[2327556] Skipping (exists): e_02731944_06_12400_4bd_2024
[2327556] Skipping (exists): e_02761944_06_12400_4bd_2024
[2327556] Skipping (exists): e_02791944_06_12400_4bd_2024
[2327556] Skipping (exists): e_02821944_06_12400_4bd_2024
[2327556] Skipping (exists): e_02851944_06_12400_4bd_2024
[2327556] Skipping (exists): e_02881944_06_12400_4bd_2024
[2327556] Skipping (exists): e_02911944_06_12400_4bd_2024
[2327556] Skipping (exists): e_02941944_06_12400_4bd_2024
[2327556] Skipping (exists): e_02971944_06_12400_4bd_2024
[2327556] Skipping (exists): e_03001944_06_12400_4bd_2024
[2327556] Skipping (exists): e_03031944_06_12400_4bd_2024
[2327556] Skipping (exists): e_03061944_06_12400_4bd_2024
[2327556] Skipping (exists): e_03091944_06_12400_4bd_2024
[2327556] Skipping (exists): e_03121944_06_12400_4bd_2024
[2327556] Skipping (exists): e_03151944_06_12400_4bd_2024
[2327556] Skipping (exists): e_03181944_06_12400_4bd_2024
[2327556] Skipping (exists): e_03211944_06_12400_4bd_2024
[2327556] Skipping (exists): e_03241944_06_12400_4bd_2024
[2327556] Skipping (exists): e_03271944_06_12400_4bd_2024
[2327556] Skipping (exists): e_02641946_06_12400_4bd_2024
[2327556] Skipping (exists): e_02671946_06_12400_4bd_2024
[2327556] Skipping (exists): e_02701946_06_12400_4bd_2024
[2327556] Skipping (exists): e_02731946_06_12400_4bd_2024
[2327556] Skipping (exists): e_02761946_06_12400_4bd_2024
[2327556] Skipping (exists): e_02791946_06_12400_4bd_2024
[2327556] Skipping (exists): e_02821946_06_12400_4bd_2024
[2327556] Skipping (exists): e_02851946_06_12400_4bd_2024
[2327556] Skipping (exists): e_02881946_06_12400_4bd_2024
[2327556] Skipping (exists): e_02911946_06_12400_4bd_2024
[2327556] Skipping (exists): e_02941946_06_12400_4bd_2024
[2327556] Skipping (exists): e_02971946_06_12400_4bd_2024
[2327556] Skipping (exists): e_03001946_06_12400_4bd_2024
[2327556] Skipping (exists): e_03031946_06_12400_4bd_2024
[2327556] Skipping (exists): e_03061946_06_12400_4bd_2024
[2327556] Skipping (exists): e_03091946_06_12400_4bd_2024
[2327556] Skipping (exists): e_03121946_06_12400_4bd_2024
[2327556] Skipping (exists): e_03151946_06_12400_4bd_2024
[2327556] Skipping (exists): e_03181946_06_12400_4bd_2024
[2327556] Skipping (exists): e_03211946_06_12400_4bd_2024
[2327556] Skipping (exists): e_03241946_06_12400_4bd_2024
[2327556] Skipping (exists): e_03271946_06_12400_4bd_2024
[2327556] Skipping (exists): e_02581948_06_12400_4bd_2024
[2327556] Skipping (exists): e_02611948_06_12400_4bd_2024
[2327556] Skipping (exists): e_02641948_06_12400_4bd_2024
[2327556] Skipping (exists): e_02671948_06_12400_4bd_2024
[2327556] Skipping (exists): e_02701948_06_12400_4bd_2024
[2327556] Skipping (exists): e_02731948_06_12400_4bd_2024
[2327556] Skipping (exists): e_02761948_06_12400_4bd_2024
[2327556] Skipping (exists): e_02791948_06_12400_4bd_2024
[2327556] Skipping (exists): e_02821948_06_12400_4bd_2024
[2327556] Skipping (exists): e_02851948_06_12400_4bd_2024
[2327556] Skipping (exists): e_02881948_06_12400_4bd_2024
[2327556] Skipping (exists): e_02911948_06_12400_4bd_2024
[2327556] Skipping (exists): e_02941948_06_12400_4bd_2024
[2327556] Skipping (exists): e_02971948_06_12400_4bd_2024
[2327556] Skipping (exists): e_03001948_06_12400_4bd_2024
[2327556] Skipping (exists): e_03031948_06_12400_4bd_2024
[2327556] Skipping (exists): e_03061948_06_12400_4bd_2024
[2327556] Skipping (exists): e_03091948_06_12400_4bd_2024
[2327556] Skipping (exists): e_03121948_06_12400_4bd_2024
[2327556] Skipping (exists): e_03151948_06_12400_4bd_2024
[2327556] Skipping (exists): e_03181948_06_12400_4bd_2024
[2327556] Skipping (exists): e_03211948_06_12400_4bd_2024
[2327556] Skipping (exists): e_03241948_06_12400_4bd_2024
[2327556] Skipping (exists): e_03271948_06_12400_4bd_2024
[2327556] Skipping (exists): e_02581950_06_12400_4bd_2024
[2327556] Skipping (exists): e_02611950_06_12400_4bd_2024
[2327556] Skipping (exists): e_02641950_06_12400_4bd_2024
[2327556] Skipping (exists): e_02671950_06_12400_4bd_2024
[2327556] Skipping (exists): e_02701950_06_12400_4bd_2024
[2327556] Skipping (exists): e_02731950_06_12400_4bd_2024
[2327556] Skipping (exists): e_02761950_06_12400_4bd_2024
[2327556] Skipping (exists): e_02791950_06_12400_4bd_2024
[2327556] Skipping (exists): e_02821950_06_12400_4bd_2024
[2327556] Skipping (exists): e_02851950_06_12400_4bd_2024
[2327556] Skipping (exists): e_02881950_06_12400_4bd_2024
[2327556] Skipping (exists): e_02911950_06_12400_4bd_2024
[2327556] Skipping (exists): e_02941950_06_12400_4bd_2024
[2327556] Skipping (exists): e_02971950_06_12400_4bd_2024
[2327556] Skipping (exists): e_03001950_06_12400_4bd_2024
[2327556] Skipping (exists): e_03031950_06_12400_4bd_2024
[2327556] Skipping (exists): e_03061950_06_12400_4bd_2024
[2327556] Skipping (exists): e_03091950_06_12400_4bd_2024
[2327556] Skipping (exists): e_03121950_06_12400_4bd_2024
[2327556] Skipping (exists): e_03151950_06_12400_4bd_2024
[2327556] Skipping (exists): e_03181950_06_12400_4bd_2024
[2327556] Skipping (exists): e_03211950_06_12400_4bd_2024
[2327556] Skipping (exists): e_03241950_06_12400_4bd_2024
[2327556] Skipping (exists): e_03271950_06_12400_4bd_2024
[2327556] Skipping (exists): e_03301950_06_12400_4bd_2024
[2327556] Skipping (exists): e_02551952_06_12400_4bd_2024
[2327556] Skipping (exists): e_02581952_06_12400_4bd_2024
[2327556] Skipping (exists): e_02611952_06_12400_4bd_2024
[2327556] Skipping (exists): e_02641952_06_12400_4bd_2024
[2327556] Skipping (exists): e_02671952_06_12400_4bd_2024
[2327556] Skipping (exists): e_02701952_06_12400_4bd_2024
[2327556] Skipping (exists): e_02731952_06_12400_4bd_2024
[2327556] Skipping (exists): e_02761952_06_12400_4bd_2024
[2327556] Skipping (exists): e_02791952_06_12400_4bd_2024
[2327556] Skipping (exists): e_02821952_06_12400_4bd_2024
[2327556] Skipping (exists): e_02851952_06_12400_4bd_2024
[2327556] Skipping (exists): e_02881952_06_12400_4bd_2024
[2327556] Skipping (exists): e_02911952_06_12400_4bd_2024
[2327556] Skipping (exists): e_02941952_06_12400_4bd_2024
[2327556] Skipping (exists): e_02971952_06_12400_4bd_2024
[2327556] Skipping (exists): e_03001952_06_12400_4bd_2024
[2327556] Skipping (exists): e_03031952_06_12400_4bd_2024
[2327556] Skipping (exists): e_03061952_06_12400_4bd_2024
[2327556] Skipping (exists): e_03091952_06_12400_4bd_2024
[2327556] Skipping (exists): e_03121952_06_12400_4bd_2024
[2327556] Skipping (exists): e_03151952_06_12400_4bd_2024
[2327556] Skipping (exists): e_03181952_06_12400_4bd_2024
[2327556] Skipping (exists): e_03211952_06_12400_4bd_2024
[2327556] Skipping (exists): e_03241952_06_12400_4bd_2024
[2327556] Skipping (exists): e_03271952_06_12400_4bd_2024
[2327556] Skipping (exists): e_03301952_06_12400_4bd_2024
[2327556] Skipping (exists): e_03331952_06_12400_4bd_2024
[2327556] Skipping (exists): e_02581954_06_12400_4bd_2024
[2327556] Skipping (exists): e_02611954_06_12400_4bd_2024
[2327556] Skipping (exists): e_02641954_06_12400_4bd_2024
[2327556] Skipping (exists): e_02671954_06_12400_4bd_2024
[2327556] Skipping (exists): e_02701954_06_12400_4bd_2024
[2327556] Skipping (exists): e_02731954_06_12400_4bd_2024
[2327556] Skipping (exists): e_02761954_06_12400_4bd_2024
[2327556] Skipping (exists): e_02791954_06_12400_4bd_2024
[2327556] Skipping (exists): e_02821954_06_12400_4bd_2024
[2327556] Skipping (exists): e_02851954_06_12400_4bd_2024
[2327556] Skipping (exists): e_02881954_06_12400_4bd_2024
[2327556] Skipping (exists): e_02911954_06_12400_4bd_2024
[2327556] Skipping (exists): e_02941954_06_12400_4bd_2024
[2327556] Skipping (exists): e_02971954_06_12400_4bd_2024
[2327556] Skipping (exists): e_03001954_06_12400_4bd_2024
[2327556] Skipping (exists): e_03031954_06_12400_4bd_2024
[2327556] Skipping (exists): e_03061954_06_12400_4bd_2024
[2327556] Skipping (exists): e_03091954_06_12400_4bd_2024
[2327556] Skipping (exists): e_03121954_06_12400_4bd_2024
[2327556] Skipping (exists): e_03151954_06_12400_4bd_2024
[2327556] Skipping (exists): e_03181954_06_12400_4bd_2024
[2327556] Skipping (exists): e_03211954_06_12400_4bd_2024
[2327556] Skipping (exists): e_03241954_06_12400_4bd_2024
[2327556] Skipping (exists): e_03271954_06_12400_4bd_2024
[2327556] Skipping (exists): e_03301954_06_12400_4bd_2024
[2327556] Skipping (exists): e_03331954_06_12400_4bd_2024
[2327556] Skipping (exists): e_03361954_06_12400_4bd_2024
[2327556] Skipping (exists): e_02611956_06_12400_4bd_2024
[2327556] Skipping (exists): e_02641956_06_12400_4bd_2024
[2327556] Skipping (exists): e_02671956_06_12400_4bd_2024
[2327556] Skipping (exists): e_02701956_06_12400_4bd_2024
[2327556] Skipping (exists): e_02731956_06_12400_4bd_2024
[2327556] Skipping (exists): e_02761956_06_12400_4bd_2024
[2327556] Skipping (exists): e_02791956_06_12400_4bd_2024
[2327556] Skipping (exists): e_02821956_06_12400_4bd_2024
[2327556] Skipping (exists): e_02851956_06_12400_4bd_2024
[2327556] Skipping (exists): e_02881956_06_12400_4bd_2024
[2327556] Skipping (exists): e_02911956_06_12400_4bd_2024
[2327556] Skipping (exists): e_02941956_06_12400_4bd_2024
[2327556] Skipping (exists): e_02971956_06_12400_4bd_2024
[2327556] Skipping (exists): e_03001956_06_12400_4bd_2024
[2327556] Skipping (exists): e_03031956_06_12400_4bd_2024
[2327556] Skipping (exists): e_03061956_06_12400_4bd_2024
[2327556] Skipping (exists): e_03091956_06_12400_4bd_2024
[2327556] Skipping (exists): e_03121956_06_12400_4bd_2024
[2327556] Skipping (exists): e_03151956_06_12400_4bd_2024
[2327556] Skipping (exists): e_03181956_06_12400_4bd_2024
[2327556] Skipping (exists): e_03211956_06_12400_4bd_2024
[2327556] Skipping (exists): e_03241956_06_12400_4bd_2024
[2327556] Skipping (exists): e_03271956_06_12400_4bd_2024
[2327556] Skipping (exists): e_03301956_06_12400_4bd_2024
[2327556] Skipping (exists): e_03331956_06_12400_4bd_2024
[2327556] Skipping (exists): e_03361956_06_12400_4bd_2024
[2327556] Skipping (exists): e_02611958_06_12400_4bd_2024
[2327556] Skipping (exists): e_02641958_06_12400_4bd_2024
[2327556] Skipping (exists): e_02671958_06_12400_4bd_2024
[2327556] Skipping (exists): e_02701958_06_12400_4bd_2024
[2327556] Skipping (exists): e_02731958_06_12400_4bd_2024
[2327556] Skipping (exists): e_02761958_06_12400_4bd_2024
[2327556] Skipping (exists): e_02791958_06_12400_4bd_2024
[2327556] Skipping (exists): e_02821958_06_12400_4bd_2024
[2327556] Skipping (exists): e_02851958_06_12400_4bd_2024
[2327556] Skipping (exists): e_02881958_06_12400_4bd_2024
[2327556] Skipping (exists): e_02911958_06_12400_4bd_2024
[2327556] Skipping (exists): e_02941958_06_12400_4bd_2024
[2327556] Skipping (exists): e_02971958_06_12400_4bd_2024
[2327556] Skipping (exists): e_03001958_06_12400_4bd_2024
[2327556] Skipping (exists): e_03031958_06_12400_4bd_2024
[2327556] Skipping (exists): e_03061958_06_12400_4bd_2024
[2327556] Skipping (exists): e_03091958_06_12400_4bd_2024
[2327556] Skipping (exists): e_03121958_06_12400_4bd_2024
[2327556] Skipping (exists): e_03151958_06_12400_4bd_2024
[2327556] Skipping (exists): e_03181958_06_12400_4bd_2024
[2327556] Skipping (exists): e_03211958_06_12400_4bd_2024
[2327556] Skipping (exists): e_03241958_06_12400_4bd_2024
[2327556] Skipping (exists): e_03271958_06_12400_4bd_2024
[2327556] Skipping (exists): e_03301958_06_12400_4bd_2024
[2327556] Skipping (exists): e_03331958_06_12400_4bd_2024
[2327556] Skipping (exists): e_02611960_06_12400_4bd_2024
[2327556] Skipping (exists): e_02641960_06_12400_4bd_2024
[2327556] Skipping (exists): e_02671960_06_12400_4bd_2024
[2327556] Skipping (exists): e_02701960_06_12400_4bd_2024
[2327556] Skipping (exists): e_02731960_06_12400_4bd_2024
[2327556] Skipping (exists): e_02761960_06_12400_4bd_2024
[2327556] Skipping (exists): e_02791960_06_12400_4bd_2024
[2327556] Skipping (exists): e_02821960_06_12400_4bd_2024
[2327556] Skipping (exists): e_02851960_06_12400_4bd_2024
[2327556] Skipping (exists): e_02881960_06_12400_4bd_2024
[2327556] Skipping (exists): e_02911960_06_12400_4bd_2024
[2327556] Skipping (exists): e_02941960_06_12400_4bd_2024
[2327556] Skipping (exists): e_02971960_06_12400_4bd_2024
[2327556] Skipping (exists): e_03001960_06_12400_4bd_2024
[2327556] Skipping (exists): e_03031960_06_12400_4bd_2024
[2327556] Skipping (exists): e_03061960_06_12400_4bd_2024
[2327556] Skipping (exists): e_03091960_06_12400_4bd_2024
[2327556] Skipping (exists): e_03121960_06_12400_4bd_2024
[2327556] Skipping (exists): e_03151960_06_12400_4bd_2024
[2327556] Skipping (exists): e_03181960_06_12400_4bd_2024
[2327556] Skipping (exists): e_03211960_06_12400_4bd_2024
[2327556] Skipping (exists): e_03241960_06_12400_4bd_2024
[2327556] Skipping (exists): e_03271960_06_12400_4bd_2024
[2327556] Skipping (exists): e_03301960_06_12400_4bd_2024
[2327556] Skipping (exists): e_03331960_06_12400_4bd_2024
[2327556] Skipping (exists): e_02611962_06_12400_4bd_2024
[2327556] Skipping (exists): e_02641962_06_12400_4bd_2024
[2327556] Skipping (exists): e_02671962_06_12400_4bd_2024
[2327556] Skipping (exists): e_02701962_06_12400_4bd_2024
[2327556] Skipping (exists): e_02731962_06_12400_4bd_2024
[2327556] Skipping (exists): e_02761962_06_12400_4bd_2024
[2327556] Skipping (exists): e_02791962_06_12400_4bd_2024
[2327556] Skipping (exists): e_02821962_06_12400_4bd_2024
[2327556] Skipping (exists): e_02851962_06_12400_4bd_2024
[2327556] Skipping (exists): e_02881962_06_12400_4bd_2024
[2327556] Skipping (exists): e_02911962_06_12400_4bd_2024
[2327556] Skipping (exists): e_02941962_06_12400_4bd_2024
[2327556] Skipping (exists): e_02971962_06_12400_4bd_2024
[2327556] Skipping (exists): e_03001962_06_12400_4bd_2024
[2327556] Skipping (exists): e_03031962_06_12400_4bd_2024
[2327556] Skipping (exists): e_03061962_06_12400_4bd_2024
[2327556] Skipping (exists): e_03091962_06_12400_4bd_2024
[2327556] Skipping (exists): e_03121962_06_12400_4bd_2024
[2327556] Skipping (exists): e_03151962_06_12400_4bd_2024
[2327556] Skipping (exists): e_03181962_06_12400_4bd_2024
[2327556] Skipping (exists): e_03211962_06_12400_4bd_2024
[2327556] Skipping (exists): e_03241962_06_12400_4bd_2024
[2327556] Skipping (exists): e_03271962_06_12400_4bd_2024
[2327556] Skipping (exists): e_03301962_06_12400_4bd_2024
[2327556] Skipping (exists): e_03331962_06_12400_4bd_2024
[2327556] Skipping (exists): e_02641964_06_12400_4bd_2024
[2327556] Skipping (exists): e_02671964_06_12400_4bd_2024
[2327556] Skipping (exists): e_02701964_06_12400_4bd_2024
[2327556] Skipping (exists): e_02731964_06_12400_4bd_2024
[2327556] Skipping (exists): e_02761964_06_12400_4bd_2024
[2327556] Skipping (exists): e_02791964_06_12400_4bd_2024
[2327556] Skipping (exists): e_02821964_06_12400_4bd_2024
[2327556] Skipping (exists): e_02851964_06_12400_4bd_2024
[2327556] Skipping (exists): e_02881964_06_12400_4bd_2024
[2327556] Skipping (exists): e_02911964_06_12400_4bd_2024
[2327556] Skipping (exists): e_02941964_06_12400_4bd_2024
[2327556] Skipping (exists): e_02971964_06_12400_4bd_2024
[2327556] Skipping (exists): e_03001964_06_12400_4bd_2024
[2327556] Skipping (exists): e_03031964_06_12400_4bd_2024
[2327556] Skipping (exists): e_03061964_06_12400_4bd_2024
[2327556] Skipping (exists): e_03091964_06_12400_4bd_2024
[2327556] Skipping (exists): e_03121964_06_12400_4bd_2024
[2327556] Skipping (exists): e_03151964_06_12400_4bd_2024
[2327556] Skipping (exists): e_03181964_06_12400_4bd_2024
[2327556] Skipping (exists): e_03211964_06_12400_4bd_2024
[2327556] Skipping (exists): e_03241964_06_12400_4bd_2024
[2327556] Skipping (exists): e_03271964_06_12400_4bd_2024
[2327556] Skipping (exists): e_03301964_06_12400_4bd_2024
[2327556] Skipping (exists): e_02641966_06_12400_4bd_2024
[2327556] Skipping (exists): e_02671966_06_12400_4bd_2024
[2327556] Skipping (exists): e_02701966_06_12400_4bd_2024
[2327556] Skipping (exists): e_02731966_06_12400_4bd_2024
[2327556] Skipping (exists): e_02761966_06_12400_4bd_2024
[2327556] Skipping (exists): e_02791966_06_12400_4bd_2024
[2327556] Skipping (exists): e_02821966_06_12400_4bd_2024
[2327556] Skipping (exists): e_02851966_06_12400_4bd_2024
[2327556] Skipping (exists): e_02881966_06_12400_4bd_2024
[2327556] Skipping (exists): e_02911966_06_12400_4bd_2024
[2327556] Skipping (exists): e_02941966_06_12400_4bd_2024
[2327556] Skipping (exists): e_02971966_06_12400_4bd_2024
[2327556] Skipping (exists): e_03001966_06_12400_4bd_2024
[2327556] Skipping (exists): e_03031966_06_12400_4bd_2024
[2327556] Skipping (exists): e_03061966_06_12400_4bd_2024
[2327556] Skipping (exists): e_03091966_06_12400_4bd_2024
[2327556] Skipping (exists): e_03121966_06_12400_4bd_2024
[2327556] Skipping (exists): e_03151966_06_12400_4bd_2024
[2327556] Skipping (exists): e_03181966_06_12400_4bd_2024
[2327556] Skipping (exists): e_03211966_06_12400_4bd_2024
[2327556] Skipping (exists): e_03241966_06_12400_4bd_2024
[2327556] Skipping (exists): e_02641968_06_12400_4bd_2024
[2327556] Skipping (exists): e_02671968_06_12400_4bd_2024
[2327556] Skipping (exists): e_02701968_06_12400_4bd_2024
[2327556] Skipping (exists): e_02731968_06_12400_4bd_2024
[2327556] Skipping (exists): e_02761968_06_12400_4bd_2024
[2327556] Skipping (exists): e_02791968_06_12400_4bd_2024
[2327556] Skipping (exists): e_02821968_06_12400_4bd_2024
[2327556] Skipping (exists): e_02851968_06_12400_4bd_2024
[2327556] Skipping (exists): e_02881968_06_12400_4bd_2024
[2327556] Skipping (exists): e_02911968_06_12400_4bd_2024
[2327556] Skipping (exists): e_02941968_06_12400_4bd_2024
[2327556] Skipping (exists): e_02971968_06_12400_4bd_2024
[2327556] Skipping (exists): e_03001968_06_12400_4bd_2024
[2327556] Skipping (exists): e_03031968_06_12400_4bd_2024
[2327556] Skipping (exists): e_03061968_06_12400_4bd_2024
[2327556] Skipping (exists): e_03091968_06_12400_4bd_2024
[2327556] Skipping (exists): e_03121968_06_12400_4bd_2024
[2327556] Skipping (exists): e_03151968_06_12400_4bd_2024
[2327556] Skipping (exists): e_02641970_06_12400_4bd_2024
[2327556] Skipping (exists): e_02671970_06_12400_4bd_2024
[2327556] Skipping (exists): e_02701970_06_12400_4bd_2024
[2327556] Skipping (exists): e_02731970_06_12400_4bd_2024
[2327556] Skipping (exists): e_02761970_06_12400_4bd_2024
[2327556] Skipping (exists): e_02791970_06_12400_4bd_2024
[2327556] Skipping (exists): e_02821970_06_12400_4bd_2024
[2327556] Skipping (exists): e_02851970_06_12400_4bd_2024
[2327556] Skipping (exists): e_02971970_06_12400_4bd_2024
[2327556] Skipping (exists): e_03001970_06_12400_4bd_2024
[2327556] Skipping (exists): e_03031970_06_12400_4bd_2024
[2327556] Skipping (exists): e_03061970_06_12400_4bd_2024
[2327556] Skipping (exists): e_03091970_06_12400_4bd_2024
[2327556] Skipping (exists): e_03121970_06_12400_4bd_2024
[2327556] Skipping (exists): e_03151970_06_12400_4bd_2024
[2327556] Skipping (exists): e_02641972_06_12400_4bd_2024
[2327556] Skipping (exists): e_02671972_06_12400_4bd_2024
[2327556] Skipping (exists): e_02701972_06_12400_4bd_2024
[2327556] Skipping (exists): e_02731972_06_12400_4bd_2024
[2327556] Skipping (exists): e_02761972_06_12400_4bd_2024
[2327556] Skipping (exists): e_02791972_06_12400_4bd_2024
[2327556] Skipping (exists): e_02821972_06_12400_4bd_2024
[2327556] Skipping (exists): e_02851972_06_12400_4bd_2024
[2327556] Skipping (exists): e_02971972_06_12400_4bd_2024
[2327556] Skipping (exists): e_03001972_06_12400_4bd_2024
[2327556] Skipping (exists): e_03031972_06_12400_4bd_2024
[2327556] Skipping (exists): e_03061972_06_12400_4bd_2024
[2327556] Skipping (exists): e_03091972_06_12400_4bd_2024
[2327556] Skipping (exists): e_02641974_06_12400_4bd_2024
[2327556] Skipping (exists): e_02671974_06_12400_4bd_2024
[2327556] Skipping (exists): e_02701974_06_12400_4bd_2024
[2327556] Skipping (exists): e_02731974_06_12400_4bd_2024
[2327556] Skipping (exists): e_02761974_06_12400_4bd_2024
[2327556] Skipping (exists): e_02791974_06_12400_4bd_2024
[2327556] Skipping (exists): e_02821974_06_12400_4bd_2024
[2327556] Skipping (exists): e_02851974_06_12400_4bd_2024
[2327556] Skipping (exists): e_02941974_06_12400_4bd_2024
[2327556] Skipping (exists): e_02971974_06_12400_4bd_2024
[2327556] Skipping (exists): e_03001974_06_12400_4bd_2024
[2327556] Skipping (exists): e_03031974_06_12400_4bd_2024
[2327556] Skipping (exists): e_03061974_06_12400_4bd_2024
[2327556] Skipping (exists): e_02641976_06_12400_4bd_2024
[2327556] Skipping (exists): e_02671976_06_12400_4bd_2024
[2327556] Skipping (exists): e_02701976_06_12400_4bd_2024
[2327556] Skipping (exists): e_02731976_06_12400_4bd_2024
[2327556] Skipping (exists): e_02761976_06_12400_4bd_2024
[2327556] Skipping (exists): e_02791976_06_12400_4bd_2024
[2327556] Skipping (exists): e_02821976_06_12400_4bd_2024
[2327556] Skipping (exists): e_02851976_06_12400_4bd_2024
[2327556] Skipping (exists): e_02941976_06_12400_4bd_2024
[2327556] Skipping (exists): e_02971976_06_12400_4bd_2024
[2327556] Skipping (exists): e_03001976_06_12400_4bd_2024
[2327556] Skipping (exists): e_03031976_06_12400_4bd_2024
[2327556] Skipping (exists): e_02641978_06_12400_4bd_2024
[2327556] Skipping (exists): e_02671978_06_12400_4bd_2024
[2327556] Skipping (exists): e_02701978_06_12400_4bd_2024
[2327556] Skipping (exists): e_02731978_06_12400_4bd_2024
[2327556] Skipping (exists): e_02761978_06_12400_4bd_2024
[2327556] Skipping (exists): e_02791978_06_12400_4bd_2024
[2327556] Skipping (exists): e_02821978_06_12400_4bd_2024
[2327556] Skipping (exists): e_02851978_06_12400_4bd_2024
[2327556] Skipping (exists): e_02971978_06_12400_4bd_2024
[2327556] Skipping (exists): e_03001978_06_12400_4bd_2024
[2327556] Skipping (exists): e_03031978_06_12400_4bd_2024
[2327556] Skipping (exists): e_02641980_06_12400_4bd_2024
[2327556] Skipping (exists): e_02671980_06_12400_4bd_2024
[2327556] Skipping (exists): e_02701980_06_12400_4bd_2024
[2327556] Skipping (exists): e_02731980_06_12400_4bd_2024
[2327556] Skipping (exists): e_02761980_06_12400_4bd_2024
[2327556] Skipping (exists): e_02791980_06_12400_4bd_2024
[2327556] Skipping (exists): e_02821980_06_12400_4bd_2024
[2327556] Skipping (exists): e_03001980_06_12400_4bd_2024
[2327556] Skipping (exists): e_02641982_06_12400_4bd_2024
[2327556] Skipping (exists): e_02671982_06_12400_4bd_2024
[2327556] Skipping (exists): e_02701982_06_12400_4bd_2024
[2327556] Skipping (exists): e_02731982_06_12400_4bd_2024
[2327556] Skipping (exists): e_02761982_06_12400_4bd_2024
[2327556] Skipping (exists): e_02791982_06_12400_4bd_2024
[2327556] Skipping (exists): e_02821982_06_12400_4bd_2024
[2327556] Skipping (exists): e_02641984_06_12400_4bd_2024
[2327556] Skipping (exists): e_02671984_06_12400_4bd_2024
[2327556] Skipping (exists): e_02701984_06_12400_4bd_2024
[2327556] Skipping (exists): e_02731984_06_12400_4bd_2024
[2327556] Skipping (exists): e_02761984_06_12400_4bd_2024
[2327556] Skipping (exists): e_02791984_06_12400_4bd_2024
[2327556] Skipping (exists): e_02641986_06_12400_4bd_2024
[2327556] Skipping (exists): e_02671986_06_12400_4bd_2024
[2327556] Skipping (exists): e_02701986_06_12400_4bd_2024
[2327556] Skipping (exists): e_02731986_06_12400_4bd_2024
[2327556] Skipping (exists): e_02761986_06_12400_4bd_2024
[2327556] Skipping (exists): e_02791986_06_12400_4bd_2024
[2327556] Skipping (exists): e_02641988_06_12400_4bd_2024
[2327556] Skipping (exists): e_02671988_06_12400_4bd_2024
[2327556] Skipping (exists): e_02701988_06_12400_4bd_2024
[2327556] Skipping (exists): e_02731988_06_12400_4bd_2024
[2327556] Skipping (exists): e_02761988_06_12400_4bd_2024
[2327556] Skipping (exists): e_02791988_06_12400_4bd_2024
[2327556] Skipping (exists): e_02641990_06_12400_4bd_2024
[2327556] Skipping (exists): e_02671990_06_12400_4bd_2024
[2327556] Skipping (exists): e_02701990_06_12400_4bd_2024
[2327556] Skipping (exists): e_02731990_06_12400_4bd_2024
[2327556] Skipping (exists): e_02761990_06_12400_4bd_2024
[2327556] Skipping (exists): e_02701992_06_12400_4bd_2024
[2327556] Skipping (exists): e_02731992_06_12400_4bd_2024
[2327556] Skipping (exists): e_02761992_06_12400_4bd_2024
[2327556] Skipping (exists): c_11761446_12_24000_4bd_2023
[2327556] Skipping (exists): c_11791446_12_24000_4bd_2023
[2327556] Skipping (exists): c_11551448_12_24000_4bd_2023
[2327556] Skipping (exists): c_11641448_12_24000_4bd_2023
[2327556] Skipping (exists): c_11671448_12_24000_4bd_2023
[2327556] Skipping (exists): c_11701448_12_24000_4bd_2023
[2327556] Skipping (exists): c_11731448_12_24000_4bd_2023
[2327556] Skipping (exists): c_11761448_12_24000_4bd_2023
[2327556] Skipping (exists): c_11791448_12_24000_4bd_2023
[2327556] Skipping (exists): c_11821448_12_24000_4bd_2023
[2327556] Skipping (exists): c_11521450_12_24000_4bd_2023
[2327556] Skipping (exists): c_11551450_12_24000_4bd_2023
[2327556] Skipping (exists): c_11581450_12_24000_4bd_2023
[2327556] Skipping (exists): c_11611450_12_24000_4bd_2023
[2327556] Skipping (exists): c_11641450_12_24000_4bd_2023
[2327556] Skipping (exists): c_11671450_12_24000_4bd_2023
[2327556] Skipping (exists): c_11701450_12_24000_4bd_2023
[2327556] Skipping (exists): c_11731450_12_24000_4bd_2023
[2327556] Skipping (exists): c_11761450_12_24000_4bd_2023
[2327556] Skipping (exists): c_11791450_12_24000_4bd_2023
[2327556] Skipping (exists): c_11821450_12_24000_4bd_2023
[2327556] Skipping (exists): c_11521452_12_24000_4bd_2023
[2327556] Skipping (exists): c_11551452_12_24000_4bd_2023
[2327556] Skipping (exists): c_11581452_12_24000_4bd_2023
[2327556] Skipping (exists): c_11611452_12_24000_4bd_2023
[2327556] Skipping (exists): c_11641452_12_24000_4bd_2023
[2327556] Skipping (exists): c_11671452_12_24000_4bd_2023
[2327556] Skipping (exists): c_11701452_12_24000_4bd_2023
[2327556] Skipping (exists): c_11731452_12_24000_4bd_2023
[2327556] Skipping (exists): c_11761452_12_24000_4bd_2023
[2327556] Skipping (exists): c_11791452_12_24000_4bd_2023
[2327556] Skipping (exists): c_11821452_12_24000_4bd_2023
[2327556] Skipping (exists): c_11521454_12_24000_4bd_2023
[2327556] Skipping (exists): c_11551454_12_24000_4bd_2023
[2327556] Skipping (exists): c_11581454_12_24000_4bd_2023
[2327556] Skipping (exists): c_11611454_12_24000_4bd_2023
[2327556] Skipping (exists): c_11641454_12_24000_4bd_2023
[2327556] Skipping (exists): c_11671454_12_24000_4bd_2023
[2327556] Skipping (exists): c_11701454_12_24000_4bd_2023
[2327556] Skipping (exists): c_11731454_12_24000_4bd_2023
[2327556] Skipping (exists): c_11761454_12_24000_4bd_2023
[2327556] Skipping (exists): c_11791454_12_24000_4bd_2023
[2327556] Skipping (exists): c_11821454_12_24000_4bd_2023
[2327556] Skipping (exists): c_11521456_12_24000_4bd_2023
[2327556] Skipping (exists): c_11551456_12_24000_4bd_2023
[2327556] Skipping (exists): c_11581456_12_24000_4bd_2023
[2327556] Skipping (exists): c_11611456_12_24000_4bd_2023
[2327556] Skipping (exists): c_11641456_12_24000_4bd_2023
[2327556] Skipping (exists): c_11671456_12_24000_4bd_2023
[2327556] Skipping (exists): c_11701456_12_24000_4bd_2023
[2327556] Skipping (exists): c_11731456_12_24000_4bd_2023
[2327556] Skipping (exists): c_11761456_12_24000_4bd_2023
[2327556] Skipping (exists): c_11791456_12_24000_4bd_2023
[2327556] Skipping (exists): c_11821456_12_24000_4bd_2023
[2327556] Skipping (exists): c_11851456_12_24000_4bd_2023
[2327556] Skipping (exists): c_11491458_12_24000_4bd_2023
[2327556] Skipping (exists): c_11521458_12_24000_4bd_2023
[2327556] Skipping (exists): c_11551458_12_24000_4bd_2023
[2327556] Skipping (exists): c_11581458_12_24000_4bd_2023
[2327556] Skipping (exists): c_11611458_12_24000_4bd_2023
[2327556] Skipping (exists): c_11641458_12_24000_4bd_2023
[2327556] Skipping (exists): c_11671458_12_24000_4bd_2023
[2327556] Skipping (exists): c_11701458_12_24000_4bd_2023
[2327556] Skipping (exists): c_11731458_12_24000_4bd_2023
[2327556] Skipping (exists): c_11761458_12_24000_4bd_2023
[2327556] Skipping (exists): c_11791458_12_24000_4bd_2023
[2327556] Skipping (exists): c_11821458_12_24000_4bd_2023
[2327556] Skipping (exists): c_11491460_12_24000_4bd_2023
[2327556] Skipping (exists): c_11521460_12_24000_4bd_2023
[2327556] Skipping (exists): c_11551460_12_24000_4bd_2023
[2327556] Skipping (exists): c_11581460_12_24000_4bd_2023
[2327556] Skipping (exists): c_11611460_12_24000_4bd_2023
[2327556] Skipping (exists): c_11641460_12_24000_4bd_2023
[2327556] Skipping (exists): c_11671460_12_24000_4bd_2023
[2327556] Skipping (exists): c_11701460_12_24000_4bd_2023
[2327556] Skipping (exists): c_11731460_12_24000_4bd_2023
[2327556] Skipping (exists): c_11761460_12_24000_4bd_2023
[2327556] Skipping (exists): c_11791460_12_24000_4bd_2023
[2327556] Skipping (exists): c_11821460_12_24000_4bd_2023
[2327556] Skipping (exists): c_11491462_12_24000_4bd_2023
[2327556] Skipping (exists): c_11521462_12_24000_4bd_2023
[2327556] Skipping (exists): c_11551462_12_24000_4bd_2023
[2327556] Skipping (exists): c_11581462_12_24000_4bd_2023
[2327556] Skipping (exists): c_11611462_12_24000_4bd_2023
[2327556] Skipping (exists): c_11641462_12_24000_4bd_2023
[2327556] Skipping (exists): c_11671462_12_24000_4bd_2023
[2327556] Skipping (exists): c_11701462_12_24000_4bd_2023
[2327556] Skipping (exists): c_11731462_12_24000_4bd_2023
[2327556] Skipping (exists): c_11761462_12_24000_4bd_2023
[2327556] Skipping (exists): c_11791462_12_24000_4bd_2023
[2327556] Skipping (exists): c_11821462_12_24000_4bd_2023
[2327556] Skipping (exists): c_11431464_12_24000_4bd_2023
[2327556] Skipping (exists): c_11461464_12_24000_4bd_2023
[2327556] Skipping (exists): c_11491464_12_24000_4bd_2023
[2327556] Skipping (exists): c_11521464_12_24000_4bd_2023
[2327556] Skipping (exists): c_11551464_12_24000_4bd_2023
[2327556] Skipping (exists): c_11581464_12_24000_4bd_2023
[2327556] Skipping (exists): c_11611464_12_24000_4bd_2023
[2327556] Skipping (exists): c_11641464_12_24000_4bd_2023
[2327556] Skipping (exists): c_11671464_12_24000_4bd_2023
[2327556] Skipping (exists): c_11701464_12_24000_4bd_2023
[2327556] Skipping (exists): c_11731464_12_24000_4bd_2023
[2327556] Skipping (exists): c_11761464_12_24000_4bd_2023
[2327556] Skipping (exists): c_11791464_12_24000_4bd_2023
[2327556] Skipping (exists): c_11821464_12_24000_4bd_2023
[2327556] Skipping (exists): c_11401466_12_24000_4bd_2023
[2327556] Skipping (exists): c_11431466_12_24000_4bd_2023
[2327556] Skipping (exists): c_11461466_12_24000_4bd_2023
[2327556] Skipping (exists): c_11491466_12_24000_4bd_2023
[2327556] Skipping (exists): c_11521466_12_24000_4bd_2023
[2327556] Skipping (exists): c_11551466_12_24000_4bd_2023
[2327556] Skipping (exists): c_11581466_12_24000_4bd_2023
[2327556] Skipping (exists): c_11611466_12_24000_4bd_2023
[2327556] Skipping (exists): c_11641466_12_24000_4bd_2023
[2327556] Skipping (exists): c_11671466_12_24000_4bd_2023
[2327556] Skipping (exists): c_11701466_12_24000_4bd_2023
[2327556] Skipping (exists): c_11731466_12_24000_4bd_2023
[2327556] Skipping (exists): c_11761466_12_24000_4bd_2023
[2327556] Skipping (exists): c_11791466_12_24000_4bd_2023
[2327556] Skipping (exists): c_11821466_12_24000_4bd_2023
[2327556] Skipping (exists): c_11851466_12_24000_4bd_2023
[2327556] Skipping (exists): c_11881466_12_24000_4bd_2023
[2327556] Skipping (exists): c_11371468_12_24000_4bd_2023
[2327556] Skipping (exists): c_11401468_12_24000_4bd_2023
[2327556] Skipping (exists): c_11431468_12_24000_4bd_2023
[2327556] Skipping (exists): c_11461468_12_24000_4bd_2023
[2327556] Skipping (exists): c_11491468_12_24000_4bd_2023
[2327556] Skipping (exists): c_11521468_12_24000_4bd_2023
[2327556] Skipping (exists): c_11551468_12_24000_4bd_2023
[2327556] Skipping (exists): c_11581468_12_24000_4bd_2023
[2327556] Skipping (exists): c_11611468_12_24000_4bd_2023
[2327556] Skipping (exists): c_11641468_12_24000_4bd_2023
[2327556] Skipping (exists): c_11671468_12_24000_4bd_2023
[2327556] Skipping (exists): c_11701468_12_24000_4bd_2023
[2327556] Skipping (exists): c_11731468_12_24000_4bd_2023
[2327556] Skipping (exists): c_11761468_12_24000_4bd_2023
[2327556] Skipping (exists): c_11791468_12_24000_4bd_2023
[2327556] Skipping (exists): c_11821468_12_24000_4bd_2023
[2327556] Skipping (exists): c_11851468_12_24000_4bd_2023
[2327556] Skipping (exists): c_11881468_12_24000_4bd_2023
[2327556] Skipping (exists): c_11341470_12_24000_4bd_2023
[2327556] Skipping (exists): c_11371470_12_24000_4bd_2023
[2327556] Skipping (exists): c_11401470_12_24000_4bd_2023
[2327556] Skipping (exists): c_11431470_12_24000_4bd_2023
[2327556] Skipping (exists): c_11461470_12_24000_4bd_2023
[2327556] Skipping (exists): c_11491470_12_24000_4bd_2023
[2327556] Skipping (exists): c_11521470_12_24000_4bd_2023
[2327556] Skipping (exists): c_11551470_12_24000_4bd_2023
[2327556] Skipping (exists): c_11581470_12_24000_4bd_2023
[2327556] Skipping (exists): c_11611470_12_24000_4bd_2023
[2327556] Skipping (exists): c_11641470_12_24000_4bd_2023
[2327556] Skipping (exists): c_11671470_12_24000_4bd_2023
[2327556] Skipping (exists): c_11701470_12_24000_4bd_2023
[2327556] Skipping (exists): c_11731470_12_24000_4bd_2023
[2327556] Skipping (exists): c_11761470_12_24000_4bd_2023
[2327556] Skipping (exists): c_11791470_12_24000_4bd_2023
[2327556] Skipping (exists): c_11821470_12_24000_4bd_2023
[2327556] Skipping (exists): c_11851470_12_24000_4bd_2023
[2327556] Skipping (exists): c_11881470_12_24000_4bd_2023
[2327556] Skipping (exists): c_11911470_12_24000_4bd_2023
[2327556] Skipping (exists): c_11941470_12_24000_4bd_2023
[2327556] Skipping (exists): c_11341472_12_24000_4bd_2023
[2327556] Skipping (exists): c_11371472_12_24000_4bd_2023
[2327556] Skipping (exists): c_11401472_12_24000_4bd_2023
[2327556] Skipping (exists): c_11431472_12_24000_4bd_2023
[2327556] Skipping (exists): c_11461472_12_24000_4bd_2023
[2327556] Skipping (exists): c_11491472_12_24000_4bd_2023
[2327556] Skipping (exists): c_11521472_12_24000_4bd_2023
[2327556] Skipping (exists): c_11551472_12_24000_4bd_2023
[2327556] Skipping (exists): c_11581472_12_24000_4bd_2023
[2327556] Skipping (exists): c_11611472_12_24000_4bd_2023
[2327556] Skipping (exists): c_11641472_12_24000_4bd_2023
[2327556] Skipping (exists): c_11671472_12_24000_4bd_2023
[2327556] Skipping (exists): c_11701472_12_24000_4bd_2023
[2327556] Skipping (exists): c_11731472_12_24000_4bd_2023
[2327556] Skipping (exists): c_11761472_12_24000_4bd_2023
[2327556] Skipping (exists): c_11791472_12_24000_4bd_2023
[2327556] Skipping (exists): c_11821472_12_24000_4bd_2023
[2327556] Skipping (exists): c_11851472_12_24000_4bd_2023
[2327556] Skipping (exists): c_11881472_12_24000_4bd_2023
[2327556] Skipping (exists): c_11911472_12_24000_4bd_2023
[2327556] Skipping (exists): c_11941472_12_24000_4bd_2023
[2327556] Skipping (exists): c_11341474_12_24000_4bd_2023
[2327556] Skipping (exists): c_11371474_12_24000_4bd_2023
[2327556] Skipping (exists): c_11401474_12_24000_4bd_2023
[2327556] Skipping (exists): c_11431474_12_24000_4bd_2023
[2327556] Skipping (exists): c_11461474_12_24000_4bd_2023
[2327556] Skipping (exists): c_11491474_12_24000_4bd_2023
[2327556] Skipping (exists): c_11521474_12_24000_4bd_2023
[2327556] Skipping (exists): c_11551474_12_24000_4bd_2023
[2327556] Skipping (exists): c_11581474_12_24000_4bd_2023
[2327556] Skipping (exists): c_11611474_12_24000_4bd_2023
[2327556] Skipping (exists): c_11641474_12_24000_4bd_2023
[2327556] Skipping (exists): c_11671474_12_24000_4bd_2023
[2327556] Skipping (exists): c_11701474_12_24000_4bd_2023
[2327556] Skipping (exists): c_11731474_12_24000_4bd_2023
[2327556] Skipping (exists): c_11761474_12_24000_4bd_2023
[2327556] Skipping (exists): c_11791474_12_24000_4bd_2023
[2327556] Skipping (exists): c_11821474_12_24000_4bd_2023
[2327556] Skipping (exists): c_11851474_12_24000_4bd_2023
[2327556] Skipping (exists): c_11881474_12_24000_4bd_2023
[2327556] Skipping (exists): c_11911474_12_24000_4bd_2023
[2327556] Skipping (exists): c_11941474_12_24000_4bd_2023
[2327556] Skipping (exists): c_11341476_12_24000_4bd_2023
[2327556] Skipping (exists): c_11371476_12_24000_4bd_2023
[2327556] Skipping (exists): c_11401476_12_24000_4bd_2023
[2327556] Skipping (exists): c_11431476_12_24000_4bd_2023
[2327556] Skipping (exists): c_11461476_12_24000_4bd_2023
[2327556] Skipping (exists): c_11491476_12_24000_4bd_2023
[2327556] Skipping (exists): c_11521476_12_24000_4bd_2023
[2327556] Skipping (exists): c_11551476_12_24000_4bd_2023
[2327556] Skipping (exists): c_11581476_12_24000_4bd_2023
[2327556] Skipping (exists): c_11611476_12_24000_4bd_2023
[2327556] Skipping (exists): c_11641476_12_24000_4bd_2023
[2327556] Skipping (exists): c_11671476_12_24000_4bd_2023
[2327556] Skipping (exists): c_11701476_12_24000_4bd_2023
[2327556] Skipping (exists): c_11731476_12_24000_4bd_2023
[2327556] Skipping (exists): c_11761476_12_24000_4bd_2023
[2327556] Skipping (exists): c_11791476_12_24000_4bd_2023
[2327556] Skipping (exists): c_11821476_12_24000_4bd_2023
[2327556] Skipping (exists): c_11851476_12_24000_4bd_2023
[2327556] Skipping (exists): c_11881476_12_24000_4bd_2023
[2327556] Skipping (exists): c_11911476_12_24000_4bd_2023
[2327556] Skipping (exists): c_11941476_12_24000_4bd_2023
[2327556] Skipping (exists): c_11371478_12_24000_4bd_2023
[2327556] Skipping (exists): c_11401478_12_24000_4bd_2023
[2327556] Skipping (exists): c_11431478_12_24000_4bd_2023
[2327556] Skipping (exists): c_11461478_12_24000_4bd_2023
[2327556] Skipping (exists): c_11491478_12_24000_4bd_2023
[2327556] Skipping (exists): c_11521478_12_24000_4bd_2023
[2327556] Skipping (exists): c_11551478_12_24000_4bd_2023
[2327556] Skipping (exists): c_11581478_12_24000_4bd_2023
[2327556] Skipping (exists): c_11611478_12_24000_4bd_2023
[2327556] Skipping (exists): c_11641478_12_24000_4bd_2023
[2327556] Skipping (exists): c_11671478_12_24000_4bd_2023
[2327556] Skipping (exists): c_11701478_12_24000_4bd_2023
[2327556] Skipping (exists): c_11731478_12_24000_4bd_2023
[2327556] Skipping (exists): c_11761478_12_24000_4bd_2023
[2327556] Skipping (exists): c_11791478_12_24000_4bd_2023
[2327556] Skipping (exists): c_11821478_12_24000_4bd_2023
[2327556] Skipping (exists): c_11851478_12_24000_4bd_2023
[2327556] Skipping (exists): c_11881478_12_24000_4bd_2023
[2327556] Skipping (exists): c_11911478_12_24000_4bd_2023
[2327556] Skipping (exists): c_11941478_12_24000_4bd_2023
[2327556] Skipping (exists): c_11371480_12_24000_4bd_2023
[2327556] Skipping (exists): c_11401480_12_24000_4bd_2023
[2327556] Skipping (exists): c_11431480_12_24000_4bd_2023
[2327556] Skipping (exists): c_11461480_12_24000_4bd_2023
[2327556] Skipping (exists): c_11491480_12_24000_4bd_2023
[2327556] Skipping (exists): c_11521480_12_24000_4bd_2023
[2327556] Skipping (exists): c_11551480_12_24000_4bd_2023
[2327556] Skipping (exists): c_11581480_12_24000_4bd_2023
[2327556] Skipping (exists): c_11611480_12_24000_4bd_2023
[2327556] Skipping (exists): c_11641480_12_24000_4bd_2023
[2327556] Skipping (exists): c_11671480_12_24000_4bd_2023
[2327556] Skipping (exists): c_11701480_12_24000_4bd_2023
[2327556] Skipping (exists): c_11731480_12_24000_4bd_2023
[2327556] Skipping (exists): c_11761480_12_24000_4bd_2023
[2327556] Skipping (exists): c_11791480_12_24000_4bd_2023
[2327556] Skipping (exists): c_11821480_12_24000_4bd_2023
[2327556] Skipping (exists): c_11851480_12_24000_4bd_2023
[2327556] Skipping (exists): c_11881480_12_24000_4bd_2023
[2327556] Skipping (exists): c_11911480_12_24000_4bd_2023
[2327556] Skipping (exists): c_11371482_12_24000_4bd_2023
[2327556] Skipping (exists): c_11401482_12_24000_4bd_2023
[2327556] Skipping (exists): c_11431482_12_24000_4bd_2023
[2327556] Skipping (exists): c_11461482_12_24000_4bd_2023
[2327556] Skipping (exists): c_11491482_12_24000_4bd_2023
[2327556] Skipping (exists): c_11521482_12_24000_4bd_2023
[2327556] Skipping (exists): c_11551482_12_24000_4bd_2023
[2327556] Skipping (exists): c_11581482_12_24000_4bd_2023
[2327556] Skipping (exists): c_11611482_12_24000_4bd_2023
[2327556] Skipping (exists): c_11641482_12_24000_4bd_2023
[2327556] Skipping (exists): c_11671482_12_24000_4bd_2023
[2327556] Skipping (exists): c_11701482_12_24000_4bd_2023
[2327556] Skipping (exists): c_11731482_12_24000_4bd_2023
[2327556] Skipping (exists): c_11761482_12_24000_4bd_2023
[2327556] Skipping (exists): c_11791482_12_24000_4bd_2023
[2327556] Skipping (exists): c_11821482_12_24000_4bd_2023
[2327556] Skipping (exists): c_11851482_12_24000_4bd_2023
[2327556] Skipping (exists): c_11881482_12_24000_4bd_2023
[2327556] Skipping (exists): c_11911482_12_24000_4bd_2023
[2327556] Skipping (exists): c_11371484_12_24000_4bd_2023
[2327556] Skipping (exists): c_11401484_12_24000_4bd_2023
[2327556] Skipping (exists): c_11431484_12_24000_4bd_2023
[2327556] Skipping (exists): c_11461484_12_24000_4bd_2023
[2327556] Skipping (exists): c_11491484_12_24000_4bd_2023
[2327556] Skipping (exists): c_11521484_12_24000_4bd_2023
[2327556] Skipping (exists): c_11551484_12_24000_4bd_2023
[2327556] Skipping (exists): c_11581484_12_24000_4bd_2023
[2327556] Skipping (exists): c_11611484_12_24000_4bd_2023
[2327556] Skipping (exists): c_11641484_12_24000_4bd_2023
[2327556] Skipping (exists): c_11671484_12_24000_4bd_2023
[2327556] Skipping (exists): c_11701484_12_24000_4bd_2023
[2327556] Skipping (exists): c_11731484_12_24000_4bd_2023
[2327556] Skipping (exists): c_11761484_12_24000_4bd_2023
[2327556] Skipping (exists): c_11791484_12_24000_4bd_2023
[2327556] Skipping (exists): c_11821484_12_24000_4bd_2023
[2327556] Skipping (exists): c_11851484_12_24000_4bd_2023
[2327556] Skipping (exists): c_11881484_12_24000_4bd_2023
[2327556] Skipping (exists): c_11911484_12_24000_4bd_2023
[2327556] Skipping (exists): c_11191486_12_24000_4bd_2023
[2327556] Skipping (exists): c_11371486_12_24000_4bd_2023
[2327556] Skipping (exists): c_11401486_12_24000_4bd_2023
[2327556] Skipping (exists): c_11431486_12_24000_4bd_2023
[2327556] Skipping (exists): c_11461486_12_24000_4bd_2023
[2327556] Skipping (exists): c_11491486_12_24000_4bd_2023
[2327556] Skipping (exists): c_11521486_12_24000_4bd_2023
[2327556] Skipping (exists): c_11551486_12_24000_4bd_2023
[2327556] Skipping (exists): c_11581486_12_24000_4bd_2023
[2327556] Skipping (exists): c_11611486_12_24000_4bd_2023
[2327556] Skipping (exists): c_11641486_12_24000_4bd_2023
[2327556] Skipping (exists): c_11671486_12_24000_4bd_2023
[2327556] Skipping (exists): c_11701486_12_24000_4bd_2023
[2327556] Skipping (exists): c_11731486_12_24000_4bd_2023
[2327556] Skipping (exists): c_11761486_12_24000_4bd_2023
[2327556] Skipping (exists): c_11791486_12_24000_4bd_2023
[2327556] Skipping (exists): c_11821486_12_24000_4bd_2023
[2327556] Skipping (exists): c_11851486_12_24000_4bd_2023
[2327556] Skipping (exists): c_11881486_12_24000_4bd_2023
[2327556] Skipping (exists): c_11911486_12_24000_4bd_2023
[2327556] Skipping (exists): c_11161488_12_24000_4bd_2023
[2327556] Skipping (exists): c_11191488_12_24000_4bd_2023
[2327556] Skipping (exists): c_11221488_12_24000_4bd_2023
[2327556] Skipping (exists): c_11371488_12_24000_4bd_2023
[2327556] Skipping (exists): c_11401488_12_24000_4bd_2023
[2327556] Skipping (exists): c_11431488_12_24000_4bd_2023
[2327556] Skipping (exists): c_11461488_12_24000_4bd_2023
[2327556] Skipping (exists): c_11491488_12_24000_4bd_2023
[2327556] Skipping (exists): c_11521488_12_24000_4bd_2023
[2327556] Skipping (exists): c_11551488_12_24000_4bd_2023
[2327556] Skipping (exists): c_11581488_12_24000_4bd_2023
[2327556] Skipping (exists): c_11611488_12_24000_4bd_2023
[2327556] Skipping (exists): c_11641488_12_24000_4bd_2023
[2327556] Skipping (exists): c_11671488_12_24000_4bd_2023
[2327556] Skipping (exists): c_11701488_12_24000_4bd_2023
[2327556] Skipping (exists): c_11731488_12_24000_4bd_2023
[2327556] Skipping (exists): c_11761488_12_24000_4bd_2023
[2327556] Skipping (exists): c_11791488_12_24000_4bd_2023
[2327556] Skipping (exists): c_11821488_12_24000_4bd_2023
[2327556] Skipping (exists): c_11851488_12_24000_4bd_2023
[2327556] Skipping (exists): c_11881488_12_24000_4bd_2023
[2327556] Skipping (exists): c_11911488_12_24000_4bd_2023
[2327556] Skipping (exists): c_11161490_12_24000_4bd_2023
[2327556] Skipping (exists): c_11191490_12_24000_4bd_2023
[2327556] Skipping (exists): c_11221490_12_24000_4bd_2023
[2327556] Skipping (exists): c_11251490_12_24000_4bd_2023
[2327556] Skipping (exists): c_11371490_12_24000_4bd_2023
[2327556] Skipping (exists): c_11401490_12_24000_4bd_2023
[2327556] Skipping (exists): c_11431490_12_24000_4bd_2023
[2327556] Skipping (exists): c_11461490_12_24000_4bd_2023
[2327556] Skipping (exists): c_11491490_12_24000_4bd_2023
[2327556] Skipping (exists): c_11521490_12_24000_4bd_2023
[2327556] Skipping (exists): c_11551490_12_24000_4bd_2023
[2327556] Skipping (exists): c_11581490_12_24000_4bd_2023
[2327556] Skipping (exists): c_11611490_12_24000_4bd_2023
[2327556] Skipping (exists): c_11641490_12_24000_4bd_2023
[2327556] Skipping (exists): c_11671490_12_24000_4bd_2023
[2327556] Skipping (exists): c_11701490_12_24000_4bd_2023
[2327556] Skipping (exists): c_11731490_12_24000_4bd_2023
[2327556] Skipping (exists): c_11761490_12_24000_4bd_2023
[2327556] Skipping (exists): c_11791490_12_24000_4bd_2023
[2327556] Skipping (exists): c_11821490_12_24000_4bd_2023
[2327556] Skipping (exists): c_11851490_12_24000_4bd_2023
[2327556] Skipping (exists): c_11881490_12_24000_4bd_2023
[2327556] Skipping (exists): c_11911490_12_24000_4bd_2023
[2327556] Skipping (exists): c_11161492_12_24000_4bd_2023
[2327556] Skipping (exists): c_11191492_12_24000_4bd_2023
[2327556] Skipping (exists): c_11221492_12_24000_4bd_2023
[2327556] Skipping (exists): c_11251492_12_24000_4bd_2023
[2327556] Skipping (exists): c_11281492_12_24000_4bd_2023
[2327556] Skipping (exists): c_11311492_12_24000_4bd_2023
[2327556] Skipping (exists): c_11341492_12_24000_4bd_2023
[2327556] Skipping (exists): c_11371492_12_24000_4bd_2023
[2327556] Skipping (exists): c_11401492_12_24000_4bd_2023
[2327556] Skipping (exists): c_11431492_12_24000_4bd_2023
[2327556] Skipping (exists): c_11461492_12_24000_4bd_2023
[2327556] Skipping (exists): c_11491492_12_24000_4bd_2023
[2327556] Skipping (exists): c_11521492_12_24000_4bd_2023
[2327556] Skipping (exists): c_11551492_12_24000_4bd_2023
[2327556] Skipping (exists): c_11581492_12_24000_4bd_2023
[2327556] Skipping (exists): c_11611492_12_24000_4bd_2023
[2327556] Skipping (exists): c_11641492_12_24000_4bd_2023
[2327556] Skipping (exists): c_11671492_12_24000_4bd_2023
[2327556] Skipping (exists): c_11701492_12_24000_4bd_2023
[2327556] Skipping (exists): c_11731492_12_24000_4bd_2023
[2327556] Skipping (exists): c_11761492_12_24000_4bd_2023
[2327556] Skipping (exists): c_11791492_12_24000_4bd_2023
[2327556] Skipping (exists): c_11821492_12_24000_4bd_2023
[2327556] Skipping (exists): c_11851492_12_24000_4bd_2023
[2327556] Skipping (exists): c_11881492_12_24000_4bd_2023
[2327556] Skipping (exists): c_11911492_12_24000_4bd_2023
[2327556] Skipping (exists): c_11191494_12_24000_4bd_2023
[2327556] Skipping (exists): c_11221494_12_24000_4bd_2023
[2327556] Skipping (exists): c_11251494_12_24000_4bd_2023
[2327556] Skipping (exists): c_11281494_12_24000_4bd_2023
[2327556] Skipping (exists): c_11311494_12_24000_4bd_2023
[2327556] Skipping (exists): c_11341494_12_24000_4bd_2023
[2327556] Skipping (exists): c_11371494_12_24000_4bd_2023
[2327556] Skipping (exists): c_11401494_12_24000_4bd_2023
[2327556] Skipping (exists): c_11431494_12_24000_4bd_2023
[2327556] Skipping (exists): c_11461494_12_24000_4bd_2023
[2327556] Skipping (exists): c_11491494_12_24000_4bd_2023
[2327556] Skipping (exists): c_11521494_12_24000_4bd_2023
[2327556] Skipping (exists): c_11551494_12_24000_4bd_2023
[2327556] Skipping (exists): c_11581494_12_24000_4bd_2023
[2327556] Skipping (exists): c_11611494_12_24000_4bd_2023
[2327556] Skipping (exists): c_11641494_12_24000_4bd_2023
[2327556] Skipping (exists): c_11671494_12_24000_4bd_2023
[2327556] Skipping (exists): c_11701494_12_24000_4bd_2023
[2327556] Skipping (exists): c_11731494_12_24000_4bd_2023
[2327556] Skipping (exists): c_11761494_12_24000_4bd_2023
[2327556] Skipping (exists): c_11791494_12_24000_4bd_2023
[2327556] Skipping (exists): c_11821494_12_24000_4bd_2023
[2327556] Skipping (exists): c_11851494_12_24000_4bd_2023
[2327556] Skipping (exists): c_11191496_12_24000_4bd_2023
[2327556] Skipping (exists): c_11221496_12_24000_4bd_2023
[2327556] Skipping (exists): c_11251496_12_24000_4bd_2023
[2327556] Skipping (exists): c_11281496_12_24000_4bd_2023
[2327556] Skipping (exists): c_11311496_12_24000_4bd_2023
[2327556] Skipping (exists): c_11341496_12_24000_4bd_2023
[2327556] Skipping (exists): c_11371496_12_24000_4bd_2023
[2327556] Skipping (exists): c_11401496_12_24000_4bd_2023
[2327556] Skipping (exists): c_11431496_12_24000_4bd_2023
[2327556] Skipping (exists): c_11461496_12_24000_4bd_2023
[2327556] Skipping (exists): c_11491496_12_24000_4bd_2023
[2327556] Skipping (exists): c_11521496_12_24000_4bd_2023
[2327556] Skipping (exists): c_11551496_12_24000_4bd_2023
[2327556] Skipping (exists): c_11581496_12_24000_4bd_2023
[2327556] Skipping (exists): c_11611496_12_24000_4bd_2023
[2327556] Skipping (exists): c_11641496_12_24000_4bd_2023
[2327556] Skipping (exists): c_11671496_12_24000_4bd_2023
[2327556] Skipping (exists): c_11701496_12_24000_4bd_2023
[2327556] Skipping (exists): c_11731496_12_24000_4bd_2023
[2327556] Skipping (exists): c_11761496_12_24000_4bd_2023
[2327556] Skipping (exists): c_11791496_12_24000_4bd_2023
[2327556] Skipping (exists): c_11821496_12_24000_4bd_2023
[2327556] Skipping (exists): c_11851496_12_24000_4bd_2023
[2327556] Skipping (exists): c_11221498_12_24000_4bd_2023
[2327556] Skipping (exists): c_11251498_12_24000_4bd_2023
[2327556] Skipping (exists): c_11281498_12_24000_4bd_2023
[2327556] Skipping (exists): c_11311498_12_24000_4bd_2023
[2327556] Skipping (exists): c_11341498_12_24000_4bd_2023
[2327556] Skipping (exists): c_11371498_12_24000_4bd_2023
[2327556] Skipping (exists): c_11401498_12_24000_4bd_2023
[2327556] Skipping (exists): c_11431498_12_24000_4bd_2023
[2327556] Skipping (exists): c_11461498_12_24000_4bd_2023
[2327556] Skipping (exists): c_11491498_12_24000_4bd_2023
[2327556] Skipping (exists): c_11521498_12_24000_4bd_2023
[2327556] Skipping (exists): c_11551498_12_24000_4bd_2023
[2327556] Skipping (exists): c_11581498_12_24000_4bd_2023
[2327556] Skipping (exists): c_11611498_12_24000_4bd_2023
[2327556] Skipping (exists): c_11641498_12_24000_4bd_2023
[2327556] Skipping (exists): c_11671498_12_24000_4bd_2023
[2327556] Skipping (exists): c_11701498_12_24000_4bd_2023
[2327556] Skipping (exists): c_11731498_12_24000_4bd_2023
[2327556] Skipping (exists): c_11761498_12_24000_4bd_2023
[2327556] Skipping (exists): c_11791498_12_24000_4bd_2023
[2327556] Skipping (exists): c_11221500_12_24000_4bd_2023
[2327556] Skipping (exists): c_11251500_12_24000_4bd_2023
[2327556] Skipping (exists): c_11281500_12_24000_4bd_2023
[2327556] Skipping (exists): c_11311500_12_24000_4bd_2023
[2327556] Skipping (exists): c_11341500_12_24000_4bd_2023
[2327556] Skipping (exists): c_11371500_12_24000_4bd_2023
[2327556] Skipping (exists): c_11401500_12_24000_4bd_2023
[2327556] Skipping (exists): c_11431500_12_24000_4bd_2023
[2327556] Skipping (exists): c_11461500_12_24000_4bd_2023
[2327556] Skipping (exists): c_11491500_12_24000_4bd_2023
[2327556] Skipping (exists): c_11521500_12_24000_4bd_2023
[2327556] Skipping (exists): c_11551500_12_24000_4bd_2023
[2327556] Skipping (exists): c_11581500_12_24000_4bd_2023
[2327556] Skipping (exists): c_11611500_12_24000_4bd_2023
[2327556] Skipping (exists): c_11641500_12_24000_4bd_2023
[2327556] Skipping (exists): c_11671500_12_24000_4bd_2023
[2327556] Skipping (exists): c_11701500_12_24000_4bd_2023
[2327556] Skipping (exists): c_11731500_12_24000_4bd_2023
[2327556] Skipping (exists): c_11761500_12_24000_4bd_2023
[2327556] Skipping (exists): c_11791500_12_24000_4bd_2023
[2327556] Skipping (exists): c_11221502_12_24000_4bd_2023
[2327556] Skipping (exists): c_11251502_12_24000_4bd_2023
[2327556] Skipping (exists): c_11281502_12_24000_4bd_2023
[2327556] Skipping (exists): c_11311502_12_24000_4bd_2023
[2327556] Skipping (exists): c_11341502_12_24000_4bd_2023
[2327556] Skipping (exists): c_11371502_12_24000_4bd_2023
[2327556] Skipping (exists): c_11401502_12_24000_4bd_2023
[2327556] Skipping (exists): c_11431502_12_24000_4bd_2023
[2327556] Skipping (exists): c_11461502_12_24000_4bd_2023
[2327556] Skipping (exists): c_11491502_12_24000_4bd_2023
[2327556] Skipping (exists): c_11521502_12_24000_4bd_2023
[2327556] Skipping (exists): c_11551502_12_24000_4bd_2023
[2327556] Skipping (exists): c_11581502_12_24000_4bd_2023
[2327556] Skipping (exists): c_11611502_12_24000_4bd_2023
[2327556] Skipping (exists): c_11641502_12_24000_4bd_2023
[2327556] Skipping (exists): c_11671502_12_24000_4bd_2023
[2327556] Skipping (exists): c_11701502_12_24000_4bd_2023
[2327556] Skipping (exists): c_11731502_12_24000_4bd_2023
[2327556] Skipping (exists): c_11221504_12_24000_4bd_2023
[2327556] Skipping (exists): c_11251504_12_24000_4bd_2023
[2327556] Skipping (exists): c_11281504_12_24000_4bd_2023
[2327556] Skipping (exists): c_11311504_12_24000_4bd_2023
[2327556] Skipping (exists): c_11341504_12_24000_4bd_2023
[2327556] Skipping (exists): c_11371504_12_24000_4bd_2023
[2327556] Skipping (exists): c_11401504_12_24000_4bd_2023
[2327556] Skipping (exists): c_11431504_12_24000_4bd_2023
[2327556] Skipping (exists): c_11461504_12_24000_4bd_2023
[2327556] Skipping (exists): c_11491504_12_24000_4bd_2023
[2327556] Skipping (exists): c_11521504_12_24000_4bd_2023
[2327556] Skipping (exists): c_11551504_12_24000_4bd_2023
[2327556] Skipping (exists): c_11581504_12_24000_4bd_2023
[2327556] Skipping (exists): c_11611504_12_24000_4bd_2023
[2327556] Skipping (exists): c_11641504_12_24000_4bd_2023
[2327556] Skipping (exists): c_11671504_12_24000_4bd_2023
[2327556] Skipping (exists): c_11701504_12_24000_4bd_2023
[2327556] Skipping (exists): c_11731504_12_24000_4bd_2023
[2327556] Skipping (exists): c_11251506_12_24000_4bd_2023
[2327556] Skipping (exists): c_11281506_12_24000_4bd_2023
[2327556] Skipping (exists): c_11311506_12_24000_4bd_2023
[2327556] Skipping (exists): c_11341506_12_24000_4bd_2023
[2327556] Skipping (exists): c_11371506_12_24000_4bd_2023
[2327556] Skipping (exists): c_11401506_12_24000_4bd_2023
[2327556] Skipping (exists): c_11431506_12_24000_4bd_2023
[2327556] Skipping (exists): c_11461506_12_24000_4bd_2023
[2327556] Skipping (exists): c_11491506_12_24000_4bd_2023
[2327556] Skipping (exists): c_11521506_12_24000_4bd_2023
[2327556] Skipping (exists): c_11551506_12_24000_4bd_2023
[2327556] Skipping (exists): c_11581506_12_24000_4bd_2023
[2327556] Skipping (exists): c_11611506_12_24000_4bd_2023
[2327556] Skipping (exists): c_11071508_12_24000_4bd_2023
[2327556] Skipping (exists): c_11251508_12_24000_4bd_2023
[2327556] Skipping (exists): c_11281508_12_24000_4bd_2023
[2327556] Skipping (exists): c_11311508_12_24000_4bd_2023
[2327556] Skipping (exists): c_11341508_12_24000_4bd_2023
[2327556] Skipping (exists): c_11371508_12_24000_4bd_2023
[2327556] Skipping (exists): c_11401508_12_24000_4bd_2023
[2327556] Skipping (exists): c_11431508_12_24000_4bd_2023
[2327556] Skipping (exists): c_11461508_12_24000_4bd_2023
[2327556] Skipping (exists): c_11491508_12_24000_4bd_2023
[2327556] Skipping (exists): c_11521508_12_24000_4bd_2023
[2327556] Skipping (exists): c_11551508_12_24000_4bd_2023
[2327556] Skipping (exists): c_11581508_12_24000_4bd_2023
[2327556] Skipping (exists): c_11611508_12_24000_4bd_2023
[2327556] Skipping (exists): c_11071510_12_24000_4bd_2023
[2327556] Skipping (exists): c_11101510_12_24000_4bd_2023
[2327556] Skipping (exists): c_11131510_12_24000_4bd_2023
[2327556] Skipping (exists): c_11251510_12_24000_4bd_2023
[2327556] Skipping (exists): c_11281510_12_24000_4bd_2023
[2327556] Skipping (exists): c_11311510_12_24000_4bd_2023
[2327556] Skipping (exists): c_11341510_12_24000_4bd_2023
[2327556] Skipping (exists): c_11371510_12_24000_4bd_2023
[2327556] Skipping (exists): c_11401510_12_24000_4bd_2023
[2327556] Skipping (exists): c_11431510_12_24000_4bd_2023
[2327556] Skipping (exists): c_11461510_12_24000_4bd_2023
[2327556] Skipping (exists): c_11491510_12_24000_4bd_2023
[2327556] Skipping (exists): c_11521510_12_24000_4bd_2023
[2327556] Skipping (exists): c_11551510_12_24000_4bd_2023
[2327556] Skipping (exists): c_11071512_12_24000_4bd_2023
[2327556] Skipping (exists): c_11101512_12_24000_4bd_2023
[2327556] Skipping (exists): c_11131512_12_24000_4bd_2023
[2327556] Skipping (exists): c_11161512_12_24000_4bd_2023
[2327556] Skipping (exists): c_11221512_12_24000_4bd_2023
[2327556] Skipping (exists): c_11251512_12_24000_4bd_2023
[2327556] Skipping (exists): c_11281512_12_24000_4bd_2023
[2327556] Skipping (exists): c_11311512_12_24000_4bd_2023
[2327556] Skipping (exists): c_11341512_12_24000_4bd_2023
[2327556] Skipping (exists): c_11371512_12_24000_4bd_2023
[2327556] Skipping (exists): c_11401512_12_24000_4bd_2023
[2327556] Skipping (exists): c_11431512_12_24000_4bd_2023
[2327556] Skipping (exists): c_11461512_12_24000_4bd_2023
[2327556] Skipping (exists): c_11491512_12_24000_4bd_2023
[2327556] Skipping (exists): c_11521512_12_24000_4bd_2023
[2327556] Skipping (exists): c_11551512_12_24000_4bd_2023
[2327556] Skipping (exists): c_11071514_12_24000_4bd_2023
[2327556] Skipping (exists): c_11101514_12_24000_4bd_2023
[2327556] Skipping (exists): c_11131514_12_24000_4bd_2023
[2327556] Skipping (exists): c_11161514_12_24000_4bd_2023
[2327556] Skipping (exists): c_11221514_12_24000_4bd_2023
[2327556] Skipping (exists): c_11251514_12_24000_4bd_2023
[2327556] Skipping (exists): c_11281514_12_24000_4bd_2023
[2327556] Skipping (exists): c_11311514_12_24000_4bd_2023
[2327556] Skipping (exists): c_11341514_12_24000_4bd_2023
[2327556] Skipping (exists): c_11371514_12_24000_4bd_2023
[2327556] Skipping (exists): c_11401514_12_24000_4bd_2023
[2327556] Skipping (exists): c_11431514_12_24000_4bd_2023
[2327556] Skipping (exists): c_11461514_12_24000_4bd_2023
[2327556] Skipping (exists): c_11101516_12_24000_4bd_2023
[2327556] Skipping (exists): c_11131516_12_24000_4bd_2023
[2327556] Skipping (exists): c_11161516_12_24000_4bd_2023
[2327556] Skipping (exists): c_11191516_12_24000_4bd_2023
[2327556] Skipping (exists): c_11221516_12_24000_4bd_2023
[2327556] Skipping (exists): c_11251516_12_24000_4bd_2023
[2327556] Skipping (exists): c_11281516_12_24000_4bd_2023
[2327556] Skipping (exists): c_11311516_12_24000_4bd_2023
[2327556] Skipping (exists): c_11341516_12_24000_4bd_2023
[2327556] Skipping (exists): c_11371516_12_24000_4bd_2023
[2327556] Skipping (exists): c_11401516_12_24000_4bd_2023
[2327556] Skipping (exists): c_11431516_12_24000_4bd_2023
[2327556] Skipping (exists): c_11461516_12_24000_4bd_2023
[2327556] Skipping (exists): c_11131518_12_24000_4bd_2023
[2327556] Skipping (exists): c_11161518_12_24000_4bd_2023
[2327556] Skipping (exists): c_11191518_12_24000_4bd_2023
[2327556] Skipping (exists): c_11221518_12_24000_4bd_2023
[2327556] Skipping (exists): c_11251518_12_24000_4bd_2023
[2327556] Skipping (exists): c_11281518_12_24000_4bd_2023
[2327556] Skipping (exists): c_11311518_12_24000_4bd_2023
[2327556] Skipping (exists): c_11341518_12_24000_4bd_2023
[2327556] Skipping (exists): c_11371518_12_24000_4bd_2023
[2327556] Skipping (exists): c_11401518_12_24000_4bd_2023
[2327556] Skipping (exists): c_11431518_12_24000_4bd_2023
[2327556] Skipping (exists): c_11161520_12_24000_4bd_2023
[2327556] Skipping (exists): c_11191520_12_24000_4bd_2023
[2327556] Skipping (exists): c_11221520_12_24000_4bd_2023
[2327556] Skipping (exists): c_11251520_12_24000_4bd_2023
[2327556] Skipping (exists): c_11281520_12_24000_4bd_2023
[2327556] Skipping (exists): c_11311520_12_24000_4bd_2023
[2327556] Skipping (exists): c_11341520_12_24000_4bd_2023
[2327556] Skipping (exists): c_11371520_12_24000_4bd_2023
[2327556] Skipping (exists): c_11401520_12_24000_4bd_2023
[2327556] Skipping (exists): c_11431520_12_24000_4bd_2023
[2327556] Skipping (exists): c_11191522_12_24000_4bd_2023
[2327556] Skipping (exists): c_11221522_12_24000_4bd_2023
[2327556] Skipping (exists): c_11251522_12_24000_4bd_2023
[2327556] Skipping (exists): c_11281522_12_24000_4bd_2023
[2327556] Skipping (exists): c_11311522_12_24000_4bd_2023
[2327556] Skipping (exists): c_11341522_12_24000_4bd_2023
[2327556] Skipping (exists): c_11371522_12_24000_4bd_2023
[2327556] Skipping (exists): c_11221524_12_24000_4bd_2023
[2327556] Skipping (exists): c_11251524_12_24000_4bd_2023
[2327556] Skipping (exists): c_11281524_12_24000_4bd_2023
[2327556] Skipping (exists): c_11311524_12_24000_4bd_2023
[2327556] Skipping (exists): c_11341524_12_24000_4bd_2023
[2327556] Skipping (exists): c_11371524_12_24000_4bd_2023
[2327556] Skipping (exists): c_11251526_12_24000_4bd_2023
[2327556] Skipping (exists): c_11281526_12_24000_4bd_2023
[2327556] Skipping (exists): c_11311526_12_24000_4bd_2023
[2327556] Skipping (exists): c_11281528_12_24000_4bd_2023
[2327556] Skipping (exists): c_11311528_12_24000_4bd_2023
[2327556] Skipping (exists): e_03421880_12_19000_4bd_2022
[2327556] Skipping (exists): e_03451880_12_19000_4bd_2022
[2327556] Skipping (exists): e_03421882_12_19000_4bd_2022
[2327556] Skipping (exists): e_03451882_12_19000_4bd_2022
[2327556] Skipping (exists): e_03481882_12_19000_4bd_2022
[2327556] Skipping (exists): e_03421884_12_19000_4bd_2022
[2327556] Skipping (exists): e_03451884_12_19000_4bd_2022
[2327556] Skipping (exists): e_03481884_12_19000_4bd_2022
[2327556] Skipping (exists): e_03421886_12_19000_4bd_2022
[2327556] Skipping (exists): e_03451886_12_19000_4bd_2022
[2327556] Skipping (exists): e_03481886_12_19000_4bd_2022
[2327556] Skipping (exists): e_03511886_12_19000_4bd_2022
[2327556] Skipping (exists): e_03421888_12_19000_4bd_2022
[2327556] Skipping (exists): e_03451888_12_19000_4bd_2022
[2327556] Skipping (exists): e_03481888_12_19000_4bd_2022
[2327556] Skipping (exists): e_03511888_12_19000_4bd_2022
[2327556] Skipping (exists): e_03541888_12_19000_4bd_2022
[2327556] Skipping (exists): e_03301890_12_19000_4bd_2022
[2327556] Skipping (exists): e_03331890_12_19000_4bd_2022
[2327556] Skipping (exists): e_03361890_12_19000_4bd_2022
[2327556] Skipping (exists): e_03391890_12_19000_4bd_2022
[2327556] Skipping (exists): e_03421890_12_19000_4bd_2022
[2327556] Skipping (exists): e_03451890_12_19000_4bd_2022
[2327556] Skipping (exists): e_03481890_12_19000_4bd_2022
[2327556] Skipping (exists): e_03511890_12_19000_4bd_2022
[2327556] Skipping (exists): e_03541890_12_19000_4bd_2022
[2327556] Skipping (exists): e_03301892_12_19000_4bd_2022
[2327556] Skipping (exists): e_03331892_12_19000_4bd_2022
[2327556] Skipping (exists): e_03361892_12_19000_4bd_2022
[2327556] Skipping (exists): e_03391892_12_19000_4bd_2022
[2327556] Skipping (exists): e_03421892_12_19000_4bd_2022
[2327556] Skipping (exists): e_03451892_12_19000_4bd_2022
[2327556] Skipping (exists): e_03481892_12_19000_4bd_2022
[2327556] Skipping (exists): e_03511892_12_19000_4bd_2022
[2327556] Skipping (exists): e_03541892_12_19000_4bd_2022
[2327556] Skipping (exists): e_03241894_12_19000_4bd_2022
[2327556] Skipping (exists): e_03271894_12_19000_4bd_2022
[2327556] Skipping (exists): e_03301894_12_19000_4bd_2022
[2327556] Skipping (exists): e_03331894_12_19000_4bd_2022
[2327556] Skipping (exists): e_03361894_12_19000_4bd_2022
[2327556] Skipping (exists): e_03391894_12_19000_4bd_2022
[2327556] Skipping (exists): e_03421894_12_19000_4bd_2022
[2327556] Skipping (exists): e_03451894_12_19000_4bd_2022
[2327556] Skipping (exists): e_03481894_12_19000_4bd_2022
[2327556] Skipping (exists): e_03511894_12_19000_4bd_2022
[2327556] Skipping (exists): e_03541894_12_19000_4bd_2022
[2327556] Skipping (exists): e_03571894_12_19000_4bd_2022
[2327556] Skipping (exists): e_03211896_12_19000_4bd_2022
[2327556] Skipping (exists): e_03241896_12_19000_4bd_2022
[2327556] Skipping (exists): e_03271896_12_19000_4bd_2022
[2327556] Skipping (exists): e_03301896_12_19000_4bd_2022
[2327556] Skipping (exists): e_03331896_12_19000_4bd_2022
[2327556] Skipping (exists): e_03361896_12_19000_4bd_2022
[2327556] Skipping (exists): e_03391896_12_19000_4bd_2022
[2327556] Skipping (exists): e_03421896_12_19000_4bd_2022
[2327556] Skipping (exists): e_03451896_12_19000_4bd_2022
[2327556] Skipping (exists): e_03481896_12_19000_4bd_2022
[2327556] Skipping (exists): e_03511896_12_19000_4bd_2022
[2327556] Skipping (exists): e_03541896_12_19000_4bd_2022
[2327556] Skipping (exists): e_03571896_12_19000_4bd_2022
[2327556] Skipping (exists): e_03211898_12_19000_4bd_2022
[2327556] Skipping (exists): e_03241898_12_19000_4bd_2022
[2327556] Skipping (exists): e_03271898_12_19000_4bd_2022
[2327556] Skipping (exists): e_03301898_12_19000_4bd_2022
[2327556] Skipping (exists): e_03331898_12_19000_4bd_2022
[2327556] Skipping (exists): e_03361898_12_19000_4bd_2022
[2327556] Skipping (exists): e_03391898_12_19000_4bd_2022
[2327556] Skipping (exists): e_03421898_12_19000_4bd_2022
[2327556] Skipping (exists): e_03451898_12_19000_4bd_2022
[2327556] Skipping (exists): e_03481898_12_19000_4bd_2022
[2327556] Skipping (exists): e_03511898_12_19000_4bd_2022
[2327556] Skipping (exists): e_03211900_12_19000_4bd_2022
[2327556] Skipping (exists): e_03241900_12_19000_4bd_2022
[2327556] Skipping (exists): e_03271900_12_19000_4bd_2022
[2327556] Skipping (exists): e_03301900_12_19000_4bd_2022
[2327556] Skipping (exists): e_03331900_12_19000_4bd_2022
[2327556] Skipping (exists): e_03361900_12_19000_4bd_2022
[2327556] Skipping (exists): e_03391900_12_19000_4bd_2022
[2327556] Skipping (exists): e_03421900_12_19000_4bd_2022
[2327556] Skipping (exists): e_03451900_12_19000_4bd_2022
[2327556] Skipping (exists): e_03481900_12_19000_4bd_2022
[2327556] Skipping (exists): e_03181902_12_19000_4bd_2022
[2327556] Skipping (exists): e_03211902_12_19000_4bd_2022
[2327556] Skipping (exists): e_03241902_12_19000_4bd_2022
[2327556] Skipping (exists): e_03271902_12_19000_4bd_2022
[2327556] Skipping (exists): e_03301902_12_19000_4bd_2022
[2327556] Skipping (exists): e_03331902_12_19000_4bd_2022
[2327556] Skipping (exists): e_03181904_12_19000_4bd_2022
[2327556] Skipping (exists): e_03211904_12_19000_4bd_2022
[2327556] Skipping (exists): e_03241904_12_19000_4bd_2022
[2327556] Skipping (exists): e_03271904_12_19000_4bd_2022
[2327556] Skipping (exists): e_03301904_12_19000_4bd_2022
[2327556] Skipping (exists): e_03331904_12_19000_4bd_2022
[2327556] Skipping (exists): e_03181906_12_19000_4bd_2022
[2327556] Skipping (exists): e_03211906_12_19000_4bd_2022
[2327556] Skipping (exists): e_03241906_12_19000_4bd_2022
[2327556] Skipping (exists): e_03271906_12_19000_4bd_2022
[2327556] Skipping (exists): e_03301906_12_19000_4bd_2022
[2327556] Skipping (exists): e_03181908_12_19000_4bd_2022
[2327556] Skipping (exists): e_03211908_12_19000_4bd_2022
[2327556] Skipping (exists): e_03241908_12_19000_4bd_2022
[2327556] Skipping (exists): e_03271908_12_19000_4bd_2022
[2327556] Skipping (exists): e_03181910_12_19000_4bd_2022
[2327556] Skipping (exists): e_03211910_12_19000_4bd_2022
[2327556] Skipping (exists): e_03241910_12_19000_4bd_2022
[2327556] Skipping (exists): e_03181912_12_19000_4bd_2022
[2327556] Skipping (exists): e_03211912_12_19000_4bd_2022

=== Done. 1416/1416 tiles processed. Imagery written to: Data/Ortho/Tiles ===
          used (Mb) gc trigger  (Mb) max used  (Mb)
Ncells 1611543 86.1    2867611 153.2  2867611 153.2
Vcells 2407182 18.4   12126898  92.6 12055272  92.0
