Using libcurl 7.76.1 with OpenSSL/3.2.2
Linking to GEOS 3.13.1, GDAL 3.5.1, PROJ 8.2.0; sf_use_s2() is TRUE
WARNING: different compile-time and runtime versions for GEOS found:
Linked against: 3.13.1-CAPI-1.19.2 compiled against: 3.11.0-CAPI-1.17.0
It is probably a good idea to reinstall sf (and maybe lwgeom too)

Attaching package: ‘dplyr’

The following objects are masked from ‘package:stats’:

    filter, lag

The following objects are masked from ‘package:base’:

    intersect, setdiff, setequal, union

terra 1.9.27
WARNING: different compile-time and run-time versions of GEOS
Compiled with:3.11.0-CAPI-1.17.0
 Running with:3.13.1-CAPI-1.19.2

You should reinstall package 'terra'

=== NYS Orthoimagery Download Pipeline ===
  GPKG:     Data/NY_HUCS/NY_Cluster_Zones_250_CROP_NAomit_6347.gpkg
  Cluster:  92
  Year:     2024
  Bands:    4bd
  Output:   Data/Ortho/Tiles
  Workers:  1
  HUC12s in cluster: 6

Querying ortho tile indexes...
  Index years available for '4bd': 2008, 2009, 2010, 2011, 2012, 2013, 2014, 2015, 2016, 2017, 2018, 2020, 2021, 2022, 2023, 2024, 2025
  Querying year 2024 ...
  Matching index layers: ind24l_half_ft_4bd_nyc, ind24w_half_ft_4bd, ind24w_one_ft_4bd, ind24e_one_ft_4bd, ind24e_half_ft_4bd
  NOTE: source tiles span multiple native resolutions (half_ft, one_ft); all will be resampled to 1 m.
  Querying year 2025 ...
  Matching index layers: ind25e_one_ft_4bd, ind25e_half_ft_4bd, ind25c_half_ft_4bd, ind25c_one_ft_4bd
  NOTE: source tiles span multiple native resolutions (one_ft, half_ft); all will be resampled to 1 m.
    layer 1: 1771 bbox hits
  Year 2025: 1100 tiles selected
  Years selected: 2025
Unique full-size tiles to process: 1100
[2317874] Skipping (exists): e_06090928_06_12600_4bd_2025
[2317874] Skipping (exists): e_06120928_06_12600_4bd_2025
[2317874] Skipping (exists): e_05910930_06_12600_4bd_2025
[2317874] Skipping (exists): e_05940930_06_12600_4bd_2025
[2317874] Skipping (exists): e_06060930_06_12600_4bd_2025
[2317874] Skipping (exists): e_06090930_06_12600_4bd_2025
[2317874] Skipping (exists): e_06120930_06_12600_4bd_2025
[2317874] Skipping (exists): e_06210930_06_12600_4bd_2025
[2317874] Skipping (exists): e_06240930_06_12600_4bd_2025
[2317874] Skipping (exists): e_05910932_06_12600_4bd_2025
[2317874] Skipping (exists): e_05940932_06_12600_4bd_2025
[2317874] Skipping (exists): e_05970932_06_12600_4bd_2025
[2317874] Skipping (exists): e_06060932_06_12600_4bd_2025
[2317874] Skipping (exists): e_06090932_06_12600_4bd_2025
[2317874] Skipping (exists): e_06120932_06_12600_4bd_2025
[2317874] Skipping (exists): e_06150932_06_12600_4bd_2025
[2317874] Skipping (exists): e_06180932_06_12600_4bd_2025
[2317874] Skipping (exists): e_06210932_06_12600_4bd_2025
[2317874] Skipping (exists): e_06240932_06_12600_4bd_2025
[2317874] Skipping (exists): e_05910934_06_12600_4bd_2025
[2317874] Skipping (exists): e_05940934_06_12600_4bd_2025
[2317874] Skipping (exists): e_05970934_06_12600_4bd_2025
[2317874] Skipping (exists): e_06090934_06_12600_4bd_2025
[2317874] Skipping (exists): e_06120934_06_12600_4bd_2025
[2317874] Skipping (exists): e_06150934_06_12600_4bd_2025
[2317874] Skipping (exists): e_06180934_06_12600_4bd_2025
[2317874] Skipping (exists): e_06210934_06_12600_4bd_2025
[2317874] Skipping (exists): e_06240934_06_12600_4bd_2025
[2317874] Skipping (exists): e_06270934_06_12600_4bd_2025
[2317874] Skipping (exists): e_05880936_06_12600_4bd_2025
[2317874] Skipping (exists): e_05910936_06_12600_4bd_2025
[2317874] Skipping (exists): e_05940936_06_12600_4bd_2025
[2317874] Skipping (exists): e_05970936_06_12600_4bd_2025
[2317874] Skipping (exists): e_06000936_06_12600_4bd_2025
[2317874] Skipping (exists): e_06060936_06_12600_4bd_2025
[2317874] Skipping (exists): e_06090936_06_12600_4bd_2025
[2317874] Skipping (exists): e_06120936_06_12600_4bd_2025
[2317874] Skipping (exists): e_06150936_06_12600_4bd_2025
[2317874] Skipping (exists): e_06180936_06_12600_4bd_2025
[2317874] Skipping (exists): e_06210936_06_12600_4bd_2025
[2317874] Skipping (exists): e_06240936_06_12600_4bd_2025
[2317874] Skipping (exists): e_06270936_06_12600_4bd_2025
[2317874] Skipping (exists): e_06300936_06_12600_4bd_2025
[2317874] Skipping (exists): e_05880938_06_12600_4bd_2025
[2317874] Skipping (exists): e_05910938_06_12600_4bd_2025
[2317874] Skipping (exists): e_05940938_06_12600_4bd_2025
[2317874] Skipping (exists): e_05970938_06_12600_4bd_2025
[2317874] Skipping (exists): e_06000938_06_12600_4bd_2025
[2317874] Skipping (exists): e_06030938_06_12600_4bd_2025
[2317874] Skipping (exists): e_06060938_06_12600_4bd_2025
[2317874] Skipping (exists): e_06090938_06_12600_4bd_2025
[2317874] Skipping (exists): e_06120938_06_12600_4bd_2025
[2317874] Skipping (exists): e_06150938_06_12600_4bd_2025
[2317874] Skipping (exists): e_06180938_06_12600_4bd_2025
[2317874] Skipping (exists): e_06210938_06_12600_4bd_2025
[2317874] Skipping (exists): e_06240938_06_12600_4bd_2025
[2317874] Skipping (exists): e_06270938_06_12600_4bd_2025
[2317874] Skipping (exists): e_06300938_06_12600_4bd_2025
[2317874] Skipping (exists): e_06330938_06_12600_4bd_2025
[2317874] Skipping (exists): e_06360938_06_12600_4bd_2025
[2317874] Skipping (exists): e_05910940_06_12600_4bd_2025
[2317874] Skipping (exists): e_05940940_06_12600_4bd_2025
[2317874] Skipping (exists): e_05970940_06_12600_4bd_2025
[2317874] Skipping (exists): e_06000940_06_12600_4bd_2025
[2317874] Skipping (exists): e_06030940_06_12600_4bd_2025
[2317874] Skipping (exists): e_06060940_06_12600_4bd_2025
[2317874] Skipping (exists): e_06090940_06_12600_4bd_2025
[2317874] Skipping (exists): e_06120940_06_12600_4bd_2025
[2317874] Skipping (exists): e_06150940_06_12600_4bd_2025
[2317874] Skipping (exists): e_06180940_06_12600_4bd_2025
[2317874] Skipping (exists): e_06210940_06_12600_4bd_2025
[2317874] Skipping (exists): e_06240940_06_12600_4bd_2025
[2317874] Skipping (exists): e_06270940_06_12600_4bd_2025
[2317874] Skipping (exists): e_06300940_06_12600_4bd_2025
[2317874] Skipping (exists): e_06330940_06_12600_4bd_2025
[2317874] Skipping (exists): e_06360940_06_12600_4bd_2025
[2317874] Skipping (exists): e_06390940_06_12600_4bd_2025
[2317874] Skipping (exists): e_05940942_06_12600_4bd_2025
[2317874] Skipping (exists): e_05970942_06_12600_4bd_2025
[2317874] Skipping (exists): e_06000942_06_12600_4bd_2025
[2317874] Skipping (exists): e_06030942_06_12600_4bd_2025
[2317874] Skipping (exists): e_06060942_06_12600_4bd_2025
[2317874] Skipping (exists): e_06090942_06_12600_4bd_2025
[2317874] Skipping (exists): e_06120942_06_12600_4bd_2025
[2317874] Skipping (exists): e_06150942_06_12600_4bd_2025
[2317874] Skipping (exists): e_06180942_06_12600_4bd_2025
[2317874] Skipping (exists): e_06210942_06_12600_4bd_2025
[2317874] Skipping (exists): e_06240942_06_12600_4bd_2025
[2317874] Skipping (exists): e_06270942_06_12600_4bd_2025
[2317874] Skipping (exists): e_06300942_06_12600_4bd_2025
[2317874] Skipping (exists): e_06330942_06_12600_4bd_2025
[2317874] Skipping (exists): e_06360942_06_12600_4bd_2025
[2317874] Skipping (exists): e_06390942_06_12600_4bd_2025
[2317874] Skipping (exists): e_06420942_06_12600_4bd_2025
[2317874] Skipping (exists): e_06630942_06_12600_4bd_2025
[2317874] Skipping (exists): e_05940944_06_12600_4bd_2025
[2317874] Skipping (exists): e_05970944_06_12600_4bd_2025
[2317874] Skipping (exists): e_06000944_06_12600_4bd_2025
[2317874] Skipping (exists): e_06030944_06_12600_4bd_2025
[2317874] Skipping (exists): e_06060944_06_12600_4bd_2025
[2317874] Skipping (exists): e_06090944_06_12600_4bd_2025
[2317874] Skipping (exists): e_06120944_06_12600_4bd_2025
[2317874] Skipping (exists): e_06150944_06_12600_4bd_2025
[2317874] Skipping (exists): e_06180944_06_12600_4bd_2025
[2317874] Skipping (exists): e_06210944_06_12600_4bd_2025
[2317874] Skipping (exists): e_06240944_06_12600_4bd_2025
[2317874] Skipping (exists): e_06270944_06_12600_4bd_2025
[2317874] Skipping (exists): e_06300944_06_12600_4bd_2025
[2317874] Skipping (exists): e_06330944_06_12600_4bd_2025
[2317874] Skipping (exists): e_06360944_06_12600_4bd_2025
[2317874] Skipping (exists): e_06390944_06_12600_4bd_2025
[2317874] Skipping (exists): e_06420944_06_12600_4bd_2025
[2317874] Skipping (exists): e_06600944_06_12600_4bd_2025
[2317874] Skipping (exists): e_06630944_06_12600_4bd_2025
[2317874] Skipping (exists): e_05910946_06_12600_4bd_2025
[2317874] Skipping (exists): e_05940946_06_12600_4bd_2025
[2317874] Skipping (exists): e_05970946_06_12600_4bd_2025
[2317874] Skipping (exists): e_06000946_06_12600_4bd_2025
[2317874] Skipping (exists): e_06030946_06_12600_4bd_2025
[2317874] Skipping (exists): e_06060946_06_12600_4bd_2025
[2317874] Skipping (exists): e_06090946_06_12600_4bd_2025
[2317874] Skipping (exists): e_06120946_06_12600_4bd_2025
[2317874] Skipping (exists): e_06150946_06_12600_4bd_2025
[2317874] Skipping (exists): e_06180946_06_12600_4bd_2025
[2317874] Skipping (exists): e_06210946_06_12600_4bd_2025
[2317874] Skipping (exists): e_06240946_06_12600_4bd_2025
[2317874] Skipping (exists): e_06270946_06_12600_4bd_2025
[2317874] Skipping (exists): e_06300946_06_12600_4bd_2025
[2317874] Skipping (exists): e_06330946_06_12600_4bd_2025
[2317874] Skipping (exists): e_06360946_06_12600_4bd_2025
[2317874] Skipping (exists): e_06390946_06_12600_4bd_2025
[2317874] Skipping (exists): e_06510946_06_12600_4bd_2025
[2317874] Skipping (exists): e_06540946_06_12600_4bd_2025
[2317874] Skipping (exists): e_06570946_06_12600_4bd_2025
[2317874] Skipping (exists): e_06600946_06_12600_4bd_2025
[2317874] Skipping (exists): e_06630946_06_12600_4bd_2025
[2317874] Skipping (exists): e_06660946_06_12600_4bd_2025
[2317874] Skipping (exists): e_05880948_06_12600_4bd_2025
[2317874] Skipping (exists): e_05910948_06_12600_4bd_2025
[2317874] Skipping (exists): e_05940948_06_12600_4bd_2025
[2317874] Skipping (exists): e_05970948_06_12600_4bd_2025
[2317874] Skipping (exists): e_06000948_06_12600_4bd_2025
[2317874] Skipping (exists): e_06030948_06_12600_4bd_2025
[2317874] Skipping (exists): e_06060948_06_12600_4bd_2025
[2317874] Skipping (exists): e_06090948_06_12600_4bd_2025
[2317874] Skipping (exists): e_06120948_06_12600_4bd_2025
[2317874] Skipping (exists): e_06150948_06_12600_4bd_2025
[2317874] Skipping (exists): e_06180948_06_12600_4bd_2025
[2317874] Skipping (exists): e_06210948_06_12600_4bd_2025
[2317874] Skipping (exists): e_06240948_06_12600_4bd_2025
[2317874] Skipping (exists): e_06270948_06_12600_4bd_2025
[2317874] Skipping (exists): e_06300948_06_12600_4bd_2025
[2317874] Skipping (exists): e_06330948_06_12600_4bd_2025
[2317874] Skipping (exists): e_06360948_06_12600_4bd_2025
[2317874] Skipping (exists): e_06390948_06_12600_4bd_2025
[2317874] Skipping (exists): e_06510948_06_12600_4bd_2025
[2317874] Skipping (exists): e_06540948_06_12600_4bd_2025
[2317874] Skipping (exists): e_06570948_06_12600_4bd_2025
[2317874] Skipping (exists): e_06600948_06_12600_4bd_2025
[2317874] Skipping (exists): e_06630948_06_12600_4bd_2025
[2317874] Skipping (exists): e_05880950_06_12600_4bd_2025
[2317874] Skipping (exists): e_05910950_06_12600_4bd_2025
[2317874] Skipping (exists): e_05940950_06_12600_4bd_2025
[2317874] Skipping (exists): e_05970950_06_12600_4bd_2025
[2317874] Skipping (exists): e_06000950_06_12600_4bd_2025
[2317874] Skipping (exists): e_06030950_06_12600_4bd_2025
[2317874] Skipping (exists): e_06060950_06_12600_4bd_2025
[2317874] Skipping (exists): e_06090950_06_12600_4bd_2025
[2317874] Skipping (exists): e_06120950_06_12600_4bd_2025
[2317874] Skipping (exists): e_06150950_06_12600_4bd_2025
[2317874] Skipping (exists): e_06180950_06_12600_4bd_2025
[2317874] Skipping (exists): e_06210950_06_12600_4bd_2025
[2317874] Skipping (exists): e_06240950_06_12600_4bd_2025
[2317874] Skipping (exists): e_06270950_06_12600_4bd_2025
[2317874] Skipping (exists): e_06300950_06_12600_4bd_2025
[2317874] Skipping (exists): e_06330950_06_12600_4bd_2025
[2317874] Skipping (exists): e_06360950_06_12600_4bd_2025
[2317874] Skipping (exists): e_06390950_06_12600_4bd_2025
[2317874] Skipping (exists): e_06420950_06_12600_4bd_2025
[2317874] Skipping (exists): e_06510950_06_12600_4bd_2025
[2317874] Skipping (exists): e_06540950_06_12600_4bd_2025
[2317874] Skipping (exists): e_06570950_06_12600_4bd_2025
[2317874] Skipping (exists): e_06600950_06_12600_4bd_2025
[2317874] Skipping (exists): e_06630950_06_12600_4bd_2025
[2317874] Skipping (exists): e_06660950_06_12600_4bd_2025
[2317874] Skipping (exists): e_05880952_06_12600_4bd_2025
[2317874] Skipping (exists): e_05910952_06_12600_4bd_2025
[2317874] Skipping (exists): e_05940952_06_12600_4bd_2025
[2317874] Skipping (exists): e_05970952_06_12600_4bd_2025
[2317874] Skipping (exists): e_06000952_06_12600_4bd_2025
[2317874] Skipping (exists): e_06030952_06_12600_4bd_2025
[2317874] Skipping (exists): e_06060952_06_12600_4bd_2025
[2317874] Skipping (exists): e_06090952_06_12600_4bd_2025
[2317874] Skipping (exists): e_06120952_06_12600_4bd_2025
[2317874] Skipping (exists): e_06150952_06_12600_4bd_2025
[2317874] Skipping (exists): e_06180952_06_12600_4bd_2025
[2317874] Skipping (exists): e_06210952_06_12600_4bd_2025
[2317874] Skipping (exists): e_06240952_06_12600_4bd_2025
[2317874] Skipping (exists): e_06270952_06_12600_4bd_2025
[2317874] Skipping (exists): e_06300952_06_12600_4bd_2025
[2317874] Skipping (exists): e_06330952_06_12600_4bd_2025
[2317874] Skipping (exists): e_06360952_06_12600_4bd_2025
[2317874] Skipping (exists): e_06390952_06_12600_4bd_2025
[2317874] Skipping (exists): e_06420952_06_12600_4bd_2025
[2317874] Skipping (exists): e_06480952_06_12600_4bd_2025
[2317874] Skipping (exists): e_06510952_06_12600_4bd_2025
[2317874] Skipping (exists): e_06540952_06_12600_4bd_2025
[2317874] Skipping (exists): e_06570952_06_12600_4bd_2025
[2317874] Skipping (exists): e_06600952_06_12600_4bd_2025
[2317874] Skipping (exists): e_06630952_06_12600_4bd_2025
[2317874] Skipping (exists): e_06660952_06_12600_4bd_2025
[2317874] Skipping (exists): e_06690952_06_12600_4bd_2025
[2317874] Skipping (exists): e_05880954_06_12600_4bd_2025
[2317874] Skipping (exists): e_05910954_06_12600_4bd_2025
[2317874] Skipping (exists): e_05940954_06_12600_4bd_2025
[2317874] Skipping (exists): e_05970954_06_12600_4bd_2025
[2317874] Skipping (exists): e_06000954_06_12600_4bd_2025
[2317874] Skipping (exists): e_06030954_06_12600_4bd_2025
[2317874] Skipping (exists): e_06060954_06_12600_4bd_2025
[2317874] Skipping (exists): e_06090954_06_12600_4bd_2025
[2317874] Skipping (exists): e_06120954_06_12600_4bd_2025
[2317874] Skipping (exists): e_06150954_06_12600_4bd_2025
[2317874] Skipping (exists): e_06180954_06_12600_4bd_2025
[2317874] Skipping (exists): e_06210954_06_12600_4bd_2025
[2317874] Skipping (exists): e_06240954_06_12600_4bd_2025
[2317874] Skipping (exists): e_06270954_06_12600_4bd_2025
[2317874] Skipping (exists): e_06300954_06_12600_4bd_2025
[2317874] Skipping (exists): e_06330954_06_12600_4bd_2025
[2317874] Skipping (exists): e_06360954_06_12600_4bd_2025
[2317874] Skipping (exists): e_06390954_06_12600_4bd_2025
[2317874] Skipping (exists): e_06420954_06_12600_4bd_2025
[2317874] Skipping (exists): e_06480954_06_12600_4bd_2025
[2317874] Skipping (exists): e_06510954_06_12600_4bd_2025
[2317874] Skipping (exists): e_06540954_06_12600_4bd_2025
[2317874] Skipping (exists): e_06570954_06_12600_4bd_2025
[2317874] Skipping (exists): e_06600954_06_12600_4bd_2025
[2317874] Skipping (exists): e_06630954_06_12600_4bd_2025
[2317874] Skipping (exists): e_06660954_06_12600_4bd_2025
[2317874] Skipping (exists): e_06690954_06_12600_4bd_2025
[2317874] Skipping (exists): e_05880956_06_12600_4bd_2025
[2317874] Skipping (exists): e_05910956_06_12600_4bd_2025
[2317874] Skipping (exists): e_05940956_06_12600_4bd_2025
[2317874] Skipping (exists): e_05970956_06_12600_4bd_2025
[2317874] Skipping (exists): e_06000956_06_12600_4bd_2025
[2317874] Skipping (exists): e_06030956_06_12600_4bd_2025
[2317874] Skipping (exists): e_06060956_06_12600_4bd_2025
[2317874] Skipping (exists): e_06090956_06_12600_4bd_2025
[2317874] Skipping (exists): e_06120956_06_12600_4bd_2025
[2317874] Skipping (exists): e_06150956_06_12600_4bd_2025
[2317874] Skipping (exists): e_06180956_06_12600_4bd_2025
[2317874] Skipping (exists): e_06210956_06_12600_4bd_2025
[2317874] Skipping (exists): e_06240956_06_12600_4bd_2025
[2317874] Skipping (exists): e_06270956_06_12600_4bd_2025
[2317874] Skipping (exists): e_06300956_06_12600_4bd_2025
[2317874] Skipping (exists): e_06330956_06_12600_4bd_2025
[2317874] Skipping (exists): e_06360956_06_12600_4bd_2025
[2317874] Skipping (exists): e_06390956_06_12600_4bd_2025
[2317874] Skipping (exists): e_06420956_06_12600_4bd_2025
[2317874] Skipping (exists): e_06480956_06_12600_4bd_2025
[2317874] Skipping (exists): e_06510956_06_12600_4bd_2025
[2317874] Skipping (exists): e_06540956_06_12600_4bd_2025
[2317874] Skipping (exists): e_06570956_06_12600_4bd_2025
[2317874] Skipping (exists): e_06600956_06_12600_4bd_2025
[2317874] Skipping (exists): e_06630956_06_12600_4bd_2025
[2317874] Skipping (exists): e_06660956_06_12600_4bd_2025
[2317874] Skipping (exists): e_06690956_06_12600_4bd_2025
[2317874] Skipping (exists): e_06720956_06_12600_4bd_2025
[2317874] Skipping (exists): e_05880958_06_12600_4bd_2025
[2317874] Skipping (exists): e_05910958_06_12600_4bd_2025
[2317874] Skipping (exists): e_05940958_06_12600_4bd_2025
[2317874] Skipping (exists): e_05970958_06_12600_4bd_2025
[2317874] Skipping (exists): e_06000958_06_12600_4bd_2025
[2317874] Skipping (exists): e_06030958_06_12600_4bd_2025
[2317874] Skipping (exists): e_06060958_06_12600_4bd_2025
[2317874] Skipping (exists): e_06090958_06_12600_4bd_2025
[2317874] Skipping (exists): e_06120958_06_12600_4bd_2025
[2317874] Skipping (exists): e_06150958_06_12600_4bd_2025
[2317874] Skipping (exists): e_06180958_06_12600_4bd_2025
[2317874] Skipping (exists): e_06210958_06_12600_4bd_2025
[2317874] Skipping (exists): e_06240958_06_12600_4bd_2025
[2317874] Skipping (exists): e_06270958_06_12600_4bd_2025
[2317874] Skipping (exists): e_06300958_06_12600_4bd_2025
[2317874] Skipping (exists): e_06330958_06_12600_4bd_2025
[2317874] Skipping (exists): e_06360958_06_12600_4bd_2025
[2317874] Skipping (exists): e_06390958_06_12600_4bd_2025
[2317874] Skipping (exists): e_06420958_06_12600_4bd_2025
[2317874] Skipping (exists): e_06450958_06_12600_4bd_2025
[2317874] Skipping (exists): e_06480958_06_12600_4bd_2025
[2317874] Skipping (exists): e_06510958_06_12600_4bd_2025
[2317874] Skipping (exists): e_06540958_06_12600_4bd_2025
[2317874] Skipping (exists): e_06570958_06_12600_4bd_2025
[2317874] Skipping (exists): e_06600958_06_12600_4bd_2025
[2317874] Skipping (exists): e_06630958_06_12600_4bd_2025
[2317874] Skipping (exists): e_06660958_06_12600_4bd_2025
[2317874] Skipping (exists): e_06690958_06_12600_4bd_2025
[2317874] Skipping (exists): e_06720958_06_12600_4bd_2025
[2317874] Skipping (exists): e_05880960_06_12600_4bd_2025
[2317874] Skipping (exists): e_05910960_06_12600_4bd_2025
[2317874] Skipping (exists): e_05940960_06_12600_4bd_2025
[2317874] Skipping (exists): e_05970960_06_12600_4bd_2025
[2317874] Skipping (exists): e_06000960_06_12600_4bd_2025
[2317874] Skipping (exists): e_06030960_06_12600_4bd_2025
[2317874] Skipping (exists): e_06060960_06_12600_4bd_2025
[2317874] Skipping (exists): e_06090960_06_12600_4bd_2025
[2317874] Skipping (exists): e_06120960_06_12600_4bd_2025
[2317874] Skipping (exists): e_06150960_06_12600_4bd_2025
[2317874] Skipping (exists): e_06180960_06_12600_4bd_2025
[2317874] Skipping (exists): e_06210960_06_12600_4bd_2025
[2317874] Skipping (exists): e_06240960_06_12600_4bd_2025
[2317874] Skipping (exists): e_06270960_06_12600_4bd_2025
[2317874] Skipping (exists): e_06300960_06_12600_4bd_2025
[2317874] Skipping (exists): e_06330960_06_12600_4bd_2025
[2317874] Skipping (exists): e_06360960_06_12600_4bd_2025
[2317874] Skipping (exists): e_06390960_06_12600_4bd_2025
[2317874] Skipping (exists): e_06420960_06_12600_4bd_2025
[2317874] Skipping (exists): e_06450960_06_12600_4bd_2025
[2317874] Skipping (exists): e_06480960_06_12600_4bd_2025
[2317874] Skipping (exists): e_06510960_06_12600_4bd_2025
[2317874] Skipping (exists): e_06540960_06_12600_4bd_2025
[2317874] Skipping (exists): e_06570960_06_12600_4bd_2025
[2317874] Skipping (exists): e_06600960_06_12600_4bd_2025
[2317874] Skipping (exists): e_06630960_06_12600_4bd_2025
[2317874] Skipping (exists): e_06660960_06_12600_4bd_2025
[2317874] Skipping (exists): e_06690960_06_12600_4bd_2025
[2317874] Skipping (exists): e_06720960_06_12600_4bd_2025
[2317874] Skipping (exists): e_06750960_06_12600_4bd_2025
[2317874] Skipping (exists): e_05880962_06_12600_4bd_2025
[2317874] Skipping (exists): e_05910962_06_12600_4bd_2025
[2317874] Skipping (exists): e_05940962_06_12600_4bd_2025
[2317874] Skipping (exists): e_05970962_06_12600_4bd_2025
[2317874] Skipping (exists): e_06000962_06_12600_4bd_2025
[2317874] Skipping (exists): e_06030962_06_12600_4bd_2025
[2317874] Skipping (exists): e_06060962_06_12600_4bd_2025
[2317874] Skipping (exists): e_06090962_06_12600_4bd_2025
[2317874] Skipping (exists): e_06120962_06_12600_4bd_2025
[2317874] Skipping (exists): e_06150962_06_12600_4bd_2025
[2317874] Skipping (exists): e_06180962_06_12600_4bd_2025
[2317874] Skipping (exists): e_06210962_06_12600_4bd_2025
[2317874] Skipping (exists): e_06240962_06_12600_4bd_2025
[2317874] Skipping (exists): e_06270962_06_12600_4bd_2025
[2317874] Skipping (exists): e_06300962_06_12600_4bd_2025
[2317874] Skipping (exists): e_06330962_06_12600_4bd_2025
[2317874] Skipping (exists): e_06360962_06_12600_4bd_2025
[2317874] Skipping (exists): e_06390962_06_12600_4bd_2025
[2317874] Skipping (exists): e_06420962_06_12600_4bd_2025
[2317874] Skipping (exists): e_06450962_06_12600_4bd_2025
[2317874] Skipping (exists): e_06480962_06_12600_4bd_2025
[2317874] Skipping (exists): e_06510962_06_12600_4bd_2025
[2317874] Skipping (exists): e_06540962_06_12600_4bd_2025
[2317874] Skipping (exists): e_06570962_06_12600_4bd_2025
[2317874] Skipping (exists): e_06600962_06_12600_4bd_2025
[2317874] Skipping (exists): e_06630962_06_12600_4bd_2025
[2317874] Skipping (exists): e_06660962_06_12600_4bd_2025
[2317874] Skipping (exists): e_06690962_06_12600_4bd_2025
[2317874] Skipping (exists): e_06720962_06_12600_4bd_2025
[2317874] Skipping (exists): e_06750962_06_12600_4bd_2025
[2317874] Skipping (exists): e_05880964_06_12600_4bd_2025
[2317874] Skipping (exists): e_05910964_06_12600_4bd_2025
[2317874] Skipping (exists): e_05940964_06_12600_4bd_2025
[2317874] Skipping (exists): e_05970964_06_12600_4bd_2025
[2317874] Skipping (exists): e_06000964_06_12600_4bd_2025
[2317874] Skipping (exists): e_06030964_06_12600_4bd_2025
[2317874] Skipping (exists): e_06060964_06_12600_4bd_2025
[2317874] Skipping (exists): e_06090964_06_12600_4bd_2025
[2317874] Skipping (exists): e_06120964_06_12600_4bd_2025
[2317874] Skipping (exists): e_06150964_06_12600_4bd_2025
[2317874] Skipping (exists): e_06180964_06_12600_4bd_2025
[2317874] Skipping (exists): e_06210964_06_12600_4bd_2025
[2317874] Skipping (exists): e_06240964_06_12600_4bd_2025
[2317874] Skipping (exists): e_06270964_06_12600_4bd_2025
[2317874] Skipping (exists): e_06300964_06_12600_4bd_2025
[2317874] Skipping (exists): e_06330964_06_12600_4bd_2025
[2317874] Skipping (exists): e_06360964_06_12600_4bd_2025
[2317874] Skipping (exists): e_06390964_06_12600_4bd_2025
[2317874] Skipping (exists): e_06420964_06_12600_4bd_2025
[2317874] Skipping (exists): e_06450964_06_12600_4bd_2025
[2317874] Skipping (exists): e_06480964_06_12600_4bd_2025
[2317874] Skipping (exists): e_06510964_06_12600_4bd_2025
[2317874] Skipping (exists): e_06540964_06_12600_4bd_2025
[2317874] Skipping (exists): e_06570964_06_12600_4bd_2025
[2317874] Skipping (exists): e_06600964_06_12600_4bd_2025
[2317874] Skipping (exists): e_06630964_06_12600_4bd_2025
[2317874] Skipping (exists): e_06660964_06_12600_4bd_2025
[2317874] Skipping (exists): e_06690964_06_12600_4bd_2025
[2317874] Skipping (exists): e_06720964_06_12600_4bd_2025
[2317874] Skipping (exists): e_06750964_06_12600_4bd_2025
[2317874] Skipping (exists): e_05880966_06_12600_4bd_2025
[2317874] Skipping (exists): e_05910966_06_12600_4bd_2025
[2317874] Skipping (exists): e_05940966_06_12600_4bd_2025
[2317874] Skipping (exists): e_05970966_06_12600_4bd_2025
[2317874] Skipping (exists): e_06000966_06_12600_4bd_2025
[2317874] Skipping (exists): e_06030966_06_12600_4bd_2025
[2317874] Skipping (exists): e_06060966_06_12600_4bd_2025
[2317874] Skipping (exists): e_06090966_06_12600_4bd_2025
[2317874] Skipping (exists): e_06120966_06_12600_4bd_2025
[2317874] Skipping (exists): e_06150966_06_12600_4bd_2025
[2317874] Skipping (exists): e_06180966_06_12600_4bd_2025
[2317874] Skipping (exists): e_06210966_06_12600_4bd_2025
[2317874] Skipping (exists): e_06240966_06_12600_4bd_2025
[2317874] Skipping (exists): e_06270966_06_12600_4bd_2025
[2317874] Skipping (exists): e_06300966_06_12600_4bd_2025
[2317874] Skipping (exists): e_06330966_06_12600_4bd_2025
[2317874] Skipping (exists): e_06360966_06_12600_4bd_2025
[2317874] Skipping (exists): e_06390966_06_12600_4bd_2025
[2317874] Skipping (exists): e_06420966_06_12600_4bd_2025
[2317874] Skipping (exists): e_06450966_06_12600_4bd_2025
[2317874] Skipping (exists): e_06480966_06_12600_4bd_2025
[2317874] Skipping (exists): e_06510966_06_12600_4bd_2025
[2317874] Skipping (exists): e_06540966_06_12600_4bd_2025
[2317874] Skipping (exists): e_06570966_06_12600_4bd_2025
[2317874] Skipping (exists): e_06600966_06_12600_4bd_2025
[2317874] Skipping (exists): e_06630966_06_12600_4bd_2025
[2317874] Skipping (exists): e_06660966_06_12600_4bd_2025
[2317874] Skipping (exists): e_06690966_06_12600_4bd_2025
[2317874] Skipping (exists): e_06720966_06_12600_4bd_2025
[2317874] Skipping (exists): e_06750966_06_12600_4bd_2025
[2317874] Skipping (exists): e_06780966_06_12600_4bd_2025
[2317874] Skipping (exists): e_05880968_06_12600_4bd_2025
[2317874] Skipping (exists): e_05910968_06_12600_4bd_2025
[2317874] Skipping (exists): e_05940968_06_12600_4bd_2025
[2317874] Skipping (exists): e_05970968_06_12600_4bd_2025
[2317874] Skipping (exists): e_06000968_06_12600_4bd_2025
[2317874] Skipping (exists): e_06030968_06_12600_4bd_2025
[2317874] Skipping (exists): e_06060968_06_12600_4bd_2025
[2317874] Skipping (exists): e_06090968_06_12600_4bd_2025
[2317874] Skipping (exists): e_06120968_06_12600_4bd_2025
[2317874] Skipping (exists): e_06150968_06_12600_4bd_2025
[2317874] Skipping (exists): e_06180968_06_12600_4bd_2025
[2317874] Skipping (exists): e_06210968_06_12600_4bd_2025
[2317874] Skipping (exists): e_06240968_06_12600_4bd_2025
[2317874] Skipping (exists): e_06270968_06_12600_4bd_2025
[2317874] Skipping (exists): e_06300968_06_12600_4bd_2025
[2317874] Skipping (exists): e_06330968_06_12600_4bd_2025
[2317874] Skipping (exists): e_06360968_06_12600_4bd_2025
[2317874] Skipping (exists): e_06390968_06_12600_4bd_2025
[2317874] Skipping (exists): e_06420968_06_12600_4bd_2025
[2317874] Skipping (exists): e_06450968_06_12600_4bd_2025
[2317874] Skipping (exists): e_06480968_06_12600_4bd_2025
[2317874] Skipping (exists): e_06510968_06_12600_4bd_2025
[2317874] Skipping (exists): e_06540968_06_12600_4bd_2025
[2317874] Skipping (exists): e_06570968_06_12600_4bd_2025
[2317874] Skipping (exists): e_06600968_06_12600_4bd_2025
[2317874] Skipping (exists): e_06630968_06_12600_4bd_2025
[2317874] Skipping (exists): e_06660968_06_12600_4bd_2025
[2317874] Skipping (exists): e_06690968_06_12600_4bd_2025
[2317874] Skipping (exists): e_06720968_06_12600_4bd_2025
[2317874] Skipping (exists): e_06750968_06_12600_4bd_2025
[2317874] Skipping (exists): e_06780968_06_12600_4bd_2025
[2317874] Skipping (exists): e_05880970_06_12600_4bd_2025
[2317874] Skipping (exists): e_05910970_06_12600_4bd_2025
[2317874] Skipping (exists): e_05940970_06_12600_4bd_2025
[2317874] Skipping (exists): e_05970970_06_12600_4bd_2025
[2317874] Skipping (exists): e_06000970_06_12600_4bd_2025
[2317874] Skipping (exists): e_06030970_06_12600_4bd_2025
[2317874] Skipping (exists): e_06060970_06_12600_4bd_2025
[2317874] Skipping (exists): e_06090970_06_12600_4bd_2025
[2317874] Skipping (exists): e_06120970_06_12600_4bd_2025
[2317874] Skipping (exists): e_06150970_06_12600_4bd_2025
[2317874] Skipping (exists): e_06180970_06_12600_4bd_2025
[2317874] Skipping (exists): e_06210970_06_12600_4bd_2025
[2317874] Skipping (exists): e_06240970_06_12600_4bd_2025
[2317874] Skipping (exists): e_06270970_06_12600_4bd_2025
[2317874] Skipping (exists): e_06300970_06_12600_4bd_2025
[2317874] Skipping (exists): e_06330970_06_12600_4bd_2025
[2317874] Skipping (exists): e_06360970_06_12600_4bd_2025
[2317874] Skipping (exists): e_06390970_06_12600_4bd_2025
[2317874] Skipping (exists): e_06420970_06_12600_4bd_2025
[2317874] Skipping (exists): e_06450970_06_12600_4bd_2025
[2317874] Skipping (exists): e_06480970_06_12600_4bd_2025
[2317874] Skipping (exists): e_06510970_06_12600_4bd_2025
[2317874] Skipping (exists): e_06540970_06_12600_4bd_2025
[2317874] Skipping (exists): e_06570970_06_12600_4bd_2025
[2317874] Skipping (exists): e_06600970_06_12600_4bd_2025
[2317874] Skipping (exists): e_06630970_06_12600_4bd_2025
[2317874] Skipping (exists): e_06660970_06_12600_4bd_2025
[2317874] Skipping (exists): e_06690970_06_12600_4bd_2025
[2317874] Skipping (exists): e_06720970_06_12600_4bd_2025
[2317874] Skipping (exists): e_06750970_06_12600_4bd_2025
[2317874] Skipping (exists): e_06780970_06_12600_4bd_2025
[2317874] Skipping (exists): e_05880972_06_12600_4bd_2025
[2317874] Skipping (exists): e_05910972_06_12600_4bd_2025
[2317874] Skipping (exists): e_05940972_06_12600_4bd_2025
[2317874] Skipping (exists): e_05970972_06_12600_4bd_2025
[2317874] Skipping (exists): e_06000972_06_12600_4bd_2025
[2317874] Skipping (exists): e_06030972_06_12600_4bd_2025
[2317874] Skipping (exists): e_06060972_06_12600_4bd_2025
[2317874] Skipping (exists): e_06090972_06_12600_4bd_2025
[2317874] Skipping (exists): e_06120972_06_12600_4bd_2025
[2317874] Skipping (exists): e_06150972_06_12600_4bd_2025
[2317874] Skipping (exists): e_06180972_06_12600_4bd_2025
[2317874] Skipping (exists): e_06210972_06_12600_4bd_2025
[2317874] Skipping (exists): e_06240972_06_12600_4bd_2025
[2317874] Skipping (exists): e_06270972_06_12600_4bd_2025
[2317874] Skipping (exists): e_06300972_06_12600_4bd_2025
[2317874] Skipping (exists): e_06330972_06_12600_4bd_2025
[2317874] Skipping (exists): e_06360972_06_12600_4bd_2025
[2317874] Skipping (exists): e_06390972_06_12600_4bd_2025
[2317874] Skipping (exists): e_06420972_06_12600_4bd_2025
[2317874] Skipping (exists): e_06450972_06_12600_4bd_2025
[2317874] Skipping (exists): e_06480972_06_12600_4bd_2025
[2317874] Skipping (exists): e_06510972_06_12600_4bd_2025
[2317874] Skipping (exists): e_06540972_06_12600_4bd_2025
[2317874] Skipping (exists): e_06570972_06_12600_4bd_2025
[2317874] Skipping (exists): e_06600972_06_12600_4bd_2025
[2317874] Skipping (exists): e_06630972_06_12600_4bd_2025
[2317874] Skipping (exists): e_06660972_06_12600_4bd_2025
[2317874] Skipping (exists): e_06690972_06_12600_4bd_2025
[2317874] Skipping (exists): e_06720972_06_12600_4bd_2025
[2317874] Skipping (exists): e_06750972_06_12600_4bd_2025
[2317874] Skipping (exists): e_06780972_06_12600_4bd_2025
[2317874] Skipping (exists): e_05880974_06_12600_4bd_2025
[2317874] Skipping (exists): e_05910974_06_12600_4bd_2025
[2317874] Skipping (exists): e_05940974_06_12600_4bd_2025
[2317874] Skipping (exists): e_05970974_06_12600_4bd_2025
[2317874] Skipping (exists): e_06000974_06_12600_4bd_2025
[2317874] Skipping (exists): e_06030974_06_12600_4bd_2025
[2317874] Skipping (exists): e_06060974_06_12600_4bd_2025
[2317874] Skipping (exists): e_06090974_06_12600_4bd_2025
[2317874] Skipping (exists): e_06120974_06_12600_4bd_2025
[2317874] Skipping (exists): e_06150974_06_12600_4bd_2025
[2317874] Skipping (exists): e_06180974_06_12600_4bd_2025
[2317874] Skipping (exists): e_06210974_06_12600_4bd_2025
[2317874] Skipping (exists): e_06240974_06_12600_4bd_2025
[2317874] Skipping (exists): e_06270974_06_12600_4bd_2025
[2317874] Skipping (exists): e_06300974_06_12600_4bd_2025
[2317874] Skipping (exists): e_06330974_06_12600_4bd_2025
[2317874] Skipping (exists): e_06360974_06_12600_4bd_2025
[2317874] Skipping (exists): e_06390974_06_12600_4bd_2025
[2317874] Skipping (exists): e_06420974_06_12600_4bd_2025
[2317874] Skipping (exists): e_06450974_06_12600_4bd_2025
[2317874] Skipping (exists): e_06480974_06_12600_4bd_2025
[2317874] Skipping (exists): e_06510974_06_12600_4bd_2025
[2317874] Skipping (exists): e_06540974_06_12600_4bd_2025
[2317874] Skipping (exists): e_06570974_06_12600_4bd_2025
[2317874] Skipping (exists): e_06600974_06_12600_4bd_2025
[2317874] Skipping (exists): e_06630974_06_12600_4bd_2025
[2317874] Skipping (exists): e_06660974_06_12600_4bd_2025
[2317874] Skipping (exists): e_06690974_06_12600_4bd_2025
[2317874] Skipping (exists): e_06720974_06_12600_4bd_2025
[2317874] Skipping (exists): e_06750974_06_12600_4bd_2025
[2317874] Skipping (exists): e_06780974_06_12600_4bd_2025
[2317874] Skipping (exists): e_05910976_06_12600_4bd_2025
[2317874] Skipping (exists): e_05940976_06_12600_4bd_2025
[2317874] Skipping (exists): e_05970976_06_12600_4bd_2025
[2317874] Skipping (exists): e_06000976_06_12600_4bd_2025
[2317874] Skipping (exists): e_06030976_06_12600_4bd_2025
[2317874] Skipping (exists): e_06060976_06_12600_4bd_2025
[2317874] Skipping (exists): e_06090976_06_12600_4bd_2025
[2317874] Skipping (exists): e_06120976_06_12600_4bd_2025
[2317874] Skipping (exists): e_06150976_06_12600_4bd_2025
[2317874] Skipping (exists): e_06180976_06_12600_4bd_2025
[2317874] Skipping (exists): e_06210976_06_12600_4bd_2025
[2317874] Skipping (exists): e_06240976_06_12600_4bd_2025
[2317874] Skipping (exists): e_06270976_06_12600_4bd_2025
[2317874] Skipping (exists): e_06300976_06_12600_4bd_2025
[2317874] Skipping (exists): e_06330976_06_12600_4bd_2025
[2317874] Skipping (exists): e_06360976_06_12600_4bd_2025
[2317874] Skipping (exists): e_06390976_06_12600_4bd_2025
[2317874] Skipping (exists): e_06420976_06_12600_4bd_2025
[2317874] Skipping (exists): e_06450976_06_12600_4bd_2025
[2317874] Skipping (exists): e_06480976_06_12600_4bd_2025
[2317874] Skipping (exists): e_06510976_06_12600_4bd_2025
[2317874] Skipping (exists): e_06540976_06_12600_4bd_2025
[2317874] Skipping (exists): e_06570976_06_12600_4bd_2025
[2317874] Skipping (exists): e_06600976_06_12600_4bd_2025
[2317874] Skipping (exists): e_06630976_06_12600_4bd_2025
[2317874] Skipping (exists): e_06660976_06_12600_4bd_2025
[2317874] Skipping (exists): e_06690976_06_12600_4bd_2025
[2317874] Skipping (exists): e_06720976_06_12600_4bd_2025
[2317874] Skipping (exists): e_06750976_06_12600_4bd_2025
[2317874] Skipping (exists): e_06780976_06_12600_4bd_2025
[2317874] Skipping (exists): e_05940978_06_12600_4bd_2025
[2317874] Skipping (exists): e_05970978_06_12600_4bd_2025
[2317874] Skipping (exists): e_06000978_06_12600_4bd_2025
[2317874] Skipping (exists): e_06030978_06_12600_4bd_2025
[2317874] Skipping (exists): e_06060978_06_12600_4bd_2025
[2317874] Skipping (exists): e_06090978_06_12600_4bd_2025
[2317874] Skipping (exists): e_06120978_06_12600_4bd_2025
[2317874] Skipping (exists): e_06150978_06_12600_4bd_2025
[2317874] Skipping (exists): e_06180978_06_12600_4bd_2025
[2317874] Skipping (exists): e_06210978_06_12600_4bd_2025
[2317874] Skipping (exists): e_06240978_06_12600_4bd_2025
[2317874] Skipping (exists): e_06270978_06_12600_4bd_2025
[2317874] Skipping (exists): e_06300978_06_12600_4bd_2025
[2317874] Skipping (exists): e_06330978_06_12600_4bd_2025
[2317874] Skipping (exists): e_06360978_06_12600_4bd_2025
[2317874] Skipping (exists): e_06390978_06_12600_4bd_2025
[2317874] Skipping (exists): e_06420978_06_12600_4bd_2025
[2317874] Skipping (exists): e_06450978_06_12600_4bd_2025
[2317874] Skipping (exists): e_06480978_06_12600_4bd_2025
[2317874] Skipping (exists): e_06510978_06_12600_4bd_2025
[2317874] Skipping (exists): e_06540978_06_12600_4bd_2025
[2317874] Skipping (exists): e_06570978_06_12600_4bd_2025
[2317874] Skipping (exists): e_06600978_06_12600_4bd_2025
[2317874] Skipping (exists): e_06630978_06_12600_4bd_2025
[2317874] Skipping (exists): e_06660978_06_12600_4bd_2025
[2317874] Skipping (exists): e_06690978_06_12600_4bd_2025
[2317874] Skipping (exists): e_06720978_06_12600_4bd_2025
[2317874] Skipping (exists): e_06750978_06_12600_4bd_2025
[2317874] Skipping (exists): e_06780978_06_12600_4bd_2025
[2317874] Skipping (exists): e_05940980_06_12600_4bd_2025
[2317874] Skipping (exists): e_05970980_06_12600_4bd_2025
[2317874] Skipping (exists): e_06000980_06_12600_4bd_2025
[2317874] Skipping (exists): e_06030980_06_12600_4bd_2025
[2317874] Skipping (exists): e_06060980_06_12600_4bd_2025
[2317874] Skipping (exists): e_06090980_06_12600_4bd_2025
[2317874] Skipping (exists): e_06120980_06_12600_4bd_2025
[2317874] Skipping (exists): e_06150980_06_12600_4bd_2025
[2317874] Skipping (exists): e_06180980_06_12600_4bd_2025
[2317874] Skipping (exists): e_06210980_06_12600_4bd_2025
[2317874] Skipping (exists): e_06240980_06_12600_4bd_2025
[2317874] Skipping (exists): e_06270980_06_12600_4bd_2025
[2317874] Skipping (exists): e_06300980_06_12600_4bd_2025
[2317874] Skipping (exists): e_06330980_06_12600_4bd_2025
[2317874] Skipping (exists): e_06360980_06_12600_4bd_2025
[2317874] Skipping (exists): e_06390980_06_12600_4bd_2025
[2317874] Skipping (exists): e_06420980_06_12600_4bd_2025
[2317874] Skipping (exists): e_06450980_06_12600_4bd_2025
[2317874] Skipping (exists): e_06480980_06_12600_4bd_2025
[2317874] Skipping (exists): e_06510980_06_12600_4bd_2025
[2317874] Skipping (exists): e_06540980_06_12600_4bd_2025
[2317874] Skipping (exists): e_06570980_06_12600_4bd_2025
[2317874] Skipping (exists): e_06600980_06_12600_4bd_2025
[2317874] Skipping (exists): e_06630980_06_12600_4bd_2025
[2317874] Skipping (exists): e_06660980_06_12600_4bd_2025
[2317874] Skipping (exists): e_06690980_06_12600_4bd_2025
[2317874] Skipping (exists): e_06720980_06_12600_4bd_2025
[2317874] Skipping (exists): e_06750980_06_12600_4bd_2025
[2317874] Skipping (exists): e_06780980_06_12600_4bd_2025
[2317874] Skipping (exists): e_06810980_06_12600_4bd_2025
[2317874] Skipping (exists): e_05940982_06_12600_4bd_2025
[2317874] Skipping (exists): e_05970982_06_12600_4bd_2025
[2317874] Skipping (exists): e_06000982_06_12600_4bd_2025
[2317874] Skipping (exists): e_06030982_06_12600_4bd_2025
[2317874] Skipping (exists): e_06060982_06_12600_4bd_2025
[2317874] Skipping (exists): e_06090982_06_12600_4bd_2025
[2317874] Skipping (exists): e_06120982_06_12600_4bd_2025
[2317874] Skipping (exists): e_06150982_06_12600_4bd_2025
[2317874] Skipping (exists): e_06180982_06_12600_4bd_2025
[2317874] Skipping (exists): e_06210982_06_12600_4bd_2025
[2317874] Skipping (exists): e_06240982_06_12600_4bd_2025
[2317874] Skipping (exists): e_06270982_06_12600_4bd_2025
[2317874] Skipping (exists): e_06300982_06_12600_4bd_2025
[2317874] Skipping (exists): e_06330982_06_12600_4bd_2025
[2317874] Skipping (exists): e_06360982_06_12600_4bd_2025
[2317874] Skipping (exists): e_06390982_06_12600_4bd_2025
[2317874] Skipping (exists): e_06420982_06_12600_4bd_2025
[2317874] Skipping (exists): e_06450982_06_12600_4bd_2025
[2317874] Skipping (exists): e_06480982_06_12600_4bd_2025
[2317874] Skipping (exists): e_06510982_06_12600_4bd_2025
[2317874] Skipping (exists): e_06540982_06_12600_4bd_2025
[2317874] Skipping (exists): e_06570982_06_12600_4bd_2025
[2317874] Skipping (exists): e_06600982_06_12600_4bd_2025
[2317874] Skipping (exists): e_06630982_06_12600_4bd_2025
[2317874] Skipping (exists): e_06660982_06_12600_4bd_2025
[2317874] Skipping (exists): e_06690982_06_12600_4bd_2025
[2317874] Skipping (exists): e_06720982_06_12600_4bd_2025
[2317874] Skipping (exists): e_06750982_06_12600_4bd_2025
[2317874] Skipping (exists): e_06780982_06_12600_4bd_2025
[2317874] Skipping (exists): e_06810982_06_12600_4bd_2025
[2317874] Skipping (exists): e_05940984_06_12600_4bd_2025
[2317874] Skipping (exists): e_05970984_06_12600_4bd_2025
[2317874] Skipping (exists): e_06000984_06_12600_4bd_2025
[2317874] Skipping (exists): e_06030984_06_12600_4bd_2025
[2317874] Skipping (exists): e_06060984_06_12600_4bd_2025
[2317874] Skipping (exists): e_06090984_06_12600_4bd_2025
[2317874] Skipping (exists): e_06120984_06_12600_4bd_2025
[2317874] Skipping (exists): e_06150984_06_12600_4bd_2025
[2317874] Skipping (exists): e_06180984_06_12600_4bd_2025
[2317874] Skipping (exists): e_06210984_06_12600_4bd_2025
[2317874] Skipping (exists): e_06240984_06_12600_4bd_2025
[2317874] Skipping (exists): e_06270984_06_12600_4bd_2025
[2317874] Skipping (exists): e_06300984_06_12600_4bd_2025
[2317874] Skipping (exists): e_06330984_06_12600_4bd_2025
[2317874] Skipping (exists): e_06360984_06_12600_4bd_2025
[2317874] Skipping (exists): e_06390984_06_12600_4bd_2025
[2317874] Skipping (exists): e_06420984_06_12600_4bd_2025
[2317874] Skipping (exists): e_06450984_06_12600_4bd_2025
[2317874] Skipping (exists): e_06480984_06_12600_4bd_2025
[2317874] Skipping (exists): e_06510984_06_12600_4bd_2025
[2317874] Skipping (exists): e_06540984_06_12600_4bd_2025
[2317874] Skipping (exists): e_06570984_06_12600_4bd_2025
[2317874] Skipping (exists): e_06600984_06_12600_4bd_2025
[2317874] Skipping (exists): e_06630984_06_12600_4bd_2025
[2317874] Skipping (exists): e_06660984_06_12600_4bd_2025
[2317874] Skipping (exists): e_06690984_06_12600_4bd_2025
[2317874] Skipping (exists): e_06720984_06_12600_4bd_2025
[2317874] Skipping (exists): e_06750984_06_12600_4bd_2025
[2317874] Skipping (exists): e_06780984_06_12600_4bd_2025
[2317874] Skipping (exists): e_06810984_06_12600_4bd_2025
[2317874] Skipping (exists): e_05940986_06_12600_4bd_2025
[2317874] Skipping (exists): e_05970986_06_12600_4bd_2025
[2317874] Skipping (exists): e_06000986_06_12600_4bd_2025
[2317874] Skipping (exists): e_06030986_06_12600_4bd_2025
[2317874] Skipping (exists): e_06060986_06_12600_4bd_2025
[2317874] Skipping (exists): e_06090986_06_12600_4bd_2025
[2317874] Skipping (exists): e_06120986_06_12600_4bd_2025
[2317874] Skipping (exists): e_06150986_06_12600_4bd_2025
[2317874] Skipping (exists): e_06180986_06_12600_4bd_2025
[2317874] Skipping (exists): e_06210986_06_12600_4bd_2025
[2317874] Skipping (exists): e_06240986_06_12600_4bd_2025
[2317874] Skipping (exists): e_06270986_06_12600_4bd_2025
[2317874] Skipping (exists): e_06300986_06_12600_4bd_2025
[2317874] Skipping (exists): e_06330986_06_12600_4bd_2025
[2317874] Skipping (exists): e_06360986_06_12600_4bd_2025
[2317874] Skipping (exists): e_06390986_06_12600_4bd_2025
[2317874] Skipping (exists): e_06420986_06_12600_4bd_2025
[2317874] Skipping (exists): e_06450986_06_12600_4bd_2025
[2317874] Skipping (exists): e_06480986_06_12600_4bd_2025
[2317874] Skipping (exists): e_06510986_06_12600_4bd_2025
[2317874] Skipping (exists): e_06540986_06_12600_4bd_2025
[2317874] Skipping (exists): e_06570986_06_12600_4bd_2025
[2317874] Skipping (exists): e_06600986_06_12600_4bd_2025
[2317874] Skipping (exists): e_06630986_06_12600_4bd_2025
[2317874] Skipping (exists): e_06660986_06_12600_4bd_2025
[2317874] Skipping (exists): e_06690986_06_12600_4bd_2025
[2317874] Skipping (exists): e_06720986_06_12600_4bd_2025
[2317874] Skipping (exists): e_06750986_06_12600_4bd_2025
[2317874] Skipping (exists): e_06780986_06_12600_4bd_2025
[2317874] Skipping (exists): e_06810986_06_12600_4bd_2025
[2317874] Skipping (exists): e_05940988_06_12600_4bd_2025
[2317874] Skipping (exists): e_05970988_06_12600_4bd_2025
[2317874] Skipping (exists): e_06000988_06_12600_4bd_2025
[2317874] Skipping (exists): e_06030988_06_12600_4bd_2025
[2317874] Skipping (exists): e_06060988_06_12600_4bd_2025
[2317874] Skipping (exists): e_06090988_06_12600_4bd_2025
[2317874] Skipping (exists): e_06120988_06_12600_4bd_2025
[2317874] Skipping (exists): e_06150988_06_12600_4bd_2025
[2317874] Skipping (exists): e_06180988_06_12600_4bd_2025
[2317874] Skipping (exists): e_06210988_06_12600_4bd_2025
[2317874] Skipping (exists): e_06240988_06_12600_4bd_2025
[2317874] Skipping (exists): e_06270988_06_12600_4bd_2025
[2317874] Skipping (exists): e_06300988_06_12600_4bd_2025
[2317874] Skipping (exists): e_06330988_06_12600_4bd_2025
[2317874] Skipping (exists): e_06360988_06_12600_4bd_2025
[2317874] Skipping (exists): e_06390988_06_12600_4bd_2025
[2317874] Skipping (exists): e_06420988_06_12600_4bd_2025
[2317874] Skipping (exists): e_06450988_06_12600_4bd_2025
[2317874] Skipping (exists): e_06510988_06_12600_4bd_2025
[2317874] Skipping (exists): e_06540988_06_12600_4bd_2025
[2317874] Skipping (exists): e_06570988_06_12600_4bd_2025
[2317874] Skipping (exists): e_06600988_06_12600_4bd_2025
[2317874] Skipping (exists): e_06630988_06_12600_4bd_2025
[2317874] Skipping (exists): e_06660988_06_12600_4bd_2025
[2317874] Skipping (exists): e_06690988_06_12600_4bd_2025
[2317874] Skipping (exists): e_06720988_06_12600_4bd_2025
[2317874] Skipping (exists): e_06750988_06_12600_4bd_2025
[2317874] Skipping (exists): e_06780988_06_12600_4bd_2025
[2317874] Skipping (exists): e_05940990_06_12600_4bd_2025
[2317874] Skipping (exists): e_05970990_06_12600_4bd_2025
[2317874] Skipping (exists): e_06000990_06_12600_4bd_2025
[2317874] Skipping (exists): e_06030990_06_12600_4bd_2025
[2317874] Skipping (exists): e_06060990_06_12600_4bd_2025
[2317874] Skipping (exists): e_06090990_06_12600_4bd_2025
[2317874] Skipping (exists): e_06120990_06_12600_4bd_2025
[2317874] Skipping (exists): e_06150990_06_12600_4bd_2025
[2317874] Skipping (exists): e_06180990_06_12600_4bd_2025
[2317874] Skipping (exists): e_06210990_06_12600_4bd_2025
[2317874] Skipping (exists): e_06240990_06_12600_4bd_2025
[2317874] Skipping (exists): e_06270990_06_12600_4bd_2025
[2317874] Skipping (exists): e_06300990_06_12600_4bd_2025
[2317874] Skipping (exists): e_06330990_06_12600_4bd_2025
[2317874] Skipping (exists): e_06360990_06_12600_4bd_2025
[2317874] Skipping (exists): e_06390990_06_12600_4bd_2025
[2317874] Skipping (exists): e_06420990_06_12600_4bd_2025
[2317874] Skipping (exists): e_06540990_06_12600_4bd_2025
[2317874] Skipping (exists): e_06570990_06_12600_4bd_2025
[2317874] Skipping (exists): e_06600990_06_12600_4bd_2025
[2317874] Skipping (exists): e_06630990_06_12600_4bd_2025
[2317874] Skipping (exists): e_06660990_06_12600_4bd_2025
[2317874] Skipping (exists): e_06690990_06_12600_4bd_2025
[2317874] Skipping (exists): e_06720990_06_12600_4bd_2025
[2317874] Skipping (exists): e_06750990_06_12600_4bd_2025
[2317874] Skipping (exists): e_06780990_06_12600_4bd_2025
[2317874] Skipping (exists): e_05970992_06_12600_4bd_2025
[2317874] Skipping (exists): e_06000992_06_12600_4bd_2025
[2317874] Skipping (exists): e_06030992_06_12600_4bd_2025
[2317874] Skipping (exists): e_06060992_06_12600_4bd_2025
[2317874] Skipping (exists): e_06090992_06_12600_4bd_2025
[2317874] Skipping (exists): e_06120992_06_12600_4bd_2025
[2317874] Skipping (exists): e_06150992_06_12600_4bd_2025
[2317874] Skipping (exists): e_06180992_06_12600_4bd_2025
[2317874] Skipping (exists): e_06210992_06_12600_4bd_2025
[2317874] Skipping (exists): e_06240992_06_12600_4bd_2025
[2317874] Skipping (exists): e_06270992_06_12600_4bd_2025
[2317874] Skipping (exists): e_06300992_06_12600_4bd_2025
[2317874] Skipping (exists): e_06330992_06_12600_4bd_2025
[2317874] Skipping (exists): e_06360992_06_12600_4bd_2025
[2317874] Skipping (exists): e_06390992_06_12600_4bd_2025
[2317874] Skipping (exists): e_06420992_06_12600_4bd_2025
[2317874] Skipping (exists): e_06540992_06_12600_4bd_2025
[2317874] Skipping (exists): e_06570992_06_12600_4bd_2025
[2317874] Skipping (exists): e_06600992_06_12600_4bd_2025
[2317874] Skipping (exists): e_06630992_06_12600_4bd_2025
[2317874] Skipping (exists): e_06660992_06_12600_4bd_2025
[2317874] Skipping (exists): e_06690992_06_12600_4bd_2025
[2317874] Skipping (exists): e_06720992_06_12600_4bd_2025
[2317874] Skipping (exists): e_05970994_06_12600_4bd_2025
[2317874] Skipping (exists): e_06000994_06_12600_4bd_2025
[2317874] Skipping (exists): e_06030994_06_12600_4bd_2025
[2317874] Skipping (exists): e_06060994_06_12600_4bd_2025
[2317874] Skipping (exists): e_06090994_06_12600_4bd_2025
[2317874] Skipping (exists): e_06120994_06_12600_4bd_2025
[2317874] Skipping (exists): e_06150994_06_12600_4bd_2025
[2317874] Skipping (exists): e_06180994_06_12600_4bd_2025
[2317874] Skipping (exists): e_06210994_06_12600_4bd_2025
[2317874] Skipping (exists): e_06240994_06_12600_4bd_2025
[2317874] Skipping (exists): e_06270994_06_12600_4bd_2025
[2317874] Skipping (exists): e_06300994_06_12600_4bd_2025
[2317874] Skipping (exists): e_06330994_06_12600_4bd_2025
[2317874] Skipping (exists): e_06360994_06_12600_4bd_2025
[2317874] Skipping (exists): e_06390994_06_12600_4bd_2025
[2317874] Skipping (exists): e_06420994_06_12600_4bd_2025
[2317874] Skipping (exists): e_06540994_06_12600_4bd_2025
[2317874] Skipping (exists): e_06570994_06_12600_4bd_2025
[2317874] Skipping (exists): e_06600994_06_12600_4bd_2025
[2317874] Skipping (exists): e_06630994_06_12600_4bd_2025
[2317874] Skipping (exists): e_06660994_06_12600_4bd_2025
[2317874] Skipping (exists): e_06690994_06_12600_4bd_2025
[2317874] Skipping (exists): e_06720994_06_12600_4bd_2025
[2317874] Skipping (exists): e_05970996_06_12600_4bd_2025
[2317874] Skipping (exists): e_06000996_06_12600_4bd_2025
[2317874] Skipping (exists): e_06030996_06_12600_4bd_2025
[2317874] Skipping (exists): e_06060996_06_12600_4bd_2025
[2317874] Skipping (exists): e_06090996_06_12600_4bd_2025
[2317874] Skipping (exists): e_06120996_06_12600_4bd_2025
[2317874] Skipping (exists): e_06150996_06_12600_4bd_2025
[2317874] Skipping (exists): e_06180996_06_12600_4bd_2025
[2317874] Skipping (exists): e_06210996_06_12600_4bd_2025
[2317874] Skipping (exists): e_06240996_06_12600_4bd_2025
[2317874] Skipping (exists): e_06270996_06_12600_4bd_2025
[2317874] Skipping (exists): e_06300996_06_12600_4bd_2025
[2317874] Skipping (exists): e_06330996_06_12600_4bd_2025
[2317874] Skipping (exists): e_06360996_06_12600_4bd_2025
[2317874] Skipping (exists): e_06390996_06_12600_4bd_2025
[2317874] Skipping (exists): e_06420996_06_12600_4bd_2025
[2317874] Skipping (exists): e_06450996_06_12600_4bd_2025
[2317874] Skipping (exists): e_06570996_06_12600_4bd_2025
[2317874] Skipping (exists): e_06600996_06_12600_4bd_2025
[2317874] Skipping (exists): e_06630996_06_12600_4bd_2025
[2317874] Skipping (exists): e_06660996_06_12600_4bd_2025
[2317874] Skipping (exists): e_06690996_06_12600_4bd_2025
[2317874] Skipping (exists): e_06720996_06_12600_4bd_2025
[2317874] Skipping (exists): e_05940998_06_12600_4bd_2025
[2317874] Skipping (exists): e_05970998_06_12600_4bd_2025
[2317874] Skipping (exists): e_06000998_06_12600_4bd_2025
[2317874] Skipping (exists): e_06030998_06_12600_4bd_2025
[2317874] Skipping (exists): e_06060998_06_12600_4bd_2025
[2317874] Skipping (exists): e_06090998_06_12600_4bd_2025
[2317874] Skipping (exists): e_06120998_06_12600_4bd_2025
[2317874] Skipping (exists): e_06150998_06_12600_4bd_2025
[2317874] Skipping (exists): e_06180998_06_12600_4bd_2025
[2317874] Skipping (exists): e_06210998_06_12600_4bd_2025
[2317874] Skipping (exists): e_06240998_06_12600_4bd_2025
[2317874] Skipping (exists): e_06270998_06_12600_4bd_2025
[2317874] Skipping (exists): e_06300998_06_12600_4bd_2025
[2317874] Skipping (exists): e_06330998_06_12600_4bd_2025
[2317874] Skipping (exists): e_06360998_06_12600_4bd_2025
[2317874] Skipping (exists): e_06390998_06_12600_4bd_2025
[2317874] Skipping (exists): e_06420998_06_12600_4bd_2025
[2317874] Skipping (exists): e_06450998_06_12600_4bd_2025
[2317874] Skipping (exists): e_05941000_06_12600_4bd_2025
[2317874] Skipping (exists): e_05971000_06_12600_4bd_2025
[2317874] Skipping (exists): e_06001000_06_12600_4bd_2025
[2317874] Skipping (exists): e_06031000_06_12600_4bd_2025
[2317874] Skipping (exists): e_06061000_06_12600_4bd_2025
[2317874] Skipping (exists): e_06091000_06_12600_4bd_2025
[2317874] Skipping (exists): e_06121000_06_12600_4bd_2025
[2317874] Skipping (exists): e_06151000_06_12600_4bd_2025
[2317874] Skipping (exists): e_06181000_06_12600_4bd_2025
[2317874] Skipping (exists): e_06211000_06_12600_4bd_2025
[2317874] Skipping (exists): e_06241000_06_12600_4bd_2025
[2317874] Skipping (exists): e_06271000_06_12600_4bd_2025
[2317874] Skipping (exists): e_06301000_06_12600_4bd_2025
[2317874] Skipping (exists): e_06331000_06_12600_4bd_2025
[2317874] Skipping (exists): e_06361000_06_12600_4bd_2025
[2317874] Skipping (exists): e_06391000_06_12600_4bd_2025
[2317874] Skipping (exists): e_06421000_06_12600_4bd_2025
[2317874] Skipping (exists): e_06451000_06_12600_4bd_2025
[2317874] Skipping (exists): e_05941002_06_12600_4bd_2025
[2317874] Skipping (exists): e_05971002_06_12600_4bd_2025
[2317874] Skipping (exists): e_06001002_06_12600_4bd_2025
[2317874] Skipping (exists): e_06031002_06_12600_4bd_2025
[2317874] Skipping (exists): e_06061002_06_12600_4bd_2025
[2317874] Skipping (exists): e_06091002_06_12600_4bd_2025
[2317874] Skipping (exists): e_06121002_06_12600_4bd_2025
[2317874] Skipping (exists): e_06151002_06_12600_4bd_2025
[2317874] Skipping (exists): e_06181002_06_12600_4bd_2025
[2317874] Skipping (exists): e_06211002_06_12600_4bd_2025
[2317874] Skipping (exists): e_06241002_06_12600_4bd_2025
[2317874] Skipping (exists): e_06271002_06_12600_4bd_2025
[2317874] Skipping (exists): e_06301002_06_12600_4bd_2025
[2317874] Skipping (exists): e_06331002_06_12600_4bd_2025
[2317874] Skipping (exists): e_06361002_06_12600_4bd_2025
[2317874] Skipping (exists): e_06391002_06_12600_4bd_2025
[2317874] Skipping (exists): e_06421002_06_12600_4bd_2025
[2317874] Skipping (exists): e_05941004_06_12600_4bd_2025
[2317874] Skipping (exists): e_05971004_06_12600_4bd_2025
[2317874] Skipping (exists): e_06001004_06_12600_4bd_2025
[2317874] Skipping (exists): e_06031004_06_12600_4bd_2025
[2317874] Skipping (exists): e_06061004_06_12600_4bd_2025
[2317874] Skipping (exists): e_06091004_06_12600_4bd_2025
[2317874] Skipping (exists): e_06121004_06_12600_4bd_2025
[2317874] Skipping (exists): e_06151004_06_12600_4bd_2025
[2317874] Skipping (exists): e_06181004_06_12600_4bd_2025
[2317874] Skipping (exists): e_06211004_06_12600_4bd_2025
[2317874] Skipping (exists): e_06241004_06_12600_4bd_2025
[2317874] Skipping (exists): e_06271004_06_12600_4bd_2025
[2317874] Skipping (exists): e_06301004_06_12600_4bd_2025
[2317874] Skipping (exists): e_06331004_06_12600_4bd_2025
[2317874] Skipping (exists): e_06361004_06_12600_4bd_2025
[2317874] Skipping (exists): e_06391004_06_12600_4bd_2025
[2317874] Skipping (exists): e_06421004_06_12600_4bd_2025
[2317874] Skipping (exists): e_06451004_06_12600_4bd_2025
[2317874] Skipping (exists): e_05941006_06_12600_4bd_2025
[2317874] Skipping (exists): e_05971006_06_12600_4bd_2025
[2317874] Skipping (exists): e_06001006_06_12600_4bd_2025
[2317874] Skipping (exists): e_06031006_06_12600_4bd_2025
[2317874] Skipping (exists): e_06061006_06_12600_4bd_2025
[2317874] Skipping (exists): e_06091006_06_12600_4bd_2025
[2317874] Skipping (exists): e_06121006_06_12600_4bd_2025
[2317874] Skipping (exists): e_06151006_06_12600_4bd_2025
[2317874] Skipping (exists): e_06181006_06_12600_4bd_2025
[2317874] Skipping (exists): e_06211006_06_12600_4bd_2025
[2317874] Skipping (exists): e_06241006_06_12600_4bd_2025
[2317874] Skipping (exists): e_06271006_06_12600_4bd_2025
[2317874] Skipping (exists): e_06301006_06_12600_4bd_2025
[2317874] Skipping (exists): e_06331006_06_12600_4bd_2025
[2317874] Skipping (exists): e_06361006_06_12600_4bd_2025
[2317874] Skipping (exists): e_06391006_06_12600_4bd_2025
[2317874] Skipping (exists): e_06421006_06_12600_4bd_2025
[2317874] Skipping (exists): e_06451006_06_12600_4bd_2025
[2317874] Skipping (exists): e_06481006_06_12600_4bd_2025
[2317874] Skipping (exists): e_05941008_06_12600_4bd_2025
[2317874] Skipping (exists): e_05971008_06_12600_4bd_2025
[2317874] Skipping (exists): e_06001008_06_12600_4bd_2025
[2317874] Skipping (exists): e_06031008_06_12600_4bd_2025
[2317874] Skipping (exists): e_06061008_06_12600_4bd_2025
[2317874] Skipping (exists): e_06091008_06_12600_4bd_2025
[2317874] Skipping (exists): e_06121008_06_12600_4bd_2025
[2317874] Skipping (exists): e_06151008_06_12600_4bd_2025
[2317874] Skipping (exists): e_06181008_06_12600_4bd_2025
[2317874] Skipping (exists): e_06211008_06_12600_4bd_2025
[2317874] Skipping (exists): e_06241008_06_12600_4bd_2025
[2317874] Skipping (exists): e_06271008_06_12600_4bd_2025
[2317874] Skipping (exists): e_06301008_06_12600_4bd_2025
[2317874] Skipping (exists): e_06331008_06_12600_4bd_2025
[2317874] Skipping (exists): e_06361008_06_12600_4bd_2025
[2317874] Skipping (exists): e_06391008_06_12600_4bd_2025
[2317874] Skipping (exists): e_06421008_06_12600_4bd_2025
[2317874] Skipping (exists): e_06451008_06_12600_4bd_2025
[2317874] Skipping (exists): e_06481008_06_12600_4bd_2025
[2317874] Skipping (exists): e_05971010_06_12600_4bd_2025
[2317874] Skipping (exists): e_06001010_06_12600_4bd_2025
[2317874] Skipping (exists): e_06031010_06_12600_4bd_2025
[2317874] Skipping (exists): e_06061010_06_12600_4bd_2025
[2317874] Skipping (exists): e_06091010_06_12600_4bd_2025
[2317874] Skipping (exists): e_06121010_06_12600_4bd_2025
[2317874] Skipping (exists): e_06151010_06_12600_4bd_2025
[2317874] Skipping (exists): e_06181010_06_12600_4bd_2025
[2317874] Skipping (exists): e_06211010_06_12600_4bd_2025
[2317874] Skipping (exists): e_06241010_06_12600_4bd_2025
[2317874] Skipping (exists): e_06271010_06_12600_4bd_2025
[2317874] Skipping (exists): e_06301010_06_12600_4bd_2025
[2317874] Skipping (exists): e_06331010_06_12600_4bd_2025
[2317874] Skipping (exists): e_06361010_06_12600_4bd_2025
[2317874] Skipping (exists): e_06391010_06_12600_4bd_2025
[2317874] Skipping (exists): e_06421010_06_12600_4bd_2025
[2317874] Skipping (exists): e_06451010_06_12600_4bd_2025
[2317874] Skipping (exists): e_06481010_06_12600_4bd_2025
[2317874] Skipping (exists): e_05971012_06_12600_4bd_2025
[2317874] Skipping (exists): e_06001012_06_12600_4bd_2025
[2317874] Skipping (exists): e_06031012_06_12600_4bd_2025
[2317874] Skipping (exists): e_06061012_06_12600_4bd_2025
[2317874] Skipping (exists): e_06091012_06_12600_4bd_2025
[2317874] Skipping (exists): e_06121012_06_12600_4bd_2025
[2317874] Skipping (exists): e_06151012_06_12600_4bd_2025
[2317874] Skipping (exists): e_06181012_06_12600_4bd_2025
[2317874] Skipping (exists): e_06211012_06_12600_4bd_2025
[2317874] Skipping (exists): e_06241012_06_12600_4bd_2025
[2317874] Skipping (exists): e_06271012_06_12600_4bd_2025
[2317874] Skipping (exists): e_06301012_06_12600_4bd_2025
[2317874] Skipping (exists): e_06331012_06_12600_4bd_2025
[2317874] Skipping (exists): e_06361012_06_12600_4bd_2025
[2317874] Skipping (exists): e_05971014_06_12600_4bd_2025
[2317874] Skipping (exists): e_06001014_06_12600_4bd_2025
[2317874] Skipping (exists): e_06031014_06_12600_4bd_2025
[2317874] Skipping (exists): e_06061014_06_12600_4bd_2025
[2317874] Skipping (exists): e_06091014_06_12600_4bd_2025
[2317874] Skipping (exists): e_06121014_06_12600_4bd_2025
[2317874] Skipping (exists): e_06151014_06_12600_4bd_2025
[2317874] Skipping (exists): e_06181014_06_12600_4bd_2025
[2317874] Skipping (exists): e_06211014_06_12600_4bd_2025
[2317874] Skipping (exists): e_06241014_06_12600_4bd_2025
[2317874] Skipping (exists): e_06271014_06_12600_4bd_2025
[2317874] Skipping (exists): e_06301014_06_12600_4bd_2025
[2317874] Skipping (exists): e_06331014_06_12600_4bd_2025
[2317874] Skipping (exists): e_06361014_06_12600_4bd_2025
[2317874] Skipping (exists): e_05971016_06_12600_4bd_2025
[2317874] Skipping (exists): e_06001016_06_12600_4bd_2025
[2317874] Skipping (exists): e_06031016_06_12600_4bd_2025
[2317874] Skipping (exists): e_06061016_06_12600_4bd_2025
[2317874] Skipping (exists): e_06091016_06_12600_4bd_2025
[2317874] Skipping (exists): e_06121016_06_12600_4bd_2025
[2317874] Skipping (exists): e_06151016_06_12600_4bd_2025
[2317874] Skipping (exists): e_06181016_06_12600_4bd_2025
[2317874] Skipping (exists): e_06211016_06_12600_4bd_2025
[2317874] Skipping (exists): e_06241016_06_12600_4bd_2025
[2317874] Skipping (exists): e_06271016_06_12600_4bd_2025
[2317874] Skipping (exists): e_06301016_06_12600_4bd_2025
[2317874] Skipping (exists): e_06331016_06_12600_4bd_2025
[2317874] Skipping (exists): e_06361016_06_12600_4bd_2025
[2317874] Skipping (exists): e_06001018_06_12600_4bd_2025
[2317874] Skipping (exists): e_06031018_06_12600_4bd_2025
[2317874] Skipping (exists): e_06061018_06_12600_4bd_2025
[2317874] Skipping (exists): e_06091018_06_12600_4bd_2025
[2317874] Skipping (exists): e_06121018_06_12600_4bd_2025
[2317874] Skipping (exists): e_06151018_06_12600_4bd_2025
[2317874] Skipping (exists): e_06181018_06_12600_4bd_2025
[2317874] Skipping (exists): e_06211018_06_12600_4bd_2025
[2317874] Skipping (exists): e_06241018_06_12600_4bd_2025
[2317874] Skipping (exists): e_06271018_06_12600_4bd_2025
[2317874] Skipping (exists): e_06301018_06_12600_4bd_2025
[2317874] Skipping (exists): e_06331018_06_12600_4bd_2025
[2317874] Skipping (exists): e_06361018_06_12600_4bd_2025
[2317874] Skipping (exists): e_06001020_06_12600_4bd_2025
[2317874] Skipping (exists): e_06031020_06_12600_4bd_2025
[2317874] Skipping (exists): e_06061020_06_12600_4bd_2025
[2317874] Skipping (exists): e_06091020_06_12600_4bd_2025
[2317874] Skipping (exists): e_06121020_06_12600_4bd_2025
[2317874] Skipping (exists): e_06151020_06_12600_4bd_2025
[2317874] Skipping (exists): e_06181020_06_12600_4bd_2025
[2317874] Skipping (exists): e_06211020_06_12600_4bd_2025
[2317874] Skipping (exists): e_06241020_06_12600_4bd_2025
[2317874] Skipping (exists): e_06271020_06_12600_4bd_2025
[2317874] Skipping (exists): e_06301020_06_12600_4bd_2025
[2317874] Skipping (exists): e_06331020_06_12600_4bd_2025
[2317874] Skipping (exists): e_06001022_06_12600_4bd_2025
[2317874] Skipping (exists): e_06031022_06_12600_4bd_2025
[2317874] Skipping (exists): e_06061022_06_12600_4bd_2025
[2317874] Skipping (exists): e_06091022_06_12600_4bd_2025
[2317874] Skipping (exists): e_06121022_06_12600_4bd_2025
[2317874] Skipping (exists): e_06151022_06_12600_4bd_2025
[2317874] Skipping (exists): e_06181022_06_12600_4bd_2025
[2317874] Skipping (exists): e_06211022_06_12600_4bd_2025
[2317874] Skipping (exists): e_06241022_06_12600_4bd_2025
[2317874] Skipping (exists): e_06271022_06_12600_4bd_2025
[2317874] Skipping (exists): e_06301022_06_12600_4bd_2025
[2317874] Skipping (exists): e_06331022_06_12600_4bd_2025
[2317874] Skipping (exists): e_06001024_06_12600_4bd_2025
[2317874] Skipping (exists): e_06031024_06_12600_4bd_2025
[2317874] Skipping (exists): e_06061024_06_12600_4bd_2025
[2317874] Skipping (exists): e_06091024_06_12600_4bd_2025
[2317874] Skipping (exists): e_06121024_06_12600_4bd_2025
[2317874] Skipping (exists): e_06151024_06_12600_4bd_2025
[2317874] Skipping (exists): e_06181024_06_12600_4bd_2025
[2317874] Skipping (exists): e_06211024_06_12600_4bd_2025
[2317874] Skipping (exists): e_06241024_06_12600_4bd_2025
[2317874] Skipping (exists): e_06271024_06_12600_4bd_2025
[2317874] Skipping (exists): e_06301024_06_12600_4bd_2025
[2317874] Skipping (exists): e_06331024_06_12600_4bd_2025
[2317874] Skipping (exists): e_06031026_06_12600_4bd_2025
[2317874] Skipping (exists): e_06061026_06_12600_4bd_2025
[2317874] Skipping (exists): e_06091026_06_12600_4bd_2025
[2317874] Skipping (exists): e_06121026_06_12600_4bd_2025
[2317874] Skipping (exists): e_06151026_06_12600_4bd_2025
[2317874] Skipping (exists): e_06181026_06_12600_4bd_2025
[2317874] Skipping (exists): e_06211026_06_12600_4bd_2025
[2317874] Skipping (exists): e_06241026_06_12600_4bd_2025
[2317874] Skipping (exists): e_06271026_06_12600_4bd_2025
[2317874] Skipping (exists): e_06301026_06_12600_4bd_2025
[2317874] Skipping (exists): e_06331026_06_12600_4bd_2025
[2317874] Skipping (exists): e_06061028_06_12600_4bd_2025
[2317874] Skipping (exists): e_06091028_06_12600_4bd_2025
[2317874] Skipping (exists): e_06121028_06_12600_4bd_2025
[2317874] Skipping (exists): e_06151028_06_12600_4bd_2025
[2317874] Skipping (exists): e_06181028_06_12600_4bd_2025
[2317874] Skipping (exists): e_06211028_06_12600_4bd_2025
[2317874] Skipping (exists): e_06241028_06_12600_4bd_2025
[2317874] Skipping (exists): e_06271028_06_12600_4bd_2025
[2317874] Skipping (exists): e_06301028_06_12600_4bd_2025
[2317874] Skipping (exists): e_06331028_06_12600_4bd_2025
[2317874] Skipping (exists): e_06121030_06_12600_4bd_2025
[2317874] Skipping (exists): e_06151030_06_12600_4bd_2025
[2317874] Skipping (exists): e_06181030_06_12600_4bd_2025
[2317874] Skipping (exists): e_06211030_06_12600_4bd_2025
[2317874] Skipping (exists): e_06241030_06_12600_4bd_2025
[2317874] Skipping (exists): e_06271030_06_12600_4bd_2025
[2317874] Skipping (exists): e_06301030_06_12600_4bd_2025
[2317874] Skipping (exists): e_06121032_06_12600_4bd_2025
[2317874] Skipping (exists): e_06151032_06_12600_4bd_2025
[2317874] Skipping (exists): e_06181032_06_12600_4bd_2025
[2317874] Skipping (exists): e_06211032_06_12600_4bd_2025
[2317874] Skipping (exists): e_06241032_06_12600_4bd_2025
[2317874] Skipping (exists): e_06271032_06_12600_4bd_2025
[2317874] Skipping (exists): e_06301032_06_12600_4bd_2025
[2317874] Skipping (exists): e_06211034_06_12600_4bd_2025
[2317874] Skipping (exists): e_06241034_06_12600_4bd_2025
[2317874] Skipping (exists): e_06301034_06_12600_4bd_2025
[2317874] Skipping (exists): e_06241036_06_12600_4bd_2025

=== Done. 1100/1100 tiles processed. Imagery written to: Data/Ortho/Tiles ===
          used (Mb) gc trigger  (Mb) max used (Mb)
Ncells 1606519 85.8    2881828 154.0  2881828  154
Vcells 2331145 17.8   12126903  92.6 11653016   89
