srun: Job 785049 step creation temporarily disabled, retrying (Requested nodes are busy)
srun: Job 785049 step creation still disabled, retrying (Requested nodes are busy)
srun: Job 785049 step creation still disabled, retrying (Requested nodes are busy)
srun: Job 785049 step creation still disabled, retrying (Requested nodes are busy)
srun: Job 785049 step creation still disabled, retrying (Requested nodes are busy)
srun: Job 785049 step creation still disabled, retrying (Requested nodes are busy)
srun: Job 785049 step creation still disabled, retrying (Requested nodes are busy)
srun: Job 785049 step creation still disabled, retrying (Requested nodes are busy)
srun: Step created for job 785049
these are the arguments: 
- Path to cluster gpkg:Data/NY_HUCS/NY_Cluster_Zones_250_CROP_NAomit_6347.gpkg
- Cluster:12
- Imagery year:2024
- Ortho tile index gpkg:Data/Ortho/ortho_tiles.gpkg
- HUC DEM directory:Data/TerrainProcessed/HUC_DEMs
- Output path:Data/Ortho/HUC_Ortho/
- Target HUC12 (blank = all in cluster):

terra 1.9.27
WARNING: different compile-time and run-time versions of GEOS
Compiled with:3.11.0-CAPI-1.17.0
 Running with:3.13.1-CAPI-1.19.2

You should reinstall package 'terra'

Linking to GEOS 3.13.1, GDAL 3.5.1, PROJ 8.2.0; sf_use_s2() is TRUE
WARNING: different compile-time and runtime versions for GEOS found:
Linked against: 3.13.1-CAPI-1.19.2 compiled against: 3.11.0-CAPI-1.17.0
It is probably a good idea to reinstall sf (and maybe lwgeom too)
[1] "/ibstorage/anthony/NYS_Wetlands_GHG/tmp//RtmpUvYpHA"
Ortho tile years available in index: 2021, 2022, 2023, 2024, 2025
Ortho tiles overlapping cluster 12: 1831
terra 1.9.27
WARNING: different compile-time and run-time versions of GEOS
Compiled with:3.11.0-CAPI-1.17.0
 Running with:3.13.1-CAPI-1.19.2

You should reinstall package 'terra'

Linking to GEOS 3.13.1, GDAL 3.5.1, PROJ 8.2.0; sf_use_s2() is TRUE
WARNING: different compile-time and runtime versions for GEOS found:
Linked against: 3.13.1-CAPI-1.19.2 compiled against: 3.11.0-CAPI-1.17.0
It is probably a good idea to reinstall sf (and maybe lwgeom too)
Ortho already processed for: Data/Ortho/HUC_Ortho/cluster_12_huc_043001040302_ortho_2024.tif
Ortho already processed for: Data/Ortho/HUC_Ortho/cluster_12_huc_043001081302_ortho_2024.tif
Warning: Caught simpleError. Canceling all iterations ...
Error in if (gap_area/huc_area < GAP_TOL) break : 
  the condition has length > 1
Calls: future_lapply ... tryCatchList -> tryCatchOne -> <Anonymous> -> onError
Execution halted
srun: error: cbsuxu08: task 0: Exited with exit code 1
