srun: Job 785047 step creation temporarily disabled, retrying (Requested nodes are busy)
srun: Job 785047 step creation still disabled, retrying (Requested nodes are busy)
srun: Job 785047 step creation still disabled, retrying (Requested nodes are busy)
srun: Job 785047 step creation still disabled, retrying (Requested nodes are busy)
srun: Job 785047 step creation still disabled, retrying (Requested nodes are busy)
srun: Job 785047 step creation still disabled, retrying (Requested nodes are busy)
srun: Job 785047 step creation still disabled, retrying (Requested nodes are busy)
srun: Job 785047 step creation still disabled, retrying (Requested nodes are busy)
srun: Step created for job 785047
Using libcurl 7.76.1 with OpenSSL/3.2.2
Linking to GEOS 3.13.1, GDAL 3.5.1, PROJ 8.2.0; sf_use_s2() is TRUE
WARNING: different compile-time and runtime versions for GEOS found:
Linked against: 3.13.1-CAPI-1.19.2 compiled against: 3.11.0-CAPI-1.17.0
It is probably a good idea to reinstall sf (and maybe lwgeom too)

Attaching package: ‘dplyr’

The following objects are masked from ‘package:stats’:

    filter, lag

The following objects are masked from ‘package:base’:

    intersect, setdiff, setequal, union

terra 1.9.27
WARNING: different compile-time and run-time versions of GEOS
Compiled with:3.11.0-CAPI-1.17.0
 Running with:3.13.1-CAPI-1.19.2

You should reinstall package 'terra'

=== NYS Orthoimagery Download Pipeline ===
  GPKG:     Data/NY_HUCS/NY_Cluster_Zones_250_CROP_NAomit_6347.gpkg
  Cluster:  51
  Year:     2024
  Bands:    4bd
  Output:   Data/Ortho/Tiles
  Workers:  1
  HUC12s in cluster: 9

Querying ortho tile indexes...
  Index years available for '4bd': 2008, 2009, 2010, 2011, 2012, 2013, 2014, 2015, 2016, 2017, 2018, 2020, 2021, 2022, 2023, 2024, 2025
  Querying year 2024 ...
  Matching index layers: ind24l_half_ft_4bd_nyc, ind24w_half_ft_4bd, ind24w_one_ft_4bd, ind24e_one_ft_4bd, ind24e_half_ft_4bd
  NOTE: source tiles span multiple native resolutions (half_ft, one_ft); all will be resampled to 1 m.
    layer 7: 2809 bbox hits
  Year 2024: 1582 tiles selected
  Years selected: 2024
Unique full-size tiles to process: 1582
[2039347] Skipping (exists): e_06392094_12_22500_4bd_2024
[2039347] Skipping (exists): e_06392096_12_22500_4bd_2024
[2039347] Skipping (exists): e_06362102_12_22500_4bd_2024
[2039347] Skipping (exists): e_06362104_12_22500_4bd_2024
[2039347] Skipping (exists): e_06362106_12_22500_4bd_2024
[2039347] Skipping (exists): e_06392106_12_22500_4bd_2024
[2039347] Skipping (exists): e_06362108_12_22500_4bd_2024
[2039347] Skipping (exists): e_06362110_12_22500_4bd_2024
[2039347] Skipping (exists): e_05732038_12_22500_4bd_2024
[2039347] Skipping (exists): e_05762038_12_22500_4bd_2024
[2039347] Skipping (exists): e_05792038_12_22500_4bd_2024
[2039347] Skipping (exists): e_05672040_12_22500_4bd_2024
[2039347] Skipping (exists): e_05702040_12_22500_4bd_2024
[2039347] Skipping (exists): e_05732040_12_22500_4bd_2024
[2039347] Skipping (exists): e_05762040_12_22500_4bd_2024
[2039347] Skipping (exists): e_05792040_12_22500_4bd_2024
[2039347] Skipping (exists): e_05822040_12_22500_4bd_2024
[2039347] Skipping (exists): e_05552042_12_22500_4bd_2024
[2039347] Skipping (exists): e_05582042_12_22500_4bd_2024
[2039347] Skipping (exists): e_05672042_12_22500_4bd_2024
[2039347] Skipping (exists): e_05702042_12_22500_4bd_2024
[2039347] Skipping (exists): e_05732042_12_22500_4bd_2024
[2039347] Skipping (exists): e_05762042_12_22500_4bd_2024
[2039347] Skipping (exists): e_05792042_12_22500_4bd_2024
[2039347] Skipping (exists): e_05522044_12_22500_4bd_2024
[2039347] Skipping (exists): e_05552044_12_22500_4bd_2024
[2039347] Skipping (exists): e_05582044_12_22500_4bd_2024
[2039347] Skipping (exists): e_05612044_12_22500_4bd_2024
[2039347] Skipping (exists): e_05642044_12_22500_4bd_2024
[2039347] Skipping (exists): e_05672044_12_22500_4bd_2024
[2039347] Skipping (exists): e_05702044_12_22500_4bd_2024
[2039347] Skipping (exists): e_05732044_12_22500_4bd_2024
[2039347] Skipping (exists): e_05762044_12_22500_4bd_2024
[2039347] Skipping (exists): e_05792044_12_22500_4bd_2024
[2039347] Skipping (exists): e_05822044_12_22500_4bd_2024
[2039347] Skipping (exists): e_05462046_12_22500_4bd_2024
[2039347] Skipping (exists): e_05522046_12_22500_4bd_2024
[2039347] Skipping (exists): e_05552046_12_22500_4bd_2024
[2039347] Skipping (exists): e_05582046_12_22500_4bd_2024
[2039347] Skipping (exists): e_05612046_12_22500_4bd_2024
[2039347] Skipping (exists): e_05642046_12_22500_4bd_2024
[2039347] Skipping (exists): e_05672046_12_22500_4bd_2024
[2039347] Skipping (exists): e_05702046_12_22500_4bd_2024
[2039347] Skipping (exists): e_05732046_12_22500_4bd_2024
[2039347] Skipping (exists): e_05762046_12_22500_4bd_2024
[2039347] Skipping (exists): e_05792046_12_22500_4bd_2024
[2039347] Skipping (exists): e_05822046_12_22500_4bd_2024
[2039347] Skipping (exists): e_05852046_12_22500_4bd_2024
[2039347] Skipping (exists): e_05462048_12_22500_4bd_2024
[2039347] Skipping (exists): e_05492048_12_22500_4bd_2024
[2039347] Skipping (exists): e_05552048_12_22500_4bd_2024
[2039347] Skipping (exists): e_05582048_12_22500_4bd_2024
[2039347] Skipping (exists): e_05612048_12_22500_4bd_2024
[2039347] Skipping (exists): e_05642048_12_22500_4bd_2024
[2039347] Skipping (exists): e_05672048_12_22500_4bd_2024
[2039347] Skipping (exists): e_05702048_12_22500_4bd_2024
[2039347] Skipping (exists): e_05732048_12_22500_4bd_2024
[2039347] Skipping (exists): e_05762048_12_22500_4bd_2024
[2039347] Skipping (exists): e_05792048_12_22500_4bd_2024
[2039347] Skipping (exists): e_05822048_12_22500_4bd_2024
[2039347] Skipping (exists): e_05852048_12_22500_4bd_2024
[2039347] Skipping (exists): e_05462050_12_22500_4bd_2024
[2039347] Skipping (exists): e_05492050_12_22500_4bd_2024
[2039347] Skipping (exists): e_05522050_12_22500_4bd_2024
[2039347] Skipping (exists): e_05552050_12_22500_4bd_2024
[2039347] Skipping (exists): e_05582050_12_22500_4bd_2024
[2039347] Skipping (exists): e_05612050_12_22500_4bd_2024
[2039347] Skipping (exists): e_05642050_12_22500_4bd_2024
[2039347] Skipping (exists): e_05672050_12_22500_4bd_2024
[2039347] Skipping (exists): e_05702050_12_22500_4bd_2024
[2039347] Skipping (exists): e_05732050_12_22500_4bd_2024
[2039347] Skipping (exists): e_05762050_12_22500_4bd_2024
[2039347] Skipping (exists): e_05792050_12_22500_4bd_2024
[2039347] Skipping (exists): e_05822050_12_22500_4bd_2024
[2039347] Skipping (exists): e_05852050_12_22500_4bd_2024
[2039347] Skipping (exists): e_06122050_12_22500_4bd_2024
[2039347] Skipping (exists): e_06152050_12_22500_4bd_2024
[2039347] Skipping (exists): e_06182050_12_22500_4bd_2024
[2039347] Skipping (exists): e_05462052_12_22500_4bd_2024
[2039347] Skipping (exists): e_05492052_12_22500_4bd_2024
[2039347] Skipping (exists): e_05522052_12_22500_4bd_2024
[2039347] Skipping (exists): e_05552052_12_22500_4bd_2024
[2039347] Skipping (exists): e_05582052_12_22500_4bd_2024
[2039347] Skipping (exists): e_05612052_12_22500_4bd_2024
[2039347] Skipping (exists): e_05642052_12_22500_4bd_2024
[2039347] Skipping (exists): e_05672052_12_22500_4bd_2024
[2039347] Skipping (exists): e_05702052_12_22500_4bd_2024
[2039347] Skipping (exists): e_05732052_12_22500_4bd_2024
[2039347] Skipping (exists): e_05762052_12_22500_4bd_2024
[2039347] Skipping (exists): e_05792052_12_22500_4bd_2024
[2039347] Skipping (exists): e_05822052_12_22500_4bd_2024
[2039347] Skipping (exists): e_05852052_12_22500_4bd_2024
[2039347] Skipping (exists): e_06092052_12_22500_4bd_2024
[2039347] Skipping (exists): e_06122052_12_22500_4bd_2024
[2039347] Skipping (exists): e_06152052_12_22500_4bd_2024
[2039347] Skipping (exists): e_06182052_12_22500_4bd_2024
[2039347] Skipping (exists): e_06212052_12_22500_4bd_2024
[2039347] Skipping (exists): e_05432054_12_22500_4bd_2024
[2039347] Skipping (exists): e_05462054_12_22500_4bd_2024
[2039347] Skipping (exists): e_05492054_12_22500_4bd_2024
[2039347] Skipping (exists): e_05522054_12_22500_4bd_2024
[2039347] Skipping (exists): e_05552054_12_22500_4bd_2024
[2039347] Skipping (exists): e_05582054_12_22500_4bd_2024
[2039347] Skipping (exists): e_05612054_12_22500_4bd_2024
[2039347] Skipping (exists): e_05642054_12_22500_4bd_2024
[2039347] Skipping (exists): e_05672054_12_22500_4bd_2024
[2039347] Skipping (exists): e_05702054_12_22500_4bd_2024
[2039347] Skipping (exists): e_05732054_12_22500_4bd_2024
[2039347] Skipping (exists): e_05762054_12_22500_4bd_2024
[2039347] Skipping (exists): e_05792054_12_22500_4bd_2024
[2039347] Skipping (exists): e_05822054_12_22500_4bd_2024
[2039347] Skipping (exists): e_05852054_12_22500_4bd_2024
[2039347] Skipping (exists): e_06092054_12_22500_4bd_2024
[2039347] Skipping (exists): e_06122054_12_22500_4bd_2024
[2039347] Skipping (exists): e_06152054_12_22500_4bd_2024
[2039347] Skipping (exists): e_06182054_12_22500_4bd_2024
[2039347] Skipping (exists): e_06212054_12_22500_4bd_2024
[2039347] Skipping (exists): e_05372056_12_22500_4bd_2024
[2039347] Skipping (exists): e_05402056_12_22500_4bd_2024
[2039347] Skipping (exists): e_05432056_12_22500_4bd_2024
[2039347] Skipping (exists): e_05462056_12_22500_4bd_2024
[2039347] Skipping (exists): e_05492056_12_22500_4bd_2024
[2039347] Skipping (exists): e_05522056_12_22500_4bd_2024
[2039347] Skipping (exists): e_05552056_12_22500_4bd_2024
[2039347] Skipping (exists): e_05582056_12_22500_4bd_2024
[2039347] Skipping (exists): e_05612056_12_22500_4bd_2024
[2039347] Skipping (exists): e_05642056_12_22500_4bd_2024
[2039347] Skipping (exists): e_05672056_12_22500_4bd_2024
[2039347] Skipping (exists): e_05702056_12_22500_4bd_2024
[2039347] Skipping (exists): e_05732056_12_22500_4bd_2024
[2039347] Skipping (exists): e_05762056_12_22500_4bd_2024
[2039347] Skipping (exists): e_05792056_12_22500_4bd_2024
[2039347] Skipping (exists): e_05822056_12_22500_4bd_2024
[2039347] Skipping (exists): e_05852056_12_22500_4bd_2024
[2039347] Skipping (exists): e_06122056_12_22500_4bd_2024
[2039347] Skipping (exists): e_06152056_12_22500_4bd_2024
[2039347] Skipping (exists): e_06182056_12_22500_4bd_2024
[2039347] Skipping (exists): e_06212056_12_22500_4bd_2024
[2039347] Skipping (exists): e_06242056_12_22500_4bd_2024
[2039347] Skipping (exists): e_06272056_12_22500_4bd_2024
[2039347] Skipping (exists): e_05342058_12_22500_4bd_2024
[2039347] Skipping (exists): e_05372058_12_22500_4bd_2024
[2039347] Skipping (exists): e_05402058_12_22500_4bd_2024
[2039347] Skipping (exists): e_05432058_12_22500_4bd_2024
[2039347] Skipping (exists): e_05462058_12_22500_4bd_2024
[2039347] Skipping (exists): e_05492058_12_22500_4bd_2024
[2039347] Skipping (exists): e_05522058_12_22500_4bd_2024
[2039347] Skipping (exists): e_05552058_12_22500_4bd_2024
[2039347] Skipping (exists): e_05582058_12_22500_4bd_2024
[2039347] Skipping (exists): e_05612058_12_22500_4bd_2024
[2039347] Skipping (exists): e_05642058_12_22500_4bd_2024
[2039347] Skipping (exists): e_05672058_12_22500_4bd_2024
[2039347] Skipping (exists): e_05702058_12_22500_4bd_2024
[2039347] Skipping (exists): e_05732058_12_22500_4bd_2024
[2039347] Skipping (exists): e_05762058_12_22500_4bd_2024
[2039347] Skipping (exists): e_05792058_12_22500_4bd_2024
[2039347] Skipping (exists): e_05822058_12_22500_4bd_2024
[2039347] Skipping (exists): e_05852058_12_22500_4bd_2024
[2039347] Skipping (exists): e_05882058_12_22500_4bd_2024
[2039347] Skipping (exists): e_06122058_12_22500_4bd_2024
[2039347] Skipping (exists): e_06152058_12_22500_4bd_2024
[2039347] Skipping (exists): e_06182058_12_22500_4bd_2024
[2039347] Skipping (exists): e_06212058_12_22500_4bd_2024
[2039347] Skipping (exists): e_06242058_12_22500_4bd_2024
[2039347] Skipping (exists): e_06272058_12_22500_4bd_2024
[2039347] Skipping (exists): e_05342060_12_22500_4bd_2024
[2039347] Skipping (exists): e_05372060_12_22500_4bd_2024
[2039347] Skipping (exists): e_05402060_12_22500_4bd_2024
[2039347] Skipping (exists): e_05432060_12_22500_4bd_2024
[2039347] Skipping (exists): e_05462060_12_22500_4bd_2024
[2039347] Skipping (exists): e_05492060_12_22500_4bd_2024
[2039347] Skipping (exists): e_05522060_12_22500_4bd_2024
[2039347] Skipping (exists): e_05552060_12_22500_4bd_2024
[2039347] Skipping (exists): e_05582060_12_22500_4bd_2024
[2039347] Skipping (exists): e_05612060_12_22500_4bd_2024
[2039347] Skipping (exists): e_05642060_12_22500_4bd_2024
[2039347] Skipping (exists): e_05672060_12_22500_4bd_2024
[2039347] Skipping (exists): e_05702060_12_22500_4bd_2024
[2039347] Skipping (exists): e_05732060_12_22500_4bd_2024
[2039347] Skipping (exists): e_05762060_12_22500_4bd_2024
[2039347] Skipping (exists): e_05792060_12_22500_4bd_2024
[2039347] Skipping (exists): e_05822060_12_22500_4bd_2024
[2039347] Skipping (exists): e_05852060_12_22500_4bd_2024
[2039347] Skipping (exists): e_05882060_12_22500_4bd_2024
[2039347] Skipping (exists): e_06122060_12_22500_4bd_2024
[2039347] Skipping (exists): e_06152060_12_22500_4bd_2024
[2039347] Skipping (exists): e_06182060_12_22500_4bd_2024
[2039347] Skipping (exists): e_06212060_12_22500_4bd_2024
[2039347] Skipping (exists): e_06242060_12_22500_4bd_2024
[2039347] Skipping (exists): e_06272060_12_22500_4bd_2024
[2039347] Skipping (exists): e_05342062_12_22500_4bd_2024
[2039347] Skipping (exists): e_05372062_12_22500_4bd_2024
[2039347] Skipping (exists): e_05402062_12_22500_4bd_2024
[2039347] Skipping (exists): e_05432062_12_22500_4bd_2024
[2039347] Skipping (exists): e_05462062_12_22500_4bd_2024
[2039347] Skipping (exists): e_05492062_12_22500_4bd_2024
[2039347] Skipping (exists): e_05522062_12_22500_4bd_2024
[2039347] Skipping (exists): e_05552062_12_22500_4bd_2024
[2039347] Skipping (exists): e_05582062_12_22500_4bd_2024
[2039347] Skipping (exists): e_05612062_12_22500_4bd_2024
[2039347] Skipping (exists): e_05642062_12_22500_4bd_2024
[2039347] Skipping (exists): e_05672062_12_22500_4bd_2024
[2039347] Skipping (exists): e_05702062_12_22500_4bd_2024
[2039347] Skipping (exists): e_05732062_12_22500_4bd_2024
[2039347] Skipping (exists): e_05762062_12_22500_4bd_2024
[2039347] Skipping (exists): e_05792062_12_22500_4bd_2024
[2039347] Skipping (exists): e_05822062_12_22500_4bd_2024
[2039347] Skipping (exists): e_05852062_12_22500_4bd_2024
[2039347] Skipping (exists): e_05882062_12_22500_4bd_2024
[2039347] Skipping (exists): e_05912062_12_22500_4bd_2024
[2039347] Skipping (exists): e_05942062_12_22500_4bd_2024
[2039347] Skipping (exists): e_06092062_12_22500_4bd_2024
[2039347] Skipping (exists): e_06122062_12_22500_4bd_2024
[2039347] Skipping (exists): e_06152062_12_22500_4bd_2024
[2039347] Skipping (exists): e_06182062_12_22500_4bd_2024
[2039347] Skipping (exists): e_06212062_12_22500_4bd_2024
[2039347] Skipping (exists): e_06242062_12_22500_4bd_2024
[2039347] Skipping (exists): e_06272062_12_22500_4bd_2024
[2039347] Skipping (exists): e_05342064_12_22500_4bd_2024
[2039347] Skipping (exists): e_05372064_12_22500_4bd_2024
[2039347] Skipping (exists): e_05402064_12_22500_4bd_2024
[2039347] Skipping (exists): e_05432064_12_22500_4bd_2024
[2039347] Skipping (exists): e_05462064_12_22500_4bd_2024
[2039347] Skipping (exists): e_05492064_12_22500_4bd_2024
[2039347] Skipping (exists): e_05522064_12_22500_4bd_2024
[2039347] Skipping (exists): e_05552064_12_22500_4bd_2024
[2039347] Skipping (exists): e_05582064_12_22500_4bd_2024
[2039347] Skipping (exists): e_05612064_12_22500_4bd_2024
[2039347] Skipping (exists): e_05642064_12_22500_4bd_2024
[2039347] Skipping (exists): e_05672064_12_22500_4bd_2024
[2039347] Skipping (exists): e_05702064_12_22500_4bd_2024
[2039347] Skipping (exists): e_05732064_12_22500_4bd_2024
[2039347] Skipping (exists): e_05762064_12_22500_4bd_2024
[2039347] Skipping (exists): e_05792064_12_22500_4bd_2024
[2039347] Skipping (exists): e_05822064_12_22500_4bd_2024
[2039347] Skipping (exists): e_05852064_12_22500_4bd_2024
[2039347] Skipping (exists): e_05882064_12_22500_4bd_2024
[2039347] Skipping (exists): e_05912064_12_22500_4bd_2024
[2039347] Skipping (exists): e_05942064_12_22500_4bd_2024
[2039347] Skipping (exists): e_06092064_12_22500_4bd_2024
[2039347] Skipping (exists): e_06122064_12_22500_4bd_2024
[2039347] Skipping (exists): e_06152064_12_22500_4bd_2024
[2039347] Skipping (exists): e_06182064_12_22500_4bd_2024
[2039347] Skipping (exists): e_06212064_12_22500_4bd_2024
[2039347] Skipping (exists): e_06242064_12_22500_4bd_2024
[2039347] Skipping (exists): e_06272064_12_22500_4bd_2024
[2039347] Skipping (exists): e_06302064_12_22500_4bd_2024
[2039347] Skipping (exists): e_06332064_12_22500_4bd_2024
[2039347] Skipping (exists): e_05342066_12_22500_4bd_2024
[2039347] Skipping (exists): e_05372066_12_22500_4bd_2024
[2039347] Skipping (exists): e_05402066_12_22500_4bd_2024
[2039347] Skipping (exists): e_05432066_12_22500_4bd_2024
[2039347] Skipping (exists): e_05462066_12_22500_4bd_2024
[2039347] Skipping (exists): e_05492066_12_22500_4bd_2024
[2039347] Skipping (exists): e_05522066_12_22500_4bd_2024
[2039347] Skipping (exists): e_05552066_12_22500_4bd_2024
[2039347] Skipping (exists): e_05582066_12_22500_4bd_2024
[2039347] Skipping (exists): e_05612066_12_22500_4bd_2024
[2039347] Skipping (exists): e_05642066_12_22500_4bd_2024
[2039347] Skipping (exists): e_05672066_12_22500_4bd_2024
[2039347] Skipping (exists): e_05702066_12_22500_4bd_2024
[2039347] Skipping (exists): e_05732066_12_22500_4bd_2024
[2039347] Skipping (exists): e_05762066_12_22500_4bd_2024
[2039347] Skipping (exists): e_05792066_12_22500_4bd_2024
[2039347] Skipping (exists): e_05822066_12_22500_4bd_2024
[2039347] Skipping (exists): e_05852066_12_22500_4bd_2024
[2039347] Skipping (exists): e_05882066_12_22500_4bd_2024
[2039347] Skipping (exists): e_05912066_12_22500_4bd_2024
[2039347] Skipping (exists): e_05942066_12_22500_4bd_2024
[2039347] Skipping (exists): e_05972066_12_22500_4bd_2024
[2039347] Skipping (exists): e_06092066_12_22500_4bd_2024
[2039347] Skipping (exists): e_06122066_12_22500_4bd_2024
[2039347] Skipping (exists): e_06152066_12_22500_4bd_2024
[2039347] Skipping (exists): e_06182066_12_22500_4bd_2024
[2039347] Skipping (exists): e_06212066_12_22500_4bd_2024
[2039347] Skipping (exists): e_06242066_12_22500_4bd_2024
[2039347] Skipping (exists): e_06272066_12_22500_4bd_2024
[2039347] Skipping (exists): e_06302066_12_22500_4bd_2024
[2039347] Skipping (exists): e_06332066_12_22500_4bd_2024
[2039347] Skipping (exists): e_05402068_12_22500_4bd_2024
[2039347] Skipping (exists): e_05432068_12_22500_4bd_2024
[2039347] Skipping (exists): e_05462068_12_22500_4bd_2024
[2039347] Skipping (exists): e_05492068_12_22500_4bd_2024
[2039347] Skipping (exists): e_05522068_12_22500_4bd_2024
[2039347] Skipping (exists): e_05552068_12_22500_4bd_2024
[2039347] Skipping (exists): e_05582068_12_22500_4bd_2024
[2039347] Skipping (exists): e_05612068_12_22500_4bd_2024
[2039347] Skipping (exists): e_05642068_12_22500_4bd_2024
[2039347] Skipping (exists): e_05672068_12_22500_4bd_2024
[2039347] Skipping (exists): e_05702068_12_22500_4bd_2024
[2039347] Skipping (exists): e_05732068_12_22500_4bd_2024
[2039347] Skipping (exists): e_05762068_12_22500_4bd_2024
[2039347] Skipping (exists): e_05792068_12_22500_4bd_2024
[2039347] Skipping (exists): e_05822068_12_22500_4bd_2024
[2039347] Skipping (exists): e_05852068_12_22500_4bd_2024
[2039347] Skipping (exists): e_05882068_12_22500_4bd_2024
[2039347] Skipping (exists): e_05912068_12_22500_4bd_2024
[2039347] Skipping (exists): e_05942068_12_22500_4bd_2024
[2039347] Skipping (exists): e_05972068_12_22500_4bd_2024
[2039347] Skipping (exists): e_06002068_12_22500_4bd_2024
[2039347] Skipping (exists): e_06062068_12_22500_4bd_2024
[2039347] Skipping (exists): e_06092068_12_22500_4bd_2024
[2039347] Skipping (exists): e_06122068_12_22500_4bd_2024
[2039347] Skipping (exists): e_06152068_12_22500_4bd_2024
[2039347] Skipping (exists): e_06182068_12_22500_4bd_2024
[2039347] Skipping (exists): e_06212068_12_22500_4bd_2024
[2039347] Skipping (exists): e_06242068_12_22500_4bd_2024
[2039347] Skipping (exists): e_06272068_12_22500_4bd_2024
[2039347] Skipping (exists): e_06302068_12_22500_4bd_2024
[2039347] Skipping (exists): e_06332068_12_22500_4bd_2024
[2039347] Skipping (exists): e_06362068_12_22500_4bd_2024
[2039347] Skipping (exists): e_05402070_12_22500_4bd_2024
[2039347] Skipping (exists): e_05432070_12_22500_4bd_2024
[2039347] Skipping (exists): e_05462070_12_22500_4bd_2024
[2039347] Skipping (exists): e_05492070_12_22500_4bd_2024
[2039347] Skipping (exists): e_05522070_12_22500_4bd_2024
[2039347] Skipping (exists): e_05552070_12_22500_4bd_2024
[2039347] Skipping (exists): e_05582070_12_22500_4bd_2024
[2039347] Skipping (exists): e_05612070_12_22500_4bd_2024
[2039347] Skipping (exists): e_05642070_12_22500_4bd_2024
[2039347] Skipping (exists): e_05672070_12_22500_4bd_2024
[2039347] Skipping (exists): e_05702070_12_22500_4bd_2024
[2039347] Skipping (exists): e_05732070_12_22500_4bd_2024
[2039347] Skipping (exists): e_05762070_12_22500_4bd_2024
[2039347] Skipping (exists): e_05792070_12_22500_4bd_2024
[2039347] Skipping (exists): e_05822070_12_22500_4bd_2024
[2039347] Skipping (exists): e_05852070_12_22500_4bd_2024
[2039347] Skipping (exists): e_05882070_12_22500_4bd_2024
[2039347] Skipping (exists): e_05912070_12_22500_4bd_2024
[2039347] Skipping (exists): e_05942070_12_22500_4bd_2024
[2039347] Skipping (exists): e_05972070_12_22500_4bd_2024
[2039347] Skipping (exists): e_06002070_12_22500_4bd_2024
[2039347] Skipping (exists): e_06032070_12_22500_4bd_2024
[2039347] Skipping (exists): e_06062070_12_22500_4bd_2024
[2039347] Skipping (exists): e_06092070_12_22500_4bd_2024
[2039347] Skipping (exists): e_06122070_12_22500_4bd_2024
[2039347] Skipping (exists): e_06152070_12_22500_4bd_2024
[2039347] Skipping (exists): e_06182070_12_22500_4bd_2024
[2039347] Skipping (exists): e_06212070_12_22500_4bd_2024
[2039347] Skipping (exists): e_06242070_12_22500_4bd_2024
[2039347] Skipping (exists): e_06272070_12_22500_4bd_2024
[2039347] Skipping (exists): e_06302070_12_22500_4bd_2024
[2039347] Skipping (exists): e_06332070_12_22500_4bd_2024
[2039347] Skipping (exists): e_06362070_12_22500_4bd_2024
[2039347] Skipping (exists): e_06392070_12_22500_4bd_2024
[2039347] Skipping (exists): e_05402072_12_22500_4bd_2024
[2039347] Skipping (exists): e_05432072_12_22500_4bd_2024
[2039347] Skipping (exists): e_05462072_12_22500_4bd_2024
[2039347] Skipping (exists): e_05492072_12_22500_4bd_2024
[2039347] Skipping (exists): e_05522072_12_22500_4bd_2024
[2039347] Skipping (exists): e_05552072_12_22500_4bd_2024
[2039347] Skipping (exists): e_05582072_12_22500_4bd_2024
[2039347] Skipping (exists): e_05612072_12_22500_4bd_2024
[2039347] Skipping (exists): e_05642072_12_22500_4bd_2024
[2039347] Skipping (exists): e_05672072_12_22500_4bd_2024
[2039347] Skipping (exists): e_05702072_12_22500_4bd_2024
[2039347] Skipping (exists): e_05732072_12_22500_4bd_2024
[2039347] Skipping (exists): e_05762072_12_22500_4bd_2024
[2039347] Skipping (exists): e_05792072_12_22500_4bd_2024
[2039347] Skipping (exists): e_05822072_12_22500_4bd_2024
[2039347] Skipping (exists): e_05852072_12_22500_4bd_2024
[2039347] Skipping (exists): e_05882072_12_22500_4bd_2024
[2039347] Skipping (exists): e_05912072_12_22500_4bd_2024
[2039347] Skipping (exists): e_05942072_12_22500_4bd_2024
[2039347] Skipping (exists): e_05972072_12_22500_4bd_2024
[2039347] Skipping (exists): e_06002072_12_22500_4bd_2024
[2039347] Skipping (exists): e_06032072_12_22500_4bd_2024
[2039347] Skipping (exists): e_06062072_12_22500_4bd_2024
[2039347] Skipping (exists): e_06092072_12_22500_4bd_2024
[2039347] Skipping (exists): e_06122072_12_22500_4bd_2024
[2039347] Skipping (exists): e_06152072_12_22500_4bd_2024
[2039347] Skipping (exists): e_06182072_12_22500_4bd_2024
[2039347] Skipping (exists): e_06212072_12_22500_4bd_2024
[2039347] Skipping (exists): e_06242072_12_22500_4bd_2024
[2039347] Skipping (exists): e_06272072_12_22500_4bd_2024
[2039347] Skipping (exists): e_06302072_12_22500_4bd_2024
[2039347] Skipping (exists): e_06332072_12_22500_4bd_2024
[2039347] Skipping (exists): e_06362072_12_22500_4bd_2024
[2039347] Skipping (exists): e_06392072_12_22500_4bd_2024
[2039347] Skipping (exists): e_06422072_12_22500_4bd_2024
[2039347] Skipping (exists): e_05402074_12_22500_4bd_2024
[2039347] Skipping (exists): e_05432074_12_22500_4bd_2024
[2039347] Skipping (exists): e_05462074_12_22500_4bd_2024
[2039347] Skipping (exists): e_05492074_12_22500_4bd_2024
[2039347] Skipping (exists): e_05522074_12_22500_4bd_2024
[2039347] Skipping (exists): e_05552074_12_22500_4bd_2024
[2039347] Skipping (exists): e_05582074_12_22500_4bd_2024
[2039347] Skipping (exists): e_05612074_12_22500_4bd_2024
[2039347] Skipping (exists): e_05642074_12_22500_4bd_2024
[2039347] Skipping (exists): e_05672074_12_22500_4bd_2024
[2039347] Skipping (exists): e_05702074_12_22500_4bd_2024
[2039347] Skipping (exists): e_05732074_12_22500_4bd_2024
[2039347] Skipping (exists): e_05762074_12_22500_4bd_2024
[2039347] Skipping (exists): e_05792074_12_22500_4bd_2024
[2039347] Skipping (exists): e_05822074_12_22500_4bd_2024
[2039347] Skipping (exists): e_05852074_12_22500_4bd_2024
[2039347] Skipping (exists): e_05882074_12_22500_4bd_2024
[2039347] Skipping (exists): e_05912074_12_22500_4bd_2024
[2039347] Skipping (exists): e_05942074_12_22500_4bd_2024
[2039347] Skipping (exists): e_05972074_12_22500_4bd_2024
[2039347] Skipping (exists): e_06002074_12_22500_4bd_2024
[2039347] Skipping (exists): e_06032074_12_22500_4bd_2024
[2039347] Skipping (exists): e_06062074_12_22500_4bd_2024
[2039347] Skipping (exists): e_06092074_12_22500_4bd_2024
[2039347] Skipping (exists): e_06122074_12_22500_4bd_2024
[2039347] Skipping (exists): e_06152074_12_22500_4bd_2024
[2039347] Skipping (exists): e_06182074_12_22500_4bd_2024
[2039347] Skipping (exists): e_06212074_12_22500_4bd_2024
[2039347] Skipping (exists): e_06242074_12_22500_4bd_2024
[2039347] Skipping (exists): e_06272074_12_22500_4bd_2024
[2039347] Skipping (exists): e_06302074_12_22500_4bd_2024
[2039347] Skipping (exists): e_06332074_12_22500_4bd_2024
[2039347] Skipping (exists): e_06362074_12_22500_4bd_2024
[2039347] Skipping (exists): e_06392074_12_22500_4bd_2024
[2039347] Skipping (exists): e_06422074_12_22500_4bd_2024
[2039347] Skipping (exists): e_05402076_12_22500_4bd_2024
[2039347] Skipping (exists): e_05432076_12_22500_4bd_2024
[2039347] Skipping (exists): e_05462076_12_22500_4bd_2024
[2039347] Skipping (exists): e_05492076_12_22500_4bd_2024
[2039347] Skipping (exists): e_05522076_12_22500_4bd_2024
[2039347] Skipping (exists): e_05552076_12_22500_4bd_2024
[2039347] Skipping (exists): e_05582076_12_22500_4bd_2024
[2039347] Skipping (exists): e_05612076_12_22500_4bd_2024
[2039347] Skipping (exists): e_05642076_12_22500_4bd_2024
[2039347] Skipping (exists): e_05672076_12_22500_4bd_2024
[2039347] Skipping (exists): e_05702076_12_22500_4bd_2024
[2039347] Skipping (exists): e_05732076_12_22500_4bd_2024
[2039347] Skipping (exists): e_05762076_12_22500_4bd_2024
[2039347] Skipping (exists): e_05792076_12_22500_4bd_2024
[2039347] Skipping (exists): e_05822076_12_22500_4bd_2024
[2039347] Skipping (exists): e_05852076_12_22500_4bd_2024
[2039347] Skipping (exists): e_05882076_12_22500_4bd_2024
[2039347] Skipping (exists): e_05912076_12_22500_4bd_2024
[2039347] Skipping (exists): e_05942076_12_22500_4bd_2024
[2039347] Skipping (exists): e_05972076_12_22500_4bd_2024
[2039347] Skipping (exists): e_06002076_12_22500_4bd_2024
[2039347] Skipping (exists): e_06032076_12_22500_4bd_2024
[2039347] Skipping (exists): e_06062076_12_22500_4bd_2024
[2039347] Skipping (exists): e_06092076_12_22500_4bd_2024
[2039347] Skipping (exists): e_06122076_12_22500_4bd_2024
[2039347] Skipping (exists): e_06152076_12_22500_4bd_2024
[2039347] Skipping (exists): e_06182076_12_22500_4bd_2024
[2039347] Skipping (exists): e_06212076_12_22500_4bd_2024
[2039347] Skipping (exists): e_06242076_12_22500_4bd_2024
[2039347] Skipping (exists): e_06272076_12_22500_4bd_2024
[2039347] Skipping (exists): e_06302076_12_22500_4bd_2024
[2039347] Skipping (exists): e_06332076_12_22500_4bd_2024
[2039347] Skipping (exists): e_06362076_12_22500_4bd_2024
[2039347] Skipping (exists): e_06392076_12_22500_4bd_2024
[2039347] Skipping (exists): e_06422076_12_22500_4bd_2024
[2039347] Skipping (exists): e_05432078_12_22500_4bd_2024
[2039347] Skipping (exists): e_05462078_12_22500_4bd_2024
[2039347] Skipping (exists): e_05492078_12_22500_4bd_2024
[2039347] Skipping (exists): e_05522078_12_22500_4bd_2024
[2039347] Skipping (exists): e_05552078_12_22500_4bd_2024
[2039347] Skipping (exists): e_05582078_12_22500_4bd_2024
[2039347] Skipping (exists): e_05612078_12_22500_4bd_2024
[2039347] Skipping (exists): e_05642078_12_22500_4bd_2024
[2039347] Skipping (exists): e_05672078_12_22500_4bd_2024
[2039347] Skipping (exists): e_05702078_12_22500_4bd_2024
[2039347] Skipping (exists): e_05732078_12_22500_4bd_2024
[2039347] Skipping (exists): e_05762078_12_22500_4bd_2024
[2039347] Skipping (exists): e_05792078_12_22500_4bd_2024
[2039347] Skipping (exists): e_05822078_12_22500_4bd_2024
[2039347] Skipping (exists): e_05852078_12_22500_4bd_2024
[2039347] Skipping (exists): e_05882078_12_22500_4bd_2024
[2039347] Skipping (exists): e_05912078_12_22500_4bd_2024
[2039347] Skipping (exists): e_05942078_12_22500_4bd_2024
[2039347] Skipping (exists): e_05972078_12_22500_4bd_2024
[2039347] Skipping (exists): e_06002078_12_22500_4bd_2024
[2039347] Skipping (exists): e_06032078_12_22500_4bd_2024
[2039347] Skipping (exists): e_06062078_12_22500_4bd_2024
[2039347] Skipping (exists): e_06092078_12_22500_4bd_2024
[2039347] Skipping (exists): e_06122078_12_22500_4bd_2024
[2039347] Skipping (exists): e_06152078_12_22500_4bd_2024
[2039347] Skipping (exists): e_06182078_12_22500_4bd_2024
[2039347] Skipping (exists): e_06212078_12_22500_4bd_2024
[2039347] Skipping (exists): e_06242078_12_22500_4bd_2024
[2039347] Skipping (exists): e_06272078_12_22500_4bd_2024
[2039347] Skipping (exists): e_06302078_12_22500_4bd_2024
[2039347] Skipping (exists): e_06332078_12_22500_4bd_2024
[2039347] Skipping (exists): e_06362078_12_22500_4bd_2024
[2039347] Skipping (exists): e_06392078_12_22500_4bd_2024
[2039347] Skipping (exists): e_05432080_12_22500_4bd_2024
[2039347] Skipping (exists): e_05462080_12_22500_4bd_2024
[2039347] Skipping (exists): e_05492080_12_22500_4bd_2024
[2039347] Skipping (exists): e_05522080_12_22500_4bd_2024
[2039347] Skipping (exists): e_05552080_12_22500_4bd_2024
[2039347] Skipping (exists): e_05582080_12_22500_4bd_2024
[2039347] Skipping (exists): e_05612080_12_22500_4bd_2024
[2039347] Skipping (exists): e_05642080_12_22500_4bd_2024
[2039347] Skipping (exists): e_05672080_12_22500_4bd_2024
[2039347] Skipping (exists): e_05702080_12_22500_4bd_2024
[2039347] Skipping (exists): e_05732080_12_22500_4bd_2024
[2039347] Skipping (exists): e_05762080_12_22500_4bd_2024
[2039347] Skipping (exists): e_05792080_12_22500_4bd_2024
[2039347] Skipping (exists): e_05822080_12_22500_4bd_2024
[2039347] Skipping (exists): e_05852080_12_22500_4bd_2024
[2039347] Skipping (exists): e_05882080_12_22500_4bd_2024
[2039347] Skipping (exists): e_05912080_12_22500_4bd_2024
[2039347] Skipping (exists): e_05942080_12_22500_4bd_2024
[2039347] Skipping (exists): e_05972080_12_22500_4bd_2024
[2039347] Skipping (exists): e_06002080_12_22500_4bd_2024
[2039347] Skipping (exists): e_06032080_12_22500_4bd_2024
[2039347] Skipping (exists): e_06062080_12_22500_4bd_2024
[2039347] Skipping (exists): e_06092080_12_22500_4bd_2024
[2039347] Skipping (exists): e_06122080_12_22500_4bd_2024
[2039347] Skipping (exists): e_06152080_12_22500_4bd_2024
[2039347] Skipping (exists): e_06182080_12_22500_4bd_2024
[2039347] Skipping (exists): e_06212080_12_22500_4bd_2024
[2039347] Skipping (exists): e_06242080_12_22500_4bd_2024
[2039347] Skipping (exists): e_06272080_12_22500_4bd_2024
[2039347] Skipping (exists): e_06302080_12_22500_4bd_2024
[2039347] Skipping (exists): e_06332080_12_22500_4bd_2024
[2039347] Skipping (exists): e_06362080_12_22500_4bd_2024
[2039347] Skipping (exists): e_06392080_12_22500_4bd_2024
[2039347] Skipping (exists): e_05462082_12_22500_4bd_2024
[2039347] Skipping (exists): e_05492082_12_22500_4bd_2024
[2039347] Skipping (exists): e_05522082_12_22500_4bd_2024
[2039347] Skipping (exists): e_05552082_12_22500_4bd_2024
[2039347] Skipping (exists): e_05582082_12_22500_4bd_2024
[2039347] Skipping (exists): e_05612082_12_22500_4bd_2024
[2039347] Skipping (exists): e_05642082_12_22500_4bd_2024
[2039347] Skipping (exists): e_05672082_12_22500_4bd_2024
[2039347] Skipping (exists): e_05702082_12_22500_4bd_2024
[2039347] Skipping (exists): e_05732082_12_22500_4bd_2024
[2039347] Skipping (exists): e_05762082_12_22500_4bd_2024
[2039347] Skipping (exists): e_05792082_12_22500_4bd_2024
[2039347] Skipping (exists): e_05822082_12_22500_4bd_2024
[2039347] Skipping (exists): e_05852082_12_22500_4bd_2024
[2039347] Skipping (exists): e_05882082_12_22500_4bd_2024
[2039347] Skipping (exists): e_05912082_12_22500_4bd_2024
[2039347] Skipping (exists): e_05942082_12_22500_4bd_2024
[2039347] Skipping (exists): e_05972082_12_22500_4bd_2024
[2039347] Skipping (exists): e_06002082_12_22500_4bd_2024
[2039347] Skipping (exists): e_06032082_12_22500_4bd_2024
[2039347] Skipping (exists): e_06062082_12_22500_4bd_2024
[2039347] Skipping (exists): e_06092082_12_22500_4bd_2024
[2039347] Skipping (exists): e_06122082_12_22500_4bd_2024
[2039347] Skipping (exists): e_06152082_12_22500_4bd_2024
[2039347] Skipping (exists): e_06182082_12_22500_4bd_2024
[2039347] Skipping (exists): e_06212082_12_22500_4bd_2024
[2039347] Skipping (exists): e_06242082_12_22500_4bd_2024
[2039347] Skipping (exists): e_06272082_12_22500_4bd_2024
[2039347] Skipping (exists): e_06302082_12_22500_4bd_2024
[2039347] Skipping (exists): e_06332082_12_22500_4bd_2024
[2039347] Skipping (exists): e_06362082_12_22500_4bd_2024
[2039347] Skipping (exists): e_06392082_12_22500_4bd_2024
[2039347] Skipping (exists): e_05552084_12_22500_4bd_2024
[2039347] Skipping (exists): e_05582084_12_22500_4bd_2024
[2039347] Skipping (exists): e_05612084_12_22500_4bd_2024
[2039347] Skipping (exists): e_05642084_12_22500_4bd_2024
[2039347] Skipping (exists): e_05672084_12_22500_4bd_2024
[2039347] Skipping (exists): e_05702084_12_22500_4bd_2024
[2039347] Skipping (exists): e_05732084_12_22500_4bd_2024
[2039347] Skipping (exists): e_05762084_12_22500_4bd_2024
[2039347] Skipping (exists): e_05792084_12_22500_4bd_2024
[2039347] Skipping (exists): e_05822084_12_22500_4bd_2024
[2039347] Skipping (exists): e_05852084_12_22500_4bd_2024
[2039347] Skipping (exists): e_05882084_12_22500_4bd_2024
[2039347] Skipping (exists): e_05912084_12_22500_4bd_2024
[2039347] Skipping (exists): e_05942084_12_22500_4bd_2024
[2039347] Skipping (exists): e_05972084_12_22500_4bd_2024
[2039347] Skipping (exists): e_06002084_12_22500_4bd_2024
[2039347] Skipping (exists): e_06032084_12_22500_4bd_2024
[2039347] Skipping (exists): e_06062084_12_22500_4bd_2024
[2039347] Skipping (exists): e_06092084_12_22500_4bd_2024
[2039347] Skipping (exists): e_06122084_12_22500_4bd_2024
[2039347] Skipping (exists): e_06152084_12_22500_4bd_2024
[2039347] Skipping (exists): e_06182084_12_22500_4bd_2024
[2039347] Skipping (exists): e_06212084_12_22500_4bd_2024
[2039347] Skipping (exists): e_06242084_12_22500_4bd_2024
[2039347] Skipping (exists): e_06272084_12_22500_4bd_2024
[2039347] Skipping (exists): e_06302084_12_22500_4bd_2024
[2039347] Skipping (exists): e_06332084_12_22500_4bd_2024
[2039347] Skipping (exists): e_06362084_12_22500_4bd_2024
[2039347] Skipping (exists): e_05552086_12_22500_4bd_2024
[2039347] Skipping (exists): e_05582086_12_22500_4bd_2024
[2039347] Skipping (exists): e_05612086_12_22500_4bd_2024
[2039347] Skipping (exists): e_05642086_12_22500_4bd_2024
[2039347] Skipping (exists): e_05672086_12_22500_4bd_2024
[2039347] Skipping (exists): e_05702086_12_22500_4bd_2024
[2039347] Skipping (exists): e_05732086_12_22500_4bd_2024
[2039347] Skipping (exists): e_05762086_12_22500_4bd_2024
[2039347] Skipping (exists): e_05792086_12_22500_4bd_2024
[2039347] Skipping (exists): e_05822086_12_22500_4bd_2024
[2039347] Skipping (exists): e_05852086_12_22500_4bd_2024
[2039347] Skipping (exists): e_05882086_12_22500_4bd_2024
[2039347] Skipping (exists): e_05912086_12_22500_4bd_2024
[2039347] Skipping (exists): e_05942086_12_22500_4bd_2024
[2039347] Skipping (exists): e_05972086_12_22500_4bd_2024
[2039347] Skipping (exists): e_06002086_12_22500_4bd_2024
[2039347] Skipping (exists): e_06032086_12_22500_4bd_2024
[2039347] Skipping (exists): e_06062086_12_22500_4bd_2024
[2039347] Skipping (exists): e_06092086_12_22500_4bd_2024
[2039347] Skipping (exists): e_06122086_12_22500_4bd_2024
[2039347] Skipping (exists): e_06152086_12_22500_4bd_2024
[2039347] Skipping (exists): e_06182086_12_22500_4bd_2024
[2039347] Skipping (exists): e_06212086_12_22500_4bd_2024
[2039347] Skipping (exists): e_06242086_12_22500_4bd_2024
[2039347] Skipping (exists): e_06272086_12_22500_4bd_2024
[2039347] Skipping (exists): e_06302086_12_22500_4bd_2024
[2039347] Skipping (exists): e_06332086_12_22500_4bd_2024
[2039347] Skipping (exists): e_06362086_12_22500_4bd_2024
[2039347] Skipping (exists): e_05552088_12_22500_4bd_2024
[2039347] Skipping (exists): e_05582088_12_22500_4bd_2024
[2039347] Skipping (exists): e_05612088_12_22500_4bd_2024
[2039347] Skipping (exists): e_05642088_12_22500_4bd_2024
[2039347] Skipping (exists): e_05672088_12_22500_4bd_2024
[2039347] Skipping (exists): e_05702088_12_22500_4bd_2024
[2039347] Skipping (exists): e_05732088_12_22500_4bd_2024
[2039347] Skipping (exists): e_05762088_12_22500_4bd_2024
[2039347] Skipping (exists): e_05792088_12_22500_4bd_2024
[2039347] Skipping (exists): e_05822088_12_22500_4bd_2024
[2039347] Skipping (exists): e_05852088_12_22500_4bd_2024
[2039347] Skipping (exists): e_05882088_12_22500_4bd_2024
[2039347] Skipping (exists): e_05912088_12_22500_4bd_2024
[2039347] Skipping (exists): e_05942088_12_22500_4bd_2024
[2039347] Skipping (exists): e_05972088_12_22500_4bd_2024
[2039347] Skipping (exists): e_06002088_12_22500_4bd_2024
[2039347] Skipping (exists): e_06032088_12_22500_4bd_2024
[2039347] Skipping (exists): e_06062088_12_22500_4bd_2024
[2039347] Skipping (exists): e_06092088_12_22500_4bd_2024
[2039347] Skipping (exists): e_06122088_12_22500_4bd_2024
[2039347] Skipping (exists): e_06152088_12_22500_4bd_2024
[2039347] Skipping (exists): e_06182088_12_22500_4bd_2024
[2039347] Skipping (exists): e_06212088_12_22500_4bd_2024
[2039347] Skipping (exists): e_06242088_12_22500_4bd_2024
[2039347] Skipping (exists): e_06272088_12_22500_4bd_2024
[2039347] Skipping (exists): e_06302088_12_22500_4bd_2024
[2039347] Skipping (exists): e_06332088_12_22500_4bd_2024
[2039347] Skipping (exists): e_06362088_12_22500_4bd_2024
[2039347] Skipping (exists): e_06392088_12_22500_4bd_2024
[2039347] Skipping (exists): e_05552090_12_22500_4bd_2024
[2039347] Skipping (exists): e_05582090_12_22500_4bd_2024
[2039347] Skipping (exists): e_05612090_12_22500_4bd_2024
[2039347] Skipping (exists): e_05642090_12_22500_4bd_2024
[2039347] Skipping (exists): e_05672090_12_22500_4bd_2024
[2039347] Skipping (exists): e_05702090_12_22500_4bd_2024
[2039347] Skipping (exists): e_05732090_12_22500_4bd_2024
[2039347] Skipping (exists): e_05762090_12_22500_4bd_2024
[2039347] Skipping (exists): e_05792090_12_22500_4bd_2024
[2039347] Skipping (exists): e_05822090_12_22500_4bd_2024
[2039347] Skipping (exists): e_05852090_12_22500_4bd_2024
[2039347] Skipping (exists): e_05882090_12_22500_4bd_2024
[2039347] Skipping (exists): e_05912090_12_22500_4bd_2024
[2039347] Skipping (exists): e_05942090_12_22500_4bd_2024
[2039347] Skipping (exists): e_05972090_12_22500_4bd_2024
[2039347] Skipping (exists): e_06002090_12_22500_4bd_2024
[2039347] Skipping (exists): e_06032090_12_22500_4bd_2024
[2039347] Skipping (exists): e_06062090_12_22500_4bd_2024
[2039347] Skipping (exists): e_06092090_12_22500_4bd_2024
[2039347] Skipping (exists): e_06122090_12_22500_4bd_2024
[2039347] Skipping (exists): e_06152090_12_22500_4bd_2024
[2039347] Skipping (exists): e_06182090_12_22500_4bd_2024
[2039347] Skipping (exists): e_06212090_12_22500_4bd_2024
[2039347] Skipping (exists): e_06242090_12_22500_4bd_2024
[2039347] Skipping (exists): e_06272090_12_22500_4bd_2024
[2039347] Skipping (exists): e_06302090_12_22500_4bd_2024
[2039347] Skipping (exists): e_06332090_12_22500_4bd_2024
[2039347] Skipping (exists): e_06362090_12_22500_4bd_2024
[2039347] Skipping (exists): e_06392090_12_22500_4bd_2024
[2039347] Skipping (exists): e_05582092_12_22500_4bd_2024
[2039347] Skipping (exists): e_05612092_12_22500_4bd_2024
[2039347] Skipping (exists): e_05642092_12_22500_4bd_2024
[2039347] Skipping (exists): e_05672092_12_22500_4bd_2024
[2039347] Skipping (exists): e_05702092_12_22500_4bd_2024
[2039347] Skipping (exists): e_05732092_12_22500_4bd_2024
[2039347] Skipping (exists): e_05762092_12_22500_4bd_2024
[2039347] Skipping (exists): e_05792092_12_22500_4bd_2024
[2039347] Skipping (exists): e_05822092_12_22500_4bd_2024
[2039347] Skipping (exists): e_05852092_12_22500_4bd_2024
[2039347] Skipping (exists): e_05882092_12_22500_4bd_2024
[2039347] Skipping (exists): e_05912092_12_22500_4bd_2024
[2039347] Skipping (exists): e_05942092_12_22500_4bd_2024
[2039347] Skipping (exists): e_05972092_12_22500_4bd_2024
[2039347] Skipping (exists): e_06002092_12_22500_4bd_2024
[2039347] Skipping (exists): e_06032092_12_22500_4bd_2024
[2039347] Skipping (exists): e_06062092_12_22500_4bd_2024
[2039347] Skipping (exists): e_06092092_12_22500_4bd_2024
[2039347] Skipping (exists): e_06122092_12_22500_4bd_2024
[2039347] Skipping (exists): e_06152092_12_22500_4bd_2024
[2039347] Skipping (exists): e_06182092_12_22500_4bd_2024
[2039347] Skipping (exists): e_06212092_12_22500_4bd_2024
[2039347] Skipping (exists): e_06242092_12_22500_4bd_2024
[2039347] Skipping (exists): e_06272092_12_22500_4bd_2024
[2039347] Skipping (exists): e_06302092_12_22500_4bd_2024
[2039347] Skipping (exists): e_06332092_12_22500_4bd_2024
[2039347] Skipping (exists): e_06362092_12_22500_4bd_2024
[2039347] Skipping (exists): e_06392092_12_22500_4bd_2024
[2039347] Skipping (exists): e_05612094_12_22500_4bd_2024
[2039347] Skipping (exists): e_05642094_12_22500_4bd_2024
[2039347] Skipping (exists): e_05672094_12_22500_4bd_2024
[2039347] Skipping (exists): e_05702094_12_22500_4bd_2024
[2039347] Skipping (exists): e_05732094_12_22500_4bd_2024
[2039347] Skipping (exists): e_05762094_12_22500_4bd_2024
[2039347] Skipping (exists): e_05792094_12_22500_4bd_2024
[2039347] Skipping (exists): e_05822094_12_22500_4bd_2024
[2039347] Skipping (exists): e_05852094_12_22500_4bd_2024
[2039347] Skipping (exists): e_05882094_12_22500_4bd_2024
[2039347] Skipping (exists): e_05912094_12_22500_4bd_2024
[2039347] Skipping (exists): e_05942094_12_22500_4bd_2024
[2039347] Skipping (exists): e_05972094_12_22500_4bd_2024
[2039347] Skipping (exists): e_06002094_12_22500_4bd_2024
[2039347] Skipping (exists): e_06032094_12_22500_4bd_2024
[2039347] Skipping (exists): e_06062094_12_22500_4bd_2024
[2039347] Skipping (exists): e_06092094_12_22500_4bd_2024
[2039347] Skipping (exists): e_06122094_12_22500_4bd_2024
[2039347] Skipping (exists): e_06152094_12_22500_4bd_2024
[2039347] Skipping (exists): e_06182094_12_22500_4bd_2024
[2039347] Skipping (exists): e_06212094_12_22500_4bd_2024
[2039347] Skipping (exists): e_06242094_12_22500_4bd_2024
[2039347] Skipping (exists): e_06272094_12_22500_4bd_2024
[2039347] Skipping (exists): e_06302094_12_22500_4bd_2024
[2039347] Skipping (exists): e_06332094_12_22500_4bd_2024
[2039347] Skipping (exists): e_06362094_12_22500_4bd_2024
[2039347] Skipping (exists): e_05402096_12_22500_4bd_2024
[2039347] Skipping (exists): e_05432096_12_22500_4bd_2024
[2039347] Skipping (exists): e_05462096_12_22500_4bd_2024
[2039347] Skipping (exists): e_05492096_12_22500_4bd_2024
[2039347] Skipping (exists): e_05522096_12_22500_4bd_2024
[2039347] Skipping (exists): e_05612096_12_22500_4bd_2024
[2039347] Skipping (exists): e_05642096_12_22500_4bd_2024
[2039347] Skipping (exists): e_05672096_12_22500_4bd_2024
[2039347] Skipping (exists): e_05702096_12_22500_4bd_2024
[2039347] Skipping (exists): e_05732096_12_22500_4bd_2024
[2039347] Skipping (exists): e_05762096_12_22500_4bd_2024
[2039347] Skipping (exists): e_05792096_12_22500_4bd_2024
[2039347] Skipping (exists): e_05822096_12_22500_4bd_2024
[2039347] Skipping (exists): e_05852096_12_22500_4bd_2024
[2039347] Skipping (exists): e_05882096_12_22500_4bd_2024
[2039347] Skipping (exists): e_05912096_12_22500_4bd_2024
[2039347] Skipping (exists): e_05942096_12_22500_4bd_2024
[2039347] Skipping (exists): e_05972096_12_22500_4bd_2024
[2039347] Skipping (exists): e_06002096_12_22500_4bd_2024
[2039347] Skipping (exists): e_06032096_12_22500_4bd_2024
[2039347] Skipping (exists): e_06062096_12_22500_4bd_2024
[2039347] Skipping (exists): e_06092096_12_22500_4bd_2024
[2039347] Skipping (exists): e_06122096_12_22500_4bd_2024
[2039347] Skipping (exists): e_06152096_12_22500_4bd_2024
[2039347] Skipping (exists): e_06182096_12_22500_4bd_2024
[2039347] Skipping (exists): e_06212096_12_22500_4bd_2024
[2039347] Skipping (exists): e_06242096_12_22500_4bd_2024
[2039347] Skipping (exists): e_06272096_12_22500_4bd_2024
[2039347] Skipping (exists): e_06302096_12_22500_4bd_2024
[2039347] Skipping (exists): e_06332096_12_22500_4bd_2024
[2039347] Skipping (exists): e_06362096_12_22500_4bd_2024
[2039347] Skipping (exists): e_05402098_12_22500_4bd_2024
[2039347] Skipping (exists): e_05432098_12_22500_4bd_2024
[2039347] Skipping (exists): e_05462098_12_22500_4bd_2024
[2039347] Skipping (exists): e_05492098_12_22500_4bd_2024
[2039347] Skipping (exists): e_05522098_12_22500_4bd_2024
[2039347] Skipping (exists): e_05612098_12_22500_4bd_2024
[2039347] Skipping (exists): e_05642098_12_22500_4bd_2024
[2039347] Skipping (exists): e_05672098_12_22500_4bd_2024
[2039347] Skipping (exists): e_05702098_12_22500_4bd_2024
[2039347] Skipping (exists): e_05732098_12_22500_4bd_2024
[2039347] Skipping (exists): e_05762098_12_22500_4bd_2024
[2039347] Skipping (exists): e_05792098_12_22500_4bd_2024
[2039347] Skipping (exists): e_05822098_12_22500_4bd_2024
[2039347] Skipping (exists): e_05852098_12_22500_4bd_2024
[2039347] Skipping (exists): e_05882098_12_22500_4bd_2024
[2039347] Skipping (exists): e_05912098_12_22500_4bd_2024
[2039347] Skipping (exists): e_05942098_12_22500_4bd_2024
[2039347] Skipping (exists): e_05972098_12_22500_4bd_2024
[2039347] Skipping (exists): e_06002098_12_22500_4bd_2024
[2039347] Skipping (exists): e_06032098_12_22500_4bd_2024
[2039347] Skipping (exists): e_06062098_12_22500_4bd_2024
[2039347] Skipping (exists): e_06092098_12_22500_4bd_2024
[2039347] Skipping (exists): e_06122098_12_22500_4bd_2024
[2039347] Skipping (exists): e_06152098_12_22500_4bd_2024
[2039347] Skipping (exists): e_06182098_12_22500_4bd_2024
[2039347] Skipping (exists): e_06212098_12_22500_4bd_2024
[2039347] Skipping (exists): e_06242098_12_22500_4bd_2024
[2039347] Skipping (exists): e_06272098_12_22500_4bd_2024
[2039347] Skipping (exists): e_06302098_12_22500_4bd_2024
[2039347] Skipping (exists): e_06332098_12_22500_4bd_2024
[2039347] Skipping (exists): e_06362098_12_22500_4bd_2024
[2039347] Skipping (exists): e_05402100_12_22500_4bd_2024
[2039347] Skipping (exists): e_05432100_12_22500_4bd_2024
[2039347] Skipping (exists): e_05462100_12_22500_4bd_2024
[2039347] Skipping (exists): e_05492100_12_22500_4bd_2024
[2039347] Skipping (exists): e_05522100_12_22500_4bd_2024
[2039347] Skipping (exists): e_05552100_12_22500_4bd_2024
[2039347] Skipping (exists): e_05582100_12_22500_4bd_2024
[2039347] Skipping (exists): e_05612100_12_22500_4bd_2024
[2039347] Skipping (exists): e_05642100_12_22500_4bd_2024
[2039347] Skipping (exists): e_05672100_12_22500_4bd_2024
[2039347] Skipping (exists): e_05702100_12_22500_4bd_2024
[2039347] Skipping (exists): e_05732100_12_22500_4bd_2024
[2039347] Skipping (exists): e_05762100_12_22500_4bd_2024
[2039347] Skipping (exists): e_05792100_12_22500_4bd_2024
[2039347] Skipping (exists): e_05822100_12_22500_4bd_2024
[2039347] Skipping (exists): e_05852100_12_22500_4bd_2024
[2039347] Skipping (exists): e_05882100_12_22500_4bd_2024
[2039347] Skipping (exists): e_05912100_12_22500_4bd_2024
[2039347] Skipping (exists): e_05942100_12_22500_4bd_2024
[2039347] Skipping (exists): e_05972100_12_22500_4bd_2024
[2039347] Skipping (exists): e_06002100_12_22500_4bd_2024
[2039347] Skipping (exists): e_06032100_12_22500_4bd_2024
[2039347] Skipping (exists): e_06062100_12_22500_4bd_2024
[2039347] Skipping (exists): e_06092100_12_22500_4bd_2024
[2039347] Skipping (exists): e_06122100_12_22500_4bd_2024
[2039347] Skipping (exists): e_06152100_12_22500_4bd_2024
[2039347] Skipping (exists): e_06182100_12_22500_4bd_2024
[2039347] Skipping (exists): e_06212100_12_22500_4bd_2024
[2039347] Skipping (exists): e_06242100_12_22500_4bd_2024
[2039347] Skipping (exists): e_06272100_12_22500_4bd_2024
[2039347] Skipping (exists): e_06302100_12_22500_4bd_2024
[2039347] Skipping (exists): e_06332100_12_22500_4bd_2024
[2039347] Skipping (exists): e_06362100_12_22500_4bd_2024
[2039347] Skipping (exists): e_05402102_12_22500_4bd_2024
[2039347] Skipping (exists): e_05432102_12_22500_4bd_2024
[2039347] Skipping (exists): e_05462102_12_22500_4bd_2024
[2039347] Skipping (exists): e_05492102_12_22500_4bd_2024
[2039347] Skipping (exists): e_05522102_12_22500_4bd_2024
[2039347] Skipping (exists): e_05552102_12_22500_4bd_2024
[2039347] Skipping (exists): e_05582102_12_22500_4bd_2024
[2039347] Skipping (exists): e_05612102_12_22500_4bd_2024
[2039347] Skipping (exists): e_05642102_12_22500_4bd_2024
[2039347] Skipping (exists): e_05672102_12_22500_4bd_2024
[2039347] Skipping (exists): e_05702102_12_22500_4bd_2024
[2039347] Skipping (exists): e_05732102_12_22500_4bd_2024
[2039347] Skipping (exists): e_05762102_12_22500_4bd_2024
[2039347] Skipping (exists): e_05792102_12_22500_4bd_2024
[2039347] Skipping (exists): e_05822102_12_22500_4bd_2024
[2039347] Skipping (exists): e_05852102_12_22500_4bd_2024
[2039347] Skipping (exists): e_05882102_12_22500_4bd_2024
[2039347] Skipping (exists): e_05912102_12_22500_4bd_2024
[2039347] Skipping (exists): e_05942102_12_22500_4bd_2024
[2039347] Skipping (exists): e_05972102_12_22500_4bd_2024
[2039347] Skipping (exists): e_06002102_12_22500_4bd_2024
[2039347] Skipping (exists): e_06032102_12_22500_4bd_2024
[2039347] Skipping (exists): e_06062102_12_22500_4bd_2024
[2039347] Skipping (exists): e_06092102_12_22500_4bd_2024
[2039347] Skipping (exists): e_06122102_12_22500_4bd_2024
[2039347] Skipping (exists): e_06152102_12_22500_4bd_2024
[2039347] Skipping (exists): e_06182102_12_22500_4bd_2024
[2039347] Skipping (exists): e_06212102_12_22500_4bd_2024
[2039347] Skipping (exists): e_06242102_12_22500_4bd_2024
[2039347] Skipping (exists): e_06272102_12_22500_4bd_2024
[2039347] Skipping (exists): e_06302102_12_22500_4bd_2024
[2039347] Skipping (exists): e_06332102_12_22500_4bd_2024
[2039347] Skipping (exists): e_05402104_12_22500_4bd_2024
[2039347] Skipping (exists): e_05432104_12_22500_4bd_2024
[2039347] Skipping (exists): e_05462104_12_22500_4bd_2024
[2039347] Skipping (exists): e_05492104_12_22500_4bd_2024
[2039347] Skipping (exists): e_05522104_12_22500_4bd_2024
[2039347] Skipping (exists): e_05552104_12_22500_4bd_2024
[2039347] Skipping (exists): e_05582104_12_22500_4bd_2024
[2039347] Skipping (exists): e_05612104_12_22500_4bd_2024
[2039347] Skipping (exists): e_05642104_12_22500_4bd_2024
[2039347] Skipping (exists): e_05672104_12_22500_4bd_2024
[2039347] Skipping (exists): e_05702104_12_22500_4bd_2024
[2039347] Skipping (exists): e_05732104_12_22500_4bd_2024
[2039347] Skipping (exists): e_05762104_12_22500_4bd_2024
[2039347] Skipping (exists): e_05792104_12_22500_4bd_2024
[2039347] Skipping (exists): e_05822104_12_22500_4bd_2024
[2039347] Skipping (exists): e_05852104_12_22500_4bd_2024
[2039347] Skipping (exists): e_05882104_12_22500_4bd_2024
[2039347] Skipping (exists): e_05912104_12_22500_4bd_2024
[2039347] Skipping (exists): e_05942104_12_22500_4bd_2024
[2039347] Skipping (exists): e_05972104_12_22500_4bd_2024
[2039347] Skipping (exists): e_06002104_12_22500_4bd_2024
[2039347] Skipping (exists): e_06032104_12_22500_4bd_2024
[2039347] Skipping (exists): e_06062104_12_22500_4bd_2024
[2039347] Skipping (exists): e_06092104_12_22500_4bd_2024
[2039347] Skipping (exists): e_06122104_12_22500_4bd_2024
[2039347] Skipping (exists): e_06152104_12_22500_4bd_2024
[2039347] Skipping (exists): e_06182104_12_22500_4bd_2024
[2039347] Skipping (exists): e_06212104_12_22500_4bd_2024
[2039347] Skipping (exists): e_06242104_12_22500_4bd_2024
[2039347] Skipping (exists): e_06272104_12_22500_4bd_2024
[2039347] Skipping (exists): e_06302104_12_22500_4bd_2024
[2039347] Skipping (exists): e_06332104_12_22500_4bd_2024
[2039347] Skipping (exists): e_05402106_12_22500_4bd_2024
[2039347] Skipping (exists): e_05432106_12_22500_4bd_2024
[2039347] Skipping (exists): e_05462106_12_22500_4bd_2024
[2039347] Skipping (exists): e_05492106_12_22500_4bd_2024
[2039347] Skipping (exists): e_05522106_12_22500_4bd_2024
[2039347] Skipping (exists): e_05552106_12_22500_4bd_2024
[2039347] Skipping (exists): e_05582106_12_22500_4bd_2024
[2039347] Skipping (exists): e_05612106_12_22500_4bd_2024
[2039347] Skipping (exists): e_05642106_12_22500_4bd_2024
[2039347] Skipping (exists): e_05672106_12_22500_4bd_2024
[2039347] Skipping (exists): e_05702106_12_22500_4bd_2024
[2039347] Skipping (exists): e_05732106_12_22500_4bd_2024
[2039347] Skipping (exists): e_05762106_12_22500_4bd_2024
[2039347] Skipping (exists): e_05792106_12_22500_4bd_2024
[2039347] Skipping (exists): e_05822106_12_22500_4bd_2024
[2039347] Skipping (exists): e_05852106_12_22500_4bd_2024
[2039347] Skipping (exists): e_05882106_12_22500_4bd_2024
[2039347] Skipping (exists): e_05912106_12_22500_4bd_2024
[2039347] Skipping (exists): e_05942106_12_22500_4bd_2024
[2039347] Skipping (exists): e_05972106_12_22500_4bd_2024
[2039347] Skipping (exists): e_06002106_12_22500_4bd_2024
[2039347] Skipping (exists): e_06032106_12_22500_4bd_2024
[2039347] Skipping (exists): e_06062106_12_22500_4bd_2024
[2039347] Skipping (exists): e_06092106_12_22500_4bd_2024
[2039347] Skipping (exists): e_06122106_12_22500_4bd_2024
[2039347] Skipping (exists): e_06152106_12_22500_4bd_2024
[2039347] Skipping (exists): e_06182106_12_22500_4bd_2024
[2039347] Skipping (exists): e_06212106_12_22500_4bd_2024
[2039347] Skipping (exists): e_06242106_12_22500_4bd_2024
[2039347] Skipping (exists): e_06272106_12_22500_4bd_2024
[2039347] Skipping (exists): e_06302106_12_22500_4bd_2024
[2039347] Skipping (exists): e_06332106_12_22500_4bd_2024
[2039347] Skipping (exists): e_05402108_12_22500_4bd_2024
[2039347] Skipping (exists): e_05432108_12_22500_4bd_2024
[2039347] Skipping (exists): e_05462108_12_22500_4bd_2024
[2039347] Skipping (exists): e_05492108_12_22500_4bd_2024
[2039347] Skipping (exists): e_05522108_12_22500_4bd_2024
[2039347] Skipping (exists): e_05552108_12_22500_4bd_2024
[2039347] Skipping (exists): e_05582108_12_22500_4bd_2024
[2039347] Skipping (exists): e_05612108_12_22500_4bd_2024
[2039347] Skipping (exists): e_05642108_12_22500_4bd_2024
[2039347] Skipping (exists): e_05672108_12_22500_4bd_2024
[2039347] Skipping (exists): e_05702108_12_22500_4bd_2024
[2039347] Skipping (exists): e_05732108_12_22500_4bd_2024
[2039347] Skipping (exists): e_05762108_12_22500_4bd_2024
[2039347] Skipping (exists): e_05792108_12_22500_4bd_2024
[2039347] Skipping (exists): e_05822108_12_22500_4bd_2024
[2039347] Skipping (exists): e_05852108_12_22500_4bd_2024
[2039347] Skipping (exists): e_05882108_12_22500_4bd_2024
[2039347] Skipping (exists): e_05912108_12_22500_4bd_2024
[2039347] Skipping (exists): e_05942108_12_22500_4bd_2024
[2039347] Skipping (exists): e_05972108_12_22500_4bd_2024
[2039347] Skipping (exists): e_06002108_12_22500_4bd_2024
[2039347] Skipping (exists): e_06032108_12_22500_4bd_2024
[2039347] Skipping (exists): e_06062108_12_22500_4bd_2024
[2039347] Skipping (exists): e_06092108_12_22500_4bd_2024
[2039347] Skipping (exists): e_06122108_12_22500_4bd_2024
[2039347] Skipping (exists): e_06152108_12_22500_4bd_2024
[2039347] Skipping (exists): e_06182108_12_22500_4bd_2024
[2039347] Skipping (exists): e_06212108_12_22500_4bd_2024
[2039347] Skipping (exists): e_06242108_12_22500_4bd_2024
[2039347] Skipping (exists): e_06272108_12_22500_4bd_2024
[2039347] Skipping (exists): e_06302108_12_22500_4bd_2024
[2039347] Skipping (exists): e_06332108_12_22500_4bd_2024
[2039347] Skipping (exists): e_05372110_12_22500_4bd_2024
[2039347] Skipping (exists): e_05402110_12_22500_4bd_2024
[2039347] Skipping (exists): e_05432110_12_22500_4bd_2024
[2039347] Skipping (exists): e_05462110_12_22500_4bd_2024
[2039347] Skipping (exists): e_05492110_12_22500_4bd_2024
[2039347] Skipping (exists): e_05522110_12_22500_4bd_2024
[2039347] Skipping (exists): e_05552110_12_22500_4bd_2024
[2039347] Skipping (exists): e_05582110_12_22500_4bd_2024
[2039347] Skipping (exists): e_05612110_12_22500_4bd_2024
[2039347] Skipping (exists): e_05642110_12_22500_4bd_2024
[2039347] Skipping (exists): e_05672110_12_22500_4bd_2024
[2039347] Skipping (exists): e_05702110_12_22500_4bd_2024
[2039347] Skipping (exists): e_05732110_12_22500_4bd_2024
[2039347] Skipping (exists): e_05762110_12_22500_4bd_2024
[2039347] Skipping (exists): e_05792110_12_22500_4bd_2024
[2039347] Skipping (exists): e_05822110_12_22500_4bd_2024
[2039347] Skipping (exists): e_05852110_12_22500_4bd_2024
[2039347] Skipping (exists): e_05882110_12_22500_4bd_2024
[2039347] Skipping (exists): e_05912110_12_22500_4bd_2024
[2039347] Skipping (exists): e_05942110_12_22500_4bd_2024
[2039347] Skipping (exists): e_05972110_12_22500_4bd_2024
[2039347] Skipping (exists): e_06002110_12_22500_4bd_2024
[2039347] Skipping (exists): e_06032110_12_22500_4bd_2024
[2039347] Skipping (exists): e_06062110_12_22500_4bd_2024
[2039347] Skipping (exists): e_06092110_12_22500_4bd_2024
[2039347] Skipping (exists): e_06122110_12_22500_4bd_2024
[2039347] Skipping (exists): e_06152110_12_22500_4bd_2024
[2039347] Skipping (exists): e_06182110_12_22500_4bd_2024
[2039347] Skipping (exists): e_06212110_12_22500_4bd_2024
[2039347] Skipping (exists): e_06242110_12_22500_4bd_2024
[2039347] Skipping (exists): e_06272110_12_22500_4bd_2024
[2039347] Skipping (exists): e_06302110_12_22500_4bd_2024
[2039347] Skipping (exists): e_06332110_12_22500_4bd_2024
[2039347] Skipping (exists): e_05372112_12_22500_4bd_2024
[2039347] Skipping (exists): e_05402112_12_22500_4bd_2024
[2039347] Skipping (exists): e_05432112_12_22500_4bd_2024
[2039347] Skipping (exists): e_05462112_12_22500_4bd_2024
[2039347] Skipping (exists): e_05492112_12_22500_4bd_2024
[2039347] Skipping (exists): e_05522112_12_22500_4bd_2024
[2039347] Skipping (exists): e_05552112_12_22500_4bd_2024
[2039347] Skipping (exists): e_05582112_12_22500_4bd_2024
[2039347] Skipping (exists): e_05612112_12_22500_4bd_2024
[2039347] Skipping (exists): e_05642112_12_22500_4bd_2024
[2039347] Skipping (exists): e_05672112_12_22500_4bd_2024
[2039347] Skipping (exists): e_05702112_12_22500_4bd_2024
[2039347] Skipping (exists): e_05732112_12_22500_4bd_2024
[2039347] Skipping (exists): e_05762112_12_22500_4bd_2024
[2039347] Skipping (exists): e_05792112_12_22500_4bd_2024
[2039347] Skipping (exists): e_05822112_12_22500_4bd_2024
[2039347] Skipping (exists): e_05852112_12_22500_4bd_2024
[2039347] Skipping (exists): e_05882112_12_22500_4bd_2024
[2039347] Skipping (exists): e_05912112_12_22500_4bd_2024
[2039347] Skipping (exists): e_05942112_12_22500_4bd_2024
[2039347] Skipping (exists): e_05972112_12_22500_4bd_2024
[2039347] Skipping (exists): e_06002112_12_22500_4bd_2024
[2039347] Skipping (exists): e_06032112_12_22500_4bd_2024
[2039347] Skipping (exists): e_06062112_12_22500_4bd_2024
[2039347] Skipping (exists): e_06092112_12_22500_4bd_2024
[2039347] Skipping (exists): e_06122112_12_22500_4bd_2024
[2039347] Skipping (exists): e_06152112_12_22500_4bd_2024
[2039347] Skipping (exists): e_06182112_12_22500_4bd_2024
[2039347] Skipping (exists): e_06212112_12_22500_4bd_2024
[2039347] Skipping (exists): e_06242112_12_22500_4bd_2024
[2039347] Skipping (exists): e_06272112_12_22500_4bd_2024
[2039347] Skipping (exists): e_06302112_12_22500_4bd_2024
[2039347] Skipping (exists): e_06332112_12_22500_4bd_2024
[2039347] Skipping (exists): e_05372114_12_22500_4bd_2024
[2039347] Skipping (exists): e_05402114_12_22500_4bd_2024
[2039347] Skipping (exists): e_05432114_12_22500_4bd_2024
[2039347] Skipping (exists): e_05462114_12_22500_4bd_2024
[2039347] Skipping (exists): e_05492114_12_22500_4bd_2024
[2039347] Skipping (exists): e_05522114_12_22500_4bd_2024
[2039347] Skipping (exists): e_05552114_12_22500_4bd_2024
[2039347] Skipping (exists): e_05582114_12_22500_4bd_2024
[2039347] Skipping (exists): e_05612114_12_22500_4bd_2024
[2039347] Skipping (exists): e_05642114_12_22500_4bd_2024
[2039347] Skipping (exists): e_05672114_12_22500_4bd_2024
[2039347] Skipping (exists): e_05702114_12_22500_4bd_2024
[2039347] Skipping (exists): e_05732114_12_22500_4bd_2024
[2039347] Skipping (exists): e_05762114_12_22500_4bd_2024
[2039347] Skipping (exists): e_05792114_12_22500_4bd_2024
[2039347] Skipping (exists): e_05822114_12_22500_4bd_2024
[2039347] Skipping (exists): e_05852114_12_22500_4bd_2024
[2039347] Skipping (exists): e_05882114_12_22500_4bd_2024
[2039347] Skipping (exists): e_05912114_12_22500_4bd_2024
[2039347] Skipping (exists): e_05942114_12_22500_4bd_2024
[2039347] Skipping (exists): e_05972114_12_22500_4bd_2024
[2039347] Skipping (exists): e_06002114_12_22500_4bd_2024
[2039347] Skipping (exists): e_06032114_12_22500_4bd_2024
[2039347] Skipping (exists): e_06062114_12_22500_4bd_2024
[2039347] Skipping (exists): e_06092114_12_22500_4bd_2024
[2039347] Skipping (exists): e_06122114_12_22500_4bd_2024
[2039347] Skipping (exists): e_06152114_12_22500_4bd_2024
[2039347] Skipping (exists): e_06182114_12_22500_4bd_2024
[2039347] Skipping (exists): e_06212114_12_22500_4bd_2024
[2039347] Skipping (exists): e_06242114_12_22500_4bd_2024
[2039347] Skipping (exists): e_06272114_12_22500_4bd_2024
[2039347] Skipping (exists): e_06302114_12_22500_4bd_2024
[2039347] Skipping (exists): e_06332114_12_22500_4bd_2024
[2039347] Skipping (exists): e_05252116_12_22500_4bd_2024
[2039347] Skipping (exists): e_05282116_12_22500_4bd_2024
[2039347] Skipping (exists): e_05342116_12_22500_4bd_2024
[2039347] Skipping (exists): e_05372116_12_22500_4bd_2024
[2039347] Skipping (exists): e_05402116_12_22500_4bd_2024
[2039347] Skipping (exists): e_05432116_12_22500_4bd_2024
[2039347] Skipping (exists): e_05462116_12_22500_4bd_2024
[2039347] Skipping (exists): e_05492116_12_22500_4bd_2024
[2039347] Skipping (exists): e_05522116_12_22500_4bd_2024
[2039347] Skipping (exists): e_05552116_12_22500_4bd_2024
[2039347] Skipping (exists): e_05582116_12_22500_4bd_2024
[2039347] Skipping (exists): e_05612116_12_22500_4bd_2024
[2039347] Skipping (exists): e_05642116_12_22500_4bd_2024
[2039347] Skipping (exists): e_05672116_12_22500_4bd_2024
[2039347] Skipping (exists): e_05702116_12_22500_4bd_2024
[2039347] Skipping (exists): e_05732116_12_22500_4bd_2024
[2039347] Skipping (exists): e_05762116_12_22500_4bd_2024
[2039347] Skipping (exists): e_05792116_12_22500_4bd_2024
[2039347] Skipping (exists): e_05822116_12_22500_4bd_2024
[2039347] Skipping (exists): e_05852116_12_22500_4bd_2024
[2039347] Skipping (exists): e_05882116_12_22500_4bd_2024
[2039347] Skipping (exists): e_05912116_12_22500_4bd_2024
[2039347] Skipping (exists): e_05942116_12_22500_4bd_2024
[2039347] Skipping (exists): e_05972116_12_22500_4bd_2024
[2039347] Skipping (exists): e_06002116_12_22500_4bd_2024
[2039347] Skipping (exists): e_06032116_12_22500_4bd_2024
[2039347] Skipping (exists): e_06062116_12_22500_4bd_2024
[2039347] Skipping (exists): e_06092116_12_22500_4bd_2024
[2039347] Skipping (exists): e_06122116_12_22500_4bd_2024
[2039347] Skipping (exists): e_06182116_12_22500_4bd_2024
[2039347] Skipping (exists): e_06212116_12_22500_4bd_2024
[2039347] Skipping (exists): e_06242116_12_22500_4bd_2024
[2039347] Skipping (exists): e_06272116_12_22500_4bd_2024
[2039347] Skipping (exists): e_06302116_12_22500_4bd_2024
[2039347] Skipping (exists): e_05222118_12_22500_4bd_2024
[2039347] Skipping (exists): e_05252118_12_22500_4bd_2024
[2039347] Skipping (exists): e_05282118_12_22500_4bd_2024
[2039347] Skipping (exists): e_05312118_12_22500_4bd_2024
[2039347] Skipping (exists): e_05342118_12_22500_4bd_2024
[2039347] Skipping (exists): e_05372118_12_22500_4bd_2024
[2039347] Skipping (exists): e_05402118_12_22500_4bd_2024
[2039347] Skipping (exists): e_05432118_12_22500_4bd_2024
[2039347] Skipping (exists): e_05462118_12_22500_4bd_2024
[2039347] Skipping (exists): e_05492118_12_22500_4bd_2024
[2039347] Skipping (exists): e_05522118_12_22500_4bd_2024
[2039347] Skipping (exists): e_05552118_12_22500_4bd_2024
[2039347] Skipping (exists): e_05582118_12_22500_4bd_2024
[2039347] Skipping (exists): e_05612118_12_22500_4bd_2024
[2039347] Skipping (exists): e_05642118_12_22500_4bd_2024
[2039347] Skipping (exists): e_05672118_12_22500_4bd_2024
[2039347] Skipping (exists): e_05702118_12_22500_4bd_2024
[2039347] Skipping (exists): e_05732118_12_22500_4bd_2024
[2039347] Skipping (exists): e_05762118_12_22500_4bd_2024
[2039347] Skipping (exists): e_05792118_12_22500_4bd_2024
[2039347] Skipping (exists): e_05822118_12_22500_4bd_2024
[2039347] Skipping (exists): e_05852118_12_22500_4bd_2024
[2039347] Skipping (exists): e_05882118_12_22500_4bd_2024
[2039347] Skipping (exists): e_05912118_12_22500_4bd_2024
[2039347] Skipping (exists): e_05942118_12_22500_4bd_2024
[2039347] Skipping (exists): e_05972118_12_22500_4bd_2024
[2039347] Skipping (exists): e_06002118_12_22500_4bd_2024
[2039347] Skipping (exists): e_06032118_12_22500_4bd_2024
[2039347] Skipping (exists): e_06062118_12_22500_4bd_2024
[2039347] Skipping (exists): e_06092118_12_22500_4bd_2024
[2039347] Skipping (exists): e_06302118_12_22500_4bd_2024
[2039347] Skipping (exists): e_05222120_12_22500_4bd_2024
[2039347] Skipping (exists): e_05252120_12_22500_4bd_2024
[2039347] Skipping (exists): e_05282120_12_22500_4bd_2024
[2039347] Skipping (exists): e_05312120_12_22500_4bd_2024
[2039347] Skipping (exists): e_05342120_12_22500_4bd_2024
[2039347] Skipping (exists): e_05372120_12_22500_4bd_2024
[2039347] Skipping (exists): e_05402120_12_22500_4bd_2024
[2039347] Skipping (exists): e_05432120_12_22500_4bd_2024
[2039347] Skipping (exists): e_05462120_12_22500_4bd_2024
[2039347] Skipping (exists): e_05492120_12_22500_4bd_2024
[2039347] Skipping (exists): e_05522120_12_22500_4bd_2024
[2039347] Skipping (exists): e_05552120_12_22500_4bd_2024
[2039347] Skipping (exists): e_05582120_12_22500_4bd_2024
[2039347] Skipping (exists): e_05612120_12_22500_4bd_2024
[2039347] Skipping (exists): e_05642120_12_22500_4bd_2024
[2039347] Skipping (exists): e_05672120_12_22500_4bd_2024
[2039347] Skipping (exists): e_05702120_12_22500_4bd_2024
[2039347] Skipping (exists): e_05732120_12_22500_4bd_2024
[2039347] Skipping (exists): e_05762120_12_22500_4bd_2024
[2039347] Skipping (exists): e_05792120_12_22500_4bd_2024
[2039347] Skipping (exists): e_05822120_12_22500_4bd_2024
[2039347] Skipping (exists): e_05852120_12_22500_4bd_2024
[2039347] Skipping (exists): e_05882120_12_22500_4bd_2024
[2039347] Skipping (exists): e_05912120_12_22500_4bd_2024
[2039347] Skipping (exists): e_05942120_12_22500_4bd_2024
[2039347] Skipping (exists): e_05972120_12_22500_4bd_2024
[2039347] Skipping (exists): e_06002120_12_22500_4bd_2024
[2039347] Skipping (exists): e_06032120_12_22500_4bd_2024
[2039347] Skipping (exists): e_06062120_12_22500_4bd_2024
[2039347] Skipping (exists): e_06092120_12_22500_4bd_2024
[2039347] Skipping (exists): e_06122120_12_22500_4bd_2024
[2039347] Skipping (exists): e_05192122_12_22500_4bd_2024
[2039347] Skipping (exists): e_05222122_12_22500_4bd_2024
[2039347] Skipping (exists): e_05252122_12_22500_4bd_2024
[2039347] Skipping (exists): e_05282122_12_22500_4bd_2024
[2039347] Skipping (exists): e_05312122_12_22500_4bd_2024
[2039347] Skipping (exists): e_05342122_12_22500_4bd_2024
[2039347] Skipping (exists): e_05372122_12_22500_4bd_2024
[2039347] Skipping (exists): e_05402122_12_22500_4bd_2024
[2039347] Skipping (exists): e_05432122_12_22500_4bd_2024
[2039347] Skipping (exists): e_05462122_12_22500_4bd_2024
[2039347] Skipping (exists): e_05492122_12_22500_4bd_2024
[2039347] Skipping (exists): e_05522122_12_22500_4bd_2024
[2039347] Skipping (exists): e_05552122_12_22500_4bd_2024
[2039347] Skipping (exists): e_05582122_12_22500_4bd_2024
[2039347] Skipping (exists): e_05612122_12_22500_4bd_2024
[2039347] Skipping (exists): e_05642122_12_22500_4bd_2024
[2039347] Skipping (exists): e_05672122_12_22500_4bd_2024
[2039347] Skipping (exists): e_05702122_12_22500_4bd_2024
[2039347] Skipping (exists): e_05732122_12_22500_4bd_2024
[2039347] Skipping (exists): e_05762122_12_22500_4bd_2024
[2039347] Skipping (exists): e_05792122_12_22500_4bd_2024
[2039347] Skipping (exists): e_05822122_12_22500_4bd_2024
[2039347] Skipping (exists): e_05852122_12_22500_4bd_2024
[2039347] Skipping (exists): e_05882122_12_22500_4bd_2024
[2039347] Skipping (exists): e_05912122_12_22500_4bd_2024
[2039347] Skipping (exists): e_05942122_12_22500_4bd_2024
[2039347] Skipping (exists): e_05972122_12_22500_4bd_2024
[2039347] Skipping (exists): e_06002122_12_22500_4bd_2024
[2039347] Skipping (exists): e_06032122_12_22500_4bd_2024
[2039347] Skipping (exists): e_06062122_12_22500_4bd_2024
[2039347] Skipping (exists): e_06092122_12_22500_4bd_2024
[2039347] Skipping (exists): e_06122122_12_22500_4bd_2024
[2039347] Skipping (exists): e_05192124_12_22500_4bd_2024
[2039347] Skipping (exists): e_05222124_12_22500_4bd_2024
[2039347] Skipping (exists): e_05252124_12_22500_4bd_2024
[2039347] Skipping (exists): e_05282124_12_22500_4bd_2024
[2039347] Skipping (exists): e_05312124_12_22500_4bd_2024
[2039347] Skipping (exists): e_05342124_12_22500_4bd_2024
[2039347] Skipping (exists): e_05372124_12_22500_4bd_2024
[2039347] Skipping (exists): e_05402124_12_22500_4bd_2024
[2039347] Skipping (exists): e_05432124_12_22500_4bd_2024
[2039347] Skipping (exists): e_05462124_12_22500_4bd_2024
[2039347] Skipping (exists): e_05492124_12_22500_4bd_2024
[2039347] Skipping (exists): e_05522124_12_22500_4bd_2024
[2039347] Skipping (exists): e_05552124_12_22500_4bd_2024
[2039347] Skipping (exists): e_05582124_12_22500_4bd_2024
[2039347] Skipping (exists): e_05612124_12_22500_4bd_2024
[2039347] Skipping (exists): e_05642124_12_22500_4bd_2024
[2039347] Skipping (exists): e_05672124_12_22500_4bd_2024
[2039347] Skipping (exists): e_05702124_12_22500_4bd_2024
[2039347] Skipping (exists): e_05732124_12_22500_4bd_2024
[2039347] Skipping (exists): e_05762124_12_22500_4bd_2024
[2039347] Skipping (exists): e_05792124_12_22500_4bd_2024
[2039347] Skipping (exists): e_05822124_12_22500_4bd_2024
[2039347] Skipping (exists): e_05852124_12_22500_4bd_2024
[2039347] Skipping (exists): e_05882124_12_22500_4bd_2024
[2039347] Skipping (exists): e_05912124_12_22500_4bd_2024
[2039347] Skipping (exists): e_05942124_12_22500_4bd_2024
[2039347] Skipping (exists): e_05972124_12_22500_4bd_2024
[2039347] Skipping (exists): e_06002124_12_22500_4bd_2024
[2039347] Skipping (exists): e_06032124_12_22500_4bd_2024
[2039347] Skipping (exists): e_06062124_12_22500_4bd_2024
[2039347] Skipping (exists): e_05192126_12_22500_4bd_2024
[2039347] Skipping (exists): e_05222126_12_22500_4bd_2024
[2039347] Skipping (exists): e_05252126_12_22500_4bd_2024
[2039347] Skipping (exists): e_05282126_12_22500_4bd_2024
[2039347] Skipping (exists): e_05312126_12_22500_4bd_2024
[2039347] Skipping (exists): e_05342126_12_22500_4bd_2024
[2039347] Skipping (exists): e_05372126_12_22500_4bd_2024
[2039347] Skipping (exists): e_05402126_12_22500_4bd_2024
[2039347] Skipping (exists): e_05432126_12_22500_4bd_2024
[2039347] Skipping (exists): e_05462126_12_22500_4bd_2024
[2039347] Skipping (exists): e_05492126_12_22500_4bd_2024
[2039347] Skipping (exists): e_05522126_12_22500_4bd_2024
[2039347] Skipping (exists): e_05552126_12_22500_4bd_2024
[2039347] Skipping (exists): e_05582126_12_22500_4bd_2024
[2039347] Skipping (exists): e_05612126_12_22500_4bd_2024
[2039347] Skipping (exists): e_05642126_12_22500_4bd_2024
[2039347] Skipping (exists): e_05672126_12_22500_4bd_2024
[2039347] Skipping (exists): e_05702126_12_22500_4bd_2024
[2039347] Skipping (exists): e_05732126_12_22500_4bd_2024
[2039347] Skipping (exists): e_05762126_12_22500_4bd_2024
[2039347] Skipping (exists): e_05792126_12_22500_4bd_2024
[2039347] Skipping (exists): e_05822126_12_22500_4bd_2024
[2039347] Skipping (exists): e_05852126_12_22500_4bd_2024
[2039347] Skipping (exists): e_05882126_12_22500_4bd_2024
[2039347] Skipping (exists): e_05912126_12_22500_4bd_2024
[2039347] Skipping (exists): e_05942126_12_22500_4bd_2024
[2039347] Skipping (exists): e_05972126_12_22500_4bd_2024
[2039347] Skipping (exists): e_06002126_12_22500_4bd_2024
[2039347] Skipping (exists): e_06032126_12_22500_4bd_2024
[2039347] Skipping (exists): e_06062126_12_22500_4bd_2024
[2039347] Skipping (exists): e_05222128_12_22500_4bd_2024
[2039347] Skipping (exists): e_05252128_12_22500_4bd_2024
[2039347] Skipping (exists): e_05282128_12_22500_4bd_2024
[2039347] Skipping (exists): e_05312128_12_22500_4bd_2024
[2039347] Skipping (exists): e_05342128_12_22500_4bd_2024
[2039347] Skipping (exists): e_05372128_12_22500_4bd_2024
[2039347] Skipping (exists): e_05402128_12_22500_4bd_2024
[2039347] Skipping (exists): e_05432128_12_22500_4bd_2024
[2039347] Skipping (exists): e_05462128_12_22500_4bd_2024
[2039347] Skipping (exists): e_05492128_12_22500_4bd_2024
[2039347] Skipping (exists): e_05522128_12_22500_4bd_2024
[2039347] Skipping (exists): e_05552128_12_22500_4bd_2024
[2039347] Skipping (exists): e_05582128_12_22500_4bd_2024
[2039347] Skipping (exists): e_05612128_12_22500_4bd_2024
[2039347] Skipping (exists): e_05642128_12_22500_4bd_2024
[2039347] Skipping (exists): e_05672128_12_22500_4bd_2024
[2039347] Skipping (exists): e_05702128_12_22500_4bd_2024
[2039347] Skipping (exists): e_05732128_12_22500_4bd_2024
[2039347] Skipping (exists): e_05762128_12_22500_4bd_2024
[2039347] Skipping (exists): e_05792128_12_22500_4bd_2024
[2039347] Skipping (exists): e_05822128_12_22500_4bd_2024
[2039347] Skipping (exists): e_05852128_12_22500_4bd_2024
[2039347] Skipping (exists): e_05882128_12_22500_4bd_2024
[2039347] Skipping (exists): e_05912128_12_22500_4bd_2024
[2039347] Skipping (exists): e_05942128_12_22500_4bd_2024
[2039347] Skipping (exists): e_05972128_12_22500_4bd_2024
[2039347] Skipping (exists): e_06002128_12_22500_4bd_2024
[2039347] Skipping (exists): e_06032128_12_22500_4bd_2024
[2039347] Skipping (exists): e_06062128_12_22500_4bd_2024
[2039347] Skipping (exists): e_05222130_12_22500_4bd_2024
[2039347] Skipping (exists): e_05252130_12_22500_4bd_2024
[2039347] Skipping (exists): e_05282130_12_22500_4bd_2024
[2039347] Skipping (exists): e_05312130_12_22500_4bd_2024
[2039347] Skipping (exists): e_05342130_12_22500_4bd_2024
[2039347] Skipping (exists): e_05372130_12_22500_4bd_2024
[2039347] Skipping (exists): e_05402130_12_22500_4bd_2024
[2039347] Skipping (exists): e_05432130_12_22500_4bd_2024
[2039347] Skipping (exists): e_05462130_12_22500_4bd_2024
[2039347] Skipping (exists): e_05492130_12_22500_4bd_2024
[2039347] Skipping (exists): e_05522130_12_22500_4bd_2024
[2039347] Skipping (exists): e_05552130_12_22500_4bd_2024
[2039347] Skipping (exists): e_05582130_12_22500_4bd_2024
[2039347] Skipping (exists): e_05612130_12_22500_4bd_2024
[2039347] Skipping (exists): e_05642130_12_22500_4bd_2024
[2039347] Skipping (exists): e_05672130_12_22500_4bd_2024
[2039347] Skipping (exists): e_05702130_12_22500_4bd_2024
[2039347] Skipping (exists): e_05732130_12_22500_4bd_2024
[2039347] Skipping (exists): e_05762130_12_22500_4bd_2024
[2039347] Skipping (exists): e_05792130_12_22500_4bd_2024
[2039347] Skipping (exists): e_05822130_12_22500_4bd_2024
[2039347] Skipping (exists): e_05852130_12_22500_4bd_2024
[2039347] Skipping (exists): e_05882130_12_22500_4bd_2024
[2039347] Skipping (exists): e_05912130_12_22500_4bd_2024
[2039347] Skipping (exists): e_05942130_12_22500_4bd_2024
[2039347] Skipping (exists): e_05972130_12_22500_4bd_2024
[2039347] Skipping (exists): e_06002130_12_22500_4bd_2024
[2039347] Skipping (exists): e_06032130_12_22500_4bd_2024
[2039347] Skipping (exists): e_06062130_12_22500_4bd_2024
[2039347] Skipping (exists): e_05252132_12_22500_4bd_2024
[2039347] Skipping (exists): e_05282132_12_22500_4bd_2024
[2039347] Skipping (exists): e_05312132_12_22500_4bd_2024
[2039347] Skipping (exists): e_05342132_12_22500_4bd_2024
[2039347] Skipping (exists): e_05372132_12_22500_4bd_2024
[2039347] Skipping (exists): e_05402132_12_22500_4bd_2024
[2039347] Skipping (exists): e_05432132_12_22500_4bd_2024
[2039347] Skipping (exists): e_05462132_12_22500_4bd_2024
[2039347] Skipping (exists): e_05492132_12_22500_4bd_2024
[2039347] Skipping (exists): e_05522132_12_22500_4bd_2024
[2039347] Skipping (exists): e_05552132_12_22500_4bd_2024
[2039347] Skipping (exists): e_05582132_12_22500_4bd_2024
[2039347] Skipping (exists): e_05612132_12_22500_4bd_2024
[2039347] Skipping (exists): e_05642132_12_22500_4bd_2024
[2039347] Skipping (exists): e_05672132_12_22500_4bd_2024
[2039347] Skipping (exists): e_05702132_12_22500_4bd_2024
[2039347] Skipping (exists): e_05732132_12_22500_4bd_2024
[2039347] Skipping (exists): e_05762132_12_22500_4bd_2024
[2039347] Skipping (exists): e_05792132_12_22500_4bd_2024
[2039347] Skipping (exists): e_05822132_12_22500_4bd_2024
[2039347] Skipping (exists): e_05852132_12_22500_4bd_2024
[2039347] Skipping (exists): e_05882132_12_22500_4bd_2024
[2039347] Skipping (exists): e_05912132_12_22500_4bd_2024
[2039347] Skipping (exists): e_05942132_12_22500_4bd_2024
[2039347] Skipping (exists): e_05972132_12_22500_4bd_2024
[2039347] Skipping (exists): e_06002132_12_22500_4bd_2024
[2039347] Skipping (exists): e_06032132_12_22500_4bd_2024
[2039347] Skipping (exists): e_06062132_12_22500_4bd_2024
[2039347] Skipping (exists): e_05252134_12_22500_4bd_2024
[2039347] Skipping (exists): e_05282134_12_22500_4bd_2024
[2039347] Skipping (exists): e_05312134_12_22500_4bd_2024
[2039347] Skipping (exists): e_05342134_12_22500_4bd_2024
[2039347] Skipping (exists): e_05372134_12_22500_4bd_2024
[2039347] Skipping (exists): e_05402134_12_22500_4bd_2024
[2039347] Skipping (exists): e_05432134_12_22500_4bd_2024
[2039347] Skipping (exists): e_05462134_12_22500_4bd_2024
[2039347] Skipping (exists): e_05492134_12_22500_4bd_2024
[2039347] Skipping (exists): e_05522134_12_22500_4bd_2024
[2039347] Skipping (exists): e_05552134_12_22500_4bd_2024
[2039347] Skipping (exists): e_05582134_12_22500_4bd_2024
[2039347] Skipping (exists): e_05612134_12_22500_4bd_2024
[2039347] Skipping (exists): e_05642134_12_22500_4bd_2024
[2039347] Skipping (exists): e_05672134_12_22500_4bd_2024
[2039347] Skipping (exists): e_05702134_12_22500_4bd_2024
[2039347] Skipping (exists): e_05732134_12_22500_4bd_2024
[2039347] Skipping (exists): e_05762134_12_22500_4bd_2024
[2039347] Skipping (exists): e_05792134_12_22500_4bd_2024
[2039347] Skipping (exists): e_05822134_12_22500_4bd_2024
[2039347] Skipping (exists): e_05852134_12_22500_4bd_2024
[2039347] Skipping (exists): e_05882134_12_22500_4bd_2024
[2039347] Skipping (exists): e_05912134_12_22500_4bd_2024
[2039347] Skipping (exists): e_05942134_12_22500_4bd_2024
[2039347] Skipping (exists): e_05972134_12_22500_4bd_2024
[2039347] Skipping (exists): e_06002134_12_22500_4bd_2024
[2039347] Skipping (exists): e_06032134_12_22500_4bd_2024
[2039347] Skipping (exists): e_06062134_12_22500_4bd_2024
[2039347] Skipping (exists): e_06092134_12_22500_4bd_2024
[2039347] Skipping (exists): e_05342136_12_22500_4bd_2024
[2039347] Skipping (exists): e_05372136_12_22500_4bd_2024
[2039347] Skipping (exists): e_05402136_12_22500_4bd_2024
[2039347] Skipping (exists): e_05432136_12_22500_4bd_2024
[2039347] Skipping (exists): e_05462136_12_22500_4bd_2024
[2039347] Skipping (exists): e_05492136_12_22500_4bd_2024
[2039347] Skipping (exists): e_05522136_12_22500_4bd_2024
[2039347] Skipping (exists): e_05552136_12_22500_4bd_2024
[2039347] Skipping (exists): e_05582136_12_22500_4bd_2024
[2039347] Skipping (exists): e_05612136_12_22500_4bd_2024
[2039347] Skipping (exists): e_05642136_12_22500_4bd_2024
[2039347] Skipping (exists): e_05672136_12_22500_4bd_2024
[2039347] Skipping (exists): e_05702136_12_22500_4bd_2024
[2039347] Skipping (exists): e_05732136_12_22500_4bd_2024
[2039347] Skipping (exists): e_05762136_12_22500_4bd_2024
[2039347] Skipping (exists): e_05792136_12_22500_4bd_2024
[2039347] Skipping (exists): e_05822136_12_22500_4bd_2024
[2039347] Skipping (exists): e_05852136_12_22500_4bd_2024
[2039347] Skipping (exists): e_05882136_12_22500_4bd_2024
[2039347] Skipping (exists): e_05912136_12_22500_4bd_2024
[2039347] Skipping (exists): e_05942136_12_22500_4bd_2024
[2039347] Skipping (exists): e_05972136_12_22500_4bd_2024
[2039347] Skipping (exists): e_06002136_12_22500_4bd_2024
[2039347] Skipping (exists): e_06032136_12_22500_4bd_2024
[2039347] Skipping (exists): e_06062136_12_22500_4bd_2024
[2039347] Skipping (exists): e_06092136_12_22500_4bd_2024
[2039347] Skipping (exists): e_05372138_12_22500_4bd_2024
[2039347] Skipping (exists): e_05402138_12_22500_4bd_2024
[2039347] Skipping (exists): e_05432138_12_22500_4bd_2024
[2039347] Skipping (exists): e_05492138_12_22500_4bd_2024
[2039347] Skipping (exists): e_05522138_12_22500_4bd_2024
[2039347] Skipping (exists): e_05552138_12_22500_4bd_2024
[2039347] Skipping (exists): e_05582138_12_22500_4bd_2024
[2039347] Skipping (exists): e_05612138_12_22500_4bd_2024
[2039347] Skipping (exists): e_05642138_12_22500_4bd_2024
[2039347] Skipping (exists): e_05672138_12_22500_4bd_2024
[2039347] Skipping (exists): e_05702138_12_22500_4bd_2024
[2039347] Skipping (exists): e_05732138_12_22500_4bd_2024
[2039347] Skipping (exists): e_05762138_12_22500_4bd_2024
[2039347] Skipping (exists): e_05792138_12_22500_4bd_2024
[2039347] Skipping (exists): e_05822138_12_22500_4bd_2024
[2039347] Skipping (exists): e_05852138_12_22500_4bd_2024
[2039347] Skipping (exists): e_05882138_12_22500_4bd_2024
[2039347] Skipping (exists): e_05912138_12_22500_4bd_2024
[2039347] Skipping (exists): e_05942138_12_22500_4bd_2024
[2039347] Skipping (exists): e_05972138_12_22500_4bd_2024
[2039347] Skipping (exists): e_06002138_12_22500_4bd_2024
[2039347] Skipping (exists): e_06032138_12_22500_4bd_2024
[2039347] Skipping (exists): e_06062138_12_22500_4bd_2024
[2039347] Skipping (exists): e_06092138_12_22500_4bd_2024
[2039347] Skipping (exists): e_05372140_12_22500_4bd_2024
[2039347] Skipping (exists): e_05402140_12_22500_4bd_2024
[2039347] Skipping (exists): e_05432140_12_22500_4bd_2024
[2039347] Skipping (exists): e_05522140_12_22500_4bd_2024
[2039347] Skipping (exists): e_05552140_12_22500_4bd_2024
[2039347] Skipping (exists): e_05582140_12_22500_4bd_2024
[2039347] Skipping (exists): e_05612140_12_22500_4bd_2024
[2039347] Skipping (exists): e_05642140_12_22500_4bd_2024
[2039347] Skipping (exists): e_05672140_12_22500_4bd_2024
[2039347] Skipping (exists): e_05702140_12_22500_4bd_2024
[2039347] Skipping (exists): e_05732140_12_22500_4bd_2024
[2039347] Skipping (exists): e_05762140_12_22500_4bd_2024
[2039347] Skipping (exists): e_05792140_12_22500_4bd_2024
[2039347] Skipping (exists): e_05822140_12_22500_4bd_2024
[2039347] Skipping (exists): e_05852140_12_22500_4bd_2024
[2039347] Skipping (exists): e_05882140_12_22500_4bd_2024
[2039347] Skipping (exists): e_05912140_12_22500_4bd_2024
[2039347] Skipping (exists): e_05942140_12_22500_4bd_2024
[2039347] Skipping (exists): e_05972140_12_22500_4bd_2024
[2039347] Skipping (exists): e_06002140_12_22500_4bd_2024
[2039347] Skipping (exists): e_06032140_12_22500_4bd_2024
[2039347] Skipping (exists): e_06062140_12_22500_4bd_2024
[2039347] Skipping (exists): e_06092140_12_22500_4bd_2024
[2039347] Skipping (exists): e_05402142_12_22500_4bd_2024
[2039347] Skipping (exists): e_05432142_12_22500_4bd_2024
[2039347] Skipping (exists): e_05522142_12_22500_4bd_2024
[2039347] Skipping (exists): e_05552142_12_22500_4bd_2024
[2039347] Skipping (exists): e_05582142_12_22500_4bd_2024
[2039347] Skipping (exists): e_05612142_12_22500_4bd_2024
[2039347] Skipping (exists): e_05642142_12_22500_4bd_2024
[2039347] Skipping (exists): e_05672142_12_22500_4bd_2024
[2039347] Skipping (exists): e_05702142_12_22500_4bd_2024
[2039347] Skipping (exists): e_05732142_12_22500_4bd_2024
[2039347] Skipping (exists): e_05762142_12_22500_4bd_2024
[2039347] Skipping (exists): e_05792142_12_22500_4bd_2024
[2039347] Skipping (exists): e_05822142_12_22500_4bd_2024
[2039347] Skipping (exists): e_05852142_12_22500_4bd_2024
[2039347] Skipping (exists): e_05882142_12_22500_4bd_2024
[2039347] Skipping (exists): e_05912142_12_22500_4bd_2024
[2039347] Skipping (exists): e_05942142_12_22500_4bd_2024
[2039347] Skipping (exists): e_05972142_12_22500_4bd_2024
[2039347] Skipping (exists): e_06002142_12_22500_4bd_2024
[2039347] Skipping (exists): e_06032142_12_22500_4bd_2024
[2039347] Skipping (exists): e_06062142_12_22500_4bd_2024
[2039347] Skipping (exists): e_06092142_12_22500_4bd_2024
[2039347] Skipping (exists): e_05552144_12_22500_4bd_2024
[2039347] Skipping (exists): e_05582144_12_22500_4bd_2024
[2039347] Skipping (exists): e_05612144_12_22500_4bd_2024
[2039347] Skipping (exists): e_05642144_12_22500_4bd_2024
[2039347] Skipping (exists): e_05672144_12_22500_4bd_2024
[2039347] Skipping (exists): e_05732144_12_22500_4bd_2024
[2039347] Skipping (exists): e_05762144_12_22500_4bd_2024
[2039347] Skipping (exists): e_05792144_12_22500_4bd_2024
[2039347] Skipping (exists): e_05822144_12_22500_4bd_2024
[2039347] Skipping (exists): e_05852144_12_22500_4bd_2024
[2039347] Skipping (exists): e_05882144_12_22500_4bd_2024
[2039347] Skipping (exists): e_05912144_12_22500_4bd_2024
[2039347] Skipping (exists): e_05942144_12_22500_4bd_2024
[2039347] Skipping (exists): e_05972144_12_22500_4bd_2024
[2039347] Skipping (exists): e_06002144_12_22500_4bd_2024
[2039347] Skipping (exists): e_06032144_12_22500_4bd_2024
[2039347] Skipping (exists): e_06062144_12_22500_4bd_2024
[2039347] Skipping (exists): e_06092144_12_22500_4bd_2024
[2039347] Skipping (exists): e_05552146_12_22500_4bd_2024
[2039347] Skipping (exists): e_05582146_12_22500_4bd_2024
[2039347] Skipping (exists): e_05612146_12_22500_4bd_2024
[2039347] Skipping (exists): e_05732146_12_22500_4bd_2024
[2039347] Skipping (exists): e_05762146_12_22500_4bd_2024
[2039347] Skipping (exists): e_05792146_12_22500_4bd_2024
[2039347] Skipping (exists): e_05822146_12_22500_4bd_2024
[2039347] Skipping (exists): e_05852146_12_22500_4bd_2024
[2039347] Skipping (exists): e_05882146_12_22500_4bd_2024
[2039347] Skipping (exists): e_05912146_12_22500_4bd_2024
[2039347] Skipping (exists): e_05942146_12_22500_4bd_2024
[2039347] Skipping (exists): e_05972146_12_22500_4bd_2024
[2039347] Skipping (exists): e_06002146_12_22500_4bd_2024
[2039347] Skipping (exists): e_06032146_12_22500_4bd_2024
[2039347] Skipping (exists): e_06062146_12_22500_4bd_2024
[2039347] Skipping (exists): e_06092146_12_22500_4bd_2024
[2039347] Skipping (exists): e_06122146_12_22500_4bd_2024
[2039347] Skipping (exists): e_05582148_12_22500_4bd_2024
[2039347] Skipping (exists): e_05732148_12_22500_4bd_2024
[2039347] Skipping (exists): e_05762148_12_22500_4bd_2024
[2039347] Skipping (exists): e_05792148_12_22500_4bd_2024
[2039347] Skipping (exists): e_05822148_12_22500_4bd_2024
[2039347] Skipping (exists): e_05852148_12_22500_4bd_2024
[2039347] Skipping (exists): e_05882148_12_22500_4bd_2024
[2039347] Skipping (exists): e_05912148_12_22500_4bd_2024
[2039347] Skipping (exists): e_05942148_12_22500_4bd_2024
[2039347] Skipping (exists): e_05972148_12_22500_4bd_2024
[2039347] Skipping (exists): e_06002148_12_22500_4bd_2024
[2039347] Skipping (exists): e_06032148_12_22500_4bd_2024
[2039347] Skipping (exists): e_06062148_12_22500_4bd_2024
[2039347] Skipping (exists): e_06092148_12_22500_4bd_2024
[2039347] Skipping (exists): e_06122148_12_22500_4bd_2024
[2039347] Skipping (exists): e_05762150_12_22500_4bd_2024
[2039347] Skipping (exists): e_05792150_12_22500_4bd_2024
[2039347] Skipping (exists): e_05822150_12_22500_4bd_2024
[2039347] Skipping (exists): e_05852150_12_22500_4bd_2024
[2039347] Skipping (exists): e_05882150_12_22500_4bd_2024
[2039347] Skipping (exists): e_05912150_12_22500_4bd_2024
[2039347] Skipping (exists): e_05942150_12_22500_4bd_2024
[2039347] Skipping (exists): e_05972150_12_22500_4bd_2024
[2039347] Skipping (exists): e_06002150_12_22500_4bd_2024
[2039347] Skipping (exists): e_06032150_12_22500_4bd_2024
[2039347] Skipping (exists): e_06062150_12_22500_4bd_2024
[2039347] Skipping (exists): e_06092150_12_22500_4bd_2024
[2039347] Skipping (exists): e_06122150_12_22500_4bd_2024
[2039347] Skipping (exists): e_05762152_12_22500_4bd_2024
[2039347] Skipping (exists): e_05792152_12_22500_4bd_2024
[2039347] Skipping (exists): e_05822152_12_22500_4bd_2024
[2039347] Skipping (exists): e_05852152_12_22500_4bd_2024
[2039347] Skipping (exists): e_05882152_12_22500_4bd_2024
[2039347] Skipping (exists): e_05912152_12_22500_4bd_2024
[2039347] Skipping (exists): e_05942152_12_22500_4bd_2024
[2039347] Skipping (exists): e_05972152_12_22500_4bd_2024
[2039347] Skipping (exists): e_06002152_12_22500_4bd_2024
[2039347] Skipping (exists): e_06032152_12_22500_4bd_2024
[2039347] Skipping (exists): e_06062152_12_22500_4bd_2024
[2039347] Skipping (exists): e_06092152_12_22500_4bd_2024
[2039347] Skipping (exists): e_06122152_12_22500_4bd_2024
[2039347] Skipping (exists): e_05792154_12_22500_4bd_2024
[2039347] Skipping (exists): e_05822154_12_22500_4bd_2024
[2039347] Skipping (exists): e_05852154_12_22500_4bd_2024
[2039347] Skipping (exists): e_05882154_12_22500_4bd_2024
[2039347] Skipping (exists): e_05912154_12_22500_4bd_2024
[2039347] Skipping (exists): e_05942154_12_22500_4bd_2024
[2039347] Skipping (exists): e_05972154_12_22500_4bd_2024
[2039347] Skipping (exists): e_06002154_12_22500_4bd_2024
[2039347] Skipping (exists): e_06032154_12_22500_4bd_2024
[2039347] Skipping (exists): e_06062154_12_22500_4bd_2024
[2039347] Skipping (exists): e_06092154_12_22500_4bd_2024
[2039347] Skipping (exists): e_06122154_12_22500_4bd_2024
[2039347] Skipping (exists): e_05792156_12_22500_4bd_2024
[2039347] Skipping (exists): e_05852156_12_22500_4bd_2024
[2039347] Skipping (exists): e_05882156_12_22500_4bd_2024
[2039347] Skipping (exists): e_05912156_12_22500_4bd_2024
[2039347] Skipping (exists): e_05942156_12_22500_4bd_2024
[2039347] Skipping (exists): e_05972156_12_22500_4bd_2024
[2039347] Skipping (exists): e_06002156_12_22500_4bd_2024
[2039347] Skipping (exists): e_06032156_12_22500_4bd_2024
[2039347] Skipping (exists): e_06062156_12_22500_4bd_2024
[2039347] Skipping (exists): e_06092156_12_22500_4bd_2024
[2039347] Skipping (exists): e_06122156_12_22500_4bd_2024
[2039347] Skipping (exists): e_05882158_12_22500_4bd_2024
[2039347] Skipping (exists): e_05912158_12_22500_4bd_2024
[2039347] Skipping (exists): e_05942158_12_22500_4bd_2024
[2039347] Skipping (exists): e_05972158_12_22500_4bd_2024
[2039347] Skipping (exists): e_06002158_12_22500_4bd_2024
[2039347] Skipping (exists): e_06032158_12_22500_4bd_2024
[2039347] Skipping (exists): e_06062158_12_22500_4bd_2024
[2039347] Skipping (exists): e_06092158_12_22500_4bd_2024
[2039347] Skipping (exists): e_06122158_12_22500_4bd_2024
[2039347] Skipping (exists): e_05882160_12_22500_4bd_2024
[2039347] Skipping (exists): e_05912160_12_22500_4bd_2024
[2039347] Skipping (exists): e_05942160_12_22500_4bd_2024
[2039347] Skipping (exists): e_05972160_12_22500_4bd_2024
[2039347] Skipping (exists): e_06002160_12_22500_4bd_2024
[2039347] Skipping (exists): e_06032160_12_22500_4bd_2024
[2039347] Skipping (exists): e_06062160_12_22500_4bd_2024
[2039347] Skipping (exists): e_06092160_12_22500_4bd_2024
[2039347] Skipping (exists): e_06122160_12_22500_4bd_2024
[2039347] Skipping (exists): e_05882162_12_22500_4bd_2024
[2039347] Skipping (exists): e_05912162_12_22500_4bd_2024
[2039347] Skipping (exists): e_05942162_12_22500_4bd_2024
[2039347] Skipping (exists): e_05972162_12_22500_4bd_2024
[2039347] Skipping (exists): e_06002162_12_22500_4bd_2024
[2039347] Skipping (exists): e_06032162_12_22500_4bd_2024
[2039347] Skipping (exists): e_06062162_12_22500_4bd_2024
[2039347] Skipping (exists): e_06092162_12_22500_4bd_2024
[2039347] Skipping (exists): e_05882164_12_22500_4bd_2024
[2039347] Skipping (exists): e_05912164_12_22500_4bd_2024
[2039347] Skipping (exists): e_05942164_12_22500_4bd_2024
[2039347] Skipping (exists): e_05972164_12_22500_4bd_2024
[2039347] Skipping (exists): e_06002164_12_22500_4bd_2024
[2039347] Skipping (exists): e_06032164_12_22500_4bd_2024
[2039347] Skipping (exists): e_06062164_12_22500_4bd_2024
[2039347] Skipping (exists): e_06092164_12_22500_4bd_2024
[2039347] Skipping (exists): e_05882166_12_22500_4bd_2024
[2039347] Skipping (exists): e_05912166_12_22500_4bd_2024
[2039347] Skipping (exists): e_05942166_12_22500_4bd_2024
[2039347] Skipping (exists): e_05972166_12_22500_4bd_2024
[2039347] Skipping (exists): e_06002166_12_22500_4bd_2024
[2039347] Skipping (exists): e_06032166_12_22500_4bd_2024
[2039347] Skipping (exists): e_06062166_12_22500_4bd_2024
[2039347] Skipping (exists): e_06092166_12_22500_4bd_2024
[2039347] Skipping (exists): e_05972168_12_22500_4bd_2024
[2039347] Skipping (exists): e_06002168_12_22500_4bd_2024
[2039347] Skipping (exists): e_06032168_12_22500_4bd_2024
[2039347] Skipping (exists): e_05972170_12_22500_4bd_2024
[2039347] Skipping (exists): e_06002170_12_22500_4bd_2024

=== Done. 1582/1582 tiles processed. Imagery written to: Data/Ortho/Tiles ===
          used (Mb) gc trigger  (Mb) max used  (Mb)
Ncells 1612331 86.2    2891334 154.5  2891334 154.5
Vcells 2386397 18.3   12126903  92.6 11894405  90.8
