terra 1.9.1
Linking to GEOS 3.11.0, GDAL 3.5.2, PROJ 8.2.0; sf_use_s2() is TRUE

Attaching package: ‘dplyr’

The following objects are masked from ‘package:terra’:

    intersect, union

The following objects are masked from ‘package:stats’:

    filter, lag

The following objects are masked from ‘package:base’:

    intersect, setdiff, setequal, union


Attaching package: ‘tidyr’

The following object is masked from ‘package:terra’:

    extract


Attaching package: ‘tidyterra’

The following object is masked from ‘package:stats’:

    filter

these are the arguments: 
1) path the reviewed training data :Data/Training_Data/R_Patches_Vector_Reviewed/
2) patch size :128
3) cluster number :208

[1] "Data/Training_Data/R_Patches_Vector_Reviewed//TompkinsCountyWetlands2012_AJS_cluster_208_huc_041402011002_256m.gpkg"
[2] "Data/Training_Data/R_Patches_Vector_Reviewed//TompkinsCountyWetlands2012_AJS_cluster_208_huc_041402011004_256m.gpkg"
[3] "Data/Training_Data/R_Patches_Vector_Reviewed//TompkinsCountyWetlands2012_AJS_cluster_208_huc_041402011005_256m.gpkg"
[4] "Data/Training_Data/R_Patches_Vector_Reviewed//TompkinsCountyWetlands2012_AJS_cluster_208_huc_041402011008_256m.gpkg"
[5] "Data/Training_Data/R_Patches_Vector_Reviewed//TompkinsCountyWetlands2012_AJS_cluster_208_huc_041402011301_256m.gpkg"
[1] 2
terra 1.9.1
Linking to GEOS 3.11.0, GDAL 3.5.2, PROJ 8.2.0; sf_use_s2() is TRUE
HUC num: 041402011002
Already file Data/Training_Data/R_Patches/TompkinsCountyWetlands2012_cluster_208_huc_041402011002_patch_1_256m.tif
HUC num: 041402011004
Already file Data/Training_Data/R_Patches/TompkinsCountyWetlands2012_cluster_208_huc_041402011004_patch_1_256m.tif
terra 1.9.1
Linking to GEOS 3.11.0, GDAL 3.5.2, PROJ 8.2.0; sf_use_s2() is TRUE
HUC num: 041402011005
Already file Data/Training_Data/R_Patches/TompkinsCountyWetlands2012_cluster_208_huc_041402011005_patch_1_256m.tif
HUC num: 041402011008
Already file Data/Training_Data/R_Patches/TompkinsCountyWetlands2012_cluster_208_huc_041402011008_patch_1_256m.tif
HUC num: 041402011301
Already file Data/Training_Data/R_Patches/TompkinsCountyWetlands2012_cluster_208_huc_041402011301_patch_1_256m.tif
[[1]]
NULL

[[2]]
NULL

[[3]]
NULL

[[4]]
NULL

[[5]]
NULL

Warning messages:
1: In CPL_read_ogr(dsn, layer, query, as.character(options), quiet,  :
  GDAL Message 1: This version of GeoPackage user_version=0x000028A0 (10400, v1.4.0) on '/ibstorage/anthony/NYS_Wetlands_Data/Data/Training_Data/R_Patches_Vector_Reviewed/TompkinsCountyWetlands2012_AJS_cluster_208_huc_041402011004_256m.gpkg' may only be partially supported
2: In CPL_read_ogr(dsn, layer, query, as.character(options), quiet,  :
  GDAL Message 1: This version of GeoPackage user_version=0x000028A0 (10400, v1.4.0) on '/ibstorage/anthony/NYS_Wetlands_Data/Data/Training_Data/R_Patches_Vector_Reviewed/TompkinsCountyWetlands2012_AJS_cluster_208_huc_041402011005_256m.gpkg' may only be partially supported
3: In CPL_read_ogr(dsn, layer, query, as.character(options), quiet,  :
  GDAL Message 1: This version of GeoPackage user_version=0x000028A0 (10400, v1.4.0) on '/ibstorage/anthony/NYS_Wetlands_Data/Data/Training_Data/R_Patches_Vector_Reviewed/TompkinsCountyWetlands2012_AJS_cluster_208_huc_041402011008_256m.gpkg' may only be partially supported
4: In CPL_read_ogr(dsn, layer, query, as.character(options), quiet,  :
  GDAL Message 1: This version of GeoPackage user_version=0x000028A0 (10400, v1.4.0) on '/ibstorage/anthony/NYS_Wetlands_Data/Data/Training_Data/R_Patches_Vector_Reviewed/TompkinsCountyWetlands2012_AJS_cluster_208_huc_041402011301_256m.gpkg' may only be partially supported
