terra 1.9.1
WARNING: different compile-time and run-time versions of GEOS
Compiled with:3.11.0-CAPI-1.17.0
 Running with:3.13.1-CAPI-1.19.2

You should reinstall package 'terra'

Linking to GEOS 3.13.1, GDAL 3.5.1, PROJ 8.2.0; sf_use_s2() is TRUE
WARNING: different compile-time and runtime versions for GEOS found:
Linked against: 3.13.1-CAPI-1.19.2 compiled against: 3.11.0-CAPI-1.17.0
It is probably a good idea to reinstall sf (and maybe lwgeom too)

Attaching package: ‘dplyr’

The following objects are masked from ‘package:terra’:

    intersect, union

The following objects are masked from ‘package:stats’:

    filter, lag

The following objects are masked from ‘package:base’:

    intersect, setdiff, setequal, union


Attaching package: ‘tidyr’

The following object is masked from ‘package:terra’:

    extract


Attaching package: ‘tidyterra’

The following object is masked from ‘package:stats’:

    filter

these are the arguments: 
1) path the reviewed training data :Data/Training_Data/R_Patches_Vector_Reviewed/
2) patch size :128
3) cluster number :11

[1] "Data/Training_Data/R_Patches_Vector_Reviewed//ADK_WCT_AJS_cluster_11_huc_042900030103_256m.gpkg"
[2] "Data/Training_Data/R_Patches_Vector_Reviewed//ADK_WCT_AJS_cluster_11_huc_042900030601_256m.gpkg"
[3] "Data/Training_Data/R_Patches_Vector_Reviewed//NWI_RSM_cluster_11_huc_042900030101_256m.gpkg"    
[1] 2
Warning: Caught FutureInterruptError. Canceling all iterations ...
Error: Future (‘future_lapply-2’) of class CallrFuture failed for unknown reason while running, while running on localhost (pid 1387366; exit code -9). CallrFuture (‘future_lapply-2’) failed. The reason reported was ‘! callr subprocess failed: could not start R, exited with non-zero status, has crashed or was killed’. Post-mortem diagnostic: The parallel worker (PID 1387366) started at 2026-06-09T18:00:48+0000 finished with exit code -9. The total size of the 18 globals exported is 18.70 KiB The three largest globals are ‘...future.FUN’ (6.57 KiB of class ‘function’), ‘huc_layers’ (2.22 KiB of class ‘function’) and ‘filter’ (2.03 KiB of class ‘function’)
Execution halted
slurmstepd: error: Detected 1 oom-kill event(s) in StepId=784972.6. Some of your processes may have been killed by the cgroup out-of-memory handler.
srun: error: cbsuxu06: task 0: Out Of Memory
srun: Job 784973 step creation temporarily disabled, retrying (Requested nodes are busy)
srun: Step created for job 784973
terra 1.9.1
WARNING: different compile-time and run-time versions of GEOS
Compiled with:3.11.0-CAPI-1.17.0
 Running with:3.13.1-CAPI-1.19.2

You should reinstall package 'terra'

Linking to GEOS 3.13.1, GDAL 3.5.1, PROJ 8.2.0; sf_use_s2() is TRUE
WARNING: different compile-time and runtime versions for GEOS found:
Linked against: 3.13.1-CAPI-1.19.2 compiled against: 3.11.0-CAPI-1.17.0
It is probably a good idea to reinstall sf (and maybe lwgeom too)

Attaching package: ‘dplyr’

The following objects are masked from ‘package:terra’:

    intersect, union

The following objects are masked from ‘package:stats’:

    filter, lag

The following objects are masked from ‘package:base’:

    intersect, setdiff, setequal, union


Attaching package: ‘tidyr’

The following object is masked from ‘package:terra’:

    extract


Attaching package: ‘tidyterra’

The following object is masked from ‘package:stats’:

    filter

these are the arguments: 
1) path the reviewed training data :Data/Training_Data/R_Patches_Vector_Reviewed/
2) patch size :128
3) cluster number :11

[1] "Data/Training_Data/R_Patches_Vector_Reviewed//ADK_WCT_AJS_cluster_11_huc_042900030103_256m.gpkg"
[2] "Data/Training_Data/R_Patches_Vector_Reviewed//ADK_WCT_AJS_cluster_11_huc_042900030601_256m.gpkg"
[3] "Data/Training_Data/R_Patches_Vector_Reviewed//NWI_RSM_cluster_11_huc_042900030101_256m.gpkg"    
[1] 2
terra 1.9.1
WARNING: different compile-time and run-time versions of GEOS
Compiled with:3.11.0-CAPI-1.17.0
 Running with:3.13.1-CAPI-1.19.2

You should reinstall package 'terra'

Linking to GEOS 3.13.1, GDAL 3.5.1, PROJ 8.2.0; sf_use_s2() is TRUE
WARNING: different compile-time and runtime versions for GEOS found:
Linked against: 3.13.1-CAPI-1.19.2 compiled against: 3.11.0-CAPI-1.17.0
It is probably a good idea to reinstall sf (and maybe lwgeom too)
HUC num: 042900030103
Already file Data/Training_Data/R_Patches/ADK_cluster_11_huc_042900030103_patch_1_256m.tif
terra 1.9.1
WARNING: different compile-time and run-time versions of GEOS
Compiled with:3.11.0-CAPI-1.17.0
 Running with:3.13.1-CAPI-1.19.2

You should reinstall package 'terra'

Linking to GEOS 3.13.1, GDAL 3.5.1, PROJ 8.2.0; sf_use_s2() is TRUE
WARNING: different compile-time and runtime versions for GEOS found:
Linked against: 3.13.1-CAPI-1.19.2 compiled against: 3.11.0-CAPI-1.17.0
It is probably a good idea to reinstall sf (and maybe lwgeom too)
HUC num: 042900030601
Already file Data/Training_Data/R_Patches/ADK_cluster_11_huc_042900030601_patch_1_256m.tif
HUC num: 042900030101
Already file Data/Training_Data/R_Patches/NWI_cluster_11_huc_042900030101_patch_1_256m.tif
[[1]]
NULL

[[2]]
NULL

[[3]]
NULL

Warning messages:
1: In CPL_read_ogr(dsn, layer, query, as.character(options), quiet,  :
  GDAL Message 1: This version of GeoPackage user_version=0x000028A0 (10400, v1.4.0) on '/ibstorage/anthony/NYS_Wetlands_Data/Data/Training_Data/R_Patches_Vector_Reviewed/ADK_WCT_AJS_cluster_11_huc_042900030103_256m.gpkg' may only be partially supported
2: In CPL_read_ogr(dsn, layer, query, as.character(options), quiet,  :
  GDAL Message 1: This version of GeoPackage user_version=0x000028A0 (10400, v1.4.0) on '/ibstorage/anthony/NYS_Wetlands_Data/Data/Training_Data/R_Patches_Vector_Reviewed/ADK_WCT_AJS_cluster_11_huc_042900030601_256m.gpkg' may only be partially supported
3: In CPL_read_ogr(dsn, layer, query, as.character(options), quiet,  :
  GDAL Message 1: This version of GeoPackage user_version=0x000028A0 (10400, v1.4.0) on '/ibstorage/anthony/NYS_Wetlands_Data/Data/Training_Data/R_Patches_Vector_Reviewed/NWI_RSM_cluster_11_huc_042900030101_256m.gpkg' may only be partially supported
srun: Job 784974 step creation temporarily disabled, retrying (Requested nodes are busy)
srun: Job 784974 step creation still disabled, retrying (Requested nodes are busy)
srun: Job 784974 step creation still disabled, retrying (Requested nodes are busy)
srun: Step created for job 784974
terra 1.9.1
WARNING: different compile-time and run-time versions of GEOS
Compiled with:3.11.0-CAPI-1.17.0
 Running with:3.13.1-CAPI-1.19.2

You should reinstall package 'terra'

Linking to GEOS 3.13.1, GDAL 3.5.1, PROJ 8.2.0; sf_use_s2() is TRUE
WARNING: different compile-time and runtime versions for GEOS found:
Linked against: 3.13.1-CAPI-1.19.2 compiled against: 3.11.0-CAPI-1.17.0
It is probably a good idea to reinstall sf (and maybe lwgeom too)

Attaching package: ‘dplyr’

The following objects are masked from ‘package:terra’:

    intersect, union

The following objects are masked from ‘package:stats’:

    filter, lag

The following objects are masked from ‘package:base’:

    intersect, setdiff, setequal, union


Attaching package: ‘tidyr’

The following object is masked from ‘package:terra’:

    extract


Attaching package: ‘tidyterra’

The following object is masked from ‘package:stats’:

    filter

these are the arguments: 
1) path the reviewed training data :Data/Training_Data/R_Patches_Vector_Reviewed/
2) patch size :128
3) cluster number :11

[1] "Data/Training_Data/R_Patches_Vector_Reviewed//ADK_WCT_AJS_cluster_11_huc_042900030103_256m.gpkg"
[2] "Data/Training_Data/R_Patches_Vector_Reviewed//ADK_WCT_AJS_cluster_11_huc_042900030601_256m.gpkg"
[3] "Data/Training_Data/R_Patches_Vector_Reviewed//NWI_RSM_cluster_11_huc_042900030101_256m.gpkg"    
[1] 2
terra 1.9.1
WARNING: different compile-time and run-time versions of GEOS
Compiled with:3.11.0-CAPI-1.17.0
 Running with:3.13.1-CAPI-1.19.2

You should reinstall package 'terra'

Linking to GEOS 3.13.1, GDAL 3.5.1, PROJ 8.2.0; sf_use_s2() is TRUE
WARNING: different compile-time and runtime versions for GEOS found:
Linked against: 3.13.1-CAPI-1.19.2 compiled against: 3.11.0-CAPI-1.17.0
It is probably a good idea to reinstall sf (and maybe lwgeom too)
HUC num: 042900030103
Already file Data/Training_Data/R_Patches/ADK_cluster_11_huc_042900030103_patch_1_256m.tif
terra 1.9.1
WARNING: different compile-time and run-time versions of GEOS
Compiled with:3.11.0-CAPI-1.17.0
 Running with:3.13.1-CAPI-1.19.2

You should reinstall package 'terra'

Linking to GEOS 3.13.1, GDAL 3.5.1, PROJ 8.2.0; sf_use_s2() is TRUE
WARNING: different compile-time and runtime versions for GEOS found:
Linked against: 3.13.1-CAPI-1.19.2 compiled against: 3.11.0-CAPI-1.17.0
It is probably a good idea to reinstall sf (and maybe lwgeom too)
HUC num: 042900030601
Already file Data/Training_Data/R_Patches/ADK_cluster_11_huc_042900030601_patch_1_256m.tif
HUC num: 042900030101
Already file Data/Training_Data/R_Patches/NWI_cluster_11_huc_042900030101_patch_1_256m.tif
[[1]]
NULL

[[2]]
NULL

[[3]]
NULL

Warning messages:
1: In CPL_read_ogr(dsn, layer, query, as.character(options), quiet,  :
  GDAL Message 1: This version of GeoPackage user_version=0x000028A0 (10400, v1.4.0) on '/ibstorage/anthony/NYS_Wetlands_Data/Data/Training_Data/R_Patches_Vector_Reviewed/ADK_WCT_AJS_cluster_11_huc_042900030103_256m.gpkg' may only be partially supported
2: In CPL_read_ogr(dsn, layer, query, as.character(options), quiet,  :
  GDAL Message 1: This version of GeoPackage user_version=0x000028A0 (10400, v1.4.0) on '/ibstorage/anthony/NYS_Wetlands_Data/Data/Training_Data/R_Patches_Vector_Reviewed/ADK_WCT_AJS_cluster_11_huc_042900030601_256m.gpkg' may only be partially supported
3: In CPL_read_ogr(dsn, layer, query, as.character(options), quiet,  :
  GDAL Message 1: This version of GeoPackage user_version=0x000028A0 (10400, v1.4.0) on '/ibstorage/anthony/NYS_Wetlands_Data/Data/Training_Data/R_Patches_Vector_Reviewed/NWI_RSM_cluster_11_huc_042900030101_256m.gpkg' may only be partially supported
