srun: Job 784951 step creation temporarily disabled, retrying (Requested nodes are busy)
srun: Step created for job 784951
terra 1.9.1
Linking to GEOS 3.11.0, GDAL 3.5.2, PROJ 8.2.0; sf_use_s2() is TRUE

Attaching package: ‘dplyr’

The following objects are masked from ‘package:terra’:

    intersect, union

The following objects are masked from ‘package:stats’:

    filter, lag

The following objects are masked from ‘package:base’:

    intersect, setdiff, setequal, union


Attaching package: ‘tidyr’

The following object is masked from ‘package:terra’:

    extract


Attaching package: ‘tidyterra’

The following object is masked from ‘package:stats’:

    filter

these are the arguments: 
1) path the reviewed training data :Data/Training_Data/R_Patches_Vector_Reviewed/
2) patch size :128
3) cluster number :82

[1] "Data/Training_Data/R_Patches_Vector_Reviewed//NHP_AJS_cluster_82_huc_042701010304_256m.gpkg"
[1] 2
terra 1.9.1
Linking to GEOS 3.11.0, GDAL 3.5.2, PROJ 8.2.0; sf_use_s2() is TRUE
HUC num: 042701010304
[[1]]
NULL

Warning message:
In CPL_read_ogr(dsn, layer, query, as.character(options), quiet,  :
  GDAL Message 1: This version of GeoPackage user_version=0x000028A0 (10400, v1.4.0) on '/ibstorage/anthony/NYS_Wetlands_Data/Data/Training_Data/R_Patches_Vector_Reviewed/NHP_AJS_cluster_82_huc_042701010304_256m.gpkg' may only be partially supported
