terra 1.9.1
Linking to GEOS 3.11.0, GDAL 3.5.2, PROJ 8.2.0; sf_use_s2() is TRUE

Attaching package: ‘dplyr’

The following objects are masked from ‘package:terra’:

    intersect, union

The following objects are masked from ‘package:stats’:

    filter, lag

The following objects are masked from ‘package:base’:

    intersect, setdiff, setequal, union


Attaching package: ‘tidyr’

The following object is masked from ‘package:terra’:

    extract


Attaching package: ‘tidyterra’

The following object is masked from ‘package:stats’:

    filter

these are the arguments: 
1) path the reviewed training data :Data/Training_Data/R_Patches_Vector_Reviewed/
2) patch size :128
3) cluster number :46

character(0)
[1] 2
list()
