terra 1.9.1
Linking to GEOS 3.11.0, GDAL 3.5.2, PROJ 8.2.0; sf_use_s2() is TRUE

Attaching package: ‘dplyr’

The following objects are masked from ‘package:terra’:

    intersect, union

The following objects are masked from ‘package:stats’:

    filter, lag

The following objects are masked from ‘package:base’:

    intersect, setdiff, setequal, union


Attaching package: ‘tidyr’

The following object is masked from ‘package:terra’:

    extract


Attaching package: ‘tidyterra’

The following object is masked from ‘package:stats’:

    filter

these are the arguments: 
1) path the reviewed training data :Data/Training_Data/R_Patches_Vector_Reviewed/
2) patch size :128
3) cluster number :123

[1] "Data/Training_Data/R_Patches_Vector_Reviewed//ADK_WCT_AJS_cluster_123_huc_043001010102_256m.gpkg"
[2] "Data/Training_Data/R_Patches_Vector_Reviewed//ADK_WCT_AJS_cluster_123_huc_043001010103_256m.gpkg"
[3] "Data/Training_Data/R_Patches_Vector_Reviewed//ADK_WCT_AJS_cluster_123_huc_043001010105_256m.gpkg"
[4] "Data/Training_Data/R_Patches_Vector_Reviewed//NWI_AJS_cluster_123_huc_043001010103_256m.gpkg"    
[5] "Data/Training_Data/R_Patches_Vector_Reviewed//NWI_AJS_cluster_123_huc_043001010104_256m.gpkg"    
[6] "Data/Training_Data/R_Patches_Vector_Reviewed//NWI_AJS_cluster_123_huc_043001010105_256m.gpkg"    
[1] 2
terra 1.9.1
Linking to GEOS 3.11.0, GDAL 3.5.2, PROJ 8.2.0; sf_use_s2() is TRUE
HUC num: 043001010102
Already file Data/Training_Data/R_Patches/ADK_cluster_123_huc_043001010102_patch_1_256m.tif
HUC num: 043001010103
Already file Data/Training_Data/R_Patches/ADK_cluster_123_huc_043001010103_patch_1_256m.tif
HUC num: 043001010105
Already file Data/Training_Data/R_Patches/ADK_cluster_123_huc_043001010105_patch_1_256m.tif
terra 1.9.1
Linking to GEOS 3.11.0, GDAL 3.5.2, PROJ 8.2.0; sf_use_s2() is TRUE
HUC num: 043001010103
Already file Data/Training_Data/R_Patches/NWI_cluster_123_huc_043001010103_patch_1_256m.tif
HUC num: 043001010104
Already file Data/Training_Data/R_Patches/NWI_cluster_123_huc_043001010104_patch_1_256m.tif
HUC num: 043001010105
Already file Data/Training_Data/R_Patches/NWI_cluster_123_huc_043001010105_patch_1_256m.tif
[[1]]
NULL

[[2]]
NULL

[[3]]
NULL

[[4]]
NULL

[[5]]
NULL

[[6]]
NULL

Warning messages:
1: In CPL_read_ogr(dsn, layer, query, as.character(options), quiet,  :
  GDAL Message 1: This version of GeoPackage user_version=0x000028A0 (10400, v1.4.0) on '/ibstorage/anthony/NYS_Wetlands_Data/Data/Training_Data/R_Patches_Vector_Reviewed/ADK_WCT_AJS_cluster_123_huc_043001010102_256m.gpkg' may only be partially supported
2: In CPL_read_ogr(dsn, layer, query, as.character(options), quiet,  :
  GDAL Message 1: This version of GeoPackage user_version=0x000028A0 (10400, v1.4.0) on '/ibstorage/anthony/NYS_Wetlands_Data/Data/Training_Data/R_Patches_Vector_Reviewed/ADK_WCT_AJS_cluster_123_huc_043001010103_256m.gpkg' may only be partially supported
3: In CPL_read_ogr(dsn, layer, query, as.character(options), quiet,  :
  GDAL Message 1: This version of GeoPackage user_version=0x000028A0 (10400, v1.4.0) on '/ibstorage/anthony/NYS_Wetlands_Data/Data/Training_Data/R_Patches_Vector_Reviewed/ADK_WCT_AJS_cluster_123_huc_043001010105_256m.gpkg' may only be partially supported
4: In CPL_read_ogr(dsn, layer, query, as.character(options), quiet,  :
  GDAL Message 1: This version of GeoPackage user_version=0x000028A0 (10400, v1.4.0) on '/ibstorage/anthony/NYS_Wetlands_Data/Data/Training_Data/R_Patches_Vector_Reviewed/NWI_AJS_cluster_123_huc_043001010103_256m.gpkg' may only be partially supported
5: In CPL_read_ogr(dsn, layer, query, as.character(options), quiet,  :
  GDAL Message 1: This version of GeoPackage user_version=0x000028A0 (10400, v1.4.0) on '/ibstorage/anthony/NYS_Wetlands_Data/Data/Training_Data/R_Patches_Vector_Reviewed/NWI_AJS_cluster_123_huc_043001010104_256m.gpkg' may only be partially supported
6: In CPL_read_ogr(dsn, layer, query, as.character(options), quiet,  :
  GDAL Message 1: This version of GeoPackage user_version=0x000028A0 (10400, v1.4.0) on '/ibstorage/anthony/NYS_Wetlands_Data/Data/Training_Data/R_Patches_Vector_Reviewed/NWI_AJS_cluster_123_huc_043001010105_256m.gpkg' may only be partially supported
