terra 1.9.1
Linking to GEOS 3.11.0, GDAL 3.5.2, PROJ 8.2.0; sf_use_s2() is TRUE

Attaching package: ‘dplyr’

The following objects are masked from ‘package:terra’:

    intersect, union

The following objects are masked from ‘package:stats’:

    filter, lag

The following objects are masked from ‘package:base’:

    intersect, setdiff, setequal, union


Attaching package: ‘tidyr’

The following object is masked from ‘package:terra’:

    extract


Attaching package: ‘tidyterra’

The following object is masked from ‘package:stats’:

    filter

these are the arguments: 
1) path the reviewed training data :Data/Training_Data/R_Patches_Vector_Reviewed/
2) patch size :128
3) cluster number :208

[1] "Data/Training_Data/R_Patches_Vector_Reviewed//TompkinsCountyWetlands2012_AJS_cluster_208_huc_041402011002_256m.gpkg"
[2] "Data/Training_Data/R_Patches_Vector_Reviewed//TompkinsCountyWetlands2012_AJS_cluster_208_huc_041402011004_256m.gpkg"
[3] "Data/Training_Data/R_Patches_Vector_Reviewed//TompkinsCountyWetlands2012_AJS_cluster_208_huc_041402011005_256m.gpkg"
[4] "Data/Training_Data/R_Patches_Vector_Reviewed//TompkinsCountyWetlands2012_AJS_cluster_208_huc_041402011008_256m.gpkg"
[5] "Data/Training_Data/R_Patches_Vector_Reviewed//TompkinsCountyWetlands2012_AJS_cluster_208_huc_041402011301_256m.gpkg"
[1] 2
Warning: Caught FutureInterruptError. Canceling all iterations ...
Error: Future (‘future_lapply-1’) of class CallrFuture failed for unknown reason while running, while running on localhost (pid 355142; exit code -9). CallrFuture (‘future_lapply-1’) failed. The reason reported was ‘! callr subprocess failed: could not start R, exited with non-zero status, has crashed or was killed’. Post-mortem diagnostic: The parallel worker (PID 355142) started at 2026-06-02T19:01:58+0000 finished with exit code -9. The total size of the 18 globals exported is 18.61 KiB The three largest globals are ‘...future.FUN’ (6.13 KiB of class ‘function’), ‘huc_layers’ (2.22 KiB of class ‘function’) and ‘filter’ (2.03 KiB of class ‘function’)
Execution halted
slurmstepd: error: Detected 1 oom-kill event(s) in StepId=784951.5. Some of your processes may have been killed by the cgroup out-of-memory handler.
srun: error: cbsuxu05: task 0: Out Of Memory
