terra 1.9.1
Linking to GEOS 3.11.0, GDAL 3.5.2, PROJ 8.2.0; sf_use_s2() is TRUE
Cluster: 82 
Output : Data/HUC_Raster_Stacks/Stats_Partials/cluster_82.json 

slurmstepd: error: *** STEP 741751.13 ON cbsuxu08 CANCELLED AT 2026-05-28T11:24:39 ***
srun: Job step aborted: Waiting up to 32 seconds for job step to finish.
srun: Job 741752 step creation temporarily disabled, retrying (Requested nodes are busy)
srun: Job 741752 step creation still disabled, retrying (Requested nodes are busy)
srun: Job 741752 step creation still disabled, retrying (Requested nodes are busy)
srun: Job 741752 step creation still disabled, retrying (Requested nodes are busy)
srun: Step created for job 741752
terra 1.9.1
Linking to GEOS 3.11.0, GDAL 3.5.2, PROJ 8.2.0; sf_use_s2() is TRUE
Cluster: 82 
Output : Data/HUC_Raster_Stacks/Stats_Partials/cluster_82.json 

Found 7 HUCs in cluster 82 

Workers: 4 
Warning: Caught FutureInterruptError. Canceling all iterations ...
terra 1.9.1
Error: Future (‘future_lapply-1’) of class CallrFuture failed for unknown reason while running, while running on localhost (pid 1779671; exit code -9). CallrFuture (‘future_lapply-1’) failed. The reason reported was ‘! callr subprocess failed: could not start R, exited with non-zero status, has crashed or was killed’. Post-mortem diagnostic: The parallel worker (PID 1779671) started at 2026-05-28T15:33:10+0000 finished with exit code -9. The total size of the 13 globals exported is 7.92 KiB The three largest globals are ‘huc_layers’ (2.22 KiB of class ‘function’), ‘huc_source_paths’ (1.73 KiB of class ‘function’) and ‘...future.FUN’ (1.56 KiB of class ‘function’)
Execution halted
slurmstepd: error: Detected 1 oom-kill event(s) in StepId=741752.48. Some of your processes may have been killed by the cgroup out-of-memory handler.
srun: error: cbsuxu09: task 0: Out Of Memory
srun: Job 741993 step creation temporarily disabled, retrying (Requested nodes are busy)
srun: Job 741993 step creation still disabled, retrying (Requested nodes are busy)
srun: Job 741993 step creation still disabled, retrying (Requested nodes are busy)
srun: Job 741993 step creation still disabled, retrying (Requested nodes are busy)
srun: Job 741993 step creation still disabled, retrying (Requested nodes are busy)
srun: Job 741993 step creation still disabled, retrying (Requested nodes are busy)
srun: Job 741993 step creation still disabled, retrying (Requested nodes are busy)
srun: Job 741993 step creation still disabled, retrying (Requested nodes are busy)
srun: Job 741993 step creation still disabled, retrying (Requested nodes are busy)
srun: Job 741993 step creation still disabled, retrying (Requested nodes are busy)
srun: Job 741993 step creation still disabled, retrying (Requested nodes are busy)
srun: Step created for job 741993
terra 1.9.1
Linking to GEOS 3.11.0, GDAL 3.5.2, PROJ 8.2.0; sf_use_s2() is TRUE
Cluster: 82 
Output : Data/HUC_Raster_Stacks/Stats_Partials/cluster_82.json 

Found 7 HUCs in cluster 82 

Workers: 4 
Warning: Caught FutureInterruptError. Canceling all iterations ...
terra 1.9.1
Error: Future (‘future_lapply-2’) of class CallrFuture failed for unknown reason while running, while running on localhost (pid 1830132; exit code -9). CallrFuture (‘future_lapply-2’) failed. The reason reported was ‘! callr subprocess failed: could not start R, exited with non-zero status, has crashed or was killed’. Post-mortem diagnostic: The parallel worker (PID 1830132) started at 2026-05-28T19:23:29+0000 finished with exit code -9. The total size of the 13 globals exported is 7.92 KiB The three largest globals are ‘huc_layers’ (2.22 KiB of class ‘function’), ‘huc_source_paths’ (1.73 KiB of class ‘function’) and ‘...future.FUN’ (1.56 KiB of class ‘function’)
Execution halted
slurmstepd: error: Detected 1 oom-kill event(s) in StepId=741993.87. Some of your processes may have been killed by the cgroup out-of-memory handler.
srun: error: cbsuxu09: task 0: Out Of Memory
srun: Job 741994 step creation temporarily disabled, retrying (Requested nodes are busy)
srun: Job 741994 step creation still disabled, retrying (Requested nodes are busy)
srun: Job 741994 step creation still disabled, retrying (Requested nodes are busy)
srun: Job 741994 step creation still disabled, retrying (Requested nodes are busy)
srun: Step created for job 741994
terra 1.9.1
Linking to GEOS 3.11.0, GDAL 3.5.2, PROJ 8.2.0; sf_use_s2() is TRUE
Cluster: 82 
Output : Data/HUC_Raster_Stacks/Stats_Partials/cluster_82.json 

Found 7 HUCs in cluster 82 

Workers: 4 
Warning: Caught FutureInterruptError. Canceling all iterations ...
terra 1.9.1
Error: Future (‘future_lapply-4’) of class CallrFuture failed for unknown reason while running, while running on localhost (pid 1837913; exit code -9). CallrFuture (‘future_lapply-4’) failed. The reason reported was ‘! callr subprocess failed: could not start R, exited with non-zero status, has crashed or was killed’. Post-mortem diagnostic: The parallel worker (PID 1837913) started at 2026-05-28T20:17:20+0000 finished with exit code -9. The total size of the 13 globals exported is 7.92 KiB The three largest globals are ‘huc_layers’ (2.22 KiB of class ‘function’), ‘huc_source_paths’ (1.73 KiB of class ‘function’) and ‘...future.FUN’ (1.56 KiB of class ‘function’)
Execution halted
slurmstepd: error: Detected 1 oom-kill event(s) in StepId=741994.49. Some of your processes may have been killed by the cgroup out-of-memory handler.
srun: error: cbsuxu09: task 0: Out Of Memory
