terra 1.9.1
Linking to GEOS 3.11.0, GDAL 3.5.2, PROJ 8.2.0; sf_use_s2() is TRUE
Cluster: 208 
Output : Data/HUC_Raster_Stacks/Stats_Partials/cluster_208.json 

slurmstepd: error: *** STEP 741751.1 ON cbsuxu07 CANCELLED AT 2026-05-28T11:24:39 ***
srun: Job step aborted: Waiting up to 32 seconds for job step to finish.
srun: Job 741752 step creation temporarily disabled, retrying (Requested nodes are busy)
srun: Job 741752 step creation still disabled, retrying (Requested nodes are busy)
srun: Job 741752 step creation still disabled, retrying (Requested nodes are busy)
srun: Job 741752 step creation still disabled, retrying (Requested nodes are busy)
srun: Job 741752 step creation still disabled, retrying (Requested nodes are busy)
srun: Job 741752 step creation still disabled, retrying (Requested nodes are busy)
srun: Step created for job 741752
terra 1.9.1
Linking to GEOS 3.11.0, GDAL 3.5.2, PROJ 8.2.0; sf_use_s2() is TRUE
Cluster: 208 
Output : Data/HUC_Raster_Stacks/Stats_Partials/cluster_208.json 

Found 9 HUCs in cluster 208 

Workers: 4 
terra 1.9.1
Multiple Ortho files; using first: cluster_208_huc_041402011002_ortho_2023.tif
terra 1.9.1
terra 1.9.1
terra 1.9.1

Computed stats over 9 HUCs for bands:
   DEM, slope_local, flowacc, twi, CHM, r, g, b, nir, r_lo, g_lo, b_lo, nir_lo, pct_below_1m, pct_1m_to_5m, pct_above_5m 

Global band statistics written to: Data/HUC_Raster_Stacks/Stats_Partials/cluster_208.json 

Summary:
  DEM              min:     116.0697  max:     619.3748
  slope_local      min:       0.0000  max:      86.2896
  flowacc          min:       0.0000  max:      18.3817
  twi              min:      -2.7123  max:      32.2243
  CHM              min:       0.0000  max:      49.8785
  r                min:       0.0000  max:     255.0000
  g                min:       9.0000  max:     255.0000
  b                min:      31.0000  max:     255.0000
  nir              min:       6.0000  max:     255.0000
  r_lo             min:       0.0000  max:     255.0000
  g_lo             min:       0.0000  max:     255.0000
  b_lo             min:       0.0000  max:     255.0000
  nir_lo           min:       0.0000  max:     255.0000
  pct_below_1m     min:       0.0000  max:       1.0000
  pct_1m_to_5m     min:       0.0000  max:       1.0000
  pct_above_5m     min:       0.0000  max:       1.0000
srun: Job 741993 step creation temporarily disabled, retrying (Requested nodes are busy)
srun: Job 741993 step creation still disabled, retrying (Requested nodes are busy)
srun: Job 741993 step creation still disabled, retrying (Requested nodes are busy)
srun: Job 741993 step creation still disabled, retrying (Requested nodes are busy)
srun: Job 741993 step creation still disabled, retrying (Requested nodes are busy)
srun: Step created for job 741993
terra 1.9.1
Linking to GEOS 3.11.0, GDAL 3.5.2, PROJ 8.2.0; sf_use_s2() is TRUE
Cluster: 208 
Output : Data/HUC_Raster_Stacks/Stats_Partials/cluster_208.json 

Found 9 HUCs in cluster 208 

Workers: 4 
terra 1.9.1
Multiple Ortho files; using first: cluster_208_huc_041402011002_ortho_2023.tif
terra 1.9.1
terra 1.9.1
terra 1.9.1

Computed stats over 9 HUCs for bands:
   DEM, slope_local, flowacc, twi, CHM, r, g, b, nir, r_lo, g_lo, b_lo, nir_lo, pct_below_1m, pct_1m_to_5m, pct_above_5m 

Global band statistics written to: Data/HUC_Raster_Stacks/Stats_Partials/cluster_208.json 

Summary:
  DEM              min:     116.0697  max:     619.3748
  slope_local      min:       0.0000  max:      86.2896
  flowacc          min:       0.0000  max:      18.3817
  twi              min:      -2.7123  max:      32.2243
  CHM              min:       0.0000  max:      49.8785
  r                min:       0.0000  max:     255.0000
  g                min:       9.0000  max:     255.0000
  b                min:      31.0000  max:     255.0000
  nir              min:       6.0000  max:     255.0000
  r_lo             min:       0.0000  max:     255.0000
  g_lo             min:       0.0000  max:     255.0000
  b_lo             min:       0.0000  max:     255.0000
  nir_lo           min:       0.0000  max:     255.0000
  pct_below_1m     min:       0.0000  max:       1.0000
  pct_1m_to_5m     min:       0.0000  max:       1.0000
  pct_above_5m     min:       0.0000  max:       1.0000
srun: Job 741994 step creation temporarily disabled, retrying (Requested nodes are busy)
srun: Job 741994 step creation still disabled, retrying (Requested nodes are busy)
srun: Job 741994 step creation still disabled, retrying (Requested nodes are busy)
srun: Job 741994 step creation still disabled, retrying (Requested nodes are busy)
srun: Job 741994 step creation still disabled, retrying (Requested nodes are busy)
srun: Step created for job 741994
terra 1.9.1
Linking to GEOS 3.11.0, GDAL 3.5.2, PROJ 8.2.0; sf_use_s2() is TRUE
Cluster: 208 
Output : Data/HUC_Raster_Stacks/Stats_Partials/cluster_208.json 

Found 9 HUCs in cluster 208 

Workers: 4 
terra 1.9.1
Multiple Ortho files; using first: cluster_208_huc_041402011002_ortho_2023.tif
terra 1.9.1
terra 1.9.1
terra 1.9.1

Computed stats over 9 HUCs for bands:
   DEM, slope_local, flowacc, twi, CHM, r, g, b, nir, r_lo, g_lo, b_lo, nir_lo, pct_below_1m, pct_1m_to_5m, pct_above_5m 

Global band statistics written to: Data/HUC_Raster_Stacks/Stats_Partials/cluster_208.json 

Summary:
  DEM              min:     116.0697  max:     619.3748
  slope_local      min:       0.0000  max:      86.2896
  flowacc          min:       0.0000  max:      18.3817
  twi              min:      -2.7123  max:      32.2243
  CHM              min:       0.0000  max:      49.8785
  r                min:       0.0000  max:     255.0000
  g                min:       9.0000  max:     255.0000
  b                min:      31.0000  max:     255.0000
  nir              min:       6.0000  max:     255.0000
  r_lo             min:       0.0000  max:     255.0000
  g_lo             min:       0.0000  max:     255.0000
  b_lo             min:       0.0000  max:     255.0000
  nir_lo           min:       0.0000  max:     255.0000
  pct_below_1m     min:       0.0000  max:       1.0000
  pct_1m_to_5m     min:       0.0000  max:       1.0000
  pct_above_5m     min:       0.0000  max:       1.0000
