Merging 7 cluster partials from Data/HUC_Raster_Stacks/Stats_Partials 

Global band statistics written to: Data/HUC_Raster_Stacks/HUC_DL_Stacks_Extracted_Values.json 

Summary:
  DEM              min:      13.9177  max:     825.1389
  slope_local      min:       0.0000  max:      86.7980
  flowacc          min:       0.0000  max:      18.8185
  twi              min:      -2.7123  max:      43.6780
  CHM              min:       0.0000  max:      49.9422
  r                min:       0.0000  max:     255.0000
  g                min:       2.0000  max:     255.0000
  b                min:      28.0000  max:     255.0000
  nir              min:       0.0000  max:     255.0000
  r_lo             min:       0.0000  max:     255.0000
  g_lo             min:       0.0000  max:     255.0000
  b_lo             min:       0.0000  max:     255.0000
  nir_lo           min:       0.0000  max:     255.0000
  pct_below_1m     min:       0.0000  max:       1.0000
  pct_1m_to_5m     min:       0.0000  max:       1.0000
  pct_above_5m     min:       0.0000  max:       1.0000
Merging 7 cluster partials from Data/HUC_Raster_Stacks/Stats_Partials 

Global band statistics written to: Data/HUC_Raster_Stacks/HUC_DL_Stacks_Extracted_Values.json 

Summary:
  DEM              min:      13.9177  max:     825.1389
  slope_local      min:       0.0000  max:      86.7980
  flowacc          min:       0.0000  max:      18.8185
  twi              min:      -2.7123  max:      43.6780
  CHM              min:       0.0000  max:      49.9422
  r                min:       0.0000  max:     255.0000
  g                min:       2.0000  max:     255.0000
  b                min:      28.0000  max:     255.0000
  nir              min:       0.0000  max:     255.0000
  r_lo             min:       0.0000  max:     255.0000
  g_lo             min:       0.0000  max:     255.0000
  b_lo             min:       0.0000  max:     255.0000
  nir_lo           min:       0.0000  max:     255.0000
  pct_below_1m     min:       0.0000  max:       1.0000
  pct_1m_to_5m     min:       0.0000  max:       1.0000
  pct_above_5m     min:       0.0000  max:       1.0000
Merging 9 cluster partials from Data/HUC_Raster_Stacks/Stats_Partials 

Global band statistics written to: Data/HUC_Raster_Stacks/HUC_DL_Stacks_Extracted_Values.json 

Summary:
  DEM              min:      13.9177  max:     825.1389
  slope_local      min:       0.0000  max:      86.7980
  flowacc          min:       0.0000  max:      18.8185
  twi              min:      -2.7123  max:      43.6780
  CHM              min:       0.0000  max:      49.9762
  r                min:       0.0000  max:     255.0000
  g                min:       2.0000  max:     255.0000
  b                min:      28.0000  max:     255.0000
  nir              min:       0.0000  max:     255.0000
  r_lo             min:       0.0000  max:     255.0000
  g_lo             min:       0.0000  max:     255.0000
  b_lo             min:       0.0000  max:     255.0000
  nir_lo           min:       0.0000  max:     255.0000
  pct_below_1m     min:       0.0000  max:       1.0000
  pct_1m_to_5m     min:       0.0000  max:       1.0000
  pct_above_5m     min:       0.0000  max:       1.0000
