terra 1.9.1
Linking to GEOS 3.11.0, GDAL 3.5.2, PROJ 8.2.0; sf_use_s2() is TRUE
Cluster: 46 
Output : Data/HUC_Raster_Stacks/Stats_Partials/cluster_46.json 

slurmstepd: error: *** STEP 741751.0 ON cbsuxu06 CANCELLED AT 2026-05-28T11:24:39 ***
srun: Job step aborted: Waiting up to 32 seconds for job step to finish.
srun: Job 741752 step creation temporarily disabled, retrying (Requested nodes are busy)
srun: Job 741752 step creation still disabled, retrying (Requested nodes are busy)
srun: Job 741752 step creation still disabled, retrying (Requested nodes are busy)
srun: Job 741752 step creation still disabled, retrying (Requested nodes are busy)
srun: Job 741752 step creation still disabled, retrying (Requested nodes are busy)
srun: Job 741752 step creation still disabled, retrying (Requested nodes are busy)
srun: Job 741752 step creation still disabled, retrying (Requested nodes are busy)
srun: Job 741752 step creation still disabled, retrying (Requested nodes are busy)
srun: Job 741752 step creation still disabled, retrying (Requested nodes are busy)
srun: Job 741752 step creation still disabled, retrying (Requested nodes are busy)
srun: Job 741752 step creation still disabled, retrying (Requested nodes are busy)
srun: Step created for job 741752
terra 1.9.1
Linking to GEOS 3.11.0, GDAL 3.5.2, PROJ 8.2.0; sf_use_s2() is TRUE
Cluster: 46 
Output : Data/HUC_Raster_Stacks/Stats_Partials/cluster_46.json 

Found 5 HUCs in cluster 46 

Workers: 4 
terra 1.9.1
terra 1.9.1
terra 1.9.1
terra 1.9.1

Computed stats over 5 HUCs for bands:
   DEM, slope_local, flowacc, twi, CHM, r, g, b, nir, r_lo, g_lo, b_lo, nir_lo, pct_below_1m, pct_1m_to_5m, pct_above_5m 

Global band statistics written to: Data/HUC_Raster_Stacks/Stats_Partials/cluster_46.json 

Summary:
  DEM              min:      84.7279  max:     825.1389
  slope_local      min:       0.0000  max:      84.1285
  flowacc          min:       0.0000  max:      18.8185
  twi              min:      -2.0143  max:      32.2874
  CHM              min:       0.0000  max:      48.4129
  r                min:       0.0000  max:     255.0000
  g                min:       9.0000  max:     255.0000
  b                min:      28.0000  max:     255.0000
  nir              min:       1.0000  max:     255.0000
  r_lo             min:       1.0000  max:     255.0000
  g_lo             min:       3.0000  max:     255.0000
  b_lo             min:      17.0000  max:     255.0000
  nir_lo           min:      20.0000  max:     255.0000
  pct_below_1m     min:       0.0000  max:       1.0000
  pct_1m_to_5m     min:       0.0000  max:       1.0000
  pct_above_5m     min:       0.0000  max:       1.0000
terra 1.9.1
Linking to GEOS 3.11.0, GDAL 3.5.2, PROJ 8.2.0; sf_use_s2() is TRUE
Cluster: 46 
Output : Data/HUC_Raster_Stacks/Stats_Partials/cluster_46.json 

Found 5 HUCs in cluster 46 

Workers: 4 
Warning: Caught FutureInterruptError. Canceling all iterations ...
Error: Future (‘future_lapply-3’) of class CallrFuture failed for unknown reason while running, while running on localhost (pid 1826612; exit code -9). CallrFuture (‘future_lapply-3’) failed. The reason reported was ‘! callr subprocess failed: could not start R, exited with non-zero status, has crashed or was killed’. Post-mortem diagnostic: The parallel worker (PID 1826612) started at 2026-05-28T18:59:59+0000 finished with exit code -9. The total size of the 13 globals exported is 7.92 KiB The three largest globals are ‘huc_layers’ (2.22 KiB of class ‘function’), ‘huc_source_paths’ (1.73 KiB of class ‘function’) and ‘...future.FUN’ (1.56 KiB of class ‘function’)
Execution halted
slurmstepd: error: Detected 1 oom-kill event(s) in StepId=741993.1. Some of your processes may have been killed by the cgroup out-of-memory handler.
srun: error: cbsuxu09: task 0: Out Of Memory
srun: Job 741994 step creation temporarily disabled, retrying (Requested nodes are busy)
srun: Job 741994 step creation still disabled, retrying (Requested nodes are busy)
srun: Job 741994 step creation still disabled, retrying (Requested nodes are busy)
srun: Job 741994 step creation still disabled, retrying (Requested nodes are busy)
srun: Step created for job 741994
terra 1.9.1
Linking to GEOS 3.11.0, GDAL 3.5.2, PROJ 8.2.0; sf_use_s2() is TRUE
Cluster: 46 
Output : Data/HUC_Raster_Stacks/Stats_Partials/cluster_46.json 

Found 5 HUCs in cluster 46 

Workers: 4 
Warning: Caught FutureInterruptError. Canceling all iterations ...
Error: Future (‘future_lapply-3’) of class CallrFuture failed for unknown reason while running, while running on localhost (pid 1838004; exit code -9). CallrFuture (‘future_lapply-3’) failed. The reason reported was ‘! callr subprocess failed: could not start R, exited with non-zero status, has crashed or was killed’. Post-mortem diagnostic: The parallel worker (PID 1838004) started at 2026-05-28T20:17:43+0000 finished with exit code -9. The total size of the 13 globals exported is 7.92 KiB The three largest globals are ‘huc_layers’ (2.22 KiB of class ‘function’), ‘huc_source_paths’ (1.73 KiB of class ‘function’) and ‘...future.FUN’ (1.56 KiB of class ‘function’)
Execution halted
slurmstepd: error: Detected 1 oom-kill event(s) in StepId=741994.55. Some of your processes may have been killed by the cgroup out-of-memory handler.
srun: error: cbsuxu09: task 0: Out Of Memory
