terra 1.9.1
Linking to GEOS 3.11.0, GDAL 3.5.2, PROJ 8.2.0; sf_use_s2() is TRUE
Cluster: 250 
Output : Data/HUC_Raster_Stacks/Stats_Partials/cluster_250.json 

slurmstepd: error: *** STEP 741751.12 ON cbsuxu08 CANCELLED AT 2026-05-28T11:24:39 ***
srun: Job step aborted: Waiting up to 32 seconds for job step to finish.
srun: error: cbsuxu08: task 0: Terminated
srun: Job 741752 step creation temporarily disabled, retrying (Requested nodes are busy)
srun: Job 741752 step creation still disabled, retrying (Requested nodes are busy)
srun: Job 741752 step creation still disabled, retrying (Requested nodes are busy)
srun: Job 741752 step creation still disabled, retrying (Requested nodes are busy)
srun: Job 741752 step creation still disabled, retrying (Requested nodes are busy)
srun: Job 741752 step creation still disabled, retrying (Requested nodes are busy)
srun: Job 741752 step creation still disabled, retrying (Requested nodes are busy)
srun: Job 741752 step creation still disabled, retrying (Requested nodes are busy)
srun: Job 741752 step creation still disabled, retrying (Requested nodes are busy)
srun: Job 741752 step creation still disabled, retrying (Requested nodes are busy)
srun: Job 741752 step creation still disabled, retrying (Requested nodes are busy)
srun: Job 741752 step creation still disabled, retrying (Requested nodes are busy)
srun: Job 741752 step creation still disabled, retrying (Requested nodes are busy)
srun: Job 741752 step creation still disabled, retrying (Requested nodes are busy)
srun: Step created for job 741752
terra 1.9.1
Linking to GEOS 3.11.0, GDAL 3.5.2, PROJ 8.2.0; sf_use_s2() is TRUE
Cluster: 250 
Output : Data/HUC_Raster_Stacks/Stats_Partials/cluster_250.json 

Found 5 HUCs in cluster 250 

Workers: 4 
Warning: Caught FutureInterruptError. Canceling all iterations ...
Error: Future (‘future_lapply-2’) of class CallrFuture failed for unknown reason while running, while running on localhost (pid 1782979; exit code -9). CallrFuture (‘future_lapply-2’) failed. The reason reported was ‘! callr subprocess failed: could not start R, exited with non-zero status, has crashed or was killed’. Post-mortem diagnostic: The parallel worker (PID 1782979) started at 2026-05-28T15:55:12+0000 finished with exit code -9. The total size of the 13 globals exported is 7.85 KiB The three largest globals are ‘huc_layers’ (2.22 KiB of class ‘function’), ‘huc_source_paths’ (1.73 KiB of class ‘function’) and ‘...future.FUN’ (1.56 KiB of class ‘function’)
Execution halted
slurmstepd: error: Detected 1 oom-kill event(s) in StepId=741752.103. Some of your processes may have been killed by the cgroup out-of-memory handler.
srun: error: cbsuxu09: task 0: Out Of Memory
srun: Job 741993 step creation temporarily disabled, retrying (Requested nodes are busy)
srun: Job 741993 step creation still disabled, retrying (Requested nodes are busy)
srun: Job 741993 step creation still disabled, retrying (Requested nodes are busy)
srun: Job 741993 step creation still disabled, retrying (Requested nodes are busy)
srun: Job 741993 step creation still disabled, retrying (Requested nodes are busy)
srun: Job 741993 step creation still disabled, retrying (Requested nodes are busy)
srun: Job 741993 step creation still disabled, retrying (Requested nodes are busy)
srun: Step created for job 741993
terra 1.9.1
Linking to GEOS 3.11.0, GDAL 3.5.2, PROJ 8.2.0; sf_use_s2() is TRUE
Cluster: 250 
Output : Data/HUC_Raster_Stacks/Stats_Partials/cluster_250.json 

Found 5 HUCs in cluster 250 

Workers: 4 
terra 1.9.1
terra 1.9.1
terra 1.9.1
terra 1.9.1

Computed stats over 5 HUCs for bands:
   DEM, slope_local, flowacc, twi, CHM, r, g, b, nir, r_lo, g_lo, b_lo, nir_lo, pct_below_1m, pct_1m_to_5m, pct_above_5m 

Global band statistics written to: Data/HUC_Raster_Stacks/Stats_Partials/cluster_250.json 

Summary:
  DEM              min:     112.9500  max:     386.5220
  slope_local      min:       0.0000  max:      84.8703
  flowacc          min:       0.0000  max:      18.5118
  twi              min:      -1.7692  max:      32.3235
  CHM              min:       0.0000  max:      49.6283
  r                min:       0.0000  max:     255.0000
  g                min:       2.0000  max:     255.0000
  b                min:      36.0001  max:     255.0000
  nir              min:       0.0000  max:     255.0000
  r_lo             min:       2.0000  max:     255.0000
  g_lo             min:      22.0000  max:     255.0000
  b_lo             min:      25.0000  max:     255.0000
  nir_lo           min:       0.0000  max:     255.0000
  pct_below_1m     min:       0.0000  max:       1.0000
  pct_1m_to_5m     min:       0.0000  max:       1.0000
  pct_above_5m     min:       0.0000  max:       1.0000
srun: Job 741994 step creation temporarily disabled, retrying (Requested nodes are busy)
srun: Job 741994 step creation still disabled, retrying (Requested nodes are busy)
srun: Job 741994 step creation still disabled, retrying (Requested nodes are busy)
srun: Step created for job 741994
terra 1.9.1
Linking to GEOS 3.11.0, GDAL 3.5.2, PROJ 8.2.0; sf_use_s2() is TRUE
Cluster: 250 
Output : Data/HUC_Raster_Stacks/Stats_Partials/cluster_250.json 

Found 5 HUCs in cluster 250 

Workers: 4 
terra 1.9.1
terra 1.9.1
terra 1.9.1
terra 1.9.1

Computed stats over 5 HUCs for bands:
   DEM, slope_local, flowacc, twi, CHM, r, g, b, nir, r_lo, g_lo, b_lo, nir_lo, pct_below_1m, pct_1m_to_5m, pct_above_5m 

Global band statistics written to: Data/HUC_Raster_Stacks/Stats_Partials/cluster_250.json 

Summary:
  DEM              min:     112.9500  max:     386.5220
  slope_local      min:       0.0000  max:      84.8703
  flowacc          min:       0.0000  max:      18.5118
  twi              min:      -1.7692  max:      32.3235
  CHM              min:       0.0000  max:      49.6283
  r                min:       0.0000  max:     255.0000
  g                min:       2.0000  max:     255.0000
  b                min:      36.0001  max:     255.0000
  nir              min:       0.0000  max:     255.0000
  r_lo             min:       2.0000  max:     255.0000
  g_lo             min:      22.0000  max:     255.0000
  b_lo             min:      25.0000  max:     255.0000
  nir_lo           min:       0.0000  max:     255.0000
  pct_below_1m     min:       0.0000  max:       1.0000
  pct_1m_to_5m     min:       0.0000  max:       1.0000
  pct_above_5m     min:       0.0000  max:       1.0000
