terra 1.9.1
Linking to GEOS 3.11.0, GDAL 3.5.2, PROJ 8.2.0; sf_use_s2() is TRUE
Cluster: 218 
Output : Data/HUC_Raster_Stacks/Stats_Partials/cluster_218.json 

slurmstepd: error: *** STEP 741751.7 ON cbsuxu06 CANCELLED AT 2026-05-28T11:24:39 ***
srun: Job step aborted: Waiting up to 32 seconds for job step to finish.
srun: Job 741752 step creation temporarily disabled, retrying (Requested nodes are busy)
srun: Job 741752 step creation still disabled, retrying (Requested nodes are busy)
srun: Job 741752 step creation still disabled, retrying (Requested nodes are busy)
srun: Job 741752 step creation still disabled, retrying (Requested nodes are busy)
srun: Job 741752 step creation still disabled, retrying (Requested nodes are busy)
srun: Job 741752 step creation still disabled, retrying (Requested nodes are busy)
srun: Job 741752 step creation still disabled, retrying (Requested nodes are busy)
srun: Job 741752 step creation still disabled, retrying (Requested nodes are busy)
srun: Job 741752 step creation still disabled, retrying (Requested nodes are busy)
srun: Step created for job 741752
terra 1.9.1
Linking to GEOS 3.11.0, GDAL 3.5.2, PROJ 8.2.0; sf_use_s2() is TRUE
Cluster: 218 
Output : Data/HUC_Raster_Stacks/Stats_Partials/cluster_218.json 

Found 6 HUCs in cluster 218 

Workers: 4 
terra 1.9.1
terra 1.9.1
terra 1.9.1
terra 1.9.1
|---------|---------|---------|---------|=========================================                                          
Computed stats over 6 HUCs for bands:
   DEM, slope_local, flowacc, twi, CHM, r, g, b, nir, r_lo, g_lo, b_lo, nir_lo, pct_below_1m, pct_1m_to_5m, pct_above_5m 

Global band statistics written to: Data/HUC_Raster_Stacks/Stats_Partials/cluster_218.json 

Summary:
  DEM              min:     121.9695  max:     460.2799
  slope_local      min:       0.0000  max:      81.3525
  flowacc          min:       0.0000  max:      18.3155
  twi              min:      -1.7776  max:      32.2298
  CHM              min:       0.0000  max:      49.9422
  r                min:       0.0000  max:     255.0000
  g                min:      16.2607  max:     255.0000
  b                min:      53.0000  max:     255.0000
  nir              min:       8.0000  max:     255.0000
  r_lo             min:       2.0000  max:     255.0000
  g_lo             min:      23.0000  max:     255.0000
  b_lo             min:      15.0000  max:     255.0000
  nir_lo           min:      10.0000  max:     255.0000
  pct_below_1m     min:       0.0000  max:       1.0000
  pct_1m_to_5m     min:       0.0000  max:       1.0000
  pct_above_5m     min:       0.0000  max:       1.0000
srun: Job 741993 step creation temporarily disabled, retrying (Requested nodes are busy)
srun: Job 741993 step creation still disabled, retrying (Requested nodes are busy)
srun: Job 741993 step creation still disabled, retrying (Requested nodes are busy)
srun: Job 741993 step creation still disabled, retrying (Requested nodes are busy)
srun: Job 741993 step creation still disabled, retrying (Requested nodes are busy)
srun: Step created for job 741993
terra 1.9.1
Linking to GEOS 3.11.0, GDAL 3.5.2, PROJ 8.2.0; sf_use_s2() is TRUE
Cluster: 218 
Output : Data/HUC_Raster_Stacks/Stats_Partials/cluster_218.json 

Found 6 HUCs in cluster 218 

Workers: 4 
Warning: Caught FutureInterruptError. Canceling all iterations ...
terra 1.9.1
terra 1.9.1
terra 1.9.1
Error: Future (‘future_lapply-1’) of class CallrFuture failed for unknown reason while running, while running on localhost (pid 1828027; exit code -9). CallrFuture (‘future_lapply-1’) failed. The reason reported was ‘! callr subprocess failed: could not start R, exited with non-zero status, has crashed or was killed’. Post-mortem diagnostic: The parallel worker (PID 1828027) started at 2026-05-28T19:10:15+0000 finished with exit code -9. The total size of the 13 globals exported is 7.92 KiB The three largest globals are ‘huc_layers’ (2.22 KiB of class ‘function’), ‘huc_source_paths’ (1.73 KiB of class ‘function’) and ‘...future.FUN’ (1.56 KiB of class ‘function’)
Execution halted
slurmstepd: error: Detected 1 oom-kill event(s) in StepId=741993.58. Some of your processes may have been killed by the cgroup out-of-memory handler.
srun: error: cbsuxu09: task 0: Out Of Memory
srun: Job 741994 step creation temporarily disabled, retrying (Requested nodes are busy)
srun: Job 741994 step creation still disabled, retrying (Requested nodes are busy)
srun: Job 741994 step creation still disabled, retrying (Requested nodes are busy)
srun: Job 741994 step creation still disabled, retrying (Requested nodes are busy)
srun: Job 741994 step creation still disabled, retrying (Requested nodes are busy)
srun: Job 741994 step creation still disabled, retrying (Requested nodes are busy)
srun: Job 741994 step creation still disabled, retrying (Requested nodes are busy)
srun: Job 741994 step creation still disabled, retrying (Requested nodes are busy)
srun: Job 741994 step creation still disabled, retrying (Requested nodes are busy)
srun: Job 741994 step creation still disabled, retrying (Requested nodes are busy)
srun: Step created for job 741994
terra 1.9.1
Linking to GEOS 3.11.0, GDAL 3.5.2, PROJ 8.2.0; sf_use_s2() is TRUE
Cluster: 218 
Output : Data/HUC_Raster_Stacks/Stats_Partials/cluster_218.json 

Found 6 HUCs in cluster 218 

Workers: 4 
terra 1.9.1
terra 1.9.1
terra 1.9.1
terra 1.9.1
|---------|---------|---------|---------|=========================================                                          
Computed stats over 6 HUCs for bands:
   DEM, slope_local, flowacc, twi, CHM, r, g, b, nir, r_lo, g_lo, b_lo, nir_lo, pct_below_1m, pct_1m_to_5m, pct_above_5m 

Global band statistics written to: Data/HUC_Raster_Stacks/Stats_Partials/cluster_218.json 

Summary:
  DEM              min:     121.9695  max:     460.2799
  slope_local      min:       0.0000  max:      81.3525
  flowacc          min:       0.0000  max:      18.3155
  twi              min:      -1.7776  max:      32.2298
  CHM              min:       0.0000  max:      49.9422
  r                min:       0.0000  max:     255.0000
  g                min:      16.2607  max:     255.0000
  b                min:      53.0000  max:     255.0000
  nir              min:       8.0000  max:     255.0000
  r_lo             min:       2.0000  max:     255.0000
  g_lo             min:      23.0000  max:     255.0000
  b_lo             min:      15.0000  max:     255.0000
  nir_lo           min:      10.0000  max:     255.0000
  pct_below_1m     min:       0.0000  max:       1.0000
  pct_1m_to_5m     min:       0.0000  max:       1.0000
  pct_above_5m     min:       0.0000  max:       1.0000
