srun: Job 741999 step creation temporarily disabled, retrying (Requested nodes are busy)
srun: Job 741999 step creation still disabled, retrying (Requested nodes are busy)
srun: Job 741999 step creation still disabled, retrying (Requested nodes are busy)
srun: Job 741999 step creation still disabled, retrying (Requested nodes are busy)
srun: Step created for job 741999
terra 1.9.1
Linking to GEOS 3.11.0, GDAL 3.5.2, PROJ 8.2.0; sf_use_s2() is TRUE
Cluster: 46 
Output : Data/HUC_Raster_Stacks/Stats_Partials/cluster_46.json 

Found 5 HUCs in cluster 46 

Workers: 4 
terra 1.9.1
terra 1.9.1
terra 1.9.1
terra 1.9.1
|---------|---------|---------|---------|=========================================                                          |---------|---------|---------|---------|=========================================                                          |---------|---------|---------|---------|=========================================                                          |---------|---------|---------|---------|=========================================                                          
Computed stats over 5 HUCs for bands:
   DEM, slope_local, flowacc, twi, CHM, r, g, b, nir, r_lo, g_lo, b_lo, nir_lo, pct_below_1m, pct_1m_to_5m, pct_above_5m 

Global band statistics written to: Data/HUC_Raster_Stacks/Stats_Partials/cluster_46.json 

Summary:
  DEM              min:      84.7279  max:     825.1389
  slope_local      min:       0.0000  max:      84.1285
  flowacc          min:       0.0000  max:      18.8185
  twi              min:      -2.0143  max:      32.2874
  CHM              min:       0.0000  max:      48.4129
  r                min:       0.0000  max:     255.0000
  g                min:       9.0000  max:     255.0000
  b                min:      28.0000  max:     255.0000
  nir              min:       1.0000  max:     255.0000
  r_lo             min:       1.0000  max:     255.0000
  g_lo             min:       3.0000  max:     255.0000
  b_lo             min:      17.0000  max:     255.0000
  nir_lo           min:      20.0000  max:     255.0000
  pct_below_1m     min:       0.0000  max:       1.0000
  pct_1m_to_5m     min:       0.0000  max:       1.0000
  pct_above_5m     min:       0.0000  max:       1.0000
