terra 1.9.1
Linking to GEOS 3.11.0, GDAL 3.5.2, PROJ 8.2.0; sf_use_s2() is TRUE
Cluster: 168 
Output : Data/HUC_Raster_Stacks/Stats_Partials/cluster_168.json 

Found 5 HUCs in cluster 168 

Workers: 4 
terra 1.9.1
terra 1.9.1
terra 1.9.1
terra 1.9.1
|---------|---------|---------|---------|=========================================                                          |---------|---------|---------|---------|=========================================                                          |---------|---------|---------|---------|=========================================                                          |---------|---------|---------|---------|=========================================                                          |---------|---------|---------|---------|=========================================                                          
Computed stats over 5 HUCs for bands:
   DEM, slope_local, flowacc, twi, CHM, r, g, b, nir, r_lo, g_lo, b_lo, nir_lo, pct_below_1m, pct_1m_to_5m, pct_above_5m 

Global band statistics written to: Data/HUC_Raster_Stacks/Stats_Partials/cluster_168.json 

Summary:
  DEM              min:     110.5460  max:     220.1254
  slope_local      min:       0.0000  max:      82.4634
  flowacc          min:       0.0000  max:      18.5139
  twi              min:      -1.3303  max:      32.5633
  CHM              min:       0.0000  max:      49.9049
  r                min:       0.0000  max:     255.0000
  g                min:      11.0000  max:     255.0000
  b                min:      43.0000  max:     255.0000
  nir              min:       0.0000  max:     255.0000
  r_lo             min:       0.0000  max:     255.0000
  g_lo             min:      23.0000  max:     255.0000
  b_lo             min:      27.0000  max:     255.0000
  nir_lo           min:       0.0000  max:     255.0000
  pct_below_1m     min:       0.0000  max:       1.0000
  pct_1m_to_5m     min:       0.0000  max:       1.0000
  pct_above_5m     min:       0.0000  max:       1.0000
