srun: Job 784988 step creation temporarily disabled, retrying (Requested nodes are busy)
srun: Step created for job 784988
these are the arguments: 
 - Cluster number (integer 1-200ish): 53 
 - Path to the DEMs in TerrainProcessed folder Data/TerrainProcessed/HUC_DEMs 
 - Metric (slp, dmv, curv): slp 
 - Path to the Save folder Data/TerrainProcessed/HUC_TerrainMetrics/ 
terra 1.9.27
Linking to GEOS 3.11.0, GDAL 3.5.2, PROJ 8.2.0; sf_use_s2() is TRUE
Warning messages:
1: In rgl.init(initValue, onlyNULL) : RGL: unable to open X11 display
2: 'rgl.init' failed, will use the null device.
See '?rgl.useNULL' for ways to avoid this warning. 
Found 6 DEMs to process

=== Processing: cluster_53_huc_020501020301 ===
slp local already exists, skipping

=== Processing: cluster_53_huc_020501020303 ===
slp local already exists, skipping

=== Processing: cluster_53_huc_020501020507 ===
Creating slp local for: Data/TerrainProcessed/HUC_TerrainMetrics/cluster_53_huc_020501020507_terrain_slp_local.tif

=== Processing: cluster_53_huc_020501020508 ===
slp local already exists, skipping

=== Processing: cluster_53_huc_020501020509 ===
slp local already exists, skipping

=== Processing: cluster_53_huc_020501020604 ===
slp local already exists, skipping
[[1]]
NULL

[[2]]
NULL

[[3]]
NULL

[[4]]
NULL

[[5]]
NULL

[[6]]
NULL

