these are the arguments: 
 - Cluster number (integer 1-200ish): 116 
 - Path to the DEMs in TerrainProcessed folder Data/TerrainProcessed/HUC_DEMs 
 - Metric (slp, dmv, curv): slp 
 - Path to the Save folder Data/TerrainProcessed/HUC_TerrainMetrics/ 
terra 1.9.27
WARNING: different compile-time and run-time versions of GEOS
Compiled with:3.11.0-CAPI-1.17.0
 Running with:3.13.1-CAPI-1.19.2

You should reinstall package 'terra'

Linking to GEOS 3.13.1, GDAL 3.5.1, PROJ 8.2.0; sf_use_s2() is TRUE
WARNING: different compile-time and runtime versions for GEOS found:
Linked against: 3.13.1-CAPI-1.19.2 compiled against: 3.11.0-CAPI-1.17.0
It is probably a good idea to reinstall sf (and maybe lwgeom too)
Warning messages:
1: In rgl.init(initValue, onlyNULL) : RGL: unable to open X11 display
2: 'rgl.init' failed, will use the null device.
See '?rgl.useNULL' for ways to avoid this warning. 
Found 7 DEMs to process

=== Processing: cluster_116_huc_020200070406 ===
slp local already exists, skipping

=== Processing: cluster_116_huc_020200070407 ===
slp local already exists, skipping

=== Processing: cluster_116_huc_020200080102 ===
slp local already exists, skipping

=== Processing: cluster_116_huc_020200080104 ===
slp local already exists, skipping

=== Processing: cluster_116_huc_020200080105 ===
slp local already exists, skipping

=== Processing: cluster_116_huc_020200080106 ===
slp local already exists, skipping

=== Processing: cluster_116_huc_020200080205 ===
slp local already exists, skipping
[[1]]
NULL

[[2]]
NULL

[[3]]
NULL

[[4]]
NULL

[[5]]
NULL

[[6]]
NULL

[[7]]
NULL

