srun: Job 784988 step creation temporarily disabled, retrying (Requested nodes are busy)
srun: Job 784988 step creation still disabled, retrying (Requested nodes are busy)
srun: Job 784988 step creation still disabled, retrying (Requested nodes are busy)
srun: Job 784988 step creation still disabled, retrying (Requested nodes are busy)
srun: Job 784988 step creation still disabled, retrying (Requested nodes are busy)
srun: Job 784988 step creation still disabled, retrying (Requested nodes are busy)
srun: Job 784988 step creation still disabled, retrying (Requested nodes are busy)
srun: Job 784988 step creation still disabled, retrying (Requested nodes are busy)
srun: Job 784988 step creation still disabled, retrying (Requested nodes are busy)
srun: Job 784988 step creation still disabled, retrying (Requested nodes are busy)
srun: Job 784988 step creation still disabled, retrying (Requested nodes are busy)
srun: Job 784988 step creation still disabled, retrying (Requested nodes are busy)
srun: Job 784988 step creation still disabled, retrying (Requested nodes are busy)
srun: Job 784988 step creation still disabled, retrying (Requested nodes are busy)
srun: Job 784988 step creation still disabled, retrying (Requested nodes are busy)
srun: Job 784988 step creation still disabled, retrying (Requested nodes are busy)
srun: Job 784988 step creation still disabled, retrying (Requested nodes are busy)
srun: Job 784988 step creation still disabled, retrying (Requested nodes are busy)
srun: Job 784988 step creation still disabled, retrying (Requested nodes are busy)
srun: Job 784988 step creation still disabled, retrying (Requested nodes are busy)
srun: Job 784988 step creation still disabled, retrying (Requested nodes are busy)
srun: Job 784988 step creation still disabled, retrying (Requested nodes are busy)
srun: Job 784988 step creation still disabled, retrying (Requested nodes are busy)
srun: Job 784988 step creation still disabled, retrying (Requested nodes are busy)
srun: Step created for job 784988
these are the arguments: 
 - Cluster number (integer 1-200ish): 12 
 - Path to the DEMs in TerrainProcessed folder Data/TerrainProcessed/HUC_DEMs 
 - Metric (slp, dmv, curv): slp 
 - Path to the Save folder Data/TerrainProcessed/HUC_TerrainMetrics/ 
terra 1.9.27
Linking to GEOS 3.11.0, GDAL 3.5.2, PROJ 8.2.0; sf_use_s2() is TRUE
Warning messages:
1: In rgl.init(initValue, onlyNULL) : RGL: unable to open X11 display
2: 'rgl.init' failed, will use the null device.
See '?rgl.useNULL' for ways to avoid this warning. 
Found 7 DEMs to process

=== Processing: cluster_12_huc_043001040302 ===
slp local already exists, skipping

=== Processing: cluster_12_huc_043001060503 ===
slp local already exists, skipping

=== Processing: cluster_12_huc_043001060504 ===
slp local already exists, skipping

=== Processing: cluster_12_huc_043001081302 ===
slp local already exists, skipping

=== Processing: cluster_12_huc_043001081401 ===
slp local already exists, skipping

=== Processing: cluster_12_huc_043001081402 ===
slp local already exists, skipping

=== Processing: cluster_12_huc_043001081602 ===
slp local already exists, skipping
[[1]]
NULL

[[2]]
NULL

[[3]]
NULL

[[4]]
NULL

[[5]]
NULL

[[6]]
NULL

[[7]]
NULL

