srun: Job 785041 step creation temporarily disabled, retrying (Requested nodes are busy)
srun: Step created for job 785041
these are the arguments: 
 - Cluster number (integer 1-200ish): 12 
 - Path to the DEMs in TerrainProcessed folder Data/TerrainProcessed/HUC_DEMs 
 - Metric (slp, dmv, curv): slp 
 - Path to the Save folder Data/TerrainProcessed/HUC_TerrainMetrics/ 
terra 1.9.27
WARNING: different compile-time and run-time versions of GEOS
Compiled with:3.11.0-CAPI-1.17.0
 Running with:3.13.1-CAPI-1.19.2

You should reinstall package 'terra'

Linking to GEOS 3.13.1, GDAL 3.5.1, PROJ 8.2.0; sf_use_s2() is TRUE
WARNING: different compile-time and runtime versions for GEOS found:
Linked against: 3.13.1-CAPI-1.19.2 compiled against: 3.11.0-CAPI-1.17.0
It is probably a good idea to reinstall sf (and maybe lwgeom too)
Warning messages:
1: In rgl.init(initValue, onlyNULL) : RGL: unable to open X11 display
2: 'rgl.init' failed, will use the null device.
See '?rgl.useNULL' for ways to avoid this warning. 
Found 7 DEMs to process

=== Processing: cluster_12_huc_043001040302 ===
slp local already exists, skipping

=== Processing: cluster_12_huc_043001060503 ===
slp local already exists, skipping

=== Processing: cluster_12_huc_043001060504 ===
slp local already exists, skipping

=== Processing: cluster_12_huc_043001081302 ===
slp local already exists, skipping

=== Processing: cluster_12_huc_043001081401 ===
slp local already exists, skipping

=== Processing: cluster_12_huc_043001081402 ===
slp local already exists, skipping

=== Processing: cluster_12_huc_043001081602 ===
slp local already exists, skipping
[[1]]
NULL

[[2]]
NULL

[[3]]
NULL

[[4]]
NULL

[[5]]
NULL

[[6]]
NULL

[[7]]
NULL

