these are the arguments: 
 1) The wetland dataset to sample from for training data: Data/NWI/NY_NWI_6347.gpkg 
 2) path to the overall zones or study areas : Data/NY_HUCS/NY_Cluster_Zones_250_CROP_NAomit_6347.gpkg 
 3) The data field from the wetland dataset with sample labels: WETLAND_TY 
 4) The data field within the zones or study areas file : 12 
terra 1.9.27
WARNING: different compile-time and run-time versions of GEOS
Compiled with:3.11.0-CAPI-1.17.0
 Running with:3.13.1-CAPI-1.19.2

You should reinstall package 'terra'

Linking to GEOS 3.13.1, GDAL 3.5.1, PROJ 8.2.0; sf_use_s2() is TRUE
WARNING: different compile-time and runtime versions for GEOS found:
Linked against: 3.13.1-CAPI-1.19.2 compiled against: 3.11.0-CAPI-1.17.0
It is probably a good idea to reinstall sf (and maybe lwgeom too)
[1] "No reprojection to EPSG:6347"
[1] "No reprojection to EPSG:6347"
Error in h(simpleError(msg, call)) : 
  error in evaluating the argument 'x' in selecting a method for function 'unique': error in evaluating the argument 'object' in selecting a method for function 'na.omit': undefined columns selected
Calls: unique -> na.omit -> [ -> [.sf -> [ -> [.data.frame
Execution halted
these are the arguments: 
 1) The wetland dataset to sample from for training data: Data/NWI/NY_NWI_6347.gpkg 
 2) path to the overall zones or study areas : Data/NY_HUCS/NY_Cluster_Zones_250_CROP_NAomit_6347.gpkg 
 3) The data field from the wetland dataset with sample labels: WETLAND_TY 
 4) The data field within the zones or study areas file : 51 
terra 1.9.27
WARNING: different compile-time and run-time versions of GEOS
Compiled with:3.11.0-CAPI-1.17.0
 Running with:3.13.1-CAPI-1.19.2

You should reinstall package 'terra'

Linking to GEOS 3.13.1, GDAL 3.5.1, PROJ 8.2.0; sf_use_s2() is TRUE
WARNING: different compile-time and runtime versions for GEOS found:
Linked against: 3.13.1-CAPI-1.19.2 compiled against: 3.11.0-CAPI-1.17.0
It is probably a good idea to reinstall sf (and maybe lwgeom too)
[1] "No reprojection to EPSG:6347"
[1] "No reprojection to EPSG:6347"
Error in h(simpleError(msg, call)) : 
  error in evaluating the argument 'x' in selecting a method for function 'unique': error in evaluating the argument 'object' in selecting a method for function 'na.omit': undefined columns selected
Calls: unique -> na.omit -> [ -> [.sf -> [ -> [.data.frame
Execution halted
these are the arguments: 
 1) The wetland dataset to sample from for training data: Data/NWI/NY_NWI_6347.gpkg 
 2) path to the overall zones or study areas : Data/NY_HUCS/NY_Cluster_Zones_250_CROP_NAomit_6347.gpkg 
 3) The data field from the wetland dataset with sample labels: WETLAND_TY 
 4) The data field within the zones or study areas file : 53 
terra 1.9.27
WARNING: different compile-time and run-time versions of GEOS
Compiled with:3.11.0-CAPI-1.17.0
 Running with:3.13.1-CAPI-1.19.2

You should reinstall package 'terra'

Linking to GEOS 3.13.1, GDAL 3.5.1, PROJ 8.2.0; sf_use_s2() is TRUE
WARNING: different compile-time and runtime versions for GEOS found:
Linked against: 3.13.1-CAPI-1.19.2 compiled against: 3.11.0-CAPI-1.17.0
It is probably a good idea to reinstall sf (and maybe lwgeom too)
[1] "No reprojection to EPSG:6347"
[1] "No reprojection to EPSG:6347"
Error in h(simpleError(msg, call)) : 
  error in evaluating the argument 'x' in selecting a method for function 'unique': error in evaluating the argument 'object' in selecting a method for function 'na.omit': undefined columns selected
Calls: unique -> na.omit -> [ -> [.sf -> [ -> [.data.frame
Execution halted
these are the arguments: 
 1) The wetland dataset to sample from for training data: Data/NWI/NY_NWI_6347.gpkg 
 2) path to the overall zones or study areas : Data/NY_HUCS/NY_Cluster_Zones_250_CROP_NAomit_6347.gpkg 
 3) The data field from the wetland dataset with sample labels: WETLAND_TY 
 4) The data field within the zones or study areas file : 56 
terra 1.9.27
WARNING: different compile-time and run-time versions of GEOS
Compiled with:3.11.0-CAPI-1.17.0
 Running with:3.13.1-CAPI-1.19.2

You should reinstall package 'terra'

Linking to GEOS 3.13.1, GDAL 3.5.1, PROJ 8.2.0; sf_use_s2() is TRUE
WARNING: different compile-time and runtime versions for GEOS found:
Linked against: 3.13.1-CAPI-1.19.2 compiled against: 3.11.0-CAPI-1.17.0
It is probably a good idea to reinstall sf (and maybe lwgeom too)
[1] "No reprojection to EPSG:6347"
[1] "No reprojection to EPSG:6347"
Error in h(simpleError(msg, call)) : 
  error in evaluating the argument 'x' in selecting a method for function 'unique': error in evaluating the argument 'object' in selecting a method for function 'na.omit': undefined columns selected
Calls: unique -> na.omit -> [ -> [.sf -> [ -> [.data.frame
Execution halted
these are the arguments: 
 1) The wetland dataset to sample from for training data: Data/NWI/NY_NWI_6347.gpkg 
 2) path to the overall zones or study areas : Data/NY_HUCS/NY_Cluster_Zones_250_CROP_NAomit_6347.gpkg 
 3) The data field from the wetland dataset with sample labels: WETLAND_TY 
 4) The data field within the zones or study areas file : 60 
terra 1.9.27
WARNING: different compile-time and run-time versions of GEOS
Compiled with:3.11.0-CAPI-1.17.0
 Running with:3.13.1-CAPI-1.19.2

You should reinstall package 'terra'

Linking to GEOS 3.13.1, GDAL 3.5.1, PROJ 8.2.0; sf_use_s2() is TRUE
WARNING: different compile-time and runtime versions for GEOS found:
Linked against: 3.13.1-CAPI-1.19.2 compiled against: 3.11.0-CAPI-1.17.0
It is probably a good idea to reinstall sf (and maybe lwgeom too)
[1] "No reprojection to EPSG:6347"
[1] "No reprojection to EPSG:6347"
Error in h(simpleError(msg, call)) : 
  error in evaluating the argument 'x' in selecting a method for function 'unique': error in evaluating the argument 'object' in selecting a method for function 'na.omit': undefined columns selected
Calls: unique -> na.omit -> [ -> [.sf -> [ -> [.data.frame
Execution halted
these are the arguments: 
 1) The wetland dataset to sample from for training data: Data/NWI/NY_NWI_6347.gpkg 
 2) path to the overall zones or study areas : Data/NY_HUCS/NY_Cluster_Zones_250_CROP_NAomit_6347.gpkg 
 3) The data field from the wetland dataset with sample labels: WETLAND_TY 
 4) The data field within the zones or study areas file : 84 
terra 1.9.27
WARNING: different compile-time and run-time versions of GEOS
Compiled with:3.11.0-CAPI-1.17.0
 Running with:3.13.1-CAPI-1.19.2

You should reinstall package 'terra'

Linking to GEOS 3.13.1, GDAL 3.5.1, PROJ 8.2.0; sf_use_s2() is TRUE
WARNING: different compile-time and runtime versions for GEOS found:
Linked against: 3.13.1-CAPI-1.19.2 compiled against: 3.11.0-CAPI-1.17.0
It is probably a good idea to reinstall sf (and maybe lwgeom too)
[1] "No reprojection to EPSG:6347"
[1] "No reprojection to EPSG:6347"
Error in h(simpleError(msg, call)) : 
  error in evaluating the argument 'x' in selecting a method for function 'unique': error in evaluating the argument 'object' in selecting a method for function 'na.omit': undefined columns selected
Calls: unique -> na.omit -> [ -> [.sf -> [ -> [.data.frame
Execution halted
these are the arguments: 
 1) The wetland dataset to sample from for training data: Data/NWI/NY_NWI_6347.gpkg 
 2) path to the overall zones or study areas : Data/NY_HUCS/NY_Cluster_Zones_250_CROP_NAomit_6347.gpkg 
 3) The data field from the wetland dataset with sample labels: WETLAND_TY 
 4) The data field within the zones or study areas file : 86 
terra 1.9.27
WARNING: different compile-time and run-time versions of GEOS
Compiled with:3.11.0-CAPI-1.17.0
 Running with:3.13.1-CAPI-1.19.2

You should reinstall package 'terra'

Linking to GEOS 3.13.1, GDAL 3.5.1, PROJ 8.2.0; sf_use_s2() is TRUE
WARNING: different compile-time and runtime versions for GEOS found:
Linked against: 3.13.1-CAPI-1.19.2 compiled against: 3.11.0-CAPI-1.17.0
It is probably a good idea to reinstall sf (and maybe lwgeom too)
[1] "No reprojection to EPSG:6347"
[1] "No reprojection to EPSG:6347"
Error in h(simpleError(msg, call)) : 
  error in evaluating the argument 'x' in selecting a method for function 'unique': error in evaluating the argument 'object' in selecting a method for function 'na.omit': undefined columns selected
Calls: unique -> na.omit -> [ -> [.sf -> [ -> [.data.frame
Execution halted
these are the arguments: 
 1) The wetland dataset to sample from for training data: Data/NWI/NY_NWI_6347.gpkg 
 2) path to the overall zones or study areas : Data/NY_HUCS/NY_Cluster_Zones_250_CROP_NAomit_6347.gpkg 
 3) The data field from the wetland dataset with sample labels: WETLAND_TY 
 4) The data field within the zones or study areas file : 90 
terra 1.9.27
WARNING: different compile-time and run-time versions of GEOS
Compiled with:3.11.0-CAPI-1.17.0
 Running with:3.13.1-CAPI-1.19.2

You should reinstall package 'terra'

Linking to GEOS 3.13.1, GDAL 3.5.1, PROJ 8.2.0; sf_use_s2() is TRUE
WARNING: different compile-time and runtime versions for GEOS found:
Linked against: 3.13.1-CAPI-1.19.2 compiled against: 3.11.0-CAPI-1.17.0
It is probably a good idea to reinstall sf (and maybe lwgeom too)
[1] "No reprojection to EPSG:6347"
[1] "No reprojection to EPSG:6347"
Error in h(simpleError(msg, call)) : 
  error in evaluating the argument 'x' in selecting a method for function 'unique': error in evaluating the argument 'object' in selecting a method for function 'na.omit': undefined columns selected
Calls: unique -> na.omit -> [ -> [.sf -> [ -> [.data.frame
Execution halted
these are the arguments: 
 1) The wetland dataset to sample from for training data: Data/NWI/NY_NWI_6347.gpkg 
 2) path to the overall zones or study areas : Data/NY_HUCS/NY_Cluster_Zones_250_CROP_NAomit_6347.gpkg 
 3) The data field from the wetland dataset with sample labels: WETLAND_TY 
 4) The data field within the zones or study areas file : 92 
terra 1.9.27
WARNING: different compile-time and run-time versions of GEOS
Compiled with:3.11.0-CAPI-1.17.0
 Running with:3.13.1-CAPI-1.19.2

You should reinstall package 'terra'

Linking to GEOS 3.13.1, GDAL 3.5.1, PROJ 8.2.0; sf_use_s2() is TRUE
WARNING: different compile-time and runtime versions for GEOS found:
Linked against: 3.13.1-CAPI-1.19.2 compiled against: 3.11.0-CAPI-1.17.0
It is probably a good idea to reinstall sf (and maybe lwgeom too)
[1] "No reprojection to EPSG:6347"
[1] "No reprojection to EPSG:6347"
Error in h(simpleError(msg, call)) : 
  error in evaluating the argument 'x' in selecting a method for function 'unique': error in evaluating the argument 'object' in selecting a method for function 'na.omit': undefined columns selected
Calls: unique -> na.omit -> [ -> [.sf -> [ -> [.data.frame
Execution halted
these are the arguments: 
 1) The wetland dataset to sample from for training data: Data/NWI/NY_NWI_6347.gpkg 
 2) path to the overall zones or study areas : Data/NY_HUCS/NY_Cluster_Zones_250_CROP_NAomit_6347.gpkg 
 3) The data field from the wetland dataset with sample labels: WETLAND_TY 
 4) The data field within the zones or study areas file : 102 
terra 1.9.27
WARNING: different compile-time and run-time versions of GEOS
Compiled with:3.11.0-CAPI-1.17.0
 Running with:3.13.1-CAPI-1.19.2

You should reinstall package 'terra'

Linking to GEOS 3.13.1, GDAL 3.5.1, PROJ 8.2.0; sf_use_s2() is TRUE
WARNING: different compile-time and runtime versions for GEOS found:
Linked against: 3.13.1-CAPI-1.19.2 compiled against: 3.11.0-CAPI-1.17.0
It is probably a good idea to reinstall sf (and maybe lwgeom too)
[1] "No reprojection to EPSG:6347"
[1] "No reprojection to EPSG:6347"
Error in h(simpleError(msg, call)) : 
  error in evaluating the argument 'x' in selecting a method for function 'unique': error in evaluating the argument 'object' in selecting a method for function 'na.omit': undefined columns selected
Calls: unique -> na.omit -> [ -> [.sf -> [ -> [.data.frame
Execution halted
these are the arguments: 
 1) The wetland dataset to sample from for training data: Data/NWI/NY_NWI_6347.gpkg 
 2) path to the overall zones or study areas : Data/NY_HUCS/NY_Cluster_Zones_250_CROP_NAomit_6347.gpkg 
 3) The data field from the wetland dataset with sample labels: WETLAND_TY 
 4) The data field within the zones or study areas file : 105 
terra 1.9.27
WARNING: different compile-time and run-time versions of GEOS
Compiled with:3.11.0-CAPI-1.17.0
 Running with:3.13.1-CAPI-1.19.2

You should reinstall package 'terra'

Linking to GEOS 3.13.1, GDAL 3.5.1, PROJ 8.2.0; sf_use_s2() is TRUE
WARNING: different compile-time and runtime versions for GEOS found:
Linked against: 3.13.1-CAPI-1.19.2 compiled against: 3.11.0-CAPI-1.17.0
It is probably a good idea to reinstall sf (and maybe lwgeom too)

Execution halted
these are the arguments: 
 1) The wetland dataset to sample from for training data: Data/NWI/NY_NWI_6347.gpkg 
 2) path to the overall zones or study areas : Data/NY_HUCS/NY_Cluster_Zones_250_CROP_NAomit_6347.gpkg 
 3) The data field from the wetland dataset with sample labels: WETLAND_TY 
 4) The data field within the zones or study areas file : 116 

Execution halted
these are the arguments: 
 1) The wetland dataset to sample from for training data: Data/NWI/NY_NWI_6347.gpkg 
 2) path to the overall zones or study areas : Data/NY_HUCS/NY_Cluster_Zones_250_CROP_NAomit_6347.gpkg 
 3) The data field from the wetland dataset with sample labels: WETLAND_TY 
 4) The data field within the zones or study areas file : 120 

Execution halted
these are the arguments: 
 1) The wetland dataset to sample from for training data: Data/NWI/NY_NWI_6347.gpkg 
 2) path to the overall zones or study areas : Data/NY_HUCS/NY_Cluster_Zones_250_CROP_NAomit_6347.gpkg 
 3) The data field from the wetland dataset with sample labels: WETLAND_TY 
 4) The data field within the zones or study areas file : 136 

Execution halted
